2026-06-12T14:53:00.548+08:00 STATUS start_ui_status sdk=connected host=not_connected log=
2026-06-12T14:54:22.018+08:00 FORMAL_RECORDING step=EDF_OPEN_REQUESTED success=1 participant=A011 edf=FM145422.EDF source=calibration_button
2026-06-12T14:54:22.018+08:00 CONNECT method=open_eyelink_connection ip=100.1.1.1
2026-06-12T14:54:22.387+08:00 CONNECT_RESULT method=open_eyelink_connection result=0 connected=1
2026-06-12T14:54:22.388+08:00 STATUS host_connected=1 sdk_available=1 note=connection_opened_high_level
2026-06-12T14:54:22.388+08:00 FORMAL_RECORDING step=HOST_CONNECTED success=1 sdk=1 host=1 source=calibration_button
2026-06-12T14:54:22.491+08:00 FORMAL_RECORDING step=EDF_OPENED success=1 edf=FM145422.EDF result=0 source=calibration_button
2026-06-12T14:54:22.503+08:00 FORMAL_EDF_MARKER sdk=1 host=1 opened=1 sent=1 message=FORMAL_EDF_OPENED participant=A011 rel=81.656 unix=1781247262502 bjt=2026-06-12T14:54:22.502+08:00 edf=FM145422.EDF source=ue_formal open_result=0 source_tag=calibration_button
2026-06-12T14:54:22.503+08:00 FORMAL_EDF_MARKER sdk=1 host=1 opened=1 sent=1 message=FORMAL_SESSION_PREPARED participant=A011 rel=81.656 unix=1781247262503 bjt=2026-06-12T14:54:22.503+08:00 edf=FM145422.EDF source=ue_formal calibration_complete=0
2026-06-12T14:54:22.503+08:00 FORMAL_EDF_MARKER sdk=1 host=1 opened=1 sent=1 message=CALIBRATION_REQUESTED participant=A011 rel=81.656 unix=1781247262503 bjt=2026-06-12T14:54:22.503+08:00 edf=FM145422.EDF source=ue_formal open_result=0
2026-06-12T14:54:22.503+08:00 CALIBRATION step=REQUESTED success=1 note=run_eyelink_tracker_setup
2026-06-12T14:54:22.503+08:00 CALIBRATION step=HOST_CONNECTED success=1 sdk=1 host=1 graphics=1
2026-06-12T14:54:22.536+08:00 CALIBRATION_DISPLAY_INIT success=1 result=0 error=
2026-06-12T14:54:22.536+08:00 CALIBRATION_DISPLAY_LIST count=2 requested_index=1 explicit=1
2026-06-12T14:54:22.536+08:00 CALIBRATION_DISPLAY index=0 name=Dell XPS 15 SDC414D Display bounds_result=0 x=0 y=0 w=1920 h=1080 mode_result=0 mode_w=1920 mode_h=1080 refresh=60
2026-06-12T14:54:22.536+08:00 CALIBRATION_DISPLAY index=1 name=Acer GR235H bounds_result=0 x=0 y=-1080 w=1920 h=1080 mode_result=0 mode_w=1920 mode_h=1080 refresh=60
2026-06-12T14:54:22.681+08:00 CALIBRATION step=GRAPHICS_INITIALIZED success=1 result=0 explicit_request=1 display_index=1 window_ptr=0000024FEFD92F30 width=1920 height=1080 bits=32 refresh=60.00
2026-06-12T14:54:22.691+08:00 CALIBRATION step=REGISTERED_WINDOW_MOVED success=1 requested_display=1 actual_display=1 requested_x=0 requested_y=-1080 requested_w=1920 requested_h=1080 actual_x=0 actual_y=-1080 actual_w=1920 actual_h=1080
2026-06-12T14:54:22.704+08:00 FORMAL_EDF_MARKER sdk=1 host=1 opened=1 sent=1 message=CALIBRATION_SETUP_START participant=A011 rel=81.656 unix=1781247262704 bjt=2026-06-12T14:54:22.704+08:00 edf=FM145422.EDF source=ue_formal calibration_type=HV9 width=1920 height=1080
2026-06-12T14:54:22.704+08:00 CALIBRATION step=TRACKER_SETUP_BEGIN success=1 detail=call_do_tracker_setup
2026-06-12T14:55:01.338+08:00 CALIBRATION step=TRACKER_SETUP_RETURNED success=1 result=0
2026-06-12T14:55:01.338+08:00 FORMAL_EDF_MARKER sdk=1 host=1 opened=1 sent=1 message=CALIBRATION_SETUP_END participant=A011 rel=81.656 unix=1781247301338 bjt=2026-06-12T14:55:01.338+08:00 edf=FM145422.EDF source=ue_formal setup_result=0
2026-06-12T14:55:03.380+08:00 CALIBRATION step=GRAPHICS_CLOSED success=1
2026-06-12T14:55:03.380+08:00 CALIBRATION step=CALIBRATION_WINDOW_DESTROYED success=1
2026-06-12T14:55:03.380+08:00 CALIBRATION step=FINISHED success=1 result=0
2026-06-12T14:55:03.380+08:00 FORMAL_EDF_MARKER sdk=1 host=1 opened=1 sent=1 message=CALIBRATION_STATUS participant=A011 rel=81.656 unix=1781247303380 bjt=2026-06-12T14:55:03.380+08:00 edf=FM145422.EDF source=ue_formal calibration_complete=1
2026-06-12T14:55:03.380+08:00 FORMAL_CALIBRATION step=FINISHED success=1 participant=A011 edf=FM145422.EDF open_result=0
2026-06-12T14:55:03.380+08:00 STATUS start_ui_status sdk=connected host=connected log=../../../../../../Project/UE5/Gallery/Saved/ExperimentLogs/EyeLinkMarkers_20260612_145300_547.log
2026-06-12T14:55:21.719+08:00 FORMAL_RECORDING step=EDF_ALREADY_OPEN success=1 participant=A011 edf=FM145422.EDF source=start_button_preopened calibration_complete=1
2026-06-12T14:55:21.728+08:00 FORMAL_RECORDING step=RECORDING_STARTED success=1 result=0 edf=FM145422.EDF preopened=1 calibration_complete=1
2026-06-12T14:55:21.728+08:00 MARKER sdk=1 host=1 enabled=1 sent=1 result=0 message=FORMAL_RECORDING_START participant=A011 rel=99.278 unix=1781247321728 bjt=2026-06-12T14:55:21.728+08:00 edf=FM145422.EDF source=ue_formal open_result=0 record_result=0 edf_preopened=1 calibration_complete=1
2026-06-12T14:55:21.728+08:00 STATUS formal_recording_start_requested participant=A011 success=1 edf=FM145422.EDF calibration_complete=1
2026-06-12T14:55:21.728+08:00 STATUS start_ui_status sdk=connected host=connected log=../../../../../../Project/UE5/Gallery/Saved/ExperimentLogs/EyeLinkMarkers_20260612_145300_547.log
2026-06-12T14:55:21.728+08:00 MARKER sdk=1 host=1 enabled=1 sent=1 result=0 message=RECORDING_TIME_REFERENCE participant=A011 rel=99.278 unix=1781247321728 bjt=2026-06-12T14:55:21.728+08:00 source=ue_session_start
2026-06-12T14:55:21.728+08:00 MARKER sdk=1 host=1 enabled=1 sent=1 result=0 message=SESSION_START participant=A011 rel=99.278 unix=1781247321728 bjt=2026-06-12T14:55:21.728+08:00
2026-06-12T14:55:21.728+08:00 MARKER sdk=1 host=1 enabled=1 sent=1 result=0 message=EXPERIMENT_RUN_MODE EXP1_THEN_EXP2
2026-06-12T14:55:21.737+08:00 MARKER sdk=1 host=1 enabled=1 sent=1 result=0 message=SCREEN_RECORDING_REQUEST enabled=1 started=1 participant=A011
2026-06-12T14:56:15.456+08:00 MARKER sdk=1 host=1 enabled=1 sent=1 result=0 message=TRIALID T001
2026-06-12T14:56:15.456+08:00 MARKER sdk=1 host=1 enabled=1 sent=1 result=0 message=EVENT LOADING_INTERACT trial=T001 rel=153.030 unix=1781247375480 bjt=2026-06-12T14:56:15.480+08:00
2026-06-12T14:56:15.457+08:00 MARKER sdk=1 host=1 enabled=1 sent=1 result=0 message=EVENT LOADING_START trial=T001 rel=153.030 unix=1781247375480 bjt=2026-06-12T14:56:15.480+08:00
2026-06-12T14:56:15.457+08:00 MARKER sdk=1 host=1 enabled=1 sent=1 result=0 message=!V TRIAL_VAR participant A011
2026-06-12T14:56:15.457+08:00 MARKER sdk=1 host=1 enabled=1 sent=1 result=0 message=!V TRIAL_VAR experiment EXP1
2026-06-12T14:56:15.457+08:00 MARKER sdk=1 host=1 enabled=1 sent=1 result=0 message=!V TRIAL_VAR exhibit_id Ex1_TEST
2026-06-12T14:56:15.457+08:00 MARKER sdk=1 host=1 enabled=1 sent=1 result=0 message=!V TRIAL_VAR exhibit_name 测试展品
2026-06-12T14:56:15.457+08:00 MARKER sdk=1 host=1 enabled=1 sent=1 result=0 message=!V TRIAL_VAR condition A
2026-06-12T14:56:15.458+08:00 MARKER sdk=1 host=1 enabled=1 sent=1 result=0 message=!V TRIAL_VAR latin_group NA
2026-06-12T14:56:15.458+08:00 MARKER sdk=1 host=1 enabled=1 sent=1 result=0 message=!V TRIAL_VAR sequence_index -1
2026-06-12T14:56:15.458+08:00 MARKER sdk=1 host=1 enabled=1 sent=1 result=0 message=!V TRIAL_VAR sequence_label NA
2026-06-12T14:56:17.455+08:00 MARKER sdk=1 host=1 enabled=1 sent=1 result=0 message=EVENT LOADING_COMPLETE trial=T001 rel=155.029 unix=1781247377478 bjt=2026-06-12T14:56:17.478+08:00
2026-06-12T14:56:30.560+08:00 MARKER sdk=1 host=1 enabled=1 sent=1 result=0 message=EVENT VIEWER_ENTER trial=T001 rel=168.132 unix=1781247390582 bjt=2026-06-12T14:56:30.581+08:00
2026-06-12T14:56:30.561+08:00 MARKER sdk=1 host=1 enabled=1 sent=1 result=0 message=EVENT QUESTION_START trial=T001 rel=168.132 unix=1781247390582 bjt=2026-06-12T14:56:30.581+08:00 q=1 total=2 correct_index=-1 correct_label=NotAnswered
2026-06-12T14:56:34.826+08:00 MARKER sdk=1 host=1 enabled=1 sent=1 result=0 message=EVENT QUESTION_SUBMIT trial=T001 rel=172.385 unix=1781247394835 bjt=2026-06-12T14:56:34.834+08:00 q=1 option=A correct_index=-1 correct_label=NotAnswered is_correct=-1
2026-06-12T14:56:34.827+08:00 MARKER sdk=1 host=1 enabled=1 sent=1 result=0 message=EVENT QUESTION_START trial=T001 rel=172.385 unix=1781247394835 bjt=2026-06-12T14:56:34.834+08:00 q=2 total=2 correct_index=-1 correct_label=NotAnswered
2026-06-12T14:56:53.113+08:00 MARKER sdk=1 host=1 enabled=1 sent=1 result=0 message=EVENT QUESTION_SUBMIT trial=T001 rel=190.672 unix=1781247413122 bjt=2026-06-12T14:56:53.121+08:00 q=2 option=A correct_index=-1 correct_label=NotAnswered is_correct=-1
2026-06-12T14:56:57.777+08:00 MARKER sdk=1 host=1 enabled=1 sent=1 result=0 message=EVENT VIEWER_EXIT trial=T001 rel=195.351 unix=1781247417801 bjt=2026-06-12T14:56:57.800+08:00
2026-06-12T14:56:57.777+08:00 MARKER sdk=1 host=1 enabled=1 sent=1 result=0 message=EVENT TRIAL_RESULT trial=T001 rel=195.351 unix=1781247417801 bjt=2026-06-12T14:56:57.800+08:00 rows=2
2026-06-12T14:57:26.422+08:00 MARKER sdk=1 host=1 enabled=1 sent=1 result=0 message=TRIALID T002
2026-06-12T14:57:26.422+08:00 MARKER sdk=1 host=1 enabled=1 sent=1 result=0 message=EVENT LOADING_INTERACT trial=T002 rel=223.997 unix=1781247446446 bjt=2026-06-12T14:57:26.446+08:00
2026-06-12T14:57:26.422+08:00 MARKER sdk=1 host=1 enabled=1 sent=1 result=0 message=EVENT LOADING_START trial=T002 rel=223.997 unix=1781247446446 bjt=2026-06-12T14:57:26.446+08:00
2026-06-12T14:57:26.423+08:00 MARKER sdk=1 host=1 enabled=1 sent=1 result=0 message=!V TRIAL_VAR participant A011
2026-06-12T14:57:26.423+08:00 MARKER sdk=1 host=1 enabled=1 sent=1 result=0 message=!V TRIAL_VAR experiment EXP1
2026-06-12T14:57:26.423+08:00 MARKER sdk=1 host=1 enabled=1 sent=1 result=0 message=!V TRIAL_VAR exhibit_id 01
2026-06-12T14:57:26.423+08:00 MARKER sdk=1 host=1 enabled=1 sent=1 result=0 message=!V TRIAL_VAR exhibit_name 半岛香炉
2026-06-12T14:57:26.423+08:00 MARKER sdk=1 host=1 enabled=1 sent=1 result=0 message=!V TRIAL_VAR condition C_MINUS
2026-06-12T14:57:26.424+08:00 MARKER sdk=1 host=1 enabled=1 sent=1 result=0 message=!V TRIAL_VAR latin_group G4
2026-06-12T14:57:26.424+08:00 MARKER sdk=1 host=1 enabled=1 sent=1 result=0 message=!V TRIAL_VAR sequence_index 1
2026-06-12T14:57:26.424+08:00 MARKER sdk=1 host=1 enabled=1 sent=1 result=0 message=!V TRIAL_VAR sequence_label G4_T01
2026-06-12T14:57:26.424+08:00 MARKER sdk=1 host=1 enabled=1 sent=1 result=0 message=EVENT VIEWER_ENTER trial=T002 rel=223.997 unix=1781247446446 bjt=2026-06-12T14:57:26.446+08:00 mode=progressive_no_progress_bar
2026-06-12T14:57:32.421+08:00 MARKER sdk=1 host=1 enabled=1 sent=1 result=0 message=EVENT PROGRESSIVE_USABLE trial=T002 rel=229.995 unix=1781247452444 bjt=2026-06-12T14:57:32.444+08:00
2026-06-12T14:57:32.422+08:00 MARKER sdk=1 host=1 enabled=1 sent=1 result=0 message=EVENT QUESTION_START trial=T002 rel=229.995 unix=1781247452444 bjt=2026-06-12T14:57:32.444+08:00 q=1 total=2 correct_index=1 correct_label=B
2026-06-12T14:57:36.410+08:00 MARKER sdk=1 host=1 enabled=1 sent=1 result=0 message=EVENT LOADING_COMPLETE trial=T002 rel=233.985 unix=1781247456435 bjt=2026-06-12T14:57:36.434+08:00
2026-06-12T14:57:36.714+08:00 MARKER sdk=1 host=1 enabled=1 sent=1 result=0 message=EVENT QUESTION_SUBMIT trial=T002 rel=234.272 unix=1781247456722 bjt=2026-06-12T14:57:36.721+08:00 q=1 option=B correct_index=1 correct_label=B is_correct=1
2026-06-12T14:57:36.714+08:00 MARKER sdk=1 host=1 enabled=1 sent=1 result=0 message=EVENT QUESTION_START trial=T002 rel=234.272 unix=1781247456722 bjt=2026-06-12T14:57:36.721+08:00 q=2 total=2 correct_index=1 correct_label=B
2026-06-12T14:57:40.807+08:00 MARKER sdk=1 host=1 enabled=1 sent=1 result=0 message=EVENT QUESTION_SUBMIT trial=T002 rel=238.366 unix=1781247460815 bjt=2026-06-12T14:57:40.815+08:00 q=2 option=A correct_index=1 correct_label=B is_correct=0
2026-06-12T14:57:44.310+08:00 MARKER sdk=1 host=1 enabled=1 sent=1 result=0 message=EVENT VIEWER_EXIT trial=T002 rel=241.884 unix=1781247464334 bjt=2026-06-12T14:57:44.334+08:00
2026-06-12T14:57:44.311+08:00 MARKER sdk=1 host=1 enabled=1 sent=1 result=0 message=EVENT TRIAL_RESULT trial=T002 rel=241.884 unix=1781247464334 bjt=2026-06-12T14:57:44.334+08:00 rows=2
2026-06-12T14:58:58.083+08:00 MARKER sdk=1 host=1 enabled=1 sent=1 result=0 message=TRIALID T003
2026-06-12T14:58:58.084+08:00 MARKER sdk=1 host=1 enabled=1 sent=1 result=0 message=EVENT LOADING_INTERACT trial=T003 rel=315.658 unix=1781247538108 bjt=2026-06-12T14:58:58.107+08:00
2026-06-12T14:58:58.084+08:00 MARKER sdk=1 host=1 enabled=1 sent=1 result=0 message=EVENT LOADING_START trial=T003 rel=315.658 unix=1781247538108 bjt=2026-06-12T14:58:58.107+08:00
2026-06-12T14:58:58.085+08:00 MARKER sdk=1 host=1 enabled=1 sent=1 result=0 message=!V TRIAL_VAR participant A011
2026-06-12T14:58:58.085+08:00 MARKER sdk=1 host=1 enabled=1 sent=1 result=0 message=!V TRIAL_VAR experiment EXP1
2026-06-12T14:58:58.085+08:00 MARKER sdk=1 host=1 enabled=1 sent=1 result=0 message=!V TRIAL_VAR exhibit_id 02
2026-06-12T14:58:58.085+08:00 MARKER sdk=1 host=1 enabled=1 sent=1 result=0 message=!V TRIAL_VAR exhibit_name 中国青铜器
2026-06-12T14:58:58.085+08:00 MARKER sdk=1 host=1 enabled=1 sent=1 result=0 message=!V TRIAL_VAR condition C
2026-06-12T14:58:58.086+08:00 MARKER sdk=1 host=1 enabled=1 sent=1 result=0 message=!V TRIAL_VAR latin_group G4
2026-06-12T14:58:58.087+08:00 MARKER sdk=1 host=1 enabled=1 sent=1 result=0 message=!V TRIAL_VAR sequence_index 2
2026-06-12T14:58:58.087+08:00 MARKER sdk=1 host=1 enabled=1 sent=1 result=0 message=!V TRIAL_VAR sequence_label G4_T02
2026-06-12T14:58:58.087+08:00 MARKER sdk=1 host=1 enabled=1 sent=1 result=0 message=EVENT VIEWER_ENTER trial=T003 rel=315.658 unix=1781247538108 bjt=2026-06-12T14:58:58.107+08:00 mode=progressive
2026-06-12T14:59:04.065+08:00 MARKER sdk=1 host=1 enabled=1 sent=1 result=0 message=EVENT PROGRESSIVE_USABLE trial=T003 rel=321.640 unix=1781247544090 bjt=2026-06-12T14:59:04.089+08:00
2026-06-12T14:59:04.066+08:00 MARKER sdk=1 host=1 enabled=1 sent=1 result=0 message=EVENT QUESTION_START trial=T003 rel=321.640 unix=1781247544090 bjt=2026-06-12T14:59:04.089+08:00 q=1 total=2 correct_index=1 correct_label=B
2026-06-12T14:59:08.063+08:00 MARKER sdk=1 host=1 enabled=1 sent=1 result=0 message=EVENT LOADING_COMPLETE trial=T003 rel=325.638 unix=1781247548087 bjt=2026-06-12T14:59:08.087+08:00
2026-06-12T14:59:09.050+08:00 MARKER sdk=1 host=1 enabled=1 sent=1 result=0 message=EVENT QUESTION_SUBMIT trial=T003 rel=326.605 unix=1781247549054 bjt=2026-06-12T14:59:09.054+08:00 q=1 option=B correct_index=1 correct_label=B is_correct=1
2026-06-12T14:59:09.050+08:00 MARKER sdk=1 host=1 enabled=1 sent=1 result=0 message=EVENT QUESTION_START trial=T003 rel=326.605 unix=1781247549054 bjt=2026-06-12T14:59:09.054+08:00 q=2 total=2 correct_index=1 correct_label=B
2026-06-12T14:59:18.707+08:00 MARKER sdk=1 host=1 enabled=1 sent=1 result=0 message=EVENT QUESTION_SUBMIT trial=T003 rel=336.266 unix=1781247558716 bjt=2026-06-12T14:59:18.715+08:00 q=2 option=B correct_index=1 correct_label=B is_correct=1
2026-06-12T14:59:21.357+08:00 MARKER sdk=1 host=1 enabled=1 sent=1 result=0 message=EVENT VIEWER_EXIT trial=T003 rel=338.932 unix=1781247561381 bjt=2026-06-12T14:59:21.381+08:00
2026-06-12T14:59:21.357+08:00 MARKER sdk=1 host=1 enabled=1 sent=1 result=0 message=EVENT TRIAL_RESULT trial=T003 rel=338.932 unix=1781247561381 bjt=2026-06-12T14:59:21.381+08:00 rows=2
2026-06-12T15:00:12.992+08:00 MARKER sdk=1 host=1 enabled=1 sent=1 result=0 message=TRIALID T004
2026-06-12T15:00:12.993+08:00 MARKER sdk=1 host=1 enabled=1 sent=1 result=0 message=EVENT LOADING_INTERACT trial=T004 rel=390.568 unix=1781247613017 bjt=2026-06-12T15:00:13.017+08:00
2026-06-12T15:00:12.993+08:00 MARKER sdk=1 host=1 enabled=1 sent=1 result=0 message=EVENT LOADING_START trial=T004 rel=390.568 unix=1781247613017 bjt=2026-06-12T15:00:13.017+08:00
2026-06-12T15:00:12.993+08:00 MARKER sdk=1 host=1 enabled=1 sent=1 result=0 message=!V TRIAL_VAR participant A011
2026-06-12T15:00:12.993+08:00 MARKER sdk=1 host=1 enabled=1 sent=1 result=0 message=!V TRIAL_VAR experiment EXP1
2026-06-12T15:00:12.993+08:00 MARKER sdk=1 host=1 enabled=1 sent=1 result=0 message=!V TRIAL_VAR exhibit_id 03
2026-06-12T15:00:12.993+08:00 MARKER sdk=1 host=1 enabled=1 sent=1 result=0 message=!V TRIAL_VAR exhibit_name 希腊陶具
2026-06-12T15:00:12.994+08:00 MARKER sdk=1 host=1 enabled=1 sent=1 result=0 message=!V TRIAL_VAR condition A
2026-06-12T15:00:12.994+08:00 MARKER sdk=1 host=1 enabled=1 sent=1 result=0 message=!V TRIAL_VAR latin_group G4
2026-06-12T15:00:12.994+08:00 MARKER sdk=1 host=1 enabled=1 sent=1 result=0 message=!V TRIAL_VAR sequence_index 3
2026-06-12T15:00:12.994+08:00 MARKER sdk=1 host=1 enabled=1 sent=1 result=0 message=!V TRIAL_VAR sequence_label G4_T03
2026-06-12T15:00:22.979+08:00 MARKER sdk=1 host=1 enabled=1 sent=1 result=0 message=EVENT LOADING_COMPLETE trial=T004 rel=400.553 unix=1781247623003 bjt=2026-06-12T15:00:23.003+08:00
2026-06-12T15:00:25.113+08:00 MARKER sdk=1 host=1 enabled=1 sent=1 result=0 message=EVENT VIEWER_ENTER trial=T004 rel=402.687 unix=1781247625137 bjt=2026-06-12T15:00:25.136+08:00
2026-06-12T15:00:25.113+08:00 MARKER sdk=1 host=1 enabled=1 sent=1 result=0 message=EVENT QUESTION_START trial=T004 rel=402.687 unix=1781247625137 bjt=2026-06-12T15:00:25.136+08:00 q=1 total=2 correct_index=0 correct_label=A
2026-06-12T15:00:37.726+08:00 MARKER sdk=1 host=1 enabled=1 sent=1 result=0 message=EVENT QUESTION_SUBMIT trial=T004 rel=415.285 unix=1781247637734 bjt=2026-06-12T15:00:37.734+08:00 q=1 option=C correct_index=0 correct_label=A is_correct=0
2026-06-12T15:00:37.727+08:00 MARKER sdk=1 host=1 enabled=1 sent=1 result=0 message=EVENT QUESTION_START trial=T004 rel=415.285 unix=1781247637734 bjt=2026-06-12T15:00:37.734+08:00 q=2 total=2 correct_index=2 correct_label=C
2026-06-12T15:00:40.986+08:00 MARKER sdk=1 host=1 enabled=1 sent=1 result=0 message=EVENT QUESTION_SUBMIT trial=T004 rel=418.542 unix=1781247640992 bjt=2026-06-12T15:00:40.991+08:00 q=2 option=C correct_index=2 correct_label=C is_correct=1
2026-06-12T15:00:44.503+08:00 MARKER sdk=1 host=1 enabled=1 sent=1 result=0 message=EVENT VIEWER_EXIT trial=T004 rel=422.078 unix=1781247644527 bjt=2026-06-12T15:00:44.527+08:00
2026-06-12T15:00:44.503+08:00 MARKER sdk=1 host=1 enabled=1 sent=1 result=0 message=EVENT TRIAL_RESULT trial=T004 rel=422.078 unix=1781247644527 bjt=2026-06-12T15:00:44.527+08:00 rows=2
2026-06-12T15:01:57.666+08:00 MARKER sdk=1 host=1 enabled=1 sent=1 result=0 message=TRIALID T005
2026-06-12T15:01:57.666+08:00 MARKER sdk=1 host=1 enabled=1 sent=1 result=0 message=EVENT LOADING_INTERACT trial=T005 rel=495.241 unix=1781247717690 bjt=2026-06-12T15:01:57.690+08:00
2026-06-12T15:01:57.666+08:00 MARKER sdk=1 host=1 enabled=1 sent=1 result=0 message=EVENT LOADING_START trial=T005 rel=495.241 unix=1781247717690 bjt=2026-06-12T15:01:57.690+08:00
2026-06-12T15:01:57.666+08:00 MARKER sdk=1 host=1 enabled=1 sent=1 result=0 message=!V TRIAL_VAR participant A011
2026-06-12T15:01:57.666+08:00 MARKER sdk=1 host=1 enabled=1 sent=1 result=0 message=!V TRIAL_VAR experiment EXP1
2026-06-12T15:01:57.666+08:00 MARKER sdk=1 host=1 enabled=1 sent=1 result=0 message=!V TRIAL_VAR exhibit_id 04
2026-06-12T15:01:57.667+08:00 MARKER sdk=1 host=1 enabled=1 sent=1 result=0 message=!V TRIAL_VAR exhibit_name 中国花瓶
2026-06-12T15:01:57.667+08:00 MARKER sdk=1 host=1 enabled=1 sent=1 result=0 message=!V TRIAL_VAR condition A_PLUS
2026-06-12T15:01:57.667+08:00 MARKER sdk=1 host=1 enabled=1 sent=1 result=0 message=!V TRIAL_VAR latin_group G4
2026-06-12T15:01:57.667+08:00 MARKER sdk=1 host=1 enabled=1 sent=1 result=0 message=!V TRIAL_VAR sequence_index 4
2026-06-12T15:01:57.667+08:00 MARKER sdk=1 host=1 enabled=1 sent=1 result=0 message=!V TRIAL_VAR sequence_label G4_T04
2026-06-12T15:02:07.661+08:00 MARKER sdk=1 host=1 enabled=1 sent=1 result=0 message=EVENT LOADING_COMPLETE trial=T005 rel=505.237 unix=1781247727686 bjt=2026-06-12T15:02:07.686+08:00
2026-06-12T15:02:15.839+08:00 MARKER sdk=1 host=1 enabled=1 sent=1 result=0 message=EVENT VIEWER_ENTER trial=T005 rel=513.413 unix=1781247735863 bjt=2026-06-12T15:02:15.862+08:00
2026-06-12T15:02:15.839+08:00 MARKER sdk=1 host=1 enabled=1 sent=1 result=0 message=EVENT QUESTION_START trial=T005 rel=513.413 unix=1781247735863 bjt=2026-06-12T15:02:15.862+08:00 q=1 total=2 correct_index=2 correct_label=C
2026-06-12T15:02:23.176+08:00 MARKER sdk=1 host=1 enabled=1 sent=1 result=0 message=EVENT QUESTION_SUBMIT trial=T005 rel=520.735 unix=1781247743185 bjt=2026-06-12T15:02:23.184+08:00 q=1 option=C correct_index=2 correct_label=C is_correct=1
2026-06-12T15:02:23.176+08:00 MARKER sdk=1 host=1 enabled=1 sent=1 result=0 message=EVENT QUESTION_START trial=T005 rel=520.735 unix=1781247743185 bjt=2026-06-12T15:02:23.184+08:00 q=2 total=2 correct_index=3 correct_label=D
2026-06-12T15:02:27.517+08:00 MARKER sdk=1 host=1 enabled=1 sent=1 result=0 message=EVENT QUESTION_SUBMIT trial=T005 rel=525.075 unix=1781247747525 bjt=2026-06-12T15:02:27.524+08:00 q=2 option=D correct_index=3 correct_label=D is_correct=1
2026-06-12T15:02:28.957+08:00 MARKER sdk=1 host=1 enabled=1 sent=1 result=0 message=EVENT VIEWER_EXIT trial=T005 rel=526.531 unix=1781247748981 bjt=2026-06-12T15:02:28.980+08:00
2026-06-12T15:02:28.957+08:00 MARKER sdk=1 host=1 enabled=1 sent=1 result=0 message=EVENT TRIAL_RESULT trial=T005 rel=526.531 unix=1781247748981 bjt=2026-06-12T15:02:28.980+08:00 rows=2
2026-06-12T15:03:14.813+08:00 MARKER sdk=1 host=1 enabled=1 sent=1 result=0 message=TRIALID T006
2026-06-12T15:03:14.813+08:00 MARKER sdk=1 host=1 enabled=1 sent=1 result=0 message=EVENT LOADING_INTERACT trial=T006 rel=572.387 unix=1781247794837 bjt=2026-06-12T15:03:14.836+08:00
2026-06-12T15:03:14.813+08:00 MARKER sdk=1 host=1 enabled=1 sent=1 result=0 message=EVENT LOADING_START trial=T006 rel=572.387 unix=1781247794837 bjt=2026-06-12T15:03:14.836+08:00
2026-06-12T15:03:14.813+08:00 MARKER sdk=1 host=1 enabled=1 sent=1 result=0 message=!V TRIAL_VAR participant A011
2026-06-12T15:03:14.814+08:00 MARKER sdk=1 host=1 enabled=1 sent=1 result=0 message=!V TRIAL_VAR experiment EXP1
2026-06-12T15:03:14.814+08:00 MARKER sdk=1 host=1 enabled=1 sent=1 result=0 message=!V TRIAL_VAR exhibit_id 05
2026-06-12T15:03:14.814+08:00 MARKER sdk=1 host=1 enabled=1 sent=1 result=0 message=!V TRIAL_VAR exhibit_name 雅典双耳罐
2026-06-12T15:03:14.814+08:00 MARKER sdk=1 host=1 enabled=1 sent=1 result=0 message=!V TRIAL_VAR condition B
2026-06-12T15:03:14.814+08:00 MARKER sdk=1 host=1 enabled=1 sent=1 result=0 message=!V TRIAL_VAR latin_group G4
2026-06-12T15:03:14.814+08:00 MARKER sdk=1 host=1 enabled=1 sent=1 result=0 message=!V TRIAL_VAR sequence_index 5
2026-06-12T15:03:14.814+08:00 MARKER sdk=1 host=1 enabled=1 sent=1 result=0 message=!V TRIAL_VAR sequence_label G4_T05
2026-06-12T15:03:24.802+08:00 MARKER sdk=1 host=1 enabled=1 sent=1 result=0 message=EVENT LOADING_COMPLETE trial=T006 rel=582.376 unix=1781247804826 bjt=2026-06-12T15:03:24.826+08:00
2026-06-12T15:03:29.293+08:00 MARKER sdk=1 host=1 enabled=1 sent=1 result=0 message=EVENT VIEWER_ENTER trial=T006 rel=586.866 unix=1781247809316 bjt=2026-06-12T15:03:29.316+08:00
2026-06-12T15:03:29.293+08:00 MARKER sdk=1 host=1 enabled=1 sent=1 result=0 message=EVENT QUESTION_START trial=T006 rel=586.866 unix=1781247809316 bjt=2026-06-12T15:03:29.316+08:00 q=1 total=2 correct_index=0 correct_label=A
2026-06-12T15:03:34.684+08:00 MARKER sdk=1 host=1 enabled=1 sent=1 result=0 message=EVENT QUESTION_SUBMIT trial=T006 rel=592.243 unix=1781247814693 bjt=2026-06-12T15:03:34.692+08:00 q=1 option=A correct_index=0 correct_label=A is_correct=1
2026-06-12T15:03:34.684+08:00 MARKER sdk=1 host=1 enabled=1 sent=1 result=0 message=EVENT QUESTION_START trial=T006 rel=592.243 unix=1781247814693 bjt=2026-06-12T15:03:34.692+08:00 q=2 total=2 correct_index=2 correct_label=C
2026-06-12T15:03:38.530+08:00 MARKER sdk=1 host=1 enabled=1 sent=1 result=0 message=EVENT QUESTION_SUBMIT trial=T006 rel=596.085 unix=1781247818535 bjt=2026-06-12T15:03:38.534+08:00 q=2 option=C correct_index=2 correct_label=C is_correct=1
2026-06-12T15:03:40.902+08:00 MARKER sdk=1 host=1 enabled=1 sent=1 result=0 message=EVENT VIEWER_EXIT trial=T006 rel=598.477 unix=1781247820927 bjt=2026-06-12T15:03:40.926+08:00
2026-06-12T15:03:40.903+08:00 MARKER sdk=1 host=1 enabled=1 sent=1 result=0 message=EVENT TRIAL_RESULT trial=T006 rel=598.477 unix=1781247820927 bjt=2026-06-12T15:03:40.926+08:00 rows=2
2026-06-12T15:09:08.228+08:00 MARKER sdk=1 host=1 enabled=1 sent=1 result=0 message=TRIALID Exp2_001
2026-06-12T15:09:08.228+08:00 MARKER sdk=1 host=1 enabled=1 sent=1 result=0 message=!V TRIAL_VAR participant A011
2026-06-12T15:09:08.229+08:00 MARKER sdk=1 host=1 enabled=1 sent=1 result=0 message=!V TRIAL_VAR experiment EXP2
2026-06-12T15:09:08.229+08:00 MARKER sdk=1 host=1 enabled=1 sent=1 result=0 message=!V TRIAL_VAR condition E1_SPATIAL_PROGRESSIVE
2026-06-12T15:09:08.229+08:00 MARKER sdk=1 host=1 enabled=1 sent=1 result=0 message=!V TRIAL_VAR spatial_continuity 1
2026-06-12T15:09:08.229+08:00 MARKER sdk=1 host=1 enabled=1 sent=1 result=0 message=!V TRIAL_VAR progressive_availability 1
2026-06-12T15:09:08.229+08:00 MARKER sdk=1 host=1 enabled=1 sent=1 result=0 message=!V TRIAL_VAR target_index 1
2026-06-12T15:09:08.229+08:00 MARKER sdk=1 host=1 enabled=1 sent=1 result=0 message=!V TRIAL_VAR target_display_index 1
2026-06-12T15:09:08.230+08:00 MARKER sdk=1 host=1 enabled=1 sent=1 result=0 message=!V TRIAL_VAR target_content_index 1
2026-06-12T15:09:08.230+08:00 MARKER sdk=1 host=1 enabled=1 sent=1 result=0 message=!V TRIAL_VAR target_label 左脸
2026-06-12T15:09:08.230+08:00 MARKER sdk=1 host=1 enabled=1 sent=1 result=0 message=!V TRIAL_VAR slot_permutation 1:1|2:2|3:3|4:4
2026-06-12T15:09:08.230+08:00 MARKER sdk=1 host=1 enabled=1 sent=1 result=0 message=!V TRIAL_VAR sequence_group 1
2026-06-12T15:09:08.230+08:00 MARKER sdk=1 host=1 enabled=1 sent=1 result=0 message=!V TRIAL_VAR sequence_index 1
2026-06-12T15:09:08.230+08:00 MARKER sdk=1 host=1 enabled=1 sent=1 result=0 message=EVENT EXP2_LOADING_START trial_id=Exp2_001 rel=925.800903 unix=1781248148250 bjt=2026-06-12T15:09:08.250+08:00 condition=E1_SPATIAL_PROGRESSIVE
2026-06-12T15:09:12.216+08:00 MARKER sdk=1 host=1 enabled=1 sent=1 result=0 message=EVENT EXP2_OBJECT_STAGE_CHANGED trial_id=Exp2_001 rel=929.791382 unix=1781248152241 bjt=2026-06-12T15:09:12.240+08:00 condition=E1_SPATIAL_PROGRESSIVE object_index=1 previous_stage=0 new_stage=1 progress=0.334291 object_stages=1:1|2:0|3:0|4
2026-06-12T15:09:12.217+08:00 MARKER sdk=1 host=1 enabled=1 sent=1 result=0 message=EVENT EXP2_STAGE_1_START trial_id=Exp2_001 rel=929.791382 unix=1781248152241 bjt=2026-06-12T15:09:12.240+08:00 condition=E1_SPATIAL_PROGRESSIVE stage=1 first_object_index=1 progress=0.334291 object_stages=1:1|2:0|3:0|4:0
2026-06-12T15:09:12.219+08:00 MARKER sdk=1 host=1 enabled=1 sent=1 result=0 message=EVENT EXP2_OBJECT_STAGE_CHANGED trial_id=Exp2_001 rel=929.791382 unix=1781248152241 bjt=2026-06-12T15:09:12.240+08:00 condition=E1_SPATIAL_PROGRESSIVE object_index=2 previous_stage=0 new_stage=1 progress=0.334291 object_stages=1:1|2:1|3:0|4
2026-06-12T15:09:12.219+08:00 MARKER sdk=1 host=1 enabled=1 sent=1 result=0 message=EVENT EXP2_OBJECT_STAGE_CHANGED trial_id=Exp2_001 rel=929.791382 unix=1781248152241 bjt=2026-06-12T15:09:12.240+08:00 condition=E1_SPATIAL_PROGRESSIVE object_index=3 previous_stage=0 new_stage=1 progress=0.334291 object_stages=1:1|2:1|3:1|4
2026-06-12T15:09:12.220+08:00 MARKER sdk=1 host=1 enabled=1 sent=1 result=0 message=EVENT EXP2_OBJECT_STAGE_CHANGED trial_id=Exp2_001 rel=929.791382 unix=1781248152241 bjt=2026-06-12T15:09:12.240+08:00 condition=E1_SPATIAL_PROGRESSIVE object_index=4 previous_stage=0 new_stage=1 progress=0.334291 object_stages=1:1|2:1|3:1|4
2026-06-12T15:09:14.217+08:00 MARKER sdk=1 host=1 enabled=1 sent=1 result=0 message=EVENT EXP2_OBJECT_STAGE_CHANGED trial_id=Exp2_001 rel=931.791809 unix=1781248154241 bjt=2026-06-12T15:09:14.241+08:00 condition=E1_SPATIAL_PROGRESSIVE object_index=1 previous_stage=1 new_stage=2 progress=0.500997 object_stages=1:2|2:1|3:1|4
2026-06-12T15:09:14.218+08:00 MARKER sdk=1 host=1 enabled=1 sent=1 result=0 message=EVENT EXP2_STAGE_2_START trial_id=Exp2_001 rel=931.791809 unix=1781248154241 bjt=2026-06-12T15:09:14.241+08:00 condition=E1_SPATIAL_PROGRESSIVE stage=2 first_object_index=1 progress=0.500997 object_stages=1:2|2:1|3:1|4:1
2026-06-12T15:09:14.219+08:00 MARKER sdk=1 host=1 enabled=1 sent=1 result=0 message=EVENT EXP2_PROGRESSIVE_USABLE trial_id=Exp2_001 rel=931.791809 unix=1781248154241 bjt=2026-06-12T15:09:14.241+08:00 condition=E1_SPATIAL_PROGRESSIVE target_display_index=1 target_content_index=1 target_label=左脸 stage=2 progress=0.500997
2026-06-12T15:09:14.220+08:00 MARKER sdk=1 host=1 enabled=1 sent=1 result=0 message=EVENT EXP2_OBJECT_STAGE_CHANGED trial_id=Exp2_001 rel=931.791809 unix=1781248154241 bjt=2026-06-12T15:09:14.241+08:00 condition=E1_SPATIAL_PROGRESSIVE object_index=2 previous_stage=1 new_stage=2 progress=0.500997 object_stages=1:2|2:2|3:1|4
2026-06-12T15:09:14.221+08:00 MARKER sdk=1 host=1 enabled=1 sent=1 result=0 message=EVENT EXP2_OBJECT_STAGE_CHANGED trial_id=Exp2_001 rel=931.791809 unix=1781248154241 bjt=2026-06-12T15:09:14.241+08:00 condition=E1_SPATIAL_PROGRESSIVE object_index=3 previous_stage=1 new_stage=2 progress=0.500997 object_stages=1:2|2:2|3:2|4
2026-06-12T15:09:14.222+08:00 MARKER sdk=1 host=1 enabled=1 sent=1 result=0 message=EVENT EXP2_OBJECT_STAGE_CHANGED trial_id=Exp2_001 rel=931.791809 unix=1781248154241 bjt=2026-06-12T15:09:14.241+08:00 condition=E1_SPATIAL_PROGRESSIVE object_index=4 previous_stage=1 new_stage=2 progress=0.500997 object_stages=1:2|2:2|3:2|4
2026-06-12T15:09:17.218+08:00 MARKER sdk=1 host=1 enabled=1 sent=1 result=0 message=EVENT EXP2_PREJUDGE trial_id=Exp2_001 rel=934.792542 unix=1781248157242 bjt=2026-06-12T15:09:17.242+08:00 condition=E1_SPATIAL_PROGRESSIVE selected=1 correct=1 confidence=-1 selected_content=1
2026-06-12T15:09:20.210+08:00 MARKER sdk=1 host=1 enabled=1 sent=1 result=0 message=EVENT EXP2_OBJECT_STAGE_CHANGED trial_id=Exp2_001 rel=937.786255 unix=1781248160236 bjt=2026-06-12T15:09:20.235+08:00 condition=E1_SPATIAL_PROGRESSIVE object_index=1 previous_stage=2 new_stage=3 progress=1.000000 object_stages=1:3|2:2|3:2|4
2026-06-12T15:09:20.212+08:00 MARKER sdk=1 host=1 enabled=1 sent=1 result=0 message=EVENT EXP2_STAGE_3_START trial_id=Exp2_001 rel=937.786255 unix=1781248160236 bjt=2026-06-12T15:09:20.235+08:00 condition=E1_SPATIAL_PROGRESSIVE stage=3 first_object_index=1 progress=1.000000 object_stages=1:3|2:2|3:2|4:2
2026-06-12T15:09:20.213+08:00 MARKER sdk=1 host=1 enabled=1 sent=1 result=0 message=EVENT EXP2_OBJECT_STAGE_CHANGED trial_id=Exp2_001 rel=937.786255 unix=1781248160236 bjt=2026-06-12T15:09:20.235+08:00 condition=E1_SPATIAL_PROGRESSIVE object_index=2 previous_stage=2 new_stage=3 progress=1.000000 object_stages=1:3|2:3|3:2|4
2026-06-12T15:09:20.214+08:00 MARKER sdk=1 host=1 enabled=1 sent=1 result=0 message=EVENT EXP2_OBJECT_STAGE_CHANGED trial_id=Exp2_001 rel=937.786255 unix=1781248160236 bjt=2026-06-12T15:09:20.235+08:00 condition=E1_SPATIAL_PROGRESSIVE object_index=3 previous_stage=2 new_stage=3 progress=1.000000 object_stages=1:3|2:3|3:3|4
2026-06-12T15:09:20.215+08:00 MARKER sdk=1 host=1 enabled=1 sent=1 result=0 message=EVENT EXP2_OBJECT_STAGE_CHANGED trial_id=Exp2_001 rel=937.786255 unix=1781248160236 bjt=2026-06-12T15:09:20.235+08:00 condition=E1_SPATIAL_PROGRESSIVE object_index=4 previous_stage=2 new_stage=3 progress=1.000000 object_stages=1:3|2:3|3:3|4
2026-06-12T15:09:20.216+08:00 MARKER sdk=1 host=1 enabled=1 sent=1 result=0 message=EVENT EXP2_LOADING_COMPLETE trial_id=Exp2_001 rel=937.786255 unix=1781248160236 bjt=2026-06-12T15:09:20.235+08:00 condition=E1_SPATIAL_PROGRESSIVE
2026-06-12T15:09:36.062+08:00 MARKER sdk=1 host=1 enabled=1 sent=1 result=0 message=EVENT EXP2_PENDING_SELECTION trial_id=Exp2_001 rel=953.637268 unix=1781248176087 bjt=2026-06-12T15:09:36.086+08:00 condition=E1_SPATIAL_PROGRESSIVE selected=1 selected_content=1 changes=1
2026-06-12T15:09:46.620+08:00 MARKER sdk=1 host=1 enabled=1 sent=1 result=0 message=EVENT EXP2_SUBMIT_SELECTION trial_id=Exp2_001 rel=964.194946 unix=1781248186644 bjt=2026-06-12T15:09:46.644+08:00 condition=E1_SPATIAL_PROGRESSIVE selected=1 selected_content=1 correct=1
2026-06-12T15:09:46.621+08:00 MARKER sdk=1 host=1 enabled=1 sent=1 result=0 message=TRIAL_RESULT Exp2_001 selected=1 correct=1
2026-06-12T15:11:03.463+08:00 MARKER sdk=1 host=1 enabled=1 sent=1 result=0 message=TRIALID Exp2_002
2026-06-12T15:11:03.464+08:00 MARKER sdk=1 host=1 enabled=1 sent=1 result=0 message=!V TRIAL_VAR participant A011
2026-06-12T15:11:03.464+08:00 MARKER sdk=1 host=1 enabled=1 sent=1 result=0 message=!V TRIAL_VAR experiment EXP2
2026-06-12T15:11:03.464+08:00 MARKER sdk=1 host=1 enabled=1 sent=1 result=0 message=!V TRIAL_VAR condition E2_FIXED_PROGRESSIVE
2026-06-12T15:11:03.464+08:00 MARKER sdk=1 host=1 enabled=1 sent=1 result=0 message=!V TRIAL_VAR spatial_continuity 0
2026-06-12T15:11:03.465+08:00 MARKER sdk=1 host=1 enabled=1 sent=1 result=0 message=!V TRIAL_VAR progressive_availability 1
2026-06-12T15:11:03.465+08:00 MARKER sdk=1 host=1 enabled=1 sent=1 result=0 message=!V TRIAL_VAR target_index 2
2026-06-12T15:11:03.465+08:00 MARKER sdk=1 host=1 enabled=1 sent=1 result=0 message=!V TRIAL_VAR target_display_index 2
2026-06-12T15:11:03.465+08:00 MARKER sdk=1 host=1 enabled=1 sent=1 result=0 message=!V TRIAL_VAR target_content_index 2
2026-06-12T15:11:03.465+08:00 MARKER sdk=1 host=1 enabled=1 sent=1 result=0 message=!V TRIAL_VAR target_label 右脸
2026-06-12T15:11:03.465+08:00 MARKER sdk=1 host=1 enabled=1 sent=1 result=0 message=!V TRIAL_VAR slot_permutation 1:3|2:2|3:4|4:1
2026-06-12T15:11:03.465+08:00 MARKER sdk=1 host=1 enabled=1 sent=1 result=0 message=!V TRIAL_VAR sequence_group 1
2026-06-12T15:11:03.465+08:00 MARKER sdk=1 host=1 enabled=1 sent=1 result=0 message=!V TRIAL_VAR sequence_index 2
2026-06-12T15:11:03.465+08:00 MARKER sdk=1 host=1 enabled=1 sent=1 result=0 message=EVENT EXP2_LOADING_START trial_id=Exp2_002 rel=1041.026855 unix=1781248263476 bjt=2026-06-12T15:11:03.476+08:00 condition=E2_FIXED_PROGRESSIVE
2026-06-12T15:11:07.448+08:00 MARKER sdk=1 host=1 enabled=1 sent=1 result=0 message=EVENT EXP2_OBJECT_STAGE_CHANGED trial_id=Exp2_002 rel=1045.012207 unix=1781248267462 bjt=2026-06-12T15:11:07.461+08:00 condition=E2_FIXED_PROGRESSIVE object_index=1 previous_stage=0 new_stage=1 progress=0.333605 object_stages=1:1|2:0|3:0|4:
2026-06-12T15:11:07.449+08:00 MARKER sdk=1 host=1 enabled=1 sent=1 result=0 message=EVENT EXP2_STAGE_1_START trial_id=Exp2_002 rel=1045.012207 unix=1781248267462 bjt=2026-06-12T15:11:07.461+08:00 condition=E2_FIXED_PROGRESSIVE stage=1 first_object_index=1 progress=0.333605 object_stages=1:1|2:0|3:0|4:0
2026-06-12T15:11:07.449+08:00 MARKER sdk=1 host=1 enabled=1 sent=1 result=0 message=EVENT EXP2_OBJECT_STAGE_CHANGED trial_id=Exp2_002 rel=1045.012207 unix=1781248267462 bjt=2026-06-12T15:11:07.461+08:00 condition=E2_FIXED_PROGRESSIVE object_index=2 previous_stage=0 new_stage=1 progress=0.333605 object_stages=1:1|2:1|3:0|4:
2026-06-12T15:11:07.450+08:00 MARKER sdk=1 host=1 enabled=1 sent=1 result=0 message=EVENT EXP2_OBJECT_STAGE_CHANGED trial_id=Exp2_002 rel=1045.012207 unix=1781248267462 bjt=2026-06-12T15:11:07.461+08:00 condition=E2_FIXED_PROGRESSIVE object_index=3 previous_stage=0 new_stage=1 progress=0.333605 object_stages=1:1|2:1|3:1|4:
2026-06-12T15:11:07.450+08:00 MARKER sdk=1 host=1 enabled=1 sent=1 result=0 message=EVENT EXP2_OBJECT_STAGE_CHANGED trial_id=Exp2_002 rel=1045.012207 unix=1781248267462 bjt=2026-06-12T15:11:07.461+08:00 condition=E2_FIXED_PROGRESSIVE object_index=4 previous_stage=0 new_stage=1 progress=0.333605 object_stages=1:1|2:1|3:1|4:
2026-06-12T15:11:09.450+08:00 MARKER sdk=1 host=1 enabled=1 sent=1 result=0 message=EVENT EXP2_OBJECT_STAGE_CHANGED trial_id=Exp2_002 rel=1047.014404 unix=1781248269464 bjt=2026-06-12T15:11:09.463+08:00 condition=E2_FIXED_PROGRESSIVE object_index=1 previous_stage=1 new_stage=2 progress=0.500456 object_stages=1:2|2:1|3:1|4:
2026-06-12T15:11:09.450+08:00 MARKER sdk=1 host=1 enabled=1 sent=1 result=0 message=EVENT EXP2_STAGE_2_START trial_id=Exp2_002 rel=1047.014404 unix=1781248269464 bjt=2026-06-12T15:11:09.463+08:00 condition=E2_FIXED_PROGRESSIVE stage=2 first_object_index=1 progress=0.500456 object_stages=1:2|2:1|3:1|4:1
2026-06-12T15:11:09.451+08:00 MARKER sdk=1 host=1 enabled=1 sent=1 result=0 message=EVENT EXP2_OBJECT_STAGE_CHANGED trial_id=Exp2_002 rel=1047.014404 unix=1781248269464 bjt=2026-06-12T15:11:09.463+08:00 condition=E2_FIXED_PROGRESSIVE object_index=2 previous_stage=1 new_stage=2 progress=0.500456 object_stages=1:2|2:2|3:1|4:
2026-06-12T15:11:09.452+08:00 MARKER sdk=1 host=1 enabled=1 sent=1 result=0 message=EVENT EXP2_PROGRESSIVE_USABLE trial_id=Exp2_002 rel=1047.014404 unix=1781248269464 bjt=2026-06-12T15:11:09.463+08:00 condition=E2_FIXED_PROGRESSIVE target_display_index=2 target_content_index=2 target_label=右脸 stage=2 progress=0.500456
2026-06-12T15:11:09.452+08:00 MARKER sdk=1 host=1 enabled=1 sent=1 result=0 message=EVENT EXP2_OBJECT_STAGE_CHANGED trial_id=Exp2_002 rel=1047.014404 unix=1781248269464 bjt=2026-06-12T15:11:09.463+08:00 condition=E2_FIXED_PROGRESSIVE object_index=3 previous_stage=1 new_stage=2 progress=0.500456 object_stages=1:2|2:2|3:2|4:
2026-06-12T15:11:09.453+08:00 MARKER sdk=1 host=1 enabled=1 sent=1 result=0 message=EVENT EXP2_OBJECT_STAGE_CHANGED trial_id=Exp2_002 rel=1047.014404 unix=1781248269464 bjt=2026-06-12T15:11:09.463+08:00 condition=E2_FIXED_PROGRESSIVE object_index=4 previous_stage=1 new_stage=2 progress=0.500456 object_stages=1:2|2:2|3:2|4:
2026-06-12T15:11:12.524+08:00 MARKER sdk=1 host=1 enabled=1 sent=1 result=0 message=EVENT EXP2_PREJUDGE trial_id=Exp2_002 rel=1050.086914 unix=1781248272536 bjt=2026-06-12T15:11:12.536+08:00 condition=E2_FIXED_PROGRESSIVE selected=2 correct=1 confidence=-1 selected_content=2
2026-06-12T15:11:15.451+08:00 MARKER sdk=1 host=1 enabled=1 sent=1 result=0 message=EVENT EXP2_OBJECT_STAGE_CHANGED trial_id=Exp2_002 rel=1053.015259 unix=1781248275465 bjt=2026-06-12T15:11:15.464+08:00 condition=E2_FIXED_PROGRESSIVE object_index=1 previous_stage=2 new_stage=3 progress=1.000000 object_stages=1:3|2:2|3:2|4:
2026-06-12T15:11:15.453+08:00 MARKER sdk=1 host=1 enabled=1 sent=1 result=0 message=EVENT EXP2_STAGE_3_START trial_id=Exp2_002 rel=1053.015259 unix=1781248275465 bjt=2026-06-12T15:11:15.464+08:00 condition=E2_FIXED_PROGRESSIVE stage=3 first_object_index=1 progress=1.000000 object_stages=1:3|2:2|3:2|4:2
2026-06-12T15:11:15.454+08:00 MARKER sdk=1 host=1 enabled=1 sent=1 result=0 message=EVENT EXP2_OBJECT_STAGE_CHANGED trial_id=Exp2_002 rel=1053.015259 unix=1781248275465 bjt=2026-06-12T15:11:15.464+08:00 condition=E2_FIXED_PROGRESSIVE object_index=2 previous_stage=2 new_stage=3 progress=1.000000 object_stages=1:3|2:3|3:2|4:
2026-06-12T15:11:15.455+08:00 MARKER sdk=1 host=1 enabled=1 sent=1 result=0 message=EVENT EXP2_OBJECT_STAGE_CHANGED trial_id=Exp2_002 rel=1053.015259 unix=1781248275465 bjt=2026-06-12T15:11:15.464+08:00 condition=E2_FIXED_PROGRESSIVE object_index=3 previous_stage=2 new_stage=3 progress=1.000000 object_stages=1:3|2:3|3:3|4:
2026-06-12T15:11:15.455+08:00 MARKER sdk=1 host=1 enabled=1 sent=1 result=0 message=EVENT EXP2_OBJECT_STAGE_CHANGED trial_id=Exp2_002 rel=1053.015259 unix=1781248275465 bjt=2026-06-12T15:11:15.464+08:00 condition=E2_FIXED_PROGRESSIVE object_index=4 previous_stage=2 new_stage=3 progress=1.000000 object_stages=1:3|2:3|3:3|4:
2026-06-12T15:11:15.456+08:00 MARKER sdk=1 host=1 enabled=1 sent=1 result=0 message=EVENT EXP2_LOADING_COMPLETE trial_id=Exp2_002 rel=1053.015259 unix=1781248275465 bjt=2026-06-12T15:11:15.464+08:00 condition=E2_FIXED_PROGRESSIVE
2026-06-12T15:11:17.262+08:00 MARKER sdk=1 host=1 enabled=1 sent=1 result=0 message=EVENT EXP2_PENDING_SELECTION trial_id=Exp2_002 rel=1054.826172 unix=1781248277276 bjt=2026-06-12T15:11:17.275+08:00 condition=E2_FIXED_PROGRESSIVE selected=2 selected_content=2 changes=1
2026-06-12T15:11:25.862+08:00 MARKER sdk=1 host=1 enabled=1 sent=1 result=0 message=EVENT EXP2_SUBMIT_SELECTION trial_id=Exp2_002 rel=1063.425903 unix=1781248285876 bjt=2026-06-12T15:11:25.875+08:00 condition=E2_FIXED_PROGRESSIVE selected=2 selected_content=2 correct=1
2026-06-12T15:11:25.863+08:00 MARKER sdk=1 host=1 enabled=1 sent=1 result=0 message=TRIAL_RESULT Exp2_002 selected=2 correct=1
2026-06-12T15:12:24.380+08:00 MARKER sdk=1 host=1 enabled=1 sent=1 result=0 message=TRIALID Exp2_003
2026-06-12T15:12:24.381+08:00 MARKER sdk=1 host=1 enabled=1 sent=1 result=0 message=!V TRIAL_VAR participant A011
2026-06-12T15:12:24.382+08:00 MARKER sdk=1 host=1 enabled=1 sent=1 result=0 message=!V TRIAL_VAR experiment EXP2
2026-06-12T15:12:24.382+08:00 MARKER sdk=1 host=1 enabled=1 sent=1 result=0 message=!V TRIAL_VAR condition E4_FIXED_NONPROGRESSIVE
2026-06-12T15:12:24.382+08:00 MARKER sdk=1 host=1 enabled=1 sent=1 result=0 message=!V TRIAL_VAR spatial_continuity 0
2026-06-12T15:12:24.382+08:00 MARKER sdk=1 host=1 enabled=1 sent=1 result=0 message=!V TRIAL_VAR progressive_availability 0
2026-06-12T15:12:24.382+08:00 MARKER sdk=1 host=1 enabled=1 sent=1 result=0 message=!V TRIAL_VAR target_index 3
2026-06-12T15:12:24.382+08:00 MARKER sdk=1 host=1 enabled=1 sent=1 result=0 message=!V TRIAL_VAR target_display_index 3
2026-06-12T15:12:24.382+08:00 MARKER sdk=1 host=1 enabled=1 sent=1 result=0 message=!V TRIAL_VAR target_content_index 3
2026-06-12T15:12:24.383+08:00 MARKER sdk=1 host=1 enabled=1 sent=1 result=0 message=!V TRIAL_VAR target_label 脖子
2026-06-12T15:12:24.383+08:00 MARKER sdk=1 host=1 enabled=1 sent=1 result=0 message=!V TRIAL_VAR slot_permutation 1:4|2:1|3:3|4:2
2026-06-12T15:12:24.383+08:00 MARKER sdk=1 host=1 enabled=1 sent=1 result=0 message=!V TRIAL_VAR sequence_group 1
2026-06-12T15:12:24.383+08:00 MARKER sdk=1 host=1 enabled=1 sent=1 result=0 message=!V TRIAL_VAR sequence_index 3
2026-06-12T15:12:24.383+08:00 MARKER sdk=1 host=1 enabled=1 sent=1 result=0 message=EVENT EXP2_LOADING_START trial_id=Exp2_003 rel=1121.944092 unix=1781248344394 bjt=2026-06-12T15:12:24.393+08:00 condition=E4_FIXED_NONPROGRESSIVE
2026-06-12T15:12:36.360+08:00 MARKER sdk=1 host=1 enabled=1 sent=1 result=0 message=EVENT EXP2_OBJECT_STAGE_CHANGED trial_id=Exp2_003 rel=1133.924805 unix=1781248356374 bjt=2026-06-12T15:12:36.374+08:00 condition=E4_FIXED_NONPROGRESSIVE object_index=1 previous_stage=0 new_stage=3 progress=1.000000 object_stages=1:3|2:0|3:0
2026-06-12T15:12:36.360+08:00 MARKER sdk=1 host=1 enabled=1 sent=1 result=0 message=EVENT EXP2_STAGE_3_START trial_id=Exp2_003 rel=1133.924805 unix=1781248356374 bjt=2026-06-12T15:12:36.374+08:00 condition=E4_FIXED_NONPROGRESSIVE stage=3 first_object_index=1 progress=1.000000 object_stages=1:3|2:0|3:0|4:0
2026-06-12T15:12:36.361+08:00 MARKER sdk=1 host=1 enabled=1 sent=1 result=0 message=EVENT EXP2_OBJECT_STAGE_CHANGED trial_id=Exp2_003 rel=1133.924805 unix=1781248356374 bjt=2026-06-12T15:12:36.374+08:00 condition=E4_FIXED_NONPROGRESSIVE object_index=2 previous_stage=0 new_stage=3 progress=1.000000 object_stages=1:3|2:3|3:0
2026-06-12T15:12:36.362+08:00 MARKER sdk=1 host=1 enabled=1 sent=1 result=0 message=EVENT EXP2_OBJECT_STAGE_CHANGED trial_id=Exp2_003 rel=1133.924805 unix=1781248356374 bjt=2026-06-12T15:12:36.374+08:00 condition=E4_FIXED_NONPROGRESSIVE object_index=3 previous_stage=0 new_stage=3 progress=1.000000 object_stages=1:3|2:3|3:3
2026-06-12T15:12:36.363+08:00 MARKER sdk=1 host=1 enabled=1 sent=1 result=0 message=EVENT EXP2_OBJECT_STAGE_CHANGED trial_id=Exp2_003 rel=1133.924805 unix=1781248356374 bjt=2026-06-12T15:12:36.374+08:00 condition=E4_FIXED_NONPROGRESSIVE object_index=4 previous_stage=0 new_stage=3 progress=1.000000 object_stages=1:3|2:3|3:3
2026-06-12T15:12:36.363+08:00 MARKER sdk=1 host=1 enabled=1 sent=1 result=0 message=EVENT EXP2_LOADING_COMPLETE trial_id=Exp2_003 rel=1133.924805 unix=1781248356374 bjt=2026-06-12T15:12:36.374+08:00 condition=E4_FIXED_NONPROGRESSIVE
2026-06-12T15:12:40.508+08:00 MARKER sdk=1 host=1 enabled=1 sent=1 result=0 message=EVENT EXP2_PENDING_SELECTION trial_id=Exp2_003 rel=1138.072388 unix=1781248360522 bjt=2026-06-12T15:12:40.521+08:00 condition=E4_FIXED_NONPROGRESSIVE selected=3 selected_content=3 changes=1
2026-06-12T15:12:46.450+08:00 MARKER sdk=1 host=1 enabled=1 sent=1 result=0 message=EVENT EXP2_SUBMIT_SELECTION trial_id=Exp2_003 rel=1144.014404 unix=1781248366464 bjt=2026-06-12T15:12:46.464+08:00 condition=E4_FIXED_NONPROGRESSIVE selected=3 selected_content=3 correct=1
2026-06-12T15:12:46.451+08:00 MARKER sdk=1 host=1 enabled=1 sent=1 result=0 message=TRIAL_RESULT Exp2_003 selected=3 correct=1
2026-06-12T15:13:39.549+08:00 MARKER sdk=1 host=1 enabled=1 sent=1 result=0 message=TRIALID Exp2_004
2026-06-12T15:13:39.549+08:00 MARKER sdk=1 host=1 enabled=1 sent=1 result=0 message=!V TRIAL_VAR participant A011
2026-06-12T15:13:39.549+08:00 MARKER sdk=1 host=1 enabled=1 sent=1 result=0 message=!V TRIAL_VAR experiment EXP2
2026-06-12T15:13:39.550+08:00 MARKER sdk=1 host=1 enabled=1 sent=1 result=0 message=!V TRIAL_VAR condition E3_SPATIAL_NONPROGRESSIVE
2026-06-12T15:13:39.550+08:00 MARKER sdk=1 host=1 enabled=1 sent=1 result=0 message=!V TRIAL_VAR spatial_continuity 1
2026-06-12T15:13:39.550+08:00 MARKER sdk=1 host=1 enabled=1 sent=1 result=0 message=!V TRIAL_VAR progressive_availability 0
2026-06-12T15:13:39.550+08:00 MARKER sdk=1 host=1 enabled=1 sent=1 result=0 message=!V TRIAL_VAR target_index 4
2026-06-12T15:13:39.550+08:00 MARKER sdk=1 host=1 enabled=1 sent=1 result=0 message=!V TRIAL_VAR target_display_index 4
2026-06-12T15:13:39.550+08:00 MARKER sdk=1 host=1 enabled=1 sent=1 result=0 message=!V TRIAL_VAR target_content_index 4
2026-06-12T15:13:39.550+08:00 MARKER sdk=1 host=1 enabled=1 sent=1 result=0 message=!V TRIAL_VAR target_label 头顶
2026-06-12T15:13:39.550+08:00 MARKER sdk=1 host=1 enabled=1 sent=1 result=0 message=!V TRIAL_VAR slot_permutation 1:1|2:2|3:3|4:4
2026-06-12T15:13:39.550+08:00 MARKER sdk=1 host=1 enabled=1 sent=1 result=0 message=!V TRIAL_VAR sequence_group 1
2026-06-12T15:13:39.550+08:00 MARKER sdk=1 host=1 enabled=1 sent=1 result=0 message=!V TRIAL_VAR sequence_index 4
2026-06-12T15:13:39.550+08:00 MARKER sdk=1 host=1 enabled=1 sent=1 result=0 message=EVENT EXP2_LOADING_START trial_id=Exp2_004 rel=1197.112793 unix=1781248419562 bjt=2026-06-12T15:13:39.562+08:00 condition=E3_SPATIAL_NONPROGRESSIVE
2026-06-12T15:13:51.547+08:00 MARKER sdk=1 host=1 enabled=1 sent=1 result=0 message=EVENT EXP2_OBJECT_STAGE_CHANGED trial_id=Exp2_004 rel=1209.110962 unix=1781248431560 bjt=2026-06-12T15:13:51.560+08:00 condition=E3_SPATIAL_NONPROGRESSIVE object_index=1 previous_stage=0 new_stage=3 progress=1.000000 object_stages=1:3|2:0|3
2026-06-12T15:13:51.548+08:00 MARKER sdk=1 host=1 enabled=1 sent=1 result=0 message=EVENT EXP2_STAGE_3_START trial_id=Exp2_004 rel=1209.110962 unix=1781248431560 bjt=2026-06-12T15:13:51.560+08:00 condition=E3_SPATIAL_NONPROGRESSIVE stage=3 first_object_index=1 progress=1.000000 object_stages=1:3|2:0|3:0|4:0
2026-06-12T15:13:51.549+08:00 MARKER sdk=1 host=1 enabled=1 sent=1 result=0 message=EVENT EXP2_OBJECT_STAGE_CHANGED trial_id=Exp2_004 rel=1209.110962 unix=1781248431560 bjt=2026-06-12T15:13:51.560+08:00 condition=E3_SPATIAL_NONPROGRESSIVE object_index=2 previous_stage=0 new_stage=3 progress=1.000000 object_stages=1:3|2:3|3
2026-06-12T15:13:51.549+08:00 MARKER sdk=1 host=1 enabled=1 sent=1 result=0 message=EVENT EXP2_OBJECT_STAGE_CHANGED trial_id=Exp2_004 rel=1209.110962 unix=1781248431560 bjt=2026-06-12T15:13:51.560+08:00 condition=E3_SPATIAL_NONPROGRESSIVE object_index=3 previous_stage=0 new_stage=3 progress=1.000000 object_stages=1:3|2:3|3
2026-06-12T15:13:51.550+08:00 MARKER sdk=1 host=1 enabled=1 sent=1 result=0 message=EVENT EXP2_OBJECT_STAGE_CHANGED trial_id=Exp2_004 rel=1209.110962 unix=1781248431560 bjt=2026-06-12T15:13:51.560+08:00 condition=E3_SPATIAL_NONPROGRESSIVE object_index=4 previous_stage=0 new_stage=3 progress=1.000000 object_stages=1:3|2:3|3
2026-06-12T15:13:51.550+08:00 MARKER sdk=1 host=1 enabled=1 sent=1 result=0 message=EVENT EXP2_LOADING_COMPLETE trial_id=Exp2_004 rel=1209.110962 unix=1781248431560 bjt=2026-06-12T15:13:51.560+08:00 condition=E3_SPATIAL_NONPROGRESSIVE
2026-06-12T15:13:59.884+08:00 MARKER sdk=1 host=1 enabled=1 sent=1 result=0 message=EVENT EXP2_PENDING_SELECTION trial_id=Exp2_004 rel=1217.448120 unix=1781248439898 bjt=2026-06-12T15:13:59.897+08:00 condition=E3_SPATIAL_NONPROGRESSIVE selected=4 selected_content=4 changes=1
2026-06-12T15:14:04.494+08:00 MARKER sdk=1 host=1 enabled=1 sent=1 result=0 message=EVENT EXP2_SUBMIT_SELECTION trial_id=Exp2_004 rel=1222.058105 unix=1781248444508 bjt=2026-06-12T15:14:04.507+08:00 condition=E3_SPATIAL_NONPROGRESSIVE selected=4 selected_content=4 correct=1
2026-06-12T15:14:04.495+08:00 MARKER sdk=1 host=1 enabled=1 sent=1 result=0 message=TRIAL_RESULT Exp2_004 selected=4 correct=1
2026-06-12T15:14:54.426+08:00 MARKER sdk=1 host=1 enabled=1 sent=1 result=0 message=EVENT EXPERIMENT_END_SCREEN_SHOWN participant=A011 unix=1781248494426 bjt=2026-06-12_15:14:54.426
2026-06-12T15:14:54.426+08:00 FORMAL_RECORDING step=FINISH_REQUESTED success=1 reason=experiment_end_door edf=FM145422.EDF recording=1 opened=1
2026-06-12T15:14:54.426+08:00 MARKER sdk=1 host=1 enabled=1 sent=1 result=0 message=FORMAL_RECORDING_END participant=A011 rel=1271.990 unix=1781248494426 bjt=2026-06-12T15:14:54.426+08:00 edf=FM145422.EDF source=ue_formal reason=experiment_end_door
2026-06-12T15:14:54.533+08:00 FORMAL_RECORDING step=RECORDING_STOPPED success=1 result=0
2026-06-12T15:14:54.557+08:00 FORMAL_RECORDING step=EDF_CLOSED success=1 edf=FM145422.EDF result=0
2026-06-12T15:14:57.260+08:00 EDF_RECEIVE_ATTEMPT source_tag=formal attempt=full_path source=FM145422.EDF dest=../../../../../../Project/UE5/Gallery/Saved/ExperimentData/EDF/FM145422.EDF dest_is_path=0 result=64839278 exists=1 size=64839278
2026-06-12T15:14:57.261+08:00 FORMAL_RECORDING step=EDF_RECEIVED_TO_DPC success=1 edf=FM145422.EDF local=../../../../../../Project/UE5/Gallery/Saved/ExperimentData/EDF/FM145422.EDF result=64839278 size=64839278
2026-06-12T15:14:57.261+08:00 FORMAL_RECORDING step=FINISHED success=1 reason=experiment_end_door edf=FM145422.EDF local=../../../../../../Project/UE5/Gallery/Saved/ExperimentData/EDF/FM145422.EDF
