2026-06-16T14:42:36.820+08:00 STATUS start_ui_status sdk=connected host=not_connected log=
2026-06-16T14:43:59.008+08:00 FORMAL_RECORDING step=EDF_OPEN_REQUESTED success=1 participant=B006 edf=FM144359.EDF source=calibration_button
2026-06-16T14:43:59.008+08:00 CONNECT method=open_eyelink_connection ip=100.1.1.1
2026-06-16T14:43:59.042+08:00 CONNECT_RESULT method=open_eyelink_connection result=0 connected=1
2026-06-16T14:43:59.042+08:00 STATUS host_connected=1 sdk_available=1 note=connection_opened_high_level
2026-06-16T14:43:59.042+08:00 FORMAL_RECORDING step=HOST_CONNECTED success=1 sdk=1 host=1 source=calibration_button
2026-06-16T14:43:59.093+08:00 FORMAL_RECORDING step=EDF_OPENED success=1 edf=FM144359.EDF result=0 source=calibration_button
2026-06-16T14:43:59.105+08:00 FORMAL_EDF_MARKER sdk=1 host=1 opened=1 sent=1 message=FORMAL_EDF_OPENED participant=B006 rel=80.529 unix=1781592239105 bjt=2026-06-16T14:43:59.105+08:00 edf=FM144359.EDF source=ue_formal open_result=0 source_tag=calibration_button
2026-06-16T14:43:59.105+08:00 FORMAL_EDF_MARKER sdk=1 host=1 opened=1 sent=1 message=FORMAL_SESSION_PREPARED participant=B006 rel=80.529 unix=1781592239105 bjt=2026-06-16T14:43:59.105+08:00 edf=FM144359.EDF source=ue_formal calibration_complete=0
2026-06-16T14:43:59.106+08:00 FORMAL_EDF_MARKER sdk=1 host=1 opened=1 sent=1 message=CALIBRATION_REQUESTED participant=B006 rel=80.529 unix=1781592239106 bjt=2026-06-16T14:43:59.106+08:00 edf=FM144359.EDF source=ue_formal open_result=0
2026-06-16T14:43:59.106+08:00 CALIBRATION step=REQUESTED success=1 note=run_eyelink_tracker_setup
2026-06-16T14:43:59.106+08:00 CALIBRATION step=HOST_CONNECTED success=1 sdk=1 host=1 graphics=1
2026-06-16T14:43:59.134+08:00 CALIBRATION_DISPLAY_INIT success=1 result=0 error=
2026-06-16T14:43:59.134+08:00 CALIBRATION_DISPLAY_LIST count=2 requested_index=1 explicit=1
2026-06-16T14:43:59.134+08:00 CALIBRATION_DISPLAY index=0 name=Dell XPS 15 SDC414D Display bounds_result=0 x=0 y=0 w=1920 h=1080 mode_result=0 mode_w=1920 mode_h=1080 refresh=60
2026-06-16T14:43:59.134+08:00 CALIBRATION_DISPLAY index=1 name=Acer GR235H bounds_result=0 x=0 y=-1080 w=1920 h=1080 mode_result=0 mode_w=1920 mode_h=1080 refresh=60
2026-06-16T14:43:59.240+08:00 CALIBRATION step=GRAPHICS_INITIALIZED success=1 result=0 explicit_request=1 display_index=1 window_ptr=0000019A80503FE0 width=1920 height=1080 bits=32 refresh=60.00
2026-06-16T14:43:59.251+08:00 CALIBRATION step=REGISTERED_WINDOW_MOVED success=1 requested_display=1 actual_display=1 requested_x=0 requested_y=-1080 requested_w=1920 requested_h=1080 actual_x=0 actual_y=-1080 actual_w=1920 actual_h=1080
2026-06-16T14:43:59.259+08:00 FORMAL_EDF_MARKER sdk=1 host=1 opened=1 sent=1 message=CALIBRATION_SETUP_START participant=B006 rel=80.529 unix=1781592239259 bjt=2026-06-16T14:43:59.259+08:00 edf=FM144359.EDF source=ue_formal calibration_type=HV9 width=1920 height=1080
2026-06-16T14:43:59.260+08:00 CALIBRATION step=TRACKER_SETUP_BEGIN success=1 detail=call_do_tracker_setup
2026-06-16T14:47:38.666+08:00 CALIBRATION step=TRACKER_SETUP_RETURNED success=1 result=0
2026-06-16T14:47:38.666+08:00 FORMAL_EDF_MARKER sdk=1 host=1 opened=1 sent=1 message=CALIBRATION_SETUP_END participant=B006 rel=80.529 unix=1781592458666 bjt=2026-06-16T14:47:38.666+08:00 edf=FM144359.EDF source=ue_formal setup_result=0
2026-06-16T14:47:40.708+08:00 CALIBRATION step=GRAPHICS_CLOSED success=1
2026-06-16T14:47:40.708+08:00 CALIBRATION step=CALIBRATION_WINDOW_DESTROYED success=1
2026-06-16T14:47:40.708+08:00 CALIBRATION step=FINISHED success=1 result=0
2026-06-16T14:47:40.708+08:00 FORMAL_EDF_MARKER sdk=1 host=1 opened=1 sent=1 message=CALIBRATION_STATUS participant=B006 rel=80.529 unix=1781592460708 bjt=2026-06-16T14:47:40.708+08:00 edf=FM144359.EDF source=ue_formal calibration_complete=1
2026-06-16T14:47:40.708+08:00 FORMAL_CALIBRATION step=FINISHED success=1 participant=B006 edf=FM144359.EDF open_result=0
2026-06-16T14:47:40.709+08:00 STATUS start_ui_status sdk=connected host=connected log=../../../../../../Project/UE5/Gallery/Saved/ExperimentLogs/EyeLinkMarkers_20260616_144236_819.log
2026-06-16T14:47:45.614+08:00 FORMAL_RECORDING step=EDF_ALREADY_OPEN success=1 participant=B006 edf=FM144359.EDF source=start_button_preopened calibration_complete=1
2026-06-16T14:47:45.623+08:00 FORMAL_RECORDING step=RECORDING_STARTED success=1 result=0 edf=FM144359.EDF preopened=1 calibration_complete=1
2026-06-16T14:47:45.623+08:00 MARKER sdk=1 host=1 enabled=1 sent=1 result=0 message=FORMAL_RECORDING_START participant=B006 rel=85.820 unix=1781592465623 bjt=2026-06-16T14:47:45.623+08:00 edf=FM144359.EDF source=ue_formal open_result=0 record_result=0 edf_preopened=1 calibration_complete=1
2026-06-16T14:47:45.623+08:00 STATUS formal_recording_start_requested participant=B006 success=1 edf=FM144359.EDF calibration_complete=1
2026-06-16T14:47:45.623+08:00 STATUS start_ui_status sdk=connected host=connected log=../../../../../../Project/UE5/Gallery/Saved/ExperimentLogs/EyeLinkMarkers_20260616_144236_819.log
2026-06-16T14:47:45.623+08:00 MARKER sdk=1 host=1 enabled=1 sent=1 result=0 message=RECORDING_TIME_REFERENCE participant=B006 output_id=B006 rel=85.820 unix=1781592465623 bjt=2026-06-16T14:47:45.623+08:00 source=ue_session_start
2026-06-16T14:47:45.623+08:00 MARKER sdk=1 host=1 enabled=1 sent=1 result=0 message=SESSION_START participant=B006 output_id=B006 rel=85.820 unix=1781592465623 bjt=2026-06-16T14:47:45.623+08:00
2026-06-16T14:47:45.623+08:00 MARKER sdk=1 host=1 enabled=1 sent=1 result=0 message=EXPERIMENT_RUN_MODE EXP1_THEN_EXP2
2026-06-16T14:47:45.630+08:00 MARKER sdk=1 host=1 enabled=1 sent=1 result=0 message=SCREEN_RECORDING_REQUEST enabled=1 started=1 participant=B006 output_id=B006
2026-06-16T14:47:49.113+08:00 MARKER sdk=1 host=1 enabled=1 sent=1 result=0 message=TRIALID T001
2026-06-16T14:47:49.113+08:00 MARKER sdk=1 host=1 enabled=1 sent=1 result=0 message=EVENT LOADING_INTERACT trial=T001 rel=89.337 unix=1781592469140 bjt=2026-06-16T14:47:49.140+08:00
2026-06-16T14:47:49.113+08:00 MARKER sdk=1 host=1 enabled=1 sent=1 result=0 message=EVENT LOADING_START trial=T001 rel=89.337 unix=1781592469140 bjt=2026-06-16T14:47:49.140+08:00
2026-06-16T14:47:49.113+08:00 MARKER sdk=1 host=1 enabled=1 sent=1 result=0 message=TRIAL_META exp=EXP1 participant=B006 participant_output_id=B006 exhibit_id=Ex1_TEST exhibit_name=测试展品 condition=A latin_group=NA sequence_index=-1 sequence_label=NA
2026-06-16T14:47:51.098+08:00 MARKER sdk=1 host=1 enabled=1 sent=1 result=0 message=EVENT LOADING_COMPLETE trial=T001 rel=91.321 unix=1781592471124 bjt=2026-06-16T14:47:51.124+08:00
2026-06-16T14:47:52.051+08:00 MARKER sdk=1 host=1 enabled=1 sent=1 result=0 message=EVENT VIEWER_ENTER trial=T001 rel=92.271 unix=1781592472075 bjt=2026-06-16T14:47:52.074+08:00
2026-06-16T14:47:52.051+08:00 MARKER sdk=1 host=1 enabled=1 sent=1 result=0 message=EVENT QUESTION_START trial=T001 rel=92.271 unix=1781592472075 bjt=2026-06-16T14:47:52.074+08:00 q=1 total=2 correct_index=-1 correct_label=NotAnswered
2026-06-16T14:47:54.764+08:00 MARKER sdk=1 host=1 enabled=1 sent=1 result=0 message=EVENT QUESTION_SUBMIT trial=T001 rel=94.972 unix=1781592474775 bjt=2026-06-16T14:47:54.775+08:00 q=1 option=B correct_index=-1 correct_label=NotAnswered is_correct=-1
2026-06-16T14:47:54.765+08:00 MARKER sdk=1 host=1 enabled=1 sent=1 result=0 message=EVENT QUESTION_START trial=T001 rel=94.972 unix=1781592474775 bjt=2026-06-16T14:47:54.775+08:00 q=2 total=2 correct_index=-1 correct_label=NotAnswered
2026-06-16T14:47:55.381+08:00 MARKER sdk=1 host=1 enabled=1 sent=1 result=0 message=EVENT QUESTION_SUBMIT trial=T001 rel=95.589 unix=1781592475392 bjt=2026-06-16T14:47:55.392+08:00 q=2 option=C correct_index=-1 correct_label=NotAnswered is_correct=-1
2026-06-16T14:47:55.582+08:00 MARKER sdk=1 host=1 enabled=1 sent=1 result=0 message=EVENT VIEWER_EXIT trial=T001 rel=95.806 unix=1781592475609 bjt=2026-06-16T14:47:55.609+08:00
2026-06-16T14:47:55.582+08:00 MARKER sdk=1 host=1 enabled=1 sent=1 result=0 message=EVENT TRIAL_RESULT trial=T001 rel=95.806 unix=1781592475609 bjt=2026-06-16T14:47:55.609+08:00 rows=2
2026-06-16T14:48:02.301+08:00 MARKER sdk=1 host=1 enabled=1 sent=1 result=0 message=TRIALID T002
2026-06-16T14:48:02.301+08:00 MARKER sdk=1 host=1 enabled=1 sent=1 result=0 message=EVENT LOADING_INTERACT trial=T002 rel=102.524 unix=1781592482328 bjt=2026-06-16T14:48:02.327+08:00
2026-06-16T14:48:02.301+08:00 MARKER sdk=1 host=1 enabled=1 sent=1 result=0 message=EVENT LOADING_START trial=T002 rel=102.524 unix=1781592482328 bjt=2026-06-16T14:48:02.327+08:00
2026-06-16T14:48:02.301+08:00 MARKER sdk=1 host=1 enabled=1 sent=1 result=0 message=TRIAL_META exp=EXP1 participant=B006 participant_output_id=B006 exhibit_id=01 exhibit_name=半岛香炉 condition=A latin_group=G1 sequence_index=1 sequence_label=G1_T01
2026-06-16T14:48:12.293+08:00 MARKER sdk=1 host=1 enabled=1 sent=1 result=0 message=EVENT LOADING_COMPLETE trial=T002 rel=112.516 unix=1781592492320 bjt=2026-06-16T14:48:12.319+08:00
2026-06-16T14:48:13.243+08:00 MARKER sdk=1 host=1 enabled=1 sent=1 result=0 message=EVENT VIEWER_ENTER trial=T002 rel=113.464 unix=1781592493267 bjt=2026-06-16T14:48:13.267+08:00
2026-06-16T14:48:13.243+08:00 MARKER sdk=1 host=1 enabled=1 sent=1 result=0 message=EVENT QUESTION_START trial=T002 rel=113.464 unix=1781592493267 bjt=2026-06-16T14:48:13.267+08:00 q=1 total=2 correct_index=1 correct_label=B
2026-06-16T14:48:15.558+08:00 MARKER sdk=1 host=1 enabled=1 sent=1 result=0 message=EVENT QUESTION_SUBMIT trial=T002 rel=115.765 unix=1781592495569 bjt=2026-06-16T14:48:15.568+08:00 q=1 option=B correct_index=1 correct_label=B is_correct=1
2026-06-16T14:48:15.559+08:00 MARKER sdk=1 host=1 enabled=1 sent=1 result=0 message=EVENT QUESTION_START trial=T002 rel=115.765 unix=1781592495569 bjt=2026-06-16T14:48:15.568+08:00 q=2 total=2 correct_index=1 correct_label=B
2026-06-16T14:48:17.194+08:00 MARKER sdk=1 host=1 enabled=1 sent=1 result=0 message=EVENT QUESTION_SUBMIT trial=T002 rel=117.401 unix=1781592497205 bjt=2026-06-16T14:48:17.204+08:00 q=2 option=A correct_index=1 correct_label=B is_correct=0
2026-06-16T14:48:17.455+08:00 MARKER sdk=1 host=1 enabled=1 sent=1 result=0 message=EVENT VIEWER_EXIT trial=T002 rel=117.679 unix=1781592497482 bjt=2026-06-16T14:48:17.482+08:00
2026-06-16T14:48:17.455+08:00 MARKER sdk=1 host=1 enabled=1 sent=1 result=0 message=EVENT TRIAL_RESULT trial=T002 rel=117.679 unix=1781592497482 bjt=2026-06-16T14:48:17.482+08:00 rows=2
2026-06-16T14:49:37.911+08:00 MARKER sdk=1 host=1 enabled=1 sent=1 result=0 message=TRIALID T003
2026-06-16T14:49:37.911+08:00 MARKER sdk=1 host=1 enabled=1 sent=1 result=0 message=EVENT LOADING_INTERACT trial=T003 rel=198.133 unix=1781592577937 bjt=2026-06-16T14:49:37.936+08:00
2026-06-16T14:49:37.911+08:00 MARKER sdk=1 host=1 enabled=1 sent=1 result=0 message=EVENT LOADING_START trial=T003 rel=198.133 unix=1781592577937 bjt=2026-06-16T14:49:37.936+08:00
2026-06-16T14:49:37.912+08:00 MARKER sdk=1 host=1 enabled=1 sent=1 result=0 message=TRIAL_META exp=EXP1 participant=B006 participant_output_id=B006 exhibit_id=02 exhibit_name=中国青铜器 condition=A_PLUS latin_group=G1 sequence_index=2 sequence_label=G1_T02
2026-06-16T14:49:47.903+08:00 MARKER sdk=1 host=1 enabled=1 sent=1 result=0 message=EVENT LOADING_COMPLETE trial=T003 rel=208.127 unix=1781592587930 bjt=2026-06-16T14:49:47.930+08:00
2026-06-16T14:49:48.899+08:00 MARKER sdk=1 host=1 enabled=1 sent=1 result=0 message=EVENT VIEWER_ENTER trial=T003 rel=209.121 unix=1781592588925 bjt=2026-06-16T14:49:48.924+08:00
2026-06-16T14:49:48.899+08:00 MARKER sdk=1 host=1 enabled=1 sent=1 result=0 message=EVENT QUESTION_START trial=T003 rel=209.121 unix=1781592588925 bjt=2026-06-16T14:49:48.924+08:00 q=1 total=2 correct_index=1 correct_label=B
2026-06-16T14:49:50.311+08:00 MARKER sdk=1 host=1 enabled=1 sent=1 result=0 message=EVENT QUESTION_SUBMIT trial=T003 rel=210.518 unix=1781592590322 bjt=2026-06-16T14:49:50.321+08:00 q=1 option=B correct_index=1 correct_label=B is_correct=1
2026-06-16T14:49:50.311+08:00 MARKER sdk=1 host=1 enabled=1 sent=1 result=0 message=EVENT QUESTION_START trial=T003 rel=210.518 unix=1781592590322 bjt=2026-06-16T14:49:50.321+08:00 q=2 total=2 correct_index=1 correct_label=B
2026-06-16T14:49:54.586+08:00 MARKER sdk=1 host=1 enabled=1 sent=1 result=0 message=EVENT QUESTION_SUBMIT trial=T003 rel=214.793 unix=1781592594597 bjt=2026-06-16T14:49:54.596+08:00 q=2 option=B correct_index=1 correct_label=B is_correct=1
2026-06-16T14:49:55.226+08:00 MARKER sdk=1 host=1 enabled=1 sent=1 result=0 message=EVENT VIEWER_EXIT trial=T003 rel=215.448 unix=1781592595252 bjt=2026-06-16T14:49:55.251+08:00
2026-06-16T14:49:55.226+08:00 MARKER sdk=1 host=1 enabled=1 sent=1 result=0 message=EVENT TRIAL_RESULT trial=T003 rel=215.448 unix=1781592595252 bjt=2026-06-16T14:49:55.251+08:00 rows=2
2026-06-16T14:50:17.686+08:00 MARKER sdk=1 host=1 enabled=1 sent=1 result=0 message=TRIALID T004
2026-06-16T14:50:17.686+08:00 MARKER sdk=1 host=1 enabled=1 sent=1 result=0 message=EVENT LOADING_INTERACT trial=T004 rel=237.907 unix=1781592617711 bjt=2026-06-16T14:50:17.710+08:00
2026-06-16T14:50:17.687+08:00 MARKER sdk=1 host=1 enabled=1 sent=1 result=0 message=EVENT LOADING_START trial=T004 rel=237.907 unix=1781592617711 bjt=2026-06-16T14:50:17.710+08:00
2026-06-16T14:50:17.687+08:00 MARKER sdk=1 host=1 enabled=1 sent=1 result=0 message=TRIAL_META exp=EXP1 participant=B006 participant_output_id=B006 exhibit_id=03 exhibit_name=希腊陶具 condition=B latin_group=G1 sequence_index=3 sequence_label=G1_T03
2026-06-16T14:50:27.673+08:00 MARKER sdk=1 host=1 enabled=1 sent=1 result=0 message=EVENT LOADING_COMPLETE trial=T004 rel=247.894 unix=1781592627698 bjt=2026-06-16T14:50:27.697+08:00
2026-06-16T14:50:28.547+08:00 MARKER sdk=1 host=1 enabled=1 sent=1 result=0 message=EVENT VIEWER_ENTER trial=T004 rel=248.770 unix=1781592628573 bjt=2026-06-16T14:50:28.573+08:00
2026-06-16T14:50:28.548+08:00 MARKER sdk=1 host=1 enabled=1 sent=1 result=0 message=EVENT QUESTION_START trial=T004 rel=248.770 unix=1781592628573 bjt=2026-06-16T14:50:28.573+08:00 q=1 total=2 correct_index=0 correct_label=A
2026-06-16T14:50:30.418+08:00 MARKER sdk=1 host=1 enabled=1 sent=1 result=0 message=EVENT QUESTION_SUBMIT trial=T004 rel=250.623 unix=1781592630427 bjt=2026-06-16T14:50:30.426+08:00 q=1 option=A correct_index=0 correct_label=A is_correct=1
2026-06-16T14:50:30.419+08:00 MARKER sdk=1 host=1 enabled=1 sent=1 result=0 message=EVENT QUESTION_START trial=T004 rel=250.623 unix=1781592630427 bjt=2026-06-16T14:50:30.426+08:00 q=2 total=2 correct_index=2 correct_label=C
2026-06-16T14:50:33.189+08:00 MARKER sdk=1 host=1 enabled=1 sent=1 result=0 message=EVENT QUESTION_SUBMIT trial=T004 rel=253.395 unix=1781592633199 bjt=2026-06-16T14:50:33.198+08:00 q=2 option=C correct_index=2 correct_label=C is_correct=1
2026-06-16T14:50:33.378+08:00 MARKER sdk=1 host=1 enabled=1 sent=1 result=0 message=EVENT VIEWER_EXIT trial=T004 rel=253.602 unix=1781592633406 bjt=2026-06-16T14:50:33.405+08:00
2026-06-16T14:50:33.379+08:00 MARKER sdk=1 host=1 enabled=1 sent=1 result=0 message=EVENT TRIAL_RESULT trial=T004 rel=253.602 unix=1781592633406 bjt=2026-06-16T14:50:33.405+08:00 rows=2
2026-06-16T14:51:01.934+08:00 MARKER sdk=1 host=1 enabled=1 sent=1 result=0 message=TRIALID T005
2026-06-16T14:51:01.934+08:00 MARKER sdk=1 host=1 enabled=1 sent=1 result=0 message=EVENT LOADING_INTERACT trial=T005 rel=282.156 unix=1781592661959 bjt=2026-06-16T14:51:01.959+08:00
2026-06-16T14:51:01.935+08:00 MARKER sdk=1 host=1 enabled=1 sent=1 result=0 message=EVENT LOADING_START trial=T005 rel=282.156 unix=1781592661959 bjt=2026-06-16T14:51:01.959+08:00
2026-06-16T14:51:01.935+08:00 MARKER sdk=1 host=1 enabled=1 sent=1 result=0 message=EVENT VIEWER_ENTER trial=T005 rel=282.156 unix=1781592661959 bjt=2026-06-16T14:51:01.959+08:00 mode=progressive_no_progress_bar
2026-06-16T14:51:01.935+08:00 MARKER sdk=1 host=1 enabled=1 sent=1 result=0 message=TRIAL_META exp=EXP1 participant=B006 participant_output_id=B006 exhibit_id=04 exhibit_name=中国花瓶 condition=C_MINUS latin_group=G1 sequence_index=4 sequence_label=G1_T04
2026-06-16T14:51:07.925+08:00 MARKER sdk=1 host=1 enabled=1 sent=1 result=0 message=EVENT PROGRESSIVE_USABLE trial=T005 rel=288.146 unix=1781592667949 bjt=2026-06-16T14:51:07.949+08:00
2026-06-16T14:51:07.926+08:00 MARKER sdk=1 host=1 enabled=1 sent=1 result=0 message=EVENT QUESTION_START trial=T005 rel=288.146 unix=1781592667949 bjt=2026-06-16T14:51:07.949+08:00 q=1 total=2 correct_index=2 correct_label=C
2026-06-16T14:51:11.933+08:00 MARKER sdk=1 host=1 enabled=1 sent=1 result=0 message=EVENT LOADING_COMPLETE trial=T005 rel=292.155 unix=1781592671958 bjt=2026-06-16T14:51:11.958+08:00
2026-06-16T14:51:12.151+08:00 MARKER sdk=1 host=1 enabled=1 sent=1 result=0 message=EVENT QUESTION_SUBMIT trial=T005 rel=292.357 unix=1781592672161 bjt=2026-06-16T14:51:12.160+08:00 q=1 option=C correct_index=2 correct_label=C is_correct=1
2026-06-16T14:51:12.151+08:00 MARKER sdk=1 host=1 enabled=1 sent=1 result=0 message=EVENT QUESTION_START trial=T005 rel=292.357 unix=1781592672161 bjt=2026-06-16T14:51:12.160+08:00 q=2 total=2 correct_index=3 correct_label=D
2026-06-16T14:51:13.722+08:00 MARKER sdk=1 host=1 enabled=1 sent=1 result=0 message=EVENT QUESTION_SUBMIT trial=T005 rel=293.929 unix=1781592673733 bjt=2026-06-16T14:51:13.732+08:00 q=2 option=D correct_index=3 correct_label=D is_correct=1
2026-06-16T14:51:14.070+08:00 MARKER sdk=1 host=1 enabled=1 sent=1 result=0 message=EVENT VIEWER_EXIT trial=T005 rel=294.293 unix=1781592674096 bjt=2026-06-16T14:51:14.096+08:00
2026-06-16T14:51:14.071+08:00 MARKER sdk=1 host=1 enabled=1 sent=1 result=0 message=EVENT TRIAL_RESULT trial=T005 rel=294.293 unix=1781592674096 bjt=2026-06-16T14:51:14.096+08:00 rows=2
2026-06-16T14:51:48.769+08:00 MARKER sdk=1 host=1 enabled=1 sent=1 result=0 message=TRIALID T006
2026-06-16T14:51:48.770+08:00 MARKER sdk=1 host=1 enabled=1 sent=1 result=0 message=EVENT LOADING_INTERACT trial=T006 rel=328.992 unix=1781592708795 bjt=2026-06-16T14:51:48.795+08:00
2026-06-16T14:51:48.771+08:00 MARKER sdk=1 host=1 enabled=1 sent=1 result=0 message=EVENT LOADING_START trial=T006 rel=328.992 unix=1781592708795 bjt=2026-06-16T14:51:48.795+08:00
2026-06-16T14:51:48.771+08:00 MARKER sdk=1 host=1 enabled=1 sent=1 result=0 message=EVENT VIEWER_ENTER trial=T006 rel=328.992 unix=1781592708795 bjt=2026-06-16T14:51:48.795+08:00 mode=progressive
2026-06-16T14:51:48.771+08:00 MARKER sdk=1 host=1 enabled=1 sent=1 result=0 message=TRIAL_META exp=EXP1 participant=B006 participant_output_id=B006 exhibit_id=05 exhibit_name=雅典双耳罐 condition=C latin_group=G1 sequence_index=5 sequence_label=G1_T05
2026-06-16T14:51:54.763+08:00 MARKER sdk=1 host=1 enabled=1 sent=1 result=0 message=EVENT PROGRESSIVE_USABLE trial=T006 rel=334.985 unix=1781592714789 bjt=2026-06-16T14:51:54.788+08:00
2026-06-16T14:51:54.765+08:00 MARKER sdk=1 host=1 enabled=1 sent=1 result=0 message=EVENT QUESTION_START trial=T006 rel=334.985 unix=1781592714789 bjt=2026-06-16T14:51:54.788+08:00 q=1 total=2 correct_index=0 correct_label=A
2026-06-16T14:51:58.756+08:00 MARKER sdk=1 host=1 enabled=1 sent=1 result=0 message=EVENT LOADING_COMPLETE trial=T006 rel=338.979 unix=1781592718783 bjt=2026-06-16T14:51:58.782+08:00
2026-06-16T14:51:59.237+08:00 MARKER sdk=1 host=1 enabled=1 sent=1 result=0 message=EVENT QUESTION_SUBMIT trial=T006 rel=339.444 unix=1781592719247 bjt=2026-06-16T14:51:59.247+08:00 q=1 option=A correct_index=0 correct_label=A is_correct=1
2026-06-16T14:51:59.237+08:00 MARKER sdk=1 host=1 enabled=1 sent=1 result=0 message=EVENT QUESTION_START trial=T006 rel=339.444 unix=1781592719247 bjt=2026-06-16T14:51:59.247+08:00 q=2 total=2 correct_index=2 correct_label=C
2026-06-16T14:52:02.458+08:00 MARKER sdk=1 host=1 enabled=1 sent=1 result=0 message=EVENT QUESTION_SUBMIT trial=T006 rel=342.665 unix=1781592722468 bjt=2026-06-16T14:52:02.468+08:00 q=2 option=C correct_index=2 correct_label=C is_correct=1
2026-06-16T14:52:02.829+08:00 MARKER sdk=1 host=1 enabled=1 sent=1 result=0 message=EVENT VIEWER_EXIT trial=T006 rel=343.051 unix=1781592722855 bjt=2026-06-16T14:52:02.854+08:00
2026-06-16T14:52:02.830+08:00 MARKER sdk=1 host=1 enabled=1 sent=1 result=0 message=EVENT TRIAL_RESULT trial=T006 rel=343.051 unix=1781592722855 bjt=2026-06-16T14:52:02.854+08:00 rows=2
2026-06-16T14:53:39.220+08:00 MARKER sdk=1 host=1 enabled=1 sent=1 result=0 message=TRIALID Exp2_001
2026-06-16T14:53:39.221+08:00 MARKER sdk=1 host=1 enabled=1 sent=1 result=0 message=EVENT EXP2_LOADING_START trial_id=Exp2_001 rel=439.440308 unix=1781592819244 bjt=2026-06-16T14:53:39.243+08:00 condition=E2_FIXED_PROGRESSIVE
2026-06-16T14:53:39.221+08:00 MARKER sdk=1 host=1 enabled=1 sent=1 result=0 message=TRIAL_META exp=EXP2 participant=B006 participant_output_id=B006 trial_id=Exp2_001 condition=E2_FIXED_PROGRESSIVE spatial_continuity=0 progressive_availability=1
2026-06-16T14:53:39.221+08:00 MARKER sdk=1 host=1 enabled=1 sent=1 result=0 message=TRIAL_META_TASK trial_id=Exp2_001 target_index=3 target_display_index=3 target_content_index=1 target_label=左脸
2026-06-16T14:53:39.221+08:00 MARKER sdk=1 host=1 enabled=1 sent=1 result=0 message=TRIAL_META_SEQUENCE trial_id=Exp2_001 slot_permutation=1:3|2:4|3:1|4:2 sequence_group=2 sequence_index=1
2026-06-16T14:53:43.200+08:00 MARKER sdk=1 host=1 enabled=1 sent=1 result=0 message=EVENT EXP2_OBJECT_STAGE_CHANGED trial_id=Exp2_001 rel=443.423859 unix=1781592823227 bjt=2026-06-16T14:53:43.227+08:00 condition=E2_FIXED_PROGRESSIVE object_index=1 previous_stage=0 new_stage=1 progress=0.333353 object_stages=1:1|2:0|3:0|4:0
2026-06-16T14:53:43.201+08:00 MARKER sdk=1 host=1 enabled=1 sent=1 result=0 message=EVENT EXP2_STAGE_1_START trial_id=Exp2_001 rel=443.423859 unix=1781592823227 bjt=2026-06-16T14:53:43.227+08:00 condition=E2_FIXED_PROGRESSIVE stage=1 first_object_index=1 progress=0.333353 object_stages=1:1|2:0|3:0|4:0
2026-06-16T14:53:43.202+08:00 MARKER sdk=1 host=1 enabled=1 sent=1 result=0 message=EVENT EXP2_OBJECT_STAGE_CHANGED trial_id=Exp2_001 rel=443.423859 unix=1781592823227 bjt=2026-06-16T14:53:43.227+08:00 condition=E2_FIXED_PROGRESSIVE object_index=2 previous_stage=0 new_stage=1 progress=0.333353 object_stages=1:1|2:1|3:0|4:0
2026-06-16T14:53:43.202+08:00 MARKER sdk=1 host=1 enabled=1 sent=1 result=0 message=EVENT EXP2_OBJECT_STAGE_CHANGED trial_id=Exp2_001 rel=443.423859 unix=1781592823227 bjt=2026-06-16T14:53:43.227+08:00 condition=E2_FIXED_PROGRESSIVE object_index=3 previous_stage=0 new_stage=1 progress=0.333353 object_stages=1:1|2:1|3:1|4:0
2026-06-16T14:53:43.203+08:00 MARKER sdk=1 host=1 enabled=1 sent=1 result=0 message=EVENT EXP2_OBJECT_STAGE_CHANGED trial_id=Exp2_001 rel=443.423859 unix=1781592823227 bjt=2026-06-16T14:53:43.227+08:00 condition=E2_FIXED_PROGRESSIVE object_index=4 previous_stage=0 new_stage=1 progress=0.333353 object_stages=1:1|2:1|3:1|4:1
2026-06-16T14:53:45.216+08:00 MARKER sdk=1 host=1 enabled=1 sent=1 result=0 message=EVENT EXP2_OBJECT_STAGE_CHANGED trial_id=Exp2_001 rel=445.438477 unix=1781592825242 bjt=2026-06-16T14:53:45.241+08:00 condition=E2_FIXED_PROGRESSIVE object_index=1 previous_stage=1 new_stage=2 progress=0.501237 object_stages=1:2|2:1|3:1|4:1
2026-06-16T14:53:45.217+08:00 MARKER sdk=1 host=1 enabled=1 sent=1 result=0 message=EVENT EXP2_STAGE_2_START trial_id=Exp2_001 rel=445.438477 unix=1781592825242 bjt=2026-06-16T14:53:45.241+08:00 condition=E2_FIXED_PROGRESSIVE stage=2 first_object_index=1 progress=0.501237 object_stages=1:2|2:1|3:1|4:1
2026-06-16T14:53:45.217+08:00 MARKER sdk=1 host=1 enabled=1 sent=1 result=0 message=EVENT EXP2_OBJECT_STAGE_CHANGED trial_id=Exp2_001 rel=445.438477 unix=1781592825242 bjt=2026-06-16T14:53:45.241+08:00 condition=E2_FIXED_PROGRESSIVE object_index=2 previous_stage=1 new_stage=2 progress=0.501237 object_stages=1:2|2:2|3:1|4:1
2026-06-16T14:53:45.218+08:00 MARKER sdk=1 host=1 enabled=1 sent=1 result=0 message=EVENT EXP2_OBJECT_STAGE_CHANGED trial_id=Exp2_001 rel=445.438477 unix=1781592825242 bjt=2026-06-16T14:53:45.241+08:00 condition=E2_FIXED_PROGRESSIVE object_index=3 previous_stage=1 new_stage=2 progress=0.501237 object_stages=1:2|2:2|3:2|4:1
2026-06-16T14:53:45.219+08:00 MARKER sdk=1 host=1 enabled=1 sent=1 result=0 message=EVENT EXP2_PROGRESSIVE_USABLE trial_id=Exp2_001 rel=445.438477 unix=1781592825242 bjt=2026-06-16T14:53:45.241+08:00 condition=E2_FIXED_PROGRESSIVE target_display_index=3 target_content_index=1 target_label=左脸 stage=2 progress=0.501237
2026-06-16T14:53:45.219+08:00 MARKER sdk=1 host=1 enabled=1 sent=1 result=0 message=EVENT EXP2_OBJECT_STAGE_CHANGED trial_id=Exp2_001 rel=445.438477 unix=1781592825242 bjt=2026-06-16T14:53:45.241+08:00 condition=E2_FIXED_PROGRESSIVE object_index=4 previous_stage=1 new_stage=2 progress=0.501237 object_stages=1:2|2:2|3:2|4:2
2026-06-16T14:53:48.891+08:00 MARKER sdk=1 host=1 enabled=1 sent=1 result=0 message=EVENT EXP2_PREJUDGE trial_id=Exp2_001 rel=449.112885 unix=1781592828916 bjt=2026-06-16T14:53:48.916+08:00 condition=E2_FIXED_PROGRESSIVE selected=3 correct=1 confidence=-1 selected_content=1
2026-06-16T14:53:51.201+08:00 MARKER sdk=1 host=1 enabled=1 sent=1 result=0 message=EVENT EXP2_OBJECT_STAGE_CHANGED trial_id=Exp2_001 rel=451.423859 unix=1781592831227 bjt=2026-06-16T14:53:51.227+08:00 condition=E2_FIXED_PROGRESSIVE object_index=1 previous_stage=2 new_stage=3 progress=1.000000 object_stages=1:3|2:2|3:2|4:2
2026-06-16T14:53:51.201+08:00 MARKER sdk=1 host=1 enabled=1 sent=1 result=0 message=EVENT EXP2_STAGE_3_START trial_id=Exp2_001 rel=451.423859 unix=1781592831227 bjt=2026-06-16T14:53:51.227+08:00 condition=E2_FIXED_PROGRESSIVE stage=3 first_object_index=1 progress=1.000000 object_stages=1:3|2:2|3:2|4:2
2026-06-16T14:53:51.202+08:00 MARKER sdk=1 host=1 enabled=1 sent=1 result=0 message=EVENT EXP2_OBJECT_STAGE_CHANGED trial_id=Exp2_001 rel=451.423859 unix=1781592831227 bjt=2026-06-16T14:53:51.227+08:00 condition=E2_FIXED_PROGRESSIVE object_index=2 previous_stage=2 new_stage=3 progress=1.000000 object_stages=1:3|2:3|3:2|4:2
2026-06-16T14:53:51.203+08:00 MARKER sdk=1 host=1 enabled=1 sent=1 result=0 message=EVENT EXP2_OBJECT_STAGE_CHANGED trial_id=Exp2_001 rel=451.423859 unix=1781592831227 bjt=2026-06-16T14:53:51.227+08:00 condition=E2_FIXED_PROGRESSIVE object_index=3 previous_stage=2 new_stage=3 progress=1.000000 object_stages=1:3|2:3|3:3|4:2
2026-06-16T14:53:51.203+08:00 MARKER sdk=1 host=1 enabled=1 sent=1 result=0 message=EVENT EXP2_OBJECT_STAGE_CHANGED trial_id=Exp2_001 rel=451.423859 unix=1781592831227 bjt=2026-06-16T14:53:51.227+08:00 condition=E2_FIXED_PROGRESSIVE object_index=4 previous_stage=2 new_stage=3 progress=1.000000 object_stages=1:3|2:3|3:3|4:3
2026-06-16T14:53:51.204+08:00 MARKER sdk=1 host=1 enabled=1 sent=1 result=0 message=EVENT EXP2_LOADING_COMPLETE trial_id=Exp2_001 rel=451.423859 unix=1781592831227 bjt=2026-06-16T14:53:51.227+08:00 condition=E2_FIXED_PROGRESSIVE
2026-06-16T14:53:52.192+08:00 MARKER sdk=1 host=1 enabled=1 sent=1 result=0 message=EVENT EXP2_PENDING_SELECTION trial_id=Exp2_001 rel=452.415771 unix=1781592832219 bjt=2026-06-16T14:53:52.219+08:00 condition=E2_FIXED_PROGRESSIVE selected=3 selected_content=1 changes=1
2026-06-16T14:53:53.330+08:00 MARKER sdk=1 host=1 enabled=1 sent=1 result=0 message=EVENT EXP2_SUBMIT_SELECTION trial_id=Exp2_001 rel=453.552368 unix=1781592833356 bjt=2026-06-16T14:53:53.355+08:00 condition=E2_FIXED_PROGRESSIVE selected=3 selected_content=1 correct=1
2026-06-16T14:53:53.332+08:00 MARKER sdk=1 host=1 enabled=1 sent=1 result=0 message=TRIAL_RESULT Exp2_001 selected=3 correct=1
2026-06-16T14:54:27.093+08:00 MARKER sdk=1 host=1 enabled=1 sent=1 result=0 message=TRIALID Exp2_002
2026-06-16T14:54:27.094+08:00 MARKER sdk=1 host=1 enabled=1 sent=1 result=0 message=EVENT EXP2_LOADING_START trial_id=Exp2_002 rel=487.314117 unix=1781592867118 bjt=2026-06-16T14:54:27.117+08:00 condition=E3_SPATIAL_NONPROGRESSIVE
2026-06-16T14:54:27.094+08:00 MARKER sdk=1 host=1 enabled=1 sent=1 result=0 message=TRIAL_META exp=EXP2 participant=B006 participant_output_id=B006 trial_id=Exp2_002 condition=E3_SPATIAL_NONPROGRESSIVE spatial_continuity=1 progressive_availability=0
2026-06-16T14:54:27.094+08:00 MARKER sdk=1 host=1 enabled=1 sent=1 result=0 message=TRIAL_META_TASK trial_id=Exp2_002 target_index=1 target_display_index=1 target_content_index=3 target_label=脖子
2026-06-16T14:54:27.094+08:00 MARKER sdk=1 host=1 enabled=1 sent=1 result=0 message=TRIAL_META_SEQUENCE trial_id=Exp2_002 slot_permutation=1:3|2:1|3:2|4:4 sequence_group=2 sequence_index=2
2026-06-16T14:54:39.087+08:00 MARKER sdk=1 host=1 enabled=1 sent=1 result=0 message=EVENT EXP2_OBJECT_STAGE_CHANGED trial_id=Exp2_002 rel=499.310486 unix=1781592879114 bjt=2026-06-16T14:54:39.113+08:00 condition=E3_SPATIAL_NONPROGRESSIVE object_index=1 previous_stage=0 new_stage=3 progress=1.000000 object_stages=1:3|2:0|3:
2026-06-16T14:54:39.089+08:00 MARKER sdk=1 host=1 enabled=1 sent=1 result=0 message=EVENT EXP2_STAGE_3_START trial_id=Exp2_002 rel=499.310486 unix=1781592879114 bjt=2026-06-16T14:54:39.113+08:00 condition=E3_SPATIAL_NONPROGRESSIVE stage=3 first_object_index=1 progress=1.000000 object_stages=1:3|2:0|3:0|4:0
2026-06-16T14:54:39.090+08:00 MARKER sdk=1 host=1 enabled=1 sent=1 result=0 message=EVENT EXP2_OBJECT_STAGE_CHANGED trial_id=Exp2_002 rel=499.310486 unix=1781592879114 bjt=2026-06-16T14:54:39.113+08:00 condition=E3_SPATIAL_NONPROGRESSIVE object_index=2 previous_stage=0 new_stage=3 progress=1.000000 object_stages=1:3|2:3|3:
2026-06-16T14:54:39.090+08:00 MARKER sdk=1 host=1 enabled=1 sent=1 result=0 message=EVENT EXP2_OBJECT_STAGE_CHANGED trial_id=Exp2_002 rel=499.310486 unix=1781592879114 bjt=2026-06-16T14:54:39.113+08:00 condition=E3_SPATIAL_NONPROGRESSIVE object_index=3 previous_stage=0 new_stage=3 progress=1.000000 object_stages=1:3|2:3|3:
2026-06-16T14:54:39.091+08:00 MARKER sdk=1 host=1 enabled=1 sent=1 result=0 message=EVENT EXP2_OBJECT_STAGE_CHANGED trial_id=Exp2_002 rel=499.310486 unix=1781592879114 bjt=2026-06-16T14:54:39.113+08:00 condition=E3_SPATIAL_NONPROGRESSIVE object_index=4 previous_stage=0 new_stage=3 progress=1.000000 object_stages=1:3|2:3|3:
2026-06-16T14:54:39.092+08:00 MARKER sdk=1 host=1 enabled=1 sent=1 result=0 message=EVENT EXP2_LOADING_COMPLETE trial_id=Exp2_002 rel=499.310486 unix=1781592879114 bjt=2026-06-16T14:54:39.113+08:00 condition=E3_SPATIAL_NONPROGRESSIVE
2026-06-16T14:54:43.154+08:00 MARKER sdk=1 host=1 enabled=1 sent=1 result=0 message=EVENT EXP2_PENDING_SELECTION trial_id=Exp2_002 rel=503.376801 unix=1781592883180 bjt=2026-06-16T14:54:43.180+08:00 condition=E3_SPATIAL_NONPROGRESSIVE selected=1 selected_content=3 changes=1
2026-06-16T14:54:44.658+08:00 MARKER sdk=1 host=1 enabled=1 sent=1 result=0 message=EVENT EXP2_SUBMIT_SELECTION trial_id=Exp2_002 rel=504.880951 unix=1781592884684 bjt=2026-06-16T14:54:44.684+08:00 condition=E3_SPATIAL_NONPROGRESSIVE selected=1 selected_content=3 correct=1
2026-06-16T14:54:44.659+08:00 MARKER sdk=1 host=1 enabled=1 sent=1 result=0 message=TRIAL_RESULT Exp2_002 selected=1 correct=1
2026-06-16T14:55:19.108+08:00 MARKER sdk=1 host=1 enabled=1 sent=1 result=0 message=TRIALID Exp2_003
2026-06-16T14:55:19.108+08:00 MARKER sdk=1 host=1 enabled=1 sent=1 result=0 message=EVENT EXP2_LOADING_START trial_id=Exp2_003 rel=539.330994 unix=1781592919134 bjt=2026-06-16T14:55:19.134+08:00 condition=E1_SPATIAL_PROGRESSIVE
2026-06-16T14:55:19.108+08:00 MARKER sdk=1 host=1 enabled=1 sent=1 result=0 message=TRIAL_META exp=EXP2 participant=B006 participant_output_id=B006 trial_id=Exp2_003 condition=E1_SPATIAL_PROGRESSIVE spatial_continuity=1 progressive_availability=1
2026-06-16T14:55:19.109+08:00 MARKER sdk=1 host=1 enabled=1 sent=1 result=0 message=TRIAL_META_TASK trial_id=Exp2_003 target_index=4 target_display_index=4 target_content_index=2 target_label=右脸
2026-06-16T14:55:19.109+08:00 MARKER sdk=1 host=1 enabled=1 sent=1 result=0 message=TRIAL_META_SEQUENCE trial_id=Exp2_003 slot_permutation=1:4|2:1|3:3|4:2 sequence_group=2 sequence_index=3
2026-06-16T14:55:23.061+08:00 MARKER sdk=1 host=1 enabled=1 sent=1 result=0 message=EVENT EXP2_OBJECT_STAGE_CHANGED trial_id=Exp2_003 rel=543.283386 unix=1781592923087 bjt=2026-06-16T14:55:23.086+08:00 condition=E1_SPATIAL_PROGRESSIVE object_index=1 previous_stage=0 new_stage=1 progress=0.334373 object_stages=1:1|2:0|3:0|4
2026-06-16T14:55:23.062+08:00 MARKER sdk=1 host=1 enabled=1 sent=1 result=0 message=EVENT EXP2_STAGE_1_START trial_id=Exp2_003 rel=543.283386 unix=1781592923087 bjt=2026-06-16T14:55:23.086+08:00 condition=E1_SPATIAL_PROGRESSIVE stage=1 first_object_index=1 progress=0.334373 object_stages=1:1|2:0|3:0|4:0
2026-06-16T14:55:23.063+08:00 MARKER sdk=1 host=1 enabled=1 sent=1 result=0 message=EVENT EXP2_OBJECT_STAGE_CHANGED trial_id=Exp2_003 rel=543.283386 unix=1781592923087 bjt=2026-06-16T14:55:23.086+08:00 condition=E1_SPATIAL_PROGRESSIVE object_index=2 previous_stage=0 new_stage=1 progress=0.334373 object_stages=1:1|2:1|3:0|4
2026-06-16T14:55:23.063+08:00 MARKER sdk=1 host=1 enabled=1 sent=1 result=0 message=EVENT EXP2_OBJECT_STAGE_CHANGED trial_id=Exp2_003 rel=543.283386 unix=1781592923087 bjt=2026-06-16T14:55:23.086+08:00 condition=E1_SPATIAL_PROGRESSIVE object_index=3 previous_stage=0 new_stage=1 progress=0.334373 object_stages=1:1|2:1|3:1|4
2026-06-16T14:55:23.063+08:00 MARKER sdk=1 host=1 enabled=1 sent=1 result=0 message=EVENT EXP2_OBJECT_STAGE_CHANGED trial_id=Exp2_003 rel=543.283386 unix=1781592923087 bjt=2026-06-16T14:55:23.086+08:00 condition=E1_SPATIAL_PROGRESSIVE object_index=4 previous_stage=0 new_stage=1 progress=0.334373 object_stages=1:1|2:1|3:1|4
2026-06-16T14:55:25.064+08:00 MARKER sdk=1 host=1 enabled=1 sent=1 result=0 message=EVENT EXP2_OBJECT_STAGE_CHANGED trial_id=Exp2_003 rel=545.287170 unix=1781592925091 bjt=2026-06-16T14:55:25.090+08:00 condition=E1_SPATIAL_PROGRESSIVE object_index=1 previous_stage=1 new_stage=2 progress=0.501355 object_stages=1:2|2:1|3:1|4
2026-06-16T14:55:25.065+08:00 MARKER sdk=1 host=1 enabled=1 sent=1 result=0 message=EVENT EXP2_STAGE_2_START trial_id=Exp2_003 rel=545.287170 unix=1781592925091 bjt=2026-06-16T14:55:25.090+08:00 condition=E1_SPATIAL_PROGRESSIVE stage=2 first_object_index=1 progress=0.501355 object_stages=1:2|2:1|3:1|4:1
2026-06-16T14:55:25.066+08:00 MARKER sdk=1 host=1 enabled=1 sent=1 result=0 message=EVENT EXP2_OBJECT_STAGE_CHANGED trial_id=Exp2_003 rel=545.287170 unix=1781592925091 bjt=2026-06-16T14:55:25.090+08:00 condition=E1_SPATIAL_PROGRESSIVE object_index=2 previous_stage=1 new_stage=2 progress=0.501355 object_stages=1:2|2:2|3:1|4
2026-06-16T14:55:25.066+08:00 MARKER sdk=1 host=1 enabled=1 sent=1 result=0 message=EVENT EXP2_OBJECT_STAGE_CHANGED trial_id=Exp2_003 rel=545.287170 unix=1781592925091 bjt=2026-06-16T14:55:25.090+08:00 condition=E1_SPATIAL_PROGRESSIVE object_index=3 previous_stage=1 new_stage=2 progress=0.501355 object_stages=1:2|2:2|3:2|4
2026-06-16T14:55:25.067+08:00 MARKER sdk=1 host=1 enabled=1 sent=1 result=0 message=EVENT EXP2_OBJECT_STAGE_CHANGED trial_id=Exp2_003 rel=545.287170 unix=1781592925091 bjt=2026-06-16T14:55:25.090+08:00 condition=E1_SPATIAL_PROGRESSIVE object_index=4 previous_stage=1 new_stage=2 progress=0.501355 object_stages=1:2|2:2|3:2|4
2026-06-16T14:55:25.067+08:00 MARKER sdk=1 host=1 enabled=1 sent=1 result=0 message=EVENT EXP2_PROGRESSIVE_USABLE trial_id=Exp2_003 rel=545.287170 unix=1781592925091 bjt=2026-06-16T14:55:25.090+08:00 condition=E1_SPATIAL_PROGRESSIVE target_display_index=4 target_content_index=2 target_label=右脸 stage=2 progress=0.501355
2026-06-16T14:55:27.126+08:00 MARKER sdk=1 host=1 enabled=1 sent=1 result=0 message=EVENT EXP2_PREJUDGE trial_id=Exp2_003 rel=547.349243 unix=1781592927153 bjt=2026-06-16T14:55:27.152+08:00 condition=E1_SPATIAL_PROGRESSIVE selected=4 correct=1 confidence=-1 selected_content=2
2026-06-16T14:55:31.059+08:00 MARKER sdk=1 host=1 enabled=1 sent=1 result=0 message=EVENT EXP2_OBJECT_STAGE_CHANGED trial_id=Exp2_003 rel=551.282959 unix=1781592931086 bjt=2026-06-16T14:55:31.086+08:00 condition=E1_SPATIAL_PROGRESSIVE object_index=1 previous_stage=2 new_stage=3 progress=1.000000 object_stages=1:3|2:2|3:2|4
2026-06-16T14:55:31.060+08:00 MARKER sdk=1 host=1 enabled=1 sent=1 result=0 message=EVENT EXP2_STAGE_3_START trial_id=Exp2_003 rel=551.282959 unix=1781592931086 bjt=2026-06-16T14:55:31.086+08:00 condition=E1_SPATIAL_PROGRESSIVE stage=3 first_object_index=1 progress=1.000000 object_stages=1:3|2:2|3:2|4:2
2026-06-16T14:55:31.061+08:00 MARKER sdk=1 host=1 enabled=1 sent=1 result=0 message=EVENT EXP2_OBJECT_STAGE_CHANGED trial_id=Exp2_003 rel=551.282959 unix=1781592931086 bjt=2026-06-16T14:55:31.086+08:00 condition=E1_SPATIAL_PROGRESSIVE object_index=2 previous_stage=2 new_stage=3 progress=1.000000 object_stages=1:3|2:3|3:2|4
2026-06-16T14:55:31.061+08:00 MARKER sdk=1 host=1 enabled=1 sent=1 result=0 message=EVENT EXP2_OBJECT_STAGE_CHANGED trial_id=Exp2_003 rel=551.282959 unix=1781592931086 bjt=2026-06-16T14:55:31.086+08:00 condition=E1_SPATIAL_PROGRESSIVE object_index=3 previous_stage=2 new_stage=3 progress=1.000000 object_stages=1:3|2:3|3:3|4
2026-06-16T14:55:31.062+08:00 MARKER sdk=1 host=1 enabled=1 sent=1 result=0 message=EVENT EXP2_OBJECT_STAGE_CHANGED trial_id=Exp2_003 rel=551.282959 unix=1781592931086 bjt=2026-06-16T14:55:31.086+08:00 condition=E1_SPATIAL_PROGRESSIVE object_index=4 previous_stage=2 new_stage=3 progress=1.000000 object_stages=1:3|2:3|3:3|4
2026-06-16T14:55:31.062+08:00 MARKER sdk=1 host=1 enabled=1 sent=1 result=0 message=EVENT EXP2_LOADING_COMPLETE trial_id=Exp2_003 rel=551.282959 unix=1781592931086 bjt=2026-06-16T14:55:31.086+08:00 condition=E1_SPATIAL_PROGRESSIVE
2026-06-16T14:55:33.850+08:00 MARKER sdk=1 host=1 enabled=1 sent=1 result=0 message=EVENT EXP2_PENDING_SELECTION trial_id=Exp2_003 rel=554.073181 unix=1781592933877 bjt=2026-06-16T14:55:33.876+08:00 condition=E1_SPATIAL_PROGRESSIVE selected=4 selected_content=2 changes=1
2026-06-16T14:55:35.006+08:00 MARKER sdk=1 host=1 enabled=1 sent=1 result=0 message=EVENT EXP2_SUBMIT_SELECTION trial_id=Exp2_003 rel=555.226807 unix=1781592935030 bjt=2026-06-16T14:55:35.030+08:00 condition=E1_SPATIAL_PROGRESSIVE selected=4 selected_content=2 correct=1
2026-06-16T14:55:35.007+08:00 MARKER sdk=1 host=1 enabled=1 sent=1 result=0 message=TRIAL_RESULT Exp2_003 selected=4 correct=1
2026-06-16T14:56:01.254+08:00 MARKER sdk=1 host=1 enabled=1 sent=1 result=0 message=TRIALID Exp2_004
2026-06-16T14:56:01.254+08:00 MARKER sdk=1 host=1 enabled=1 sent=1 result=0 message=EVENT EXP2_LOADING_START trial_id=Exp2_004 rel=581.476990 unix=1781592961280 bjt=2026-06-16T14:56:01.280+08:00 condition=E4_FIXED_NONPROGRESSIVE
2026-06-16T14:56:01.254+08:00 MARKER sdk=1 host=1 enabled=1 sent=1 result=0 message=TRIAL_META exp=EXP2 participant=B006 participant_output_id=B006 trial_id=Exp2_004 condition=E4_FIXED_NONPROGRESSIVE spatial_continuity=0 progressive_availability=0
2026-06-16T14:56:01.255+08:00 MARKER sdk=1 host=1 enabled=1 sent=1 result=0 message=TRIAL_META_TASK trial_id=Exp2_004 target_index=2 target_display_index=2 target_content_index=4 target_label=头顶
2026-06-16T14:56:01.255+08:00 MARKER sdk=1 host=1 enabled=1 sent=1 result=0 message=TRIAL_META_SEQUENCE trial_id=Exp2_004 slot_permutation=1:2|2:4|3:3|4:1 sequence_group=2 sequence_index=4
2026-06-16T14:56:13.242+08:00 MARKER sdk=1 host=1 enabled=1 sent=1 result=0 message=EVENT EXP2_OBJECT_STAGE_CHANGED trial_id=Exp2_004 rel=593.465759 unix=1781592973269 bjt=2026-06-16T14:56:13.269+08:00 condition=E4_FIXED_NONPROGRESSIVE object_index=1 previous_stage=0 new_stage=3 progress=1.000000 object_stages=1:3|2:0|3:0|
2026-06-16T14:56:13.243+08:00 MARKER sdk=1 host=1 enabled=1 sent=1 result=0 message=EVENT EXP2_STAGE_3_START trial_id=Exp2_004 rel=593.465759 unix=1781592973269 bjt=2026-06-16T14:56:13.269+08:00 condition=E4_FIXED_NONPROGRESSIVE stage=3 first_object_index=1 progress=1.000000 object_stages=1:3|2:0|3:0|4:0
2026-06-16T14:56:13.243+08:00 MARKER sdk=1 host=1 enabled=1 sent=1 result=0 message=EVENT EXP2_OBJECT_STAGE_CHANGED trial_id=Exp2_004 rel=593.465759 unix=1781592973269 bjt=2026-06-16T14:56:13.269+08:00 condition=E4_FIXED_NONPROGRESSIVE object_index=2 previous_stage=0 new_stage=3 progress=1.000000 object_stages=1:3|2:3|3:0|
2026-06-16T14:56:13.244+08:00 MARKER sdk=1 host=1 enabled=1 sent=1 result=0 message=EVENT EXP2_OBJECT_STAGE_CHANGED trial_id=Exp2_004 rel=593.465759 unix=1781592973269 bjt=2026-06-16T14:56:13.269+08:00 condition=E4_FIXED_NONPROGRESSIVE object_index=3 previous_stage=0 new_stage=3 progress=1.000000 object_stages=1:3|2:3|3:3|
2026-06-16T14:56:13.244+08:00 MARKER sdk=1 host=1 enabled=1 sent=1 result=0 message=EVENT EXP2_OBJECT_STAGE_CHANGED trial_id=Exp2_004 rel=593.465759 unix=1781592973269 bjt=2026-06-16T14:56:13.269+08:00 condition=E4_FIXED_NONPROGRESSIVE object_index=4 previous_stage=0 new_stage=3 progress=1.000000 object_stages=1:3|2:3|3:3|
2026-06-16T14:56:13.245+08:00 MARKER sdk=1 host=1 enabled=1 sent=1 result=0 message=EVENT EXP2_LOADING_COMPLETE trial_id=Exp2_004 rel=593.465759 unix=1781592973269 bjt=2026-06-16T14:56:13.269+08:00 condition=E4_FIXED_NONPROGRESSIVE
2026-06-16T14:56:16.052+08:00 MARKER sdk=1 host=1 enabled=1 sent=1 result=0 message=EVENT EXP2_PENDING_SELECTION trial_id=Exp2_004 rel=596.275696 unix=1781592976079 bjt=2026-06-16T14:56:16.079+08:00 condition=E4_FIXED_NONPROGRESSIVE selected=2 selected_content=4 changes=1
2026-06-16T14:56:18.055+08:00 MARKER sdk=1 host=1 enabled=1 sent=1 result=0 message=EVENT EXP2_SUBMIT_SELECTION trial_id=Exp2_004 rel=598.277832 unix=1781592978081 bjt=2026-06-16T14:56:18.081+08:00 condition=E4_FIXED_NONPROGRESSIVE selected=2 selected_content=4 correct=1
2026-06-16T14:56:18.055+08:00 MARKER sdk=1 host=1 enabled=1 sent=1 result=0 message=TRIAL_RESULT Exp2_004 selected=2 correct=1
2026-06-16T14:57:47.170+08:00 MARKER sdk=1 host=1 enabled=1 sent=1 result=0 message=EVENT EXPERIMENT_END_SCREEN_SHOWN participant=B006 output_id=B006 unix=1781593067170 bjt=2026-06-16_14:57:47.170
2026-06-16T14:57:47.171+08:00 FORMAL_RECORDING step=FINISH_REQUESTED success=1 reason=experiment_end_door edf=FM144359.EDF recording=1 opened=1
2026-06-16T14:57:47.171+08:00 MARKER sdk=1 host=1 enabled=1 sent=1 result=0 message=FORMAL_RECORDING_END participant=B006 rel=687.392 unix=1781593067171 bjt=2026-06-16T14:57:47.171+08:00 edf=FM144359.EDF source=ue_formal reason=experiment_end_door
2026-06-16T14:57:47.372+08:00 FORMAL_RECORDING step=END_MARKER_FLUSH_WAIT success=1 duration_ms=200
2026-06-16T14:57:47.478+08:00 FORMAL_RECORDING step=RECORDING_STOPPED success=1 result=0
2026-06-16T14:57:47.478+08:00 FORMAL_RECORDING step=EDF_CLOSED success=1 edf=FM144359.EDF result=0
2026-06-16T14:57:48.794+08:00 EDF_RECEIVE_ATTEMPT source_tag=formal attempt=full_path source=FM144359.EDF dest=../../../../../../Project/UE5/Gallery/Saved/ExperimentData/EDF/FM144359.EDF dest_is_path=0 result=33205644 exists=1 size=33205644
2026-06-16T14:57:48.795+08:00 FORMAL_RECORDING step=EDF_RECEIVED_TO_DPC success=1 edf=FM144359.EDF local=../../../../../../Project/UE5/Gallery/Saved/ExperimentData/EDF/FM144359.EDF result=33205644 size=33205644
2026-06-16T14:57:48.795+08:00 FORMAL_RECORDING step=FINISHED success=1 reason=experiment_end_door edf=FM144359.EDF local=../../../../../../Project/UE5/Gallery/Saved/ExperimentData/EDF/FM144359.EDF
