2026-06-16T16:17:32.663+08:00 STATUS start_ui_status sdk=connected host=not_connected log=
2026-06-16T16:22:56.845+08:00 FORMAL_RECORDING step=EDF_OPEN_REQUESTED success=1 participant=A008 edf=FM162256.EDF source=calibration_button
2026-06-16T16:22:56.845+08:00 CONNECT method=open_eyelink_connection ip=100.1.1.1
2026-06-16T16:22:56.879+08:00 CONNECT_RESULT method=open_eyelink_connection result=0 connected=1
2026-06-16T16:22:56.879+08:00 STATUS host_connected=1 sdk_available=1 note=connection_opened_high_level
2026-06-16T16:22:56.880+08:00 FORMAL_RECORDING step=HOST_CONNECTED success=1 sdk=1 host=1 source=calibration_button
2026-06-16T16:22:56.912+08:00 FORMAL_RECORDING step=EDF_OPENED success=1 edf=FM162256.EDF result=0 source=calibration_button
2026-06-16T16:22:56.958+08:00 FORMAL_EDF_MARKER sdk=1 host=1 opened=1 sent=1 message=FORMAL_EDF_OPENED participant=A008 rel=324.331 unix=1781598176958 bjt=2026-06-16T16:22:56.958+08:00 edf=FM162256.EDF source=ue_formal open_result=0 source_tag=calibration_button
2026-06-16T16:22:56.958+08:00 FORMAL_EDF_MARKER sdk=1 host=1 opened=1 sent=1 message=FORMAL_SESSION_PREPARED participant=A008 rel=324.331 unix=1781598176958 bjt=2026-06-16T16:22:56.958+08:00 edf=FM162256.EDF source=ue_formal calibration_complete=0
2026-06-16T16:22:56.958+08:00 FORMAL_EDF_MARKER sdk=1 host=1 opened=1 sent=1 message=CALIBRATION_REQUESTED participant=A008 rel=324.331 unix=1781598176958 bjt=2026-06-16T16:22:56.958+08:00 edf=FM162256.EDF source=ue_formal open_result=0
2026-06-16T16:22:56.958+08:00 CALIBRATION step=REQUESTED success=1 note=run_eyelink_tracker_setup
2026-06-16T16:22:56.958+08:00 CALIBRATION step=HOST_CONNECTED success=1 sdk=1 host=1 graphics=1
2026-06-16T16:22:56.963+08:00 CALIBRATION_DISPLAY_INIT success=1 result=0 error=
2026-06-16T16:22:56.964+08:00 CALIBRATION_DISPLAY_LIST count=2 requested_index=1 explicit=1
2026-06-16T16:22:56.964+08:00 CALIBRATION_DISPLAY index=0 name=Dell XPS 15 SDC414D Display bounds_result=0 x=0 y=0 w=1920 h=1080 mode_result=0 mode_w=1920 mode_h=1080 refresh=60
2026-06-16T16:22:56.964+08:00 CALIBRATION_DISPLAY index=1 name=Acer GR235H bounds_result=0 x=0 y=-1080 w=1920 h=1080 mode_result=0 mode_w=1920 mode_h=1080 refresh=60
2026-06-16T16:22:57.077+08:00 CALIBRATION step=GRAPHICS_INITIALIZED success=1 result=0 explicit_request=1 display_index=1 window_ptr=0000019A80502798 width=1920 height=1080 bits=32 refresh=60.00
2026-06-16T16:22:57.088+08:00 CALIBRATION step=REGISTERED_WINDOW_MOVED success=1 requested_display=1 actual_display=1 requested_x=0 requested_y=-1080 requested_w=1920 requested_h=1080 actual_x=0 actual_y=-1080 actual_w=1920 actual_h=1080
2026-06-16T16:22:57.092+08:00 FORMAL_EDF_MARKER sdk=1 host=1 opened=1 sent=1 message=CALIBRATION_SETUP_START participant=A008 rel=324.331 unix=1781598177092 bjt=2026-06-16T16:22:57.092+08:00 edf=FM162256.EDF source=ue_formal calibration_type=HV9 width=1920 height=1080
2026-06-16T16:22:57.092+08:00 CALIBRATION step=TRACKER_SETUP_BEGIN success=1 detail=call_do_tracker_setup
2026-06-16T16:24:33.733+08:00 CALIBRATION step=TRACKER_SETUP_RETURNED success=1 result=0
2026-06-16T16:24:33.733+08:00 FORMAL_EDF_MARKER sdk=1 host=1 opened=1 sent=1 message=CALIBRATION_SETUP_END participant=A008 rel=324.331 unix=1781598273733 bjt=2026-06-16T16:24:33.733+08:00 edf=FM162256.EDF source=ue_formal setup_result=0
2026-06-16T16:24:35.776+08:00 CALIBRATION step=GRAPHICS_CLOSED success=1
2026-06-16T16:24:35.776+08:00 CALIBRATION step=CALIBRATION_WINDOW_DESTROYED success=1
2026-06-16T16:24:35.776+08:00 CALIBRATION step=FINISHED success=1 result=0
2026-06-16T16:24:35.777+08:00 FORMAL_EDF_MARKER sdk=1 host=1 opened=1 sent=1 message=CALIBRATION_STATUS participant=A008 rel=324.331 unix=1781598275777 bjt=2026-06-16T16:24:35.777+08:00 edf=FM162256.EDF source=ue_formal calibration_complete=1
2026-06-16T16:24:35.777+08:00 FORMAL_CALIBRATION step=FINISHED success=1 participant=A008 edf=FM162256.EDF open_result=0
2026-06-16T16:24:35.777+08:00 STATUS start_ui_status sdk=connected host=connected log=../../../../../../Project/UE5/Gallery/Saved/ExperimentLogs/EyeLinkMarkers_20260616_161732_662.log
2026-06-16T16:24:50.153+08:00 FORMAL_RECORDING step=EDF_ALREADY_OPEN success=1 participant=A008 edf=FM162256.EDF source=start_button_preopened calibration_complete=1
2026-06-16T16:24:50.162+08:00 FORMAL_RECORDING step=RECORDING_STARTED success=1 result=0 edf=FM162256.EDF preopened=1 calibration_complete=1
2026-06-16T16:24:50.162+08:00 MARKER sdk=1 host=1 enabled=1 sent=1 result=0 message=FORMAL_RECORDING_START participant=A008 rel=338.549 unix=1781598290162 bjt=2026-06-16T16:24:50.162+08:00 edf=FM162256.EDF source=ue_formal open_result=0 record_result=0 edf_preopened=1 calibration_complete=1
2026-06-16T16:24:50.163+08:00 STATUS formal_recording_start_requested participant=A008 success=1 edf=FM162256.EDF calibration_complete=1
2026-06-16T16:24:50.163+08:00 STATUS start_ui_status sdk=connected host=connected log=../../../../../../Project/UE5/Gallery/Saved/ExperimentLogs/EyeLinkMarkers_20260616_161732_662.log
2026-06-16T16:24:50.163+08:00 MARKER sdk=1 host=1 enabled=1 sent=1 result=0 message=RECORDING_TIME_REFERENCE participant=A008 output_id=A008 rel=338.549 unix=1781598290163 bjt=2026-06-16T16:24:50.163+08:00 source=ue_session_start
2026-06-16T16:24:50.163+08:00 MARKER sdk=1 host=1 enabled=1 sent=1 result=0 message=SESSION_START participant=A008 output_id=A008 rel=338.549 unix=1781598290163 bjt=2026-06-16T16:24:50.163+08:00
2026-06-16T16:24:50.163+08:00 MARKER sdk=1 host=1 enabled=1 sent=1 result=0 message=EXPERIMENT_RUN_MODE EXP1_THEN_EXP2
2026-06-16T16:24:50.169+08:00 MARKER sdk=1 host=1 enabled=1 sent=1 result=0 message=SCREEN_RECORDING_REQUEST enabled=1 started=1 participant=A008 output_id=A008
2026-06-16T16:25:26.485+08:00 MARKER sdk=1 host=1 enabled=1 sent=1 result=0 message=TRIALID T001
2026-06-16T16:25:26.486+08:00 MARKER sdk=1 host=1 enabled=1 sent=1 result=0 message=EVENT LOADING_INTERACT trial=T001 rel=374.909 unix=1781598326523 bjt=2026-06-16T16:25:26.523+08:00
2026-06-16T16:25:26.486+08:00 MARKER sdk=1 host=1 enabled=1 sent=1 result=0 message=EVENT LOADING_START trial=T001 rel=374.909 unix=1781598326523 bjt=2026-06-16T16:25:26.523+08:00
2026-06-16T16:25:26.486+08:00 MARKER sdk=1 host=1 enabled=1 sent=1 result=0 message=TRIAL_META exp=EXP1 participant=A008 participant_output_id=A008 exhibit_id=Ex1_TEST exhibit_name=测试展品 condition=A latin_group=NA sequence_index=-1 sequence_label=NA
2026-06-16T16:25:28.471+08:00 MARKER sdk=1 host=1 enabled=1 sent=1 result=0 message=EVENT LOADING_COMPLETE trial=T001 rel=376.895 unix=1781598328509 bjt=2026-06-16T16:25:28.508+08:00
2026-06-16T16:25:30.297+08:00 MARKER sdk=1 host=1 enabled=1 sent=1 result=0 message=EVENT VIEWER_ENTER trial=T001 rel=378.718 unix=1781598330332 bjt=2026-06-16T16:25:30.331+08:00
2026-06-16T16:25:30.298+08:00 MARKER sdk=1 host=1 enabled=1 sent=1 result=0 message=EVENT QUESTION_START trial=T001 rel=378.718 unix=1781598330332 bjt=2026-06-16T16:25:30.331+08:00 q=1 total=2 correct_index=-1 correct_label=NotAnswered
2026-06-16T16:25:36.931+08:00 MARKER sdk=1 host=1 enabled=1 sent=1 result=0 message=EVENT QUESTION_SUBMIT trial=T001 rel=385.330 unix=1781598336944 bjt=2026-06-16T16:25:36.944+08:00 q=1 option=A correct_index=-1 correct_label=NotAnswered is_correct=-1
2026-06-16T16:25:36.932+08:00 MARKER sdk=1 host=1 enabled=1 sent=1 result=0 message=EVENT QUESTION_START trial=T001 rel=385.330 unix=1781598336944 bjt=2026-06-16T16:25:36.944+08:00 q=2 total=2 correct_index=-1 correct_label=NotAnswered
2026-06-16T16:25:48.662+08:00 MARKER sdk=1 host=1 enabled=1 sent=1 result=0 message=EVENT QUESTION_SUBMIT trial=T001 rel=397.070 unix=1781598348684 bjt=2026-06-16T16:25:48.683+08:00 q=2 option=A correct_index=-1 correct_label=NotAnswered is_correct=-1
2026-06-16T16:25:49.718+08:00 MARKER sdk=1 host=1 enabled=1 sent=1 result=0 message=EVENT VIEWER_EXIT trial=T001 rel=398.141 unix=1781598349755 bjt=2026-06-16T16:25:49.754+08:00
2026-06-16T16:25:49.718+08:00 MARKER sdk=1 host=1 enabled=1 sent=1 result=0 message=EVENT TRIAL_RESULT trial=T001 rel=398.141 unix=1781598349755 bjt=2026-06-16T16:25:49.754+08:00 rows=2
2026-06-16T16:26:29.489+08:00 MARKER sdk=1 host=1 enabled=1 sent=1 result=0 message=TRIALID T002
2026-06-16T16:26:29.490+08:00 MARKER sdk=1 host=1 enabled=1 sent=1 result=0 message=EVENT LOADING_INTERACT trial=T002 rel=437.913 unix=1781598389527 bjt=2026-06-16T16:26:29.526+08:00
2026-06-16T16:26:29.490+08:00 MARKER sdk=1 host=1 enabled=1 sent=1 result=0 message=EVENT LOADING_START trial=T002 rel=437.913 unix=1781598389527 bjt=2026-06-16T16:26:29.526+08:00
2026-06-16T16:26:29.491+08:00 MARKER sdk=1 host=1 enabled=1 sent=1 result=0 message=EVENT VIEWER_ENTER trial=T002 rel=437.913 unix=1781598389527 bjt=2026-06-16T16:26:29.526+08:00 mode=progressive_no_progress_bar
2026-06-16T16:26:29.491+08:00 MARKER sdk=1 host=1 enabled=1 sent=1 result=0 message=TRIAL_META exp=EXP1 participant=A008 participant_output_id=A008 exhibit_id=01 exhibit_name=半岛香炉 condition=C_MINUS latin_group=G4 sequence_index=1 sequence_label=G4_T01
2026-06-16T16:26:35.495+08:00 MARKER sdk=1 host=1 enabled=1 sent=1 result=0 message=EVENT PROGRESSIVE_USABLE trial=T002 rel=443.910 unix=1781598395524 bjt=2026-06-16T16:26:35.523+08:00
2026-06-16T16:26:35.497+08:00 MARKER sdk=1 host=1 enabled=1 sent=1 result=0 message=EVENT QUESTION_START trial=T002 rel=443.910 unix=1781598395524 bjt=2026-06-16T16:26:35.523+08:00 q=1 total=2 correct_index=1 correct_label=B
2026-06-16T16:26:39.479+08:00 MARKER sdk=1 host=1 enabled=1 sent=1 result=0 message=EVENT LOADING_COMPLETE trial=T002 rel=447.902 unix=1781598399516 bjt=2026-06-16T16:26:39.515+08:00
2026-06-16T16:26:41.107+08:00 MARKER sdk=1 host=1 enabled=1 sent=1 result=0 message=EVENT QUESTION_SUBMIT trial=T002 rel=449.515 unix=1781598401129 bjt=2026-06-16T16:26:41.128+08:00 q=1 option=B correct_index=1 correct_label=B is_correct=1
2026-06-16T16:26:41.108+08:00 MARKER sdk=1 host=1 enabled=1 sent=1 result=0 message=EVENT QUESTION_START trial=T002 rel=449.515 unix=1781598401129 bjt=2026-06-16T16:26:41.128+08:00 q=2 total=2 correct_index=1 correct_label=B
2026-06-16T16:26:45.988+08:00 MARKER sdk=1 host=1 enabled=1 sent=1 result=0 message=EVENT QUESTION_SUBMIT trial=T002 rel=454.396 unix=1781598406010 bjt=2026-06-16T16:26:46.009+08:00 q=2 option=A correct_index=1 correct_label=B is_correct=0
2026-06-16T16:26:47.970+08:00 MARKER sdk=1 host=1 enabled=1 sent=1 result=0 message=EVENT VIEWER_EXIT trial=T002 rel=456.393 unix=1781598408007 bjt=2026-06-16T16:26:48.006+08:00
2026-06-16T16:26:47.970+08:00 MARKER sdk=1 host=1 enabled=1 sent=1 result=0 message=EVENT TRIAL_RESULT trial=T002 rel=456.393 unix=1781598408007 bjt=2026-06-16T16:26:48.006+08:00 rows=2
2026-06-16T16:28:32.069+08:00 MARKER sdk=1 host=1 enabled=1 sent=1 result=0 message=TRIALID T003
2026-06-16T16:28:32.070+08:00 MARKER sdk=1 host=1 enabled=1 sent=1 result=0 message=EVENT LOADING_INTERACT trial=T003 rel=560.493 unix=1781598512107 bjt=2026-06-16T16:28:32.107+08:00
2026-06-16T16:28:32.070+08:00 MARKER sdk=1 host=1 enabled=1 sent=1 result=0 message=EVENT LOADING_START trial=T003 rel=560.493 unix=1781598512107 bjt=2026-06-16T16:28:32.107+08:00
2026-06-16T16:28:32.070+08:00 MARKER sdk=1 host=1 enabled=1 sent=1 result=0 message=EVENT VIEWER_ENTER trial=T003 rel=560.493 unix=1781598512107 bjt=2026-06-16T16:28:32.107+08:00 mode=progressive
2026-06-16T16:28:32.070+08:00 MARKER sdk=1 host=1 enabled=1 sent=1 result=0 message=TRIAL_META exp=EXP1 participant=A008 participant_output_id=A008 exhibit_id=02 exhibit_name=中国青铜器 condition=C latin_group=G4 sequence_index=2 sequence_label=G4_T02
2026-06-16T16:28:38.060+08:00 MARKER sdk=1 host=1 enabled=1 sent=1 result=0 message=EVENT PROGRESSIVE_USABLE trial=T003 rel=566.481 unix=1781598518095 bjt=2026-06-16T16:28:38.094+08:00
2026-06-16T16:28:38.062+08:00 MARKER sdk=1 host=1 enabled=1 sent=1 result=0 message=EVENT QUESTION_START trial=T003 rel=566.481 unix=1781598518095 bjt=2026-06-16T16:28:38.094+08:00 q=1 total=2 correct_index=1 correct_label=B
2026-06-16T16:28:42.059+08:00 MARKER sdk=1 host=1 enabled=1 sent=1 result=0 message=EVENT LOADING_COMPLETE trial=T003 rel=570.480 unix=1781598522094 bjt=2026-06-16T16:28:42.094+08:00
2026-06-16T16:28:43.436+08:00 MARKER sdk=1 host=1 enabled=1 sent=1 result=0 message=EVENT QUESTION_SUBMIT trial=T003 rel=571.843 unix=1781598523457 bjt=2026-06-16T16:28:43.456+08:00 q=1 option=B correct_index=1 correct_label=B is_correct=1
2026-06-16T16:28:43.437+08:00 MARKER sdk=1 host=1 enabled=1 sent=1 result=0 message=EVENT QUESTION_START trial=T003 rel=571.843 unix=1781598523457 bjt=2026-06-16T16:28:43.456+08:00 q=2 total=2 correct_index=1 correct_label=B
2026-06-16T16:28:57.418+08:00 MARKER sdk=1 host=1 enabled=1 sent=1 result=0 message=EVENT QUESTION_SUBMIT trial=T003 rel=585.826 unix=1781598537440 bjt=2026-06-16T16:28:57.439+08:00 q=2 option=B correct_index=1 correct_label=B is_correct=1
2026-06-16T16:28:59.104+08:00 MARKER sdk=1 host=1 enabled=1 sent=1 result=0 message=EVENT VIEWER_EXIT trial=T003 rel=587.527 unix=1781598539141 bjt=2026-06-16T16:28:59.140+08:00
2026-06-16T16:28:59.104+08:00 MARKER sdk=1 host=1 enabled=1 sent=1 result=0 message=EVENT TRIAL_RESULT trial=T003 rel=587.527 unix=1781598539141 bjt=2026-06-16T16:28:59.140+08:00 rows=2
2026-06-16T16:30:14.184+08:00 MARKER sdk=1 host=1 enabled=1 sent=1 result=0 message=TRIALID T004
2026-06-16T16:30:14.185+08:00 MARKER sdk=1 host=1 enabled=1 sent=1 result=0 message=EVENT LOADING_INTERACT trial=T004 rel=662.608 unix=1781598614222 bjt=2026-06-16T16:30:14.221+08:00
2026-06-16T16:30:14.185+08:00 MARKER sdk=1 host=1 enabled=1 sent=1 result=0 message=EVENT LOADING_START trial=T004 rel=662.608 unix=1781598614222 bjt=2026-06-16T16:30:14.221+08:00
2026-06-16T16:30:14.185+08:00 MARKER sdk=1 host=1 enabled=1 sent=1 result=0 message=TRIAL_META exp=EXP1 participant=A008 participant_output_id=A008 exhibit_id=03 exhibit_name=希腊陶具 condition=A latin_group=G4 sequence_index=3 sequence_label=G4_T03
2026-06-16T16:30:24.182+08:00 MARKER sdk=1 host=1 enabled=1 sent=1 result=0 message=EVENT LOADING_COMPLETE trial=T004 rel=672.606 unix=1781598624219 bjt=2026-06-16T16:30:24.219+08:00
2026-06-16T16:30:28.495+08:00 MARKER sdk=1 host=1 enabled=1 sent=1 result=0 message=EVENT VIEWER_ENTER trial=T004 rel=676.918 unix=1781598628532 bjt=2026-06-16T16:30:28.531+08:00
2026-06-16T16:30:28.496+08:00 MARKER sdk=1 host=1 enabled=1 sent=1 result=0 message=EVENT QUESTION_START trial=T004 rel=676.918 unix=1781598628532 bjt=2026-06-16T16:30:28.531+08:00 q=1 total=2 correct_index=0 correct_label=A
2026-06-16T16:30:33.143+08:00 MARKER sdk=1 host=1 enabled=1 sent=1 result=0 message=EVENT QUESTION_SUBMIT trial=T004 rel=681.551 unix=1781598633165 bjt=2026-06-16T16:30:33.164+08:00 q=1 option=A correct_index=0 correct_label=A is_correct=1
2026-06-16T16:30:33.144+08:00 MARKER sdk=1 host=1 enabled=1 sent=1 result=0 message=EVENT QUESTION_START trial=T004 rel=681.551 unix=1781598633165 bjt=2026-06-16T16:30:33.164+08:00 q=2 total=2 correct_index=2 correct_label=C
2026-06-16T16:30:35.285+08:00 MARKER sdk=1 host=1 enabled=1 sent=1 result=0 message=EVENT QUESTION_SUBMIT trial=T004 rel=683.690 unix=1781598635304 bjt=2026-06-16T16:30:35.303+08:00 q=2 option=C correct_index=2 correct_label=C is_correct=1
2026-06-16T16:30:37.693+08:00 MARKER sdk=1 host=1 enabled=1 sent=1 result=0 message=EVENT VIEWER_EXIT trial=T004 rel=686.116 unix=1781598637730 bjt=2026-06-16T16:30:37.729+08:00
2026-06-16T16:30:37.693+08:00 MARKER sdk=1 host=1 enabled=1 sent=1 result=0 message=EVENT TRIAL_RESULT trial=T004 rel=686.116 unix=1781598637730 bjt=2026-06-16T16:30:37.729+08:00 rows=2
2026-06-16T16:32:56.790+08:00 MARKER sdk=1 host=1 enabled=1 sent=1 result=0 message=TRIALID T005
2026-06-16T16:32:56.790+08:00 MARKER sdk=1 host=1 enabled=1 sent=1 result=0 message=EVENT LOADING_INTERACT trial=T005 rel=825.213 unix=1781598776827 bjt=2026-06-16T16:32:56.827+08:00
2026-06-16T16:32:56.791+08:00 MARKER sdk=1 host=1 enabled=1 sent=1 result=0 message=EVENT LOADING_START trial=T005 rel=825.213 unix=1781598776827 bjt=2026-06-16T16:32:56.827+08:00
2026-06-16T16:32:56.791+08:00 MARKER sdk=1 host=1 enabled=1 sent=1 result=0 message=TRIAL_META exp=EXP1 participant=A008 participant_output_id=A008 exhibit_id=04 exhibit_name=中国花瓶 condition=A_PLUS latin_group=G4 sequence_index=4 sequence_label=G4_T04
2026-06-16T16:33:06.782+08:00 MARKER sdk=1 host=1 enabled=1 sent=1 result=0 message=EVENT LOADING_COMPLETE trial=T005 rel=835.206 unix=1781598786820 bjt=2026-06-16T16:33:06.819+08:00
2026-06-16T16:33:09.009+08:00 MARKER sdk=1 host=1 enabled=1 sent=1 result=0 message=EVENT VIEWER_ENTER trial=T005 rel=837.432 unix=1781598789046 bjt=2026-06-16T16:33:09.045+08:00
2026-06-16T16:33:09.009+08:00 MARKER sdk=1 host=1 enabled=1 sent=1 result=0 message=EVENT QUESTION_START trial=T005 rel=837.432 unix=1781598789046 bjt=2026-06-16T16:33:09.045+08:00 q=1 total=2 correct_index=2 correct_label=C
2026-06-16T16:33:12.850+08:00 MARKER sdk=1 host=1 enabled=1 sent=1 result=0 message=EVENT QUESTION_SUBMIT trial=T005 rel=841.258 unix=1781598792872 bjt=2026-06-16T16:33:12.872+08:00 q=1 option=C correct_index=2 correct_label=C is_correct=1
2026-06-16T16:33:12.851+08:00 MARKER sdk=1 host=1 enabled=1 sent=1 result=0 message=EVENT QUESTION_START trial=T005 rel=841.258 unix=1781598792872 bjt=2026-06-16T16:33:12.872+08:00 q=2 total=2 correct_index=3 correct_label=D
2026-06-16T16:33:15.755+08:00 MARKER sdk=1 host=1 enabled=1 sent=1 result=0 message=EVENT QUESTION_SUBMIT trial=T005 rel=844.163 unix=1781598795776 bjt=2026-06-16T16:33:15.776+08:00 q=2 option=D correct_index=3 correct_label=D is_correct=1
2026-06-16T16:33:17.280+08:00 MARKER sdk=1 host=1 enabled=1 sent=1 result=0 message=EVENT VIEWER_EXIT trial=T005 rel=845.704 unix=1781598797318 bjt=2026-06-16T16:33:17.317+08:00
2026-06-16T16:33:17.281+08:00 MARKER sdk=1 host=1 enabled=1 sent=1 result=0 message=EVENT TRIAL_RESULT trial=T005 rel=845.704 unix=1781598797318 bjt=2026-06-16T16:33:17.317+08:00 rows=2
2026-06-16T16:34:30.191+08:00 MARKER sdk=1 host=1 enabled=1 sent=1 result=0 message=TRIALID T006
2026-06-16T16:34:30.192+08:00 MARKER sdk=1 host=1 enabled=1 sent=1 result=0 message=EVENT LOADING_INTERACT trial=T006 rel=918.615 unix=1781598870229 bjt=2026-06-16T16:34:30.228+08:00
2026-06-16T16:34:30.192+08:00 MARKER sdk=1 host=1 enabled=1 sent=1 result=0 message=EVENT LOADING_START trial=T006 rel=918.615 unix=1781598870229 bjt=2026-06-16T16:34:30.228+08:00
2026-06-16T16:34:30.192+08:00 MARKER sdk=1 host=1 enabled=1 sent=1 result=0 message=TRIAL_META exp=EXP1 participant=A008 participant_output_id=A008 exhibit_id=05 exhibit_name=雅典双耳罐 condition=B latin_group=G4 sequence_index=5 sequence_label=G4_T05
2026-06-16T16:34:40.181+08:00 MARKER sdk=1 host=1 enabled=1 sent=1 result=0 message=EVENT LOADING_COMPLETE trial=T006 rel=928.604 unix=1781598880218 bjt=2026-06-16T16:34:40.218+08:00
2026-06-16T16:34:41.890+08:00 MARKER sdk=1 host=1 enabled=1 sent=1 result=0 message=EVENT VIEWER_ENTER trial=T006 rel=930.312 unix=1781598881926 bjt=2026-06-16T16:34:41.926+08:00
2026-06-16T16:34:41.890+08:00 MARKER sdk=1 host=1 enabled=1 sent=1 result=0 message=EVENT QUESTION_START trial=T006 rel=930.312 unix=1781598881926 bjt=2026-06-16T16:34:41.926+08:00 q=1 total=2 correct_index=0 correct_label=A
2026-06-16T16:34:51.503+08:00 MARKER sdk=1 host=1 enabled=1 sent=1 result=0 message=EVENT QUESTION_SUBMIT trial=T006 rel=939.907 unix=1781598891520 bjt=2026-06-16T16:34:51.520+08:00 q=1 option=A correct_index=0 correct_label=A is_correct=1
2026-06-16T16:34:51.504+08:00 MARKER sdk=1 host=1 enabled=1 sent=1 result=0 message=EVENT QUESTION_START trial=T006 rel=939.907 unix=1781598891520 bjt=2026-06-16T16:34:51.520+08:00 q=2 total=2 correct_index=2 correct_label=C
2026-06-16T16:34:54.246+08:00 MARKER sdk=1 host=1 enabled=1 sent=1 result=0 message=EVENT QUESTION_SUBMIT trial=T006 rel=942.649 unix=1781598894263 bjt=2026-06-16T16:34:54.262+08:00 q=2 option=C correct_index=2 correct_label=C is_correct=1
2026-06-16T16:34:55.108+08:00 MARKER sdk=1 host=1 enabled=1 sent=1 result=0 message=EVENT VIEWER_EXIT trial=T006 rel=943.531 unix=1781598895145 bjt=2026-06-16T16:34:55.145+08:00
2026-06-16T16:34:55.108+08:00 MARKER sdk=1 host=1 enabled=1 sent=1 result=0 message=EVENT TRIAL_RESULT trial=T006 rel=943.531 unix=1781598895145 bjt=2026-06-16T16:34:55.145+08:00 rows=2
2026-06-16T16:43:37.423+08:00 MARKER sdk=1 host=1 enabled=1 sent=1 result=0 message=TRIALID Exp2_001
2026-06-16T16:43:37.424+08:00 MARKER sdk=1 host=1 enabled=1 sent=1 result=0 message=EVENT EXP2_LOADING_START trial_id=Exp2_001 rel=1465.844482 unix=1781599417458 bjt=2026-06-16T16:43:37.458+08:00 condition=E3_SPATIAL_NONPROGRESSIVE
2026-06-16T16:43:37.424+08:00 MARKER sdk=1 host=1 enabled=1 sent=1 result=0 message=TRIAL_META exp=EXP2 participant=A008 participant_output_id=A008 trial_id=Exp2_001 condition=E3_SPATIAL_NONPROGRESSIVE spatial_continuity=1 progressive_availability=0
2026-06-16T16:43:37.425+08:00 MARKER sdk=1 host=1 enabled=1 sent=1 result=0 message=TRIAL_META_TASK trial_id=Exp2_001 target_index=2 target_display_index=2 target_content_index=1 target_label=左脸
2026-06-16T16:43:37.425+08:00 MARKER sdk=1 host=1 enabled=1 sent=1 result=0 message=TRIAL_META_SEQUENCE trial_id=Exp2_001 slot_permutation=1:4|2:1|3:2|4:3 sequence_group=3 sequence_index=1
2026-06-16T16:43:49.413+08:00 MARKER sdk=1 host=1 enabled=1 sent=1 result=0 message=EVENT EXP2_OBJECT_STAGE_CHANGED trial_id=Exp2_001 rel=1477.835327 unix=1781599429449 bjt=2026-06-16T16:43:49.449+08:00 condition=E3_SPATIAL_NONPROGRESSIVE object_index=1 previous_stage=0 new_stage=3 progress=1.000000 object_stages=1:3|2:0|3
2026-06-16T16:43:49.414+08:00 MARKER sdk=1 host=1 enabled=1 sent=1 result=0 message=EVENT EXP2_STAGE_3_START trial_id=Exp2_001 rel=1477.835327 unix=1781599429449 bjt=2026-06-16T16:43:49.449+08:00 condition=E3_SPATIAL_NONPROGRESSIVE stage=3 first_object_index=1 progress=1.000000 object_stages=1:3|2:0|3:0|4:0
2026-06-16T16:43:49.415+08:00 MARKER sdk=1 host=1 enabled=1 sent=1 result=0 message=EVENT EXP2_OBJECT_STAGE_CHANGED trial_id=Exp2_001 rel=1477.835327 unix=1781599429449 bjt=2026-06-16T16:43:49.449+08:00 condition=E3_SPATIAL_NONPROGRESSIVE object_index=2 previous_stage=0 new_stage=3 progress=1.000000 object_stages=1:3|2:3|3
2026-06-16T16:43:49.416+08:00 MARKER sdk=1 host=1 enabled=1 sent=1 result=0 message=EVENT EXP2_OBJECT_STAGE_CHANGED trial_id=Exp2_001 rel=1477.835327 unix=1781599429449 bjt=2026-06-16T16:43:49.449+08:00 condition=E3_SPATIAL_NONPROGRESSIVE object_index=3 previous_stage=0 new_stage=3 progress=1.000000 object_stages=1:3|2:3|3
2026-06-16T16:43:49.418+08:00 MARKER sdk=1 host=1 enabled=1 sent=1 result=0 message=EVENT EXP2_OBJECT_STAGE_CHANGED trial_id=Exp2_001 rel=1477.835327 unix=1781599429449 bjt=2026-06-16T16:43:49.449+08:00 condition=E3_SPATIAL_NONPROGRESSIVE object_index=4 previous_stage=0 new_stage=3 progress=1.000000 object_stages=1:3|2:3|3
2026-06-16T16:43:49.418+08:00 MARKER sdk=1 host=1 enabled=1 sent=1 result=0 message=EVENT EXP2_LOADING_COMPLETE trial_id=Exp2_001 rel=1477.835327 unix=1781599429449 bjt=2026-06-16T16:43:49.449+08:00 condition=E3_SPATIAL_NONPROGRESSIVE
2026-06-16T16:43:58.646+08:00 MARKER sdk=1 host=1 enabled=1 sent=1 result=0 message=EVENT EXP2_PENDING_SELECTION trial_id=Exp2_001 rel=1487.069580 unix=1781599438684 bjt=2026-06-16T16:43:58.683+08:00 condition=E3_SPATIAL_NONPROGRESSIVE selected=3 selected_content=2 changes=1
2026-06-16T16:44:07.461+08:00 MARKER sdk=1 host=1 enabled=1 sent=1 result=0 message=EVENT EXP2_PENDING_SELECTION trial_id=Exp2_001 rel=1495.885132 unix=1781599447499 bjt=2026-06-16T16:44:07.499+08:00 condition=E3_SPATIAL_NONPROGRESSIVE selected=2 selected_content=1 changes=2
2026-06-16T16:44:15.711+08:00 MARKER sdk=1 host=1 enabled=1 sent=1 result=0 message=EVENT EXP2_SUBMIT_SELECTION trial_id=Exp2_001 rel=1504.134644 unix=1781599455749 bjt=2026-06-16T16:44:15.748+08:00 condition=E3_SPATIAL_NONPROGRESSIVE selected=2 selected_content=1 correct=1
2026-06-16T16:44:15.712+08:00 MARKER sdk=1 host=1 enabled=1 sent=1 result=0 message=TRIAL_RESULT Exp2_001 selected=2 correct=1
2026-06-16T16:45:41.848+08:00 MARKER sdk=1 host=1 enabled=1 sent=1 result=0 message=TRIALID Exp2_002
2026-06-16T16:45:41.848+08:00 MARKER sdk=1 host=1 enabled=1 sent=1 result=0 message=EVENT EXP2_LOADING_START trial_id=Exp2_002 rel=1590.226807 unix=1781599541841 bjt=2026-06-16T16:45:41.840+08:00 condition=E4_FIXED_NONPROGRESSIVE
2026-06-16T16:45:41.848+08:00 MARKER sdk=1 host=1 enabled=1 sent=1 result=0 message=TRIAL_META exp=EXP2 participant=A008 participant_output_id=A008 trial_id=Exp2_002 condition=E4_FIXED_NONPROGRESSIVE spatial_continuity=0 progressive_availability=0
2026-06-16T16:45:41.849+08:00 MARKER sdk=1 host=1 enabled=1 sent=1 result=0 message=TRIAL_META_TASK trial_id=Exp2_002 target_index=1 target_display_index=1 target_content_index=2 target_label=右脸
2026-06-16T16:45:41.849+08:00 MARKER sdk=1 host=1 enabled=1 sent=1 result=0 message=TRIAL_META_SEQUENCE trial_id=Exp2_002 slot_permutation=1:2|2:1|3:3|4:4 sequence_group=3 sequence_index=2
2026-06-16T16:45:53.833+08:00 MARKER sdk=1 host=1 enabled=1 sent=1 result=0 message=EVENT EXP2_OBJECT_STAGE_CHANGED trial_id=Exp2_002 rel=1602.212036 unix=1781599553826 bjt=2026-06-16T16:45:53.826+08:00 condition=E4_FIXED_NONPROGRESSIVE object_index=1 previous_stage=0 new_stage=3 progress=1.000000 object_stages=1:3|2:0|3:0
2026-06-16T16:45:53.833+08:00 MARKER sdk=1 host=1 enabled=1 sent=1 result=0 message=EVENT EXP2_STAGE_3_START trial_id=Exp2_002 rel=1602.212036 unix=1781599553826 bjt=2026-06-16T16:45:53.826+08:00 condition=E4_FIXED_NONPROGRESSIVE stage=3 first_object_index=1 progress=1.000000 object_stages=1:3|2:0|3:0|4:0
2026-06-16T16:45:53.834+08:00 MARKER sdk=1 host=1 enabled=1 sent=1 result=0 message=EVENT EXP2_OBJECT_STAGE_CHANGED trial_id=Exp2_002 rel=1602.212036 unix=1781599553826 bjt=2026-06-16T16:45:53.826+08:00 condition=E4_FIXED_NONPROGRESSIVE object_index=2 previous_stage=0 new_stage=3 progress=1.000000 object_stages=1:3|2:3|3:0
2026-06-16T16:45:53.835+08:00 MARKER sdk=1 host=1 enabled=1 sent=1 result=0 message=EVENT EXP2_OBJECT_STAGE_CHANGED trial_id=Exp2_002 rel=1602.212036 unix=1781599553826 bjt=2026-06-16T16:45:53.826+08:00 condition=E4_FIXED_NONPROGRESSIVE object_index=3 previous_stage=0 new_stage=3 progress=1.000000 object_stages=1:3|2:3|3:3
2026-06-16T16:45:53.835+08:00 MARKER sdk=1 host=1 enabled=1 sent=1 result=0 message=EVENT EXP2_OBJECT_STAGE_CHANGED trial_id=Exp2_002 rel=1602.212036 unix=1781599553826 bjt=2026-06-16T16:45:53.826+08:00 condition=E4_FIXED_NONPROGRESSIVE object_index=4 previous_stage=0 new_stage=3 progress=1.000000 object_stages=1:3|2:3|3:3
2026-06-16T16:45:53.835+08:00 MARKER sdk=1 host=1 enabled=1 sent=1 result=0 message=EVENT EXP2_LOADING_COMPLETE trial_id=Exp2_002 rel=1602.212036 unix=1781599553826 bjt=2026-06-16T16:45:53.826+08:00 condition=E4_FIXED_NONPROGRESSIVE
2026-06-16T16:46:08.867+08:00 MARKER sdk=1 host=1 enabled=1 sent=1 result=0 message=EVENT EXP2_PENDING_SELECTION trial_id=Exp2_002 rel=1617.246826 unix=1781599568861 bjt=2026-06-16T16:46:08.860+08:00 condition=E4_FIXED_NONPROGRESSIVE selected=1 selected_content=2 changes=1
2026-06-16T16:46:13.330+08:00 MARKER sdk=1 host=1 enabled=1 sent=1 result=0 message=EVENT EXP2_SUBMIT_SELECTION trial_id=Exp2_002 rel=1621.708008 unix=1781599573322 bjt=2026-06-16T16:46:13.321+08:00 condition=E4_FIXED_NONPROGRESSIVE selected=1 selected_content=2 correct=1
2026-06-16T16:46:13.331+08:00 MARKER sdk=1 host=1 enabled=1 sent=1 result=0 message=TRIAL_RESULT Exp2_002 selected=1 correct=1
2026-06-16T16:47:20.239+08:00 MARKER sdk=1 host=1 enabled=1 sent=1 result=0 message=TRIALID Exp2_003
2026-06-16T16:47:20.240+08:00 MARKER sdk=1 host=1 enabled=1 sent=1 result=0 message=EVENT EXP2_LOADING_START trial_id=Exp2_003 rel=1688.617188 unix=1781599640231 bjt=2026-06-16T16:47:20.231+08:00 condition=E2_FIXED_PROGRESSIVE
2026-06-16T16:47:20.240+08:00 MARKER sdk=1 host=1 enabled=1 sent=1 result=0 message=TRIAL_META exp=EXP2 participant=A008 participant_output_id=A008 trial_id=Exp2_003 condition=E2_FIXED_PROGRESSIVE spatial_continuity=0 progressive_availability=1
2026-06-16T16:47:20.240+08:00 MARKER sdk=1 host=1 enabled=1 sent=1 result=0 message=TRIAL_META_TASK trial_id=Exp2_003 target_index=4 target_display_index=4 target_content_index=3 target_label=脖子
2026-06-16T16:47:20.240+08:00 MARKER sdk=1 host=1 enabled=1 sent=1 result=0 message=TRIAL_META_SEQUENCE trial_id=Exp2_003 slot_permutation=1:2|2:4|3:1|4:3 sequence_group=3 sequence_index=3
2026-06-16T16:47:24.219+08:00 MARKER sdk=1 host=1 enabled=1 sent=1 result=0 message=EVENT EXP2_OBJECT_STAGE_CHANGED trial_id=Exp2_003 rel=1692.598633 unix=1781599644213 bjt=2026-06-16T16:47:24.212+08:00 condition=E2_FIXED_PROGRESSIVE object_index=1 previous_stage=0 new_stage=1 progress=0.334110 object_stages=1:1|2:0|3:0|4:
2026-06-16T16:47:24.220+08:00 MARKER sdk=1 host=1 enabled=1 sent=1 result=0 message=EVENT EXP2_STAGE_1_START trial_id=Exp2_003 rel=1692.598633 unix=1781599644213 bjt=2026-06-16T16:47:24.212+08:00 condition=E2_FIXED_PROGRESSIVE stage=1 first_object_index=1 progress=0.334110 object_stages=1:1|2:0|3:0|4:0
2026-06-16T16:47:24.220+08:00 MARKER sdk=1 host=1 enabled=1 sent=1 result=0 message=EVENT EXP2_OBJECT_STAGE_CHANGED trial_id=Exp2_003 rel=1692.598633 unix=1781599644213 bjt=2026-06-16T16:47:24.212+08:00 condition=E2_FIXED_PROGRESSIVE object_index=2 previous_stage=0 new_stage=1 progress=0.334110 object_stages=1:1|2:1|3:0|4:
2026-06-16T16:47:24.221+08:00 MARKER sdk=1 host=1 enabled=1 sent=1 result=0 message=EVENT EXP2_OBJECT_STAGE_CHANGED trial_id=Exp2_003 rel=1692.598633 unix=1781599644213 bjt=2026-06-16T16:47:24.212+08:00 condition=E2_FIXED_PROGRESSIVE object_index=3 previous_stage=0 new_stage=1 progress=0.334110 object_stages=1:1|2:1|3:1|4:
2026-06-16T16:47:24.221+08:00 MARKER sdk=1 host=1 enabled=1 sent=1 result=0 message=EVENT EXP2_OBJECT_STAGE_CHANGED trial_id=Exp2_003 rel=1692.598633 unix=1781599644213 bjt=2026-06-16T16:47:24.212+08:00 condition=E2_FIXED_PROGRESSIVE object_index=4 previous_stage=0 new_stage=1 progress=0.334110 object_stages=1:1|2:1|3:1|4:
2026-06-16T16:47:26.212+08:00 MARKER sdk=1 host=1 enabled=1 sent=1 result=0 message=EVENT EXP2_OBJECT_STAGE_CHANGED trial_id=Exp2_003 rel=1694.591675 unix=1781599646206 bjt=2026-06-16T16:47:26.205+08:00 condition=E2_FIXED_PROGRESSIVE object_index=1 previous_stage=1 new_stage=2 progress=0.500193 object_stages=1:2|2:1|3:1|4:
2026-06-16T16:47:26.212+08:00 MARKER sdk=1 host=1 enabled=1 sent=1 result=0 message=EVENT EXP2_STAGE_2_START trial_id=Exp2_003 rel=1694.591675 unix=1781599646206 bjt=2026-06-16T16:47:26.205+08:00 condition=E2_FIXED_PROGRESSIVE stage=2 first_object_index=1 progress=0.500193 object_stages=1:2|2:1|3:1|4:1
2026-06-16T16:47:26.213+08:00 MARKER sdk=1 host=1 enabled=1 sent=1 result=0 message=EVENT EXP2_OBJECT_STAGE_CHANGED trial_id=Exp2_003 rel=1694.591675 unix=1781599646206 bjt=2026-06-16T16:47:26.205+08:00 condition=E2_FIXED_PROGRESSIVE object_index=2 previous_stage=1 new_stage=2 progress=0.500193 object_stages=1:2|2:2|3:1|4:
2026-06-16T16:47:26.213+08:00 MARKER sdk=1 host=1 enabled=1 sent=1 result=0 message=EVENT EXP2_OBJECT_STAGE_CHANGED trial_id=Exp2_003 rel=1694.591675 unix=1781599646206 bjt=2026-06-16T16:47:26.205+08:00 condition=E2_FIXED_PROGRESSIVE object_index=3 previous_stage=1 new_stage=2 progress=0.500193 object_stages=1:2|2:2|3:2|4:
2026-06-16T16:47:26.213+08:00 MARKER sdk=1 host=1 enabled=1 sent=1 result=0 message=EVENT EXP2_OBJECT_STAGE_CHANGED trial_id=Exp2_003 rel=1694.591675 unix=1781599646206 bjt=2026-06-16T16:47:26.205+08:00 condition=E2_FIXED_PROGRESSIVE object_index=4 previous_stage=1 new_stage=2 progress=0.500193 object_stages=1:2|2:2|3:2|4:
2026-06-16T16:47:26.214+08:00 MARKER sdk=1 host=1 enabled=1 sent=1 result=0 message=EVENT EXP2_PROGRESSIVE_USABLE trial_id=Exp2_003 rel=1694.591675 unix=1781599646206 bjt=2026-06-16T16:47:26.205+08:00 condition=E2_FIXED_PROGRESSIVE target_display_index=4 target_content_index=3 target_label=脖子 stage=2 progress=0.500193
2026-06-16T16:47:32.222+08:00 MARKER sdk=1 host=1 enabled=1 sent=1 result=0 message=EVENT EXP2_OBJECT_STAGE_CHANGED trial_id=Exp2_003 rel=1700.601074 unix=1781599652215 bjt=2026-06-16T16:47:32.214+08:00 condition=E2_FIXED_PROGRESSIVE object_index=1 previous_stage=2 new_stage=3 progress=1.000000 object_stages=1:3|2:2|3:2|4:
2026-06-16T16:47:32.222+08:00 MARKER sdk=1 host=1 enabled=1 sent=1 result=0 message=EVENT EXP2_STAGE_3_START trial_id=Exp2_003 rel=1700.601074 unix=1781599652215 bjt=2026-06-16T16:47:32.214+08:00 condition=E2_FIXED_PROGRESSIVE stage=3 first_object_index=1 progress=1.000000 object_stages=1:3|2:2|3:2|4:2
2026-06-16T16:47:32.223+08:00 MARKER sdk=1 host=1 enabled=1 sent=1 result=0 message=EVENT EXP2_OBJECT_STAGE_CHANGED trial_id=Exp2_003 rel=1700.601074 unix=1781599652215 bjt=2026-06-16T16:47:32.214+08:00 condition=E2_FIXED_PROGRESSIVE object_index=2 previous_stage=2 new_stage=3 progress=1.000000 object_stages=1:3|2:3|3:2|4:
2026-06-16T16:47:32.223+08:00 MARKER sdk=1 host=1 enabled=1 sent=1 result=0 message=EVENT EXP2_OBJECT_STAGE_CHANGED trial_id=Exp2_003 rel=1700.601074 unix=1781599652215 bjt=2026-06-16T16:47:32.214+08:00 condition=E2_FIXED_PROGRESSIVE object_index=3 previous_stage=2 new_stage=3 progress=1.000000 object_stages=1:3|2:3|3:3|4:
2026-06-16T16:47:32.224+08:00 MARKER sdk=1 host=1 enabled=1 sent=1 result=0 message=EVENT EXP2_OBJECT_STAGE_CHANGED trial_id=Exp2_003 rel=1700.601074 unix=1781599652215 bjt=2026-06-16T16:47:32.214+08:00 condition=E2_FIXED_PROGRESSIVE object_index=4 previous_stage=2 new_stage=3 progress=1.000000 object_stages=1:3|2:3|3:3|4:
2026-06-16T16:47:32.224+08:00 MARKER sdk=1 host=1 enabled=1 sent=1 result=0 message=EVENT EXP2_LOADING_COMPLETE trial_id=Exp2_003 rel=1700.601074 unix=1781599652215 bjt=2026-06-16T16:47:32.214+08:00 condition=E2_FIXED_PROGRESSIVE
2026-06-16T16:47:33.627+08:00 MARKER sdk=1 host=1 enabled=1 sent=1 result=0 message=EVENT EXP2_PENDING_SELECTION trial_id=Exp2_003 rel=1702.006592 unix=1781599653621 bjt=2026-06-16T16:47:33.620+08:00 condition=E2_FIXED_PROGRESSIVE selected=4 selected_content=3 changes=1
2026-06-16T16:47:37.269+08:00 MARKER sdk=1 host=1 enabled=1 sent=1 result=0 message=EVENT EXP2_SUBMIT_SELECTION trial_id=Exp2_003 rel=1705.649048 unix=1781599657263 bjt=2026-06-16T16:47:37.263+08:00 condition=E2_FIXED_PROGRESSIVE selected=4 selected_content=3 correct=1
2026-06-16T16:47:37.270+08:00 MARKER sdk=1 host=1 enabled=1 sent=1 result=0 message=TRIAL_RESULT Exp2_003 selected=4 correct=1
2026-06-16T16:48:49.573+08:00 MARKER sdk=1 host=1 enabled=1 sent=1 result=0 message=TRIALID Exp2_004
2026-06-16T16:48:49.574+08:00 MARKER sdk=1 host=1 enabled=1 sent=1 result=0 message=EVENT EXP2_LOADING_START trial_id=Exp2_004 rel=1777.952271 unix=1781599729566 bjt=2026-06-16T16:48:49.566+08:00 condition=E1_SPATIAL_PROGRESSIVE
2026-06-16T16:48:49.574+08:00 MARKER sdk=1 host=1 enabled=1 sent=1 result=0 message=TRIAL_META exp=EXP2 participant=A008 participant_output_id=A008 trial_id=Exp2_004 condition=E1_SPATIAL_PROGRESSIVE spatial_continuity=1 progressive_availability=1
2026-06-16T16:48:49.574+08:00 MARKER sdk=1 host=1 enabled=1 sent=1 result=0 message=TRIAL_META_TASK trial_id=Exp2_004 target_index=3 target_display_index=3 target_content_index=4 target_label=头顶
2026-06-16T16:48:49.574+08:00 MARKER sdk=1 host=1 enabled=1 sent=1 result=0 message=TRIAL_META_SEQUENCE trial_id=Exp2_004 slot_permutation=1:3|2:1|3:4|4:2 sequence_group=3 sequence_index=4
2026-06-16T16:48:53.550+08:00 MARKER sdk=1 host=1 enabled=1 sent=1 result=0 message=EVENT EXP2_OBJECT_STAGE_CHANGED trial_id=Exp2_004 rel=1781.929443 unix=1781599733543 bjt=2026-06-16T16:48:53.543+08:00 condition=E1_SPATIAL_PROGRESSIVE object_index=1 previous_stage=0 new_stage=1 progress=0.333506 object_stages=1:1|2:0|3:0|
2026-06-16T16:48:53.552+08:00 MARKER sdk=1 host=1 enabled=1 sent=1 result=0 message=EVENT EXP2_STAGE_1_START trial_id=Exp2_004 rel=1781.929443 unix=1781599733543 bjt=2026-06-16T16:48:53.543+08:00 condition=E1_SPATIAL_PROGRESSIVE stage=1 first_object_index=1 progress=0.333506 object_stages=1:1|2:0|3:0|4:0
2026-06-16T16:48:53.552+08:00 MARKER sdk=1 host=1 enabled=1 sent=1 result=0 message=EVENT EXP2_OBJECT_STAGE_CHANGED trial_id=Exp2_004 rel=1781.929443 unix=1781599733543 bjt=2026-06-16T16:48:53.543+08:00 condition=E1_SPATIAL_PROGRESSIVE object_index=2 previous_stage=0 new_stage=1 progress=0.333506 object_stages=1:1|2:1|3:0|
2026-06-16T16:48:53.553+08:00 MARKER sdk=1 host=1 enabled=1 sent=1 result=0 message=EVENT EXP2_OBJECT_STAGE_CHANGED trial_id=Exp2_004 rel=1781.929443 unix=1781599733543 bjt=2026-06-16T16:48:53.543+08:00 condition=E1_SPATIAL_PROGRESSIVE object_index=3 previous_stage=0 new_stage=1 progress=0.333506 object_stages=1:1|2:1|3:1|
2026-06-16T16:48:53.554+08:00 MARKER sdk=1 host=1 enabled=1 sent=1 result=0 message=EVENT EXP2_OBJECT_STAGE_CHANGED trial_id=Exp2_004 rel=1781.929443 unix=1781599733543 bjt=2026-06-16T16:48:53.543+08:00 condition=E1_SPATIAL_PROGRESSIVE object_index=4 previous_stage=0 new_stage=1 progress=0.333506 object_stages=1:1|2:1|3:1|
2026-06-16T16:48:55.563+08:00 MARKER sdk=1 host=1 enabled=1 sent=1 result=0 message=EVENT EXP2_OBJECT_STAGE_CHANGED trial_id=Exp2_004 rel=1783.942993 unix=1781599735557 bjt=2026-06-16T16:48:55.556+08:00 condition=E1_SPATIAL_PROGRESSIVE object_index=1 previous_stage=1 new_stage=2 progress=0.501307 object_stages=1:2|2:1|3:1|
2026-06-16T16:48:55.564+08:00 MARKER sdk=1 host=1 enabled=1 sent=1 result=0 message=EVENT EXP2_STAGE_2_START trial_id=Exp2_004 rel=1783.942993 unix=1781599735557 bjt=2026-06-16T16:48:55.556+08:00 condition=E1_SPATIAL_PROGRESSIVE stage=2 first_object_index=1 progress=0.501307 object_stages=1:2|2:1|3:1|4:1
2026-06-16T16:48:55.565+08:00 MARKER sdk=1 host=1 enabled=1 sent=1 result=0 message=EVENT EXP2_OBJECT_STAGE_CHANGED trial_id=Exp2_004 rel=1783.942993 unix=1781599735557 bjt=2026-06-16T16:48:55.556+08:00 condition=E1_SPATIAL_PROGRESSIVE object_index=2 previous_stage=1 new_stage=2 progress=0.501307 object_stages=1:2|2:2|3:1|
2026-06-16T16:48:55.565+08:00 MARKER sdk=1 host=1 enabled=1 sent=1 result=0 message=EVENT EXP2_OBJECT_STAGE_CHANGED trial_id=Exp2_004 rel=1783.942993 unix=1781599735557 bjt=2026-06-16T16:48:55.556+08:00 condition=E1_SPATIAL_PROGRESSIVE object_index=3 previous_stage=1 new_stage=2 progress=0.501307 object_stages=1:2|2:2|3:2|
2026-06-16T16:48:55.566+08:00 MARKER sdk=1 host=1 enabled=1 sent=1 result=0 message=EVENT EXP2_PROGRESSIVE_USABLE trial_id=Exp2_004 rel=1783.942993 unix=1781599735557 bjt=2026-06-16T16:48:55.556+08:00 condition=E1_SPATIAL_PROGRESSIVE target_display_index=3 target_content_index=4 target_label=头顶 stage=2 progress=0.501307
2026-06-16T16:48:55.566+08:00 MARKER sdk=1 host=1 enabled=1 sent=1 result=0 message=EVENT EXP2_OBJECT_STAGE_CHANGED trial_id=Exp2_004 rel=1783.942993 unix=1781599735557 bjt=2026-06-16T16:48:55.556+08:00 condition=E1_SPATIAL_PROGRESSIVE object_index=4 previous_stage=1 new_stage=2 progress=0.501307 object_stages=1:2|2:2|3:2|
2026-06-16T16:49:01.565+08:00 MARKER sdk=1 host=1 enabled=1 sent=1 result=0 message=EVENT EXP2_OBJECT_STAGE_CHANGED trial_id=Exp2_004 rel=1789.943970 unix=1781599741558 bjt=2026-06-16T16:49:01.557+08:00 condition=E1_SPATIAL_PROGRESSIVE object_index=1 previous_stage=2 new_stage=3 progress=1.000000 object_stages=1:3|2:2|3:2|
2026-06-16T16:49:01.566+08:00 MARKER sdk=1 host=1 enabled=1 sent=1 result=0 message=EVENT EXP2_STAGE_3_START trial_id=Exp2_004 rel=1789.943970 unix=1781599741558 bjt=2026-06-16T16:49:01.557+08:00 condition=E1_SPATIAL_PROGRESSIVE stage=3 first_object_index=1 progress=1.000000 object_stages=1:3|2:2|3:2|4:2
2026-06-16T16:49:01.566+08:00 MARKER sdk=1 host=1 enabled=1 sent=1 result=0 message=EVENT EXP2_OBJECT_STAGE_CHANGED trial_id=Exp2_004 rel=1789.943970 unix=1781599741558 bjt=2026-06-16T16:49:01.557+08:00 condition=E1_SPATIAL_PROGRESSIVE object_index=2 previous_stage=2 new_stage=3 progress=1.000000 object_stages=1:3|2:3|3:2|
2026-06-16T16:49:01.566+08:00 MARKER sdk=1 host=1 enabled=1 sent=1 result=0 message=EVENT EXP2_OBJECT_STAGE_CHANGED trial_id=Exp2_004 rel=1789.943970 unix=1781599741558 bjt=2026-06-16T16:49:01.557+08:00 condition=E1_SPATIAL_PROGRESSIVE object_index=3 previous_stage=2 new_stage=3 progress=1.000000 object_stages=1:3|2:3|3:3|
2026-06-16T16:49:01.567+08:00 MARKER sdk=1 host=1 enabled=1 sent=1 result=0 message=EVENT EXP2_OBJECT_STAGE_CHANGED trial_id=Exp2_004 rel=1789.943970 unix=1781599741558 bjt=2026-06-16T16:49:01.557+08:00 condition=E1_SPATIAL_PROGRESSIVE object_index=4 previous_stage=2 new_stage=3 progress=1.000000 object_stages=1:3|2:3|3:3|
2026-06-16T16:49:01.568+08:00 MARKER sdk=1 host=1 enabled=1 sent=1 result=0 message=EVENT EXP2_LOADING_COMPLETE trial_id=Exp2_004 rel=1789.943970 unix=1781599741558 bjt=2026-06-16T16:49:01.557+08:00 condition=E1_SPATIAL_PROGRESSIVE
2026-06-16T16:49:08.470+08:00 MARKER sdk=1 host=1 enabled=1 sent=1 result=0 message=EVENT EXP2_PENDING_SELECTION trial_id=Exp2_004 rel=1796.849243 unix=1781599748463 bjt=2026-06-16T16:49:08.463+08:00 condition=E1_SPATIAL_PROGRESSIVE selected=3 selected_content=4 changes=1
2026-06-16T16:49:11.103+08:00 MARKER sdk=1 host=1 enabled=1 sent=1 result=0 message=EVENT EXP2_SUBMIT_SELECTION trial_id=Exp2_004 rel=1799.482178 unix=1781599751096 bjt=2026-06-16T16:49:11.096+08:00 condition=E1_SPATIAL_PROGRESSIVE selected=3 selected_content=4 correct=1
2026-06-16T16:49:11.103+08:00 MARKER sdk=1 host=1 enabled=1 sent=1 result=0 message=TRIAL_RESULT Exp2_004 selected=3 correct=1
2026-06-16T16:50:04.907+08:00 MARKER sdk=1 host=1 enabled=1 sent=1 result=0 message=EVENT EXPERIMENT_END_SCREEN_SHOWN participant=A008 output_id=A008 unix=1781599804907 bjt=2026-06-16_16:50:04.907
2026-06-16T16:50:04.908+08:00 FORMAL_RECORDING step=FINISH_REQUESTED success=1 reason=experiment_end_door edf=FM162256.EDF recording=1 opened=1
2026-06-16T16:50:04.908+08:00 MARKER sdk=1 host=1 enabled=1 sent=1 result=0 message=FORMAL_RECORDING_END participant=A008 rel=1853.286 unix=1781599804908 bjt=2026-06-16T16:50:04.908+08:00 edf=FM162256.EDF source=ue_formal reason=experiment_end_door
2026-06-16T16:50:05.109+08:00 FORMAL_RECORDING step=END_MARKER_FLUSH_WAIT success=1 duration_ms=200
2026-06-16T16:50:05.216+08:00 FORMAL_RECORDING step=RECORDING_STOPPED success=1 result=0
2026-06-16T16:50:05.216+08:00 FORMAL_RECORDING step=EDF_CLOSED success=1 edf=FM162256.EDF result=0
2026-06-16T16:50:08.282+08:00 EDF_RECEIVE_ATTEMPT source_tag=formal attempt=full_path source=FM162256.EDF dest=../../../../../../Project/UE5/Gallery/Saved/ExperimentData/EDF/FM162256.EDF dest_is_path=0 result=83618930 exists=1 size=83618930
2026-06-16T16:50:08.283+08:00 FORMAL_RECORDING step=EDF_RECEIVED_TO_DPC success=1 edf=FM162256.EDF local=../../../../../../Project/UE5/Gallery/Saved/ExperimentData/EDF/FM162256.EDF result=83618930 size=83618930
2026-06-16T16:50:08.283+08:00 FORMAL_RECORDING step=FINISHED success=1 reason=experiment_end_door edf=FM162256.EDF local=../../../../../../Project/UE5/Gallery/Saved/ExperimentData/EDF/FM162256.EDF
