2026-06-16T17:43:42.421+08:00 STATUS start_ui_status sdk=connected host=not_connected log=
2026-06-16T17:47:22.043+08:00 FORMAL_RECORDING step=EDF_OPEN_REQUESTED success=1 participant=B009 edf=FM174722.EDF source=calibration_button
2026-06-16T17:47:22.043+08:00 CONNECT method=open_eyelink_connection ip=100.1.1.1
2026-06-16T17:47:22.413+08:00 CONNECT_RESULT method=open_eyelink_connection result=0 connected=1
2026-06-16T17:47:22.413+08:00 STATUS host_connected=1 sdk_available=1 note=connection_opened_high_level
2026-06-16T17:47:22.414+08:00 FORMAL_RECORDING step=HOST_CONNECTED success=1 sdk=1 host=1 source=calibration_button
2026-06-16T17:47:22.453+08:00 FORMAL_RECORDING step=EDF_OPENED success=1 edf=FM174722.EDF result=0 source=calibration_button
2026-06-16T17:47:22.470+08:00 FORMAL_EDF_MARKER sdk=1 host=1 opened=1 sent=1 message=FORMAL_EDF_OPENED participant=B009 rel=219.440 unix=1781603242470 bjt=2026-06-16T17:47:22.470+08:00 edf=FM174722.EDF source=ue_formal open_result=0 source_tag=calibration_button
2026-06-16T17:47:22.470+08:00 FORMAL_EDF_MARKER sdk=1 host=1 opened=1 sent=1 message=FORMAL_SESSION_PREPARED participant=B009 rel=219.440 unix=1781603242470 bjt=2026-06-16T17:47:22.470+08:00 edf=FM174722.EDF source=ue_formal calibration_complete=0
2026-06-16T17:47:22.470+08:00 FORMAL_EDF_MARKER sdk=1 host=1 opened=1 sent=1 message=CALIBRATION_REQUESTED participant=B009 rel=219.440 unix=1781603242470 bjt=2026-06-16T17:47:22.470+08:00 edf=FM174722.EDF source=ue_formal open_result=0
2026-06-16T17:47:22.471+08:00 CALIBRATION step=REQUESTED success=1 note=run_eyelink_tracker_setup
2026-06-16T17:47:22.471+08:00 CALIBRATION step=HOST_CONNECTED success=1 sdk=1 host=1 graphics=1
2026-06-16T17:47:22.502+08:00 CALIBRATION_DISPLAY_INIT success=1 result=0 error=
2026-06-16T17:47:22.502+08:00 CALIBRATION_DISPLAY_LIST count=2 requested_index=1 explicit=1
2026-06-16T17:47:22.502+08:00 CALIBRATION_DISPLAY index=0 name=Dell XPS 15 SDC414D Display bounds_result=0 x=0 y=0 w=1920 h=1080 mode_result=0 mode_w=1920 mode_h=1080 refresh=60
2026-06-16T17:47:22.502+08:00 CALIBRATION_DISPLAY index=1 name=Acer GR235H bounds_result=0 x=0 y=-1080 w=1920 h=1080 mode_result=0 mode_w=1920 mode_h=1080 refresh=60
2026-06-16T17:47:22.627+08:00 CALIBRATION step=GRAPHICS_INITIALIZED success=1 result=0 explicit_request=1 display_index=1 window_ptr=0000019A80500F98 width=1920 height=1080 bits=32 refresh=60.00
2026-06-16T17:47:22.646+08:00 CALIBRATION step=REGISTERED_WINDOW_MOVED success=1 requested_display=1 actual_display=1 requested_x=0 requested_y=-1080 requested_w=1920 requested_h=1080 actual_x=0 actual_y=-1080 actual_w=1920 actual_h=1080
2026-06-16T17:47:22.666+08:00 FORMAL_EDF_MARKER sdk=1 host=1 opened=1 sent=1 message=CALIBRATION_SETUP_START participant=B009 rel=219.440 unix=1781603242666 bjt=2026-06-16T17:47:22.666+08:00 edf=FM174722.EDF source=ue_formal calibration_type=HV9 width=1920 height=1080
2026-06-16T17:47:22.666+08:00 CALIBRATION step=TRACKER_SETUP_BEGIN success=1 detail=call_do_tracker_setup
2026-06-16T17:50:54.272+08:00 CALIBRATION step=TRACKER_SETUP_RETURNED success=1 result=0
2026-06-16T17:50:54.272+08:00 FORMAL_EDF_MARKER sdk=1 host=1 opened=1 sent=1 message=CALIBRATION_SETUP_END participant=B009 rel=219.440 unix=1781603454272 bjt=2026-06-16T17:50:54.272+08:00 edf=FM174722.EDF source=ue_formal setup_result=0
2026-06-16T17:50:56.314+08:00 CALIBRATION step=GRAPHICS_CLOSED success=1
2026-06-16T17:50:56.315+08:00 CALIBRATION step=CALIBRATION_WINDOW_DESTROYED success=1
2026-06-16T17:50:56.315+08:00 CALIBRATION step=FINISHED success=1 result=0
2026-06-16T17:50:56.316+08:00 FORMAL_EDF_MARKER sdk=1 host=1 opened=1 sent=1 message=CALIBRATION_STATUS participant=B009 rel=219.440 unix=1781603456315 bjt=2026-06-16T17:50:56.315+08:00 edf=FM174722.EDF source=ue_formal calibration_complete=1
2026-06-16T17:50:56.316+08:00 FORMAL_CALIBRATION step=FINISHED success=1 participant=B009 edf=FM174722.EDF open_result=0
2026-06-16T17:50:56.316+08:00 STATUS start_ui_status sdk=connected host=connected log=../../../../../../Project/UE5/Gallery/Saved/ExperimentLogs/EyeLinkMarkers_20260616_174342_421.log
2026-06-16T17:50:58.233+08:00 FORMAL_RECORDING step=EDF_ALREADY_OPEN success=1 participant=B009 edf=FM174722.EDF source=start_button_preopened calibration_complete=1
2026-06-16T17:50:58.241+08:00 FORMAL_RECORDING step=RECORDING_STARTED success=1 result=0 edf=FM174722.EDF preopened=1 calibration_complete=1
2026-06-16T17:50:58.241+08:00 MARKER sdk=1 host=1 enabled=1 sent=1 result=0 message=FORMAL_RECORDING_START participant=B009 rel=221.737 unix=1781603458241 bjt=2026-06-16T17:50:58.241+08:00 edf=FM174722.EDF source=ue_formal open_result=0 record_result=0 edf_preopened=1 calibration_complete=1
2026-06-16T17:50:58.241+08:00 STATUS formal_recording_start_requested participant=B009 success=1 edf=FM174722.EDF calibration_complete=1
2026-06-16T17:50:58.242+08:00 STATUS start_ui_status sdk=connected host=connected log=../../../../../../Project/UE5/Gallery/Saved/ExperimentLogs/EyeLinkMarkers_20260616_174342_421.log
2026-06-16T17:50:58.242+08:00 MARKER sdk=1 host=1 enabled=1 sent=1 result=0 message=RECORDING_TIME_REFERENCE participant=B009 output_id=B009 rel=221.737 unix=1781603458242 bjt=2026-06-16T17:50:58.242+08:00 source=ue_session_start
2026-06-16T17:50:58.242+08:00 MARKER sdk=1 host=1 enabled=1 sent=1 result=0 message=SESSION_START participant=B009 output_id=B009 rel=221.737 unix=1781603458242 bjt=2026-06-16T17:50:58.242+08:00
2026-06-16T17:50:58.242+08:00 MARKER sdk=1 host=1 enabled=1 sent=1 result=0 message=EXPERIMENT_RUN_MODE EXP1_THEN_EXP2
2026-06-16T17:50:58.247+08:00 MARKER sdk=1 host=1 enabled=1 sent=1 result=0 message=SCREEN_RECORDING_REQUEST enabled=1 started=1 participant=B009 output_id=B009
2026-06-16T17:51:02.445+08:00 MARKER sdk=1 host=1 enabled=1 sent=1 result=0 message=TRIALID T001
2026-06-16T17:51:02.446+08:00 MARKER sdk=1 host=1 enabled=1 sent=1 result=0 message=EVENT LOADING_INTERACT trial=T001 rel=225.969 unix=1781603462475 bjt=2026-06-16T17:51:02.474+08:00
2026-06-16T17:51:02.446+08:00 MARKER sdk=1 host=1 enabled=1 sent=1 result=0 message=EVENT LOADING_START trial=T001 rel=225.969 unix=1781603462475 bjt=2026-06-16T17:51:02.474+08:00
2026-06-16T17:51:02.446+08:00 MARKER sdk=1 host=1 enabled=1 sent=1 result=0 message=TRIAL_META exp=EXP1 participant=B009 participant_output_id=B009 exhibit_id=Ex1_TEST exhibit_name=测试展品 condition=A latin_group=NA sequence_index=-1 sequence_label=NA
2026-06-16T17:51:04.429+08:00 MARKER sdk=1 host=1 enabled=1 sent=1 result=0 message=EVENT LOADING_COMPLETE trial=T001 rel=227.953 unix=1781603464458 bjt=2026-06-16T17:51:04.458+08:00
2026-06-16T17:51:05.216+08:00 MARKER sdk=1 host=1 enabled=1 sent=1 result=0 message=EVENT VIEWER_ENTER trial=T001 rel=228.736 unix=1781603465242 bjt=2026-06-16T17:51:05.241+08:00
2026-06-16T17:51:05.216+08:00 MARKER sdk=1 host=1 enabled=1 sent=1 result=0 message=EVENT QUESTION_START trial=T001 rel=228.736 unix=1781603465242 bjt=2026-06-16T17:51:05.241+08:00 q=1 total=2 correct_index=-1 correct_label=NotAnswered
2026-06-16T17:51:06.764+08:00 MARKER sdk=1 host=1 enabled=1 sent=1 result=0 message=EVENT QUESTION_SUBMIT trial=T001 rel=230.272 unix=1781603466777 bjt=2026-06-16T17:51:06.776+08:00 q=1 option=B correct_index=-1 correct_label=NotAnswered is_correct=-1
2026-06-16T17:51:06.765+08:00 MARKER sdk=1 host=1 enabled=1 sent=1 result=0 message=EVENT QUESTION_START trial=T001 rel=230.272 unix=1781603466777 bjt=2026-06-16T17:51:06.776+08:00 q=2 total=2 correct_index=-1 correct_label=NotAnswered
2026-06-16T17:51:07.648+08:00 MARKER sdk=1 host=1 enabled=1 sent=1 result=0 message=EVENT QUESTION_SUBMIT trial=T001 rel=231.156 unix=1781603467662 bjt=2026-06-16T17:51:07.661+08:00 q=2 option=C correct_index=-1 correct_label=NotAnswered is_correct=-1
2026-06-16T17:51:07.716+08:00 MARKER sdk=1 host=1 enabled=1 sent=1 result=0 message=EVENT VIEWER_EXIT trial=T001 rel=231.240 unix=1781603467745 bjt=2026-06-16T17:51:07.744+08:00
2026-06-16T17:51:07.716+08:00 MARKER sdk=1 host=1 enabled=1 sent=1 result=0 message=EVENT TRIAL_RESULT trial=T001 rel=231.240 unix=1781603467745 bjt=2026-06-16T17:51:07.744+08:00 rows=2
2026-06-16T17:51:10.517+08:00 MARKER sdk=1 host=1 enabled=1 sent=1 result=0 message=TRIALID T002
2026-06-16T17:51:10.518+08:00 MARKER sdk=1 host=1 enabled=1 sent=1 result=0 message=EVENT LOADING_INTERACT trial=T002 rel=234.041 unix=1781603470547 bjt=2026-06-16T17:51:10.546+08:00
2026-06-16T17:51:10.518+08:00 MARKER sdk=1 host=1 enabled=1 sent=1 result=0 message=EVENT LOADING_START trial=T002 rel=234.041 unix=1781603470547 bjt=2026-06-16T17:51:10.546+08:00
2026-06-16T17:51:10.518+08:00 MARKER sdk=1 host=1 enabled=1 sent=1 result=0 message=EVENT VIEWER_ENTER trial=T002 rel=234.041 unix=1781603470547 bjt=2026-06-16T17:51:10.546+08:00 mode=progressive_no_progress_bar
2026-06-16T17:51:10.518+08:00 MARKER sdk=1 host=1 enabled=1 sent=1 result=0 message=TRIAL_META exp=EXP1 participant=B009 participant_output_id=B009 exhibit_id=01 exhibit_name=半岛香炉 condition=C_MINUS latin_group=G4 sequence_index=1 sequence_label=G4_T01
2026-06-16T17:51:16.509+08:00 MARKER sdk=1 host=1 enabled=1 sent=1 result=0 message=EVENT PROGRESSIVE_USABLE trial=T002 rel=240.033 unix=1781603476538 bjt=2026-06-16T17:51:16.537+08:00
2026-06-16T17:51:16.509+08:00 MARKER sdk=1 host=1 enabled=1 sent=1 result=0 message=EVENT QUESTION_START trial=T002 rel=240.033 unix=1781603476538 bjt=2026-06-16T17:51:16.537+08:00 q=1 total=2 correct_index=1 correct_label=B
2026-06-16T17:51:20.503+08:00 MARKER sdk=1 host=1 enabled=1 sent=1 result=0 message=EVENT LOADING_COMPLETE trial=T002 rel=244.025 unix=1781603480531 bjt=2026-06-16T17:51:20.530+08:00
2026-06-16T17:51:23.377+08:00 MARKER sdk=1 host=1 enabled=1 sent=1 result=0 message=EVENT QUESTION_SUBMIT trial=T002 rel=246.885 unix=1781603483390 bjt=2026-06-16T17:51:23.390+08:00 q=1 option=B correct_index=1 correct_label=B is_correct=1
2026-06-16T17:51:23.378+08:00 MARKER sdk=1 host=1 enabled=1 sent=1 result=0 message=EVENT QUESTION_START trial=T002 rel=246.885 unix=1781603483390 bjt=2026-06-16T17:51:23.390+08:00 q=2 total=2 correct_index=1 correct_label=B
2026-06-16T17:51:25.302+08:00 MARKER sdk=1 host=1 enabled=1 sent=1 result=0 message=EVENT QUESTION_SUBMIT trial=T002 rel=248.811 unix=1781603485316 bjt=2026-06-16T17:51:25.316+08:00 q=2 option=A correct_index=1 correct_label=B is_correct=0
2026-06-16T17:51:26.270+08:00 MARKER sdk=1 host=1 enabled=1 sent=1 result=0 message=EVENT VIEWER_EXIT trial=T002 rel=249.794 unix=1781603486300 bjt=2026-06-16T17:51:26.299+08:00
2026-06-16T17:51:26.272+08:00 MARKER sdk=1 host=1 enabled=1 sent=1 result=0 message=EVENT TRIAL_RESULT trial=T002 rel=249.794 unix=1781603486300 bjt=2026-06-16T17:51:26.299+08:00 rows=2
2026-06-16T17:52:15.005+08:00 MARKER sdk=1 host=1 enabled=1 sent=1 result=0 message=TRIALID T003
2026-06-16T17:52:15.005+08:00 MARKER sdk=1 host=1 enabled=1 sent=1 result=0 message=EVENT LOADING_INTERACT trial=T003 rel=298.529 unix=1781603535034 bjt=2026-06-16T17:52:15.033+08:00
2026-06-16T17:52:15.005+08:00 MARKER sdk=1 host=1 enabled=1 sent=1 result=0 message=EVENT LOADING_START trial=T003 rel=298.529 unix=1781603535034 bjt=2026-06-16T17:52:15.033+08:00
2026-06-16T17:52:15.006+08:00 MARKER sdk=1 host=1 enabled=1 sent=1 result=0 message=EVENT VIEWER_ENTER trial=T003 rel=298.529 unix=1781603535034 bjt=2026-06-16T17:52:15.033+08:00 mode=progressive
2026-06-16T17:52:15.006+08:00 MARKER sdk=1 host=1 enabled=1 sent=1 result=0 message=TRIAL_META exp=EXP1 participant=B009 participant_output_id=B009 exhibit_id=02 exhibit_name=中国青铜器 condition=C latin_group=G4 sequence_index=2 sequence_label=G4_T02
2026-06-16T17:52:20.988+08:00 MARKER sdk=1 host=1 enabled=1 sent=1 result=0 message=EVENT PROGRESSIVE_USABLE trial=T003 rel=304.512 unix=1781603541017 bjt=2026-06-16T17:52:21.017+08:00
2026-06-16T17:52:20.991+08:00 MARKER sdk=1 host=1 enabled=1 sent=1 result=0 message=EVENT QUESTION_START trial=T003 rel=304.512 unix=1781603541017 bjt=2026-06-16T17:52:21.017+08:00 q=1 total=2 correct_index=1 correct_label=B
2026-06-16T17:52:24.991+08:00 MARKER sdk=1 host=1 enabled=1 sent=1 result=0 message=EVENT LOADING_COMPLETE trial=T003 rel=308.516 unix=1781603545021 bjt=2026-06-16T17:52:25.020+08:00
2026-06-16T17:52:27.338+08:00 MARKER sdk=1 host=1 enabled=1 sent=1 result=0 message=EVENT QUESTION_SUBMIT trial=T003 rel=310.845 unix=1781603547350 bjt=2026-06-16T17:52:27.350+08:00 q=1 option=B correct_index=1 correct_label=B is_correct=1
2026-06-16T17:52:27.339+08:00 MARKER sdk=1 host=1 enabled=1 sent=1 result=0 message=EVENT QUESTION_START trial=T003 rel=310.845 unix=1781603547350 bjt=2026-06-16T17:52:27.350+08:00 q=2 total=2 correct_index=1 correct_label=B
2026-06-16T17:52:28.368+08:00 MARKER sdk=1 host=1 enabled=1 sent=1 result=0 message=EVENT QUESTION_SUBMIT trial=T003 rel=311.877 unix=1781603548382 bjt=2026-06-16T17:52:28.382+08:00 q=2 option=B correct_index=1 correct_label=B is_correct=1
2026-06-16T17:52:28.889+08:00 MARKER sdk=1 host=1 enabled=1 sent=1 result=0 message=EVENT VIEWER_EXIT trial=T003 rel=312.413 unix=1781603548918 bjt=2026-06-16T17:52:28.918+08:00
2026-06-16T17:52:28.890+08:00 MARKER sdk=1 host=1 enabled=1 sent=1 result=0 message=EVENT TRIAL_RESULT trial=T003 rel=312.413 unix=1781603548918 bjt=2026-06-16T17:52:28.918+08:00 rows=2
2026-06-16T17:53:00.043+08:00 MARKER sdk=1 host=1 enabled=1 sent=1 result=0 message=TRIALID T004
2026-06-16T17:53:00.043+08:00 MARKER sdk=1 host=1 enabled=1 sent=1 result=0 message=EVENT LOADING_INTERACT trial=T004 rel=343.566 unix=1781603580071 bjt=2026-06-16T17:53:00.070+08:00
2026-06-16T17:53:00.044+08:00 MARKER sdk=1 host=1 enabled=1 sent=1 result=0 message=EVENT LOADING_START trial=T004 rel=343.566 unix=1781603580071 bjt=2026-06-16T17:53:00.070+08:00
2026-06-16T17:53:00.044+08:00 MARKER sdk=1 host=1 enabled=1 sent=1 result=0 message=TRIAL_META exp=EXP1 participant=B009 participant_output_id=B009 exhibit_id=03 exhibit_name=希腊陶具 condition=A latin_group=G4 sequence_index=3 sequence_label=G4_T03
2026-06-16T17:53:10.031+08:00 MARKER sdk=1 host=1 enabled=1 sent=1 result=0 message=EVENT LOADING_COMPLETE trial=T004 rel=353.555 unix=1781603590061 bjt=2026-06-16T17:53:10.060+08:00
2026-06-16T17:53:11.065+08:00 MARKER sdk=1 host=1 enabled=1 sent=1 result=0 message=EVENT VIEWER_ENTER trial=T004 rel=354.589 unix=1781603591094 bjt=2026-06-16T17:53:11.094+08:00
2026-06-16T17:53:11.066+08:00 MARKER sdk=1 host=1 enabled=1 sent=1 result=0 message=EVENT QUESTION_START trial=T004 rel=354.589 unix=1781603591094 bjt=2026-06-16T17:53:11.094+08:00 q=1 total=2 correct_index=0 correct_label=A
2026-06-16T17:53:13.122+08:00 MARKER sdk=1 host=1 enabled=1 sent=1 result=0 message=EVENT QUESTION_SUBMIT trial=T004 rel=356.629 unix=1781603593135 bjt=2026-06-16T17:53:13.134+08:00 q=1 option=A correct_index=0 correct_label=A is_correct=1
2026-06-16T17:53:13.123+08:00 MARKER sdk=1 host=1 enabled=1 sent=1 result=0 message=EVENT QUESTION_START trial=T004 rel=356.629 unix=1781603593135 bjt=2026-06-16T17:53:13.134+08:00 q=2 total=2 correct_index=2 correct_label=C
2026-06-16T17:53:14.953+08:00 MARKER sdk=1 host=1 enabled=1 sent=1 result=0 message=EVENT QUESTION_SUBMIT trial=T004 rel=358.461 unix=1781603594967 bjt=2026-06-16T17:53:14.966+08:00 q=2 option=C correct_index=2 correct_label=C is_correct=1
2026-06-16T17:53:15.144+08:00 MARKER sdk=1 host=1 enabled=1 sent=1 result=0 message=EVENT VIEWER_EXIT trial=T004 rel=358.667 unix=1781603595173 bjt=2026-06-16T17:53:15.172+08:00
2026-06-16T17:53:15.144+08:00 MARKER sdk=1 host=1 enabled=1 sent=1 result=0 message=EVENT TRIAL_RESULT trial=T004 rel=358.667 unix=1781603595173 bjt=2026-06-16T17:53:15.172+08:00 rows=2
2026-06-16T17:53:41.884+08:00 MARKER sdk=1 host=1 enabled=1 sent=1 result=0 message=TRIALID T005
2026-06-16T17:53:41.884+08:00 MARKER sdk=1 host=1 enabled=1 sent=1 result=0 message=EVENT LOADING_INTERACT trial=T005 rel=385.408 unix=1781603621913 bjt=2026-06-16T17:53:41.913+08:00
2026-06-16T17:53:41.885+08:00 MARKER sdk=1 host=1 enabled=1 sent=1 result=0 message=EVENT LOADING_START trial=T005 rel=385.408 unix=1781603621913 bjt=2026-06-16T17:53:41.913+08:00
2026-06-16T17:53:41.885+08:00 MARKER sdk=1 host=1 enabled=1 sent=1 result=0 message=TRIAL_META exp=EXP1 participant=B009 participant_output_id=B009 exhibit_id=04 exhibit_name=中国花瓶 condition=A_PLUS latin_group=G4 sequence_index=4 sequence_label=G4_T04
2026-06-16T17:53:51.877+08:00 MARKER sdk=1 host=1 enabled=1 sent=1 result=0 message=EVENT LOADING_COMPLETE trial=T005 rel=395.401 unix=1781603631906 bjt=2026-06-16T17:53:51.906+08:00
2026-06-16T17:53:52.949+08:00 MARKER sdk=1 host=1 enabled=1 sent=1 result=0 message=EVENT VIEWER_ENTER trial=T005 rel=396.472 unix=1781603632977 bjt=2026-06-16T17:53:52.977+08:00
2026-06-16T17:53:52.950+08:00 MARKER sdk=1 host=1 enabled=1 sent=1 result=0 message=EVENT QUESTION_START trial=T005 rel=396.472 unix=1781603632977 bjt=2026-06-16T17:53:52.977+08:00 q=1 total=2 correct_index=2 correct_label=C
2026-06-16T17:53:54.622+08:00 MARKER sdk=1 host=1 enabled=1 sent=1 result=0 message=EVENT QUESTION_SUBMIT trial=T005 rel=398.130 unix=1781603634635 bjt=2026-06-16T17:53:54.634+08:00 q=1 option=C correct_index=2 correct_label=C is_correct=1
2026-06-16T17:53:54.623+08:00 MARKER sdk=1 host=1 enabled=1 sent=1 result=0 message=EVENT QUESTION_START trial=T005 rel=398.130 unix=1781603634635 bjt=2026-06-16T17:53:54.634+08:00 q=2 total=2 correct_index=3 correct_label=D
2026-06-16T17:53:55.489+08:00 MARKER sdk=1 host=1 enabled=1 sent=1 result=0 message=EVENT QUESTION_SUBMIT trial=T005 rel=398.997 unix=1781603635502 bjt=2026-06-16T17:53:55.502+08:00 q=2 option=D correct_index=3 correct_label=D is_correct=1
2026-06-16T17:53:56.224+08:00 MARKER sdk=1 host=1 enabled=1 sent=1 result=0 message=EVENT VIEWER_EXIT trial=T005 rel=399.748 unix=1781603636253 bjt=2026-06-16T17:53:56.252+08:00
2026-06-16T17:53:56.225+08:00 MARKER sdk=1 host=1 enabled=1 sent=1 result=0 message=EVENT TRIAL_RESULT trial=T005 rel=399.748 unix=1781603636253 bjt=2026-06-16T17:53:56.252+08:00 rows=2
2026-06-16T17:54:23.129+08:00 MARKER sdk=1 host=1 enabled=1 sent=1 result=0 message=TRIALID T006
2026-06-16T17:54:23.130+08:00 MARKER sdk=1 host=1 enabled=1 sent=1 result=0 message=EVENT LOADING_INTERACT trial=T006 rel=426.654 unix=1781603663159 bjt=2026-06-16T17:54:23.159+08:00
2026-06-16T17:54:23.130+08:00 MARKER sdk=1 host=1 enabled=1 sent=1 result=0 message=EVENT LOADING_START trial=T006 rel=426.654 unix=1781603663159 bjt=2026-06-16T17:54:23.159+08:00
2026-06-16T17:54:23.131+08:00 MARKER sdk=1 host=1 enabled=1 sent=1 result=0 message=TRIAL_META exp=EXP1 participant=B009 participant_output_id=B009 exhibit_id=05 exhibit_name=雅典双耳罐 condition=B latin_group=G4 sequence_index=5 sequence_label=G4_T05
2026-06-16T17:54:33.127+08:00 MARKER sdk=1 host=1 enabled=1 sent=1 result=0 message=EVENT LOADING_COMPLETE trial=T006 rel=436.651 unix=1781603673156 bjt=2026-06-16T17:54:33.155+08:00
2026-06-16T17:54:34.118+08:00 MARKER sdk=1 host=1 enabled=1 sent=1 result=0 message=EVENT VIEWER_ENTER trial=T006 rel=437.641 unix=1781603674147 bjt=2026-06-16T17:54:34.146+08:00
2026-06-16T17:54:34.118+08:00 MARKER sdk=1 host=1 enabled=1 sent=1 result=0 message=EVENT QUESTION_START trial=T006 rel=437.641 unix=1781603674147 bjt=2026-06-16T17:54:34.146+08:00 q=1 total=2 correct_index=0 correct_label=A
2026-06-16T17:54:35.786+08:00 MARKER sdk=1 host=1 enabled=1 sent=1 result=0 message=EVENT QUESTION_SUBMIT trial=T006 rel=439.295 unix=1781603675800 bjt=2026-06-16T17:54:35.799+08:00 q=1 option=A correct_index=0 correct_label=A is_correct=1
2026-06-16T17:54:35.787+08:00 MARKER sdk=1 host=1 enabled=1 sent=1 result=0 message=EVENT QUESTION_START trial=T006 rel=439.295 unix=1781603675800 bjt=2026-06-16T17:54:35.799+08:00 q=2 total=2 correct_index=2 correct_label=C
2026-06-16T17:54:37.638+08:00 MARKER sdk=1 host=1 enabled=1 sent=1 result=0 message=EVENT QUESTION_SUBMIT trial=T006 rel=441.146 unix=1781603677651 bjt=2026-06-16T17:54:37.650+08:00 q=2 option=C correct_index=2 correct_label=C is_correct=1
2026-06-16T17:54:37.789+08:00 MARKER sdk=1 host=1 enabled=1 sent=1 result=0 message=EVENT VIEWER_EXIT trial=T006 rel=441.312 unix=1781603677818 bjt=2026-06-16T17:54:37.817+08:00
2026-06-16T17:54:37.789+08:00 MARKER sdk=1 host=1 enabled=1 sent=1 result=0 message=EVENT TRIAL_RESULT trial=T006 rel=441.312 unix=1781603677818 bjt=2026-06-16T17:54:37.817+08:00 rows=2
2026-06-16T17:55:52.732+08:00 MARKER sdk=1 host=1 enabled=1 sent=1 result=0 message=TRIALID Exp2_001
2026-06-16T17:55:52.733+08:00 MARKER sdk=1 host=1 enabled=1 sent=1 result=0 message=EVENT EXP2_LOADING_START trial_id=Exp2_001 rel=516.254517 unix=1781603752760 bjt=2026-06-16T17:55:52.759+08:00 condition=E1_SPATIAL_PROGRESSIVE
2026-06-16T17:55:52.734+08:00 MARKER sdk=1 host=1 enabled=1 sent=1 result=0 message=TRIAL_META exp=EXP2 participant=B009 participant_output_id=B009 trial_id=Exp2_001 condition=E1_SPATIAL_PROGRESSIVE spatial_continuity=1 progressive_availability=1
2026-06-16T17:55:52.734+08:00 MARKER sdk=1 host=1 enabled=1 sent=1 result=0 message=TRIAL_META_TASK trial_id=Exp2_001 target_index=1 target_display_index=1 target_content_index=1 target_label=左脸
2026-06-16T17:55:52.734+08:00 MARKER sdk=1 host=1 enabled=1 sent=1 result=0 message=TRIAL_META_SEQUENCE trial_id=Exp2_001 slot_permutation=1:1|2:2|3:3|4:4 sequence_group=1 sequence_index=1
2026-06-16T17:55:56.722+08:00 MARKER sdk=1 host=1 enabled=1 sent=1 result=0 message=EVENT EXP2_OBJECT_STAGE_CHANGED trial_id=Exp2_001 rel=520.245911 unix=1781603756751 bjt=2026-06-16T17:55:56.751+08:00 condition=E1_SPATIAL_PROGRESSIVE object_index=1 previous_stage=0 new_stage=1 progress=0.334008 object_stages=1:1|2:0|3:0|4
2026-06-16T17:55:56.722+08:00 MARKER sdk=1 host=1 enabled=1 sent=1 result=0 message=EVENT EXP2_STAGE_1_START trial_id=Exp2_001 rel=520.245911 unix=1781603756751 bjt=2026-06-16T17:55:56.751+08:00 condition=E1_SPATIAL_PROGRESSIVE stage=1 first_object_index=1 progress=0.334008 object_stages=1:1|2:0|3:0|4:0
2026-06-16T17:55:56.723+08:00 MARKER sdk=1 host=1 enabled=1 sent=1 result=0 message=EVENT EXP2_OBJECT_STAGE_CHANGED trial_id=Exp2_001 rel=520.245911 unix=1781603756751 bjt=2026-06-16T17:55:56.751+08:00 condition=E1_SPATIAL_PROGRESSIVE object_index=2 previous_stage=0 new_stage=1 progress=0.334008 object_stages=1:1|2:1|3:0|4
2026-06-16T17:55:56.723+08:00 MARKER sdk=1 host=1 enabled=1 sent=1 result=0 message=EVENT EXP2_OBJECT_STAGE_CHANGED trial_id=Exp2_001 rel=520.245911 unix=1781603756751 bjt=2026-06-16T17:55:56.751+08:00 condition=E1_SPATIAL_PROGRESSIVE object_index=3 previous_stage=0 new_stage=1 progress=0.334008 object_stages=1:1|2:1|3:1|4
2026-06-16T17:55:56.724+08:00 MARKER sdk=1 host=1 enabled=1 sent=1 result=0 message=EVENT EXP2_OBJECT_STAGE_CHANGED trial_id=Exp2_001 rel=520.245911 unix=1781603756751 bjt=2026-06-16T17:55:56.751+08:00 condition=E1_SPATIAL_PROGRESSIVE object_index=4 previous_stage=0 new_stage=1 progress=0.334008 object_stages=1:1|2:1|3:1|4
2026-06-16T17:55:58.722+08:00 MARKER sdk=1 host=1 enabled=1 sent=1 result=0 message=EVENT EXP2_OBJECT_STAGE_CHANGED trial_id=Exp2_001 rel=522.246704 unix=1781603758752 bjt=2026-06-16T17:55:58.752+08:00 condition=E1_SPATIAL_PROGRESSIVE object_index=1 previous_stage=1 new_stage=2 progress=0.500741 object_stages=1:2|2:1|3:1|4
2026-06-16T17:55:58.723+08:00 MARKER sdk=1 host=1 enabled=1 sent=1 result=0 message=EVENT EXP2_STAGE_2_START trial_id=Exp2_001 rel=522.246704 unix=1781603758752 bjt=2026-06-16T17:55:58.752+08:00 condition=E1_SPATIAL_PROGRESSIVE stage=2 first_object_index=1 progress=0.500741 object_stages=1:2|2:1|3:1|4:1
2026-06-16T17:55:58.723+08:00 MARKER sdk=1 host=1 enabled=1 sent=1 result=0 message=EVENT EXP2_PROGRESSIVE_USABLE trial_id=Exp2_001 rel=522.246704 unix=1781603758752 bjt=2026-06-16T17:55:58.752+08:00 condition=E1_SPATIAL_PROGRESSIVE target_display_index=1 target_content_index=1 target_label=左脸 stage=2 progress=0.500741
2026-06-16T17:55:58.724+08:00 MARKER sdk=1 host=1 enabled=1 sent=1 result=0 message=EVENT EXP2_OBJECT_STAGE_CHANGED trial_id=Exp2_001 rel=522.246704 unix=1781603758752 bjt=2026-06-16T17:55:58.752+08:00 condition=E1_SPATIAL_PROGRESSIVE object_index=2 previous_stage=1 new_stage=2 progress=0.500741 object_stages=1:2|2:2|3:1|4
2026-06-16T17:55:58.724+08:00 MARKER sdk=1 host=1 enabled=1 sent=1 result=0 message=EVENT EXP2_OBJECT_STAGE_CHANGED trial_id=Exp2_001 rel=522.246704 unix=1781603758752 bjt=2026-06-16T17:55:58.752+08:00 condition=E1_SPATIAL_PROGRESSIVE object_index=3 previous_stage=1 new_stage=2 progress=0.500741 object_stages=1:2|2:2|3:2|4
2026-06-16T17:55:58.725+08:00 MARKER sdk=1 host=1 enabled=1 sent=1 result=0 message=EVENT EXP2_OBJECT_STAGE_CHANGED trial_id=Exp2_001 rel=522.246704 unix=1781603758752 bjt=2026-06-16T17:55:58.752+08:00 condition=E1_SPATIAL_PROGRESSIVE object_index=4 previous_stage=1 new_stage=2 progress=0.500741 object_stages=1:2|2:2|3:2|4
2026-06-16T17:56:01.723+08:00 MARKER sdk=1 host=1 enabled=1 sent=1 result=0 message=EVENT EXP2_PREJUDGE trial_id=Exp2_001 rel=525.247803 unix=1781603761753 bjt=2026-06-16T17:56:01.753+08:00 condition=E1_SPATIAL_PROGRESSIVE selected=1 correct=1 confidence=-1 selected_content=1
2026-06-16T17:56:04.727+08:00 MARKER sdk=1 host=1 enabled=1 sent=1 result=0 message=EVENT EXP2_OBJECT_STAGE_CHANGED trial_id=Exp2_001 rel=528.251160 unix=1781603764756 bjt=2026-06-16T17:56:04.756+08:00 condition=E1_SPATIAL_PROGRESSIVE object_index=1 previous_stage=2 new_stage=3 progress=1.000000 object_stages=1:3|2:2|3:2|4
2026-06-16T17:56:04.727+08:00 MARKER sdk=1 host=1 enabled=1 sent=1 result=0 message=EVENT EXP2_STAGE_3_START trial_id=Exp2_001 rel=528.251160 unix=1781603764756 bjt=2026-06-16T17:56:04.756+08:00 condition=E1_SPATIAL_PROGRESSIVE stage=3 first_object_index=1 progress=1.000000 object_stages=1:3|2:2|3:2|4:2
2026-06-16T17:56:04.728+08:00 MARKER sdk=1 host=1 enabled=1 sent=1 result=0 message=EVENT EXP2_OBJECT_STAGE_CHANGED trial_id=Exp2_001 rel=528.251160 unix=1781603764756 bjt=2026-06-16T17:56:04.756+08:00 condition=E1_SPATIAL_PROGRESSIVE object_index=2 previous_stage=2 new_stage=3 progress=1.000000 object_stages=1:3|2:3|3:2|4
2026-06-16T17:56:04.728+08:00 MARKER sdk=1 host=1 enabled=1 sent=1 result=0 message=EVENT EXP2_OBJECT_STAGE_CHANGED trial_id=Exp2_001 rel=528.251160 unix=1781603764756 bjt=2026-06-16T17:56:04.756+08:00 condition=E1_SPATIAL_PROGRESSIVE object_index=3 previous_stage=2 new_stage=3 progress=1.000000 object_stages=1:3|2:3|3:3|4
2026-06-16T17:56:04.728+08:00 MARKER sdk=1 host=1 enabled=1 sent=1 result=0 message=EVENT EXP2_OBJECT_STAGE_CHANGED trial_id=Exp2_001 rel=528.251160 unix=1781603764756 bjt=2026-06-16T17:56:04.756+08:00 condition=E1_SPATIAL_PROGRESSIVE object_index=4 previous_stage=2 new_stage=3 progress=1.000000 object_stages=1:3|2:3|3:3|4
2026-06-16T17:56:04.729+08:00 MARKER sdk=1 host=1 enabled=1 sent=1 result=0 message=EVENT EXP2_LOADING_COMPLETE trial_id=Exp2_001 rel=528.251160 unix=1781603764756 bjt=2026-06-16T17:56:04.756+08:00 condition=E1_SPATIAL_PROGRESSIVE
2026-06-16T17:56:05.361+08:00 MARKER sdk=1 host=1 enabled=1 sent=1 result=0 message=EVENT EXP2_PENDING_SELECTION trial_id=Exp2_001 rel=528.885315 unix=1781603765391 bjt=2026-06-16T17:56:05.390+08:00 condition=E1_SPATIAL_PROGRESSIVE selected=1 selected_content=1 changes=1
2026-06-16T17:56:06.662+08:00 MARKER sdk=1 host=1 enabled=1 sent=1 result=0 message=EVENT EXP2_SUBMIT_SELECTION trial_id=Exp2_001 rel=530.186340 unix=1781603766692 bjt=2026-06-16T17:56:06.691+08:00 condition=E1_SPATIAL_PROGRESSIVE selected=1 selected_content=1 correct=1
2026-06-16T17:56:06.663+08:00 MARKER sdk=1 host=1 enabled=1 sent=1 result=0 message=TRIAL_RESULT Exp2_001 selected=1 correct=1
2026-06-16T17:56:39.444+08:00 MARKER sdk=1 host=1 enabled=1 sent=1 result=0 message=TRIALID Exp2_002
2026-06-16T17:56:39.445+08:00 MARKER sdk=1 host=1 enabled=1 sent=1 result=0 message=EVENT EXP2_LOADING_START trial_id=Exp2_002 rel=562.967896 unix=1781603799473 bjt=2026-06-16T17:56:39.473+08:00 condition=E2_FIXED_PROGRESSIVE
2026-06-16T17:56:39.445+08:00 MARKER sdk=1 host=1 enabled=1 sent=1 result=0 message=TRIAL_META exp=EXP2 participant=B009 participant_output_id=B009 trial_id=Exp2_002 condition=E2_FIXED_PROGRESSIVE spatial_continuity=0 progressive_availability=1
2026-06-16T17:56:39.445+08:00 MARKER sdk=1 host=1 enabled=1 sent=1 result=0 message=TRIAL_META_TASK trial_id=Exp2_002 target_index=2 target_display_index=2 target_content_index=2 target_label=右脸
2026-06-16T17:56:39.445+08:00 MARKER sdk=1 host=1 enabled=1 sent=1 result=0 message=TRIAL_META_SEQUENCE trial_id=Exp2_002 slot_permutation=1:3|2:2|3:4|4:1 sequence_group=1 sequence_index=2
2026-06-16T17:56:43.428+08:00 MARKER sdk=1 host=1 enabled=1 sent=1 result=0 message=EVENT EXP2_OBJECT_STAGE_CHANGED trial_id=Exp2_002 rel=566.951965 unix=1781603803457 bjt=2026-06-16T17:56:43.457+08:00 condition=E2_FIXED_PROGRESSIVE object_index=1 previous_stage=0 new_stage=1 progress=0.333655 object_stages=1:1|2:0|3:0|4:0
2026-06-16T17:56:43.429+08:00 MARKER sdk=1 host=1 enabled=1 sent=1 result=0 message=EVENT EXP2_STAGE_1_START trial_id=Exp2_002 rel=566.951965 unix=1781603803457 bjt=2026-06-16T17:56:43.457+08:00 condition=E2_FIXED_PROGRESSIVE stage=1 first_object_index=1 progress=0.333655 object_stages=1:1|2:0|3:0|4:0
2026-06-16T17:56:43.430+08:00 MARKER sdk=1 host=1 enabled=1 sent=1 result=0 message=EVENT EXP2_OBJECT_STAGE_CHANGED trial_id=Exp2_002 rel=566.951965 unix=1781603803457 bjt=2026-06-16T17:56:43.457+08:00 condition=E2_FIXED_PROGRESSIVE object_index=2 previous_stage=0 new_stage=1 progress=0.333655 object_stages=1:1|2:1|3:0|4:0
2026-06-16T17:56:43.430+08:00 MARKER sdk=1 host=1 enabled=1 sent=1 result=0 message=EVENT EXP2_OBJECT_STAGE_CHANGED trial_id=Exp2_002 rel=566.951965 unix=1781603803457 bjt=2026-06-16T17:56:43.457+08:00 condition=E2_FIXED_PROGRESSIVE object_index=3 previous_stage=0 new_stage=1 progress=0.333655 object_stages=1:1|2:1|3:1|4:0
2026-06-16T17:56:43.431+08:00 MARKER sdk=1 host=1 enabled=1 sent=1 result=0 message=EVENT EXP2_OBJECT_STAGE_CHANGED trial_id=Exp2_002 rel=566.951965 unix=1781603803457 bjt=2026-06-16T17:56:43.457+08:00 condition=E2_FIXED_PROGRESSIVE object_index=4 previous_stage=0 new_stage=1 progress=0.333655 object_stages=1:1|2:1|3:1|4:1
2026-06-16T17:56:45.432+08:00 MARKER sdk=1 host=1 enabled=1 sent=1 result=0 message=EVENT EXP2_OBJECT_STAGE_CHANGED trial_id=Exp2_002 rel=568.955994 unix=1781603805461 bjt=2026-06-16T17:56:45.461+08:00 condition=E2_FIXED_PROGRESSIVE object_index=1 previous_stage=1 new_stage=2 progress=0.500659 object_stages=1:2|2:1|3:1|4:1
2026-06-16T17:56:45.433+08:00 MARKER sdk=1 host=1 enabled=1 sent=1 result=0 message=EVENT EXP2_STAGE_2_START trial_id=Exp2_002 rel=568.955994 unix=1781603805461 bjt=2026-06-16T17:56:45.461+08:00 condition=E2_FIXED_PROGRESSIVE stage=2 first_object_index=1 progress=0.500659 object_stages=1:2|2:1|3:1|4:1
2026-06-16T17:56:45.433+08:00 MARKER sdk=1 host=1 enabled=1 sent=1 result=0 message=EVENT EXP2_OBJECT_STAGE_CHANGED trial_id=Exp2_002 rel=568.955994 unix=1781603805461 bjt=2026-06-16T17:56:45.461+08:00 condition=E2_FIXED_PROGRESSIVE object_index=2 previous_stage=1 new_stage=2 progress=0.500659 object_stages=1:2|2:2|3:1|4:1
2026-06-16T17:56:45.433+08:00 MARKER sdk=1 host=1 enabled=1 sent=1 result=0 message=EVENT EXP2_PROGRESSIVE_USABLE trial_id=Exp2_002 rel=568.955994 unix=1781603805461 bjt=2026-06-16T17:56:45.461+08:00 condition=E2_FIXED_PROGRESSIVE target_display_index=2 target_content_index=2 target_label=右脸 stage=2 progress=0.500659
2026-06-16T17:56:45.434+08:00 MARKER sdk=1 host=1 enabled=1 sent=1 result=0 message=EVENT EXP2_OBJECT_STAGE_CHANGED trial_id=Exp2_002 rel=568.955994 unix=1781603805461 bjt=2026-06-16T17:56:45.461+08:00 condition=E2_FIXED_PROGRESSIVE object_index=3 previous_stage=1 new_stage=2 progress=0.500659 object_stages=1:2|2:2|3:2|4:1
2026-06-16T17:56:45.434+08:00 MARKER sdk=1 host=1 enabled=1 sent=1 result=0 message=EVENT EXP2_OBJECT_STAGE_CHANGED trial_id=Exp2_002 rel=568.955994 unix=1781603805461 bjt=2026-06-16T17:56:45.461+08:00 condition=E2_FIXED_PROGRESSIVE object_index=4 previous_stage=1 new_stage=2 progress=0.500659 object_stages=1:2|2:2|3:2|4:2
2026-06-16T17:56:47.984+08:00 MARKER sdk=1 host=1 enabled=1 sent=1 result=0 message=EVENT EXP2_PREJUDGE trial_id=Exp2_002 rel=571.508728 unix=1781603808014 bjt=2026-06-16T17:56:48.014+08:00 condition=E2_FIXED_PROGRESSIVE selected=2 correct=1 confidence=-1 selected_content=2
2026-06-16T17:56:51.437+08:00 MARKER sdk=1 host=1 enabled=1 sent=1 result=0 message=EVENT EXP2_OBJECT_STAGE_CHANGED trial_id=Exp2_002 rel=574.961182 unix=1781603811466 bjt=2026-06-16T17:56:51.466+08:00 condition=E2_FIXED_PROGRESSIVE object_index=1 previous_stage=2 new_stage=3 progress=1.000000 object_stages=1:3|2:2|3:2|4:2
2026-06-16T17:56:51.437+08:00 MARKER sdk=1 host=1 enabled=1 sent=1 result=0 message=EVENT EXP2_STAGE_3_START trial_id=Exp2_002 rel=574.961182 unix=1781603811466 bjt=2026-06-16T17:56:51.466+08:00 condition=E2_FIXED_PROGRESSIVE stage=3 first_object_index=1 progress=1.000000 object_stages=1:3|2:2|3:2|4:2
2026-06-16T17:56:51.438+08:00 MARKER sdk=1 host=1 enabled=1 sent=1 result=0 message=EVENT EXP2_OBJECT_STAGE_CHANGED trial_id=Exp2_002 rel=574.961182 unix=1781603811466 bjt=2026-06-16T17:56:51.466+08:00 condition=E2_FIXED_PROGRESSIVE object_index=2 previous_stage=2 new_stage=3 progress=1.000000 object_stages=1:3|2:3|3:2|4:2
2026-06-16T17:56:51.438+08:00 MARKER sdk=1 host=1 enabled=1 sent=1 result=0 message=EVENT EXP2_OBJECT_STAGE_CHANGED trial_id=Exp2_002 rel=574.961182 unix=1781603811466 bjt=2026-06-16T17:56:51.466+08:00 condition=E2_FIXED_PROGRESSIVE object_index=3 previous_stage=2 new_stage=3 progress=1.000000 object_stages=1:3|2:3|3:3|4:2
2026-06-16T17:56:51.439+08:00 MARKER sdk=1 host=1 enabled=1 sent=1 result=0 message=EVENT EXP2_OBJECT_STAGE_CHANGED trial_id=Exp2_002 rel=574.961182 unix=1781603811466 bjt=2026-06-16T17:56:51.466+08:00 condition=E2_FIXED_PROGRESSIVE object_index=4 previous_stage=2 new_stage=3 progress=1.000000 object_stages=1:3|2:3|3:3|4:3
2026-06-16T17:56:51.439+08:00 MARKER sdk=1 host=1 enabled=1 sent=1 result=0 message=EVENT EXP2_LOADING_COMPLETE trial_id=Exp2_002 rel=574.961182 unix=1781603811466 bjt=2026-06-16T17:56:51.466+08:00 condition=E2_FIXED_PROGRESSIVE
2026-06-16T17:56:54.472+08:00 MARKER sdk=1 host=1 enabled=1 sent=1 result=0 message=EVENT EXP2_PENDING_SELECTION trial_id=Exp2_002 rel=577.997192 unix=1781603814503 bjt=2026-06-16T17:56:54.502+08:00 condition=E2_FIXED_PROGRESSIVE selected=2 selected_content=2 changes=1
2026-06-16T17:56:55.641+08:00 MARKER sdk=1 host=1 enabled=1 sent=1 result=0 message=EVENT EXP2_SUBMIT_SELECTION trial_id=Exp2_002 rel=579.164001 unix=1781603815669 bjt=2026-06-16T17:56:55.669+08:00 condition=E2_FIXED_PROGRESSIVE selected=2 selected_content=2 correct=1
2026-06-16T17:56:55.641+08:00 MARKER sdk=1 host=1 enabled=1 sent=1 result=0 message=TRIAL_RESULT Exp2_002 selected=2 correct=1
2026-06-16T17:57:25.582+08:00 MARKER sdk=1 host=1 enabled=1 sent=1 result=0 message=TRIALID Exp2_003
2026-06-16T17:57:25.583+08:00 MARKER sdk=1 host=1 enabled=1 sent=1 result=0 message=EVENT EXP2_LOADING_START trial_id=Exp2_003 rel=609.103210 unix=1781603845609 bjt=2026-06-16T17:57:25.608+08:00 condition=E4_FIXED_NONPROGRESSIVE
2026-06-16T17:57:25.583+08:00 MARKER sdk=1 host=1 enabled=1 sent=1 result=0 message=TRIAL_META exp=EXP2 participant=B009 participant_output_id=B009 trial_id=Exp2_003 condition=E4_FIXED_NONPROGRESSIVE spatial_continuity=0 progressive_availability=0
2026-06-16T17:57:25.583+08:00 MARKER sdk=1 host=1 enabled=1 sent=1 result=0 message=TRIAL_META_TASK trial_id=Exp2_003 target_index=3 target_display_index=3 target_content_index=3 target_label=脖子
2026-06-16T17:57:25.583+08:00 MARKER sdk=1 host=1 enabled=1 sent=1 result=0 message=TRIAL_META_SEQUENCE trial_id=Exp2_003 slot_permutation=1:4|2:1|3:3|4:2 sequence_group=1 sequence_index=3
2026-06-16T17:57:37.574+08:00 MARKER sdk=1 host=1 enabled=1 sent=1 result=0 message=EVENT EXP2_OBJECT_STAGE_CHANGED trial_id=Exp2_003 rel=621.098267 unix=1781603857604 bjt=2026-06-16T17:57:37.603+08:00 condition=E4_FIXED_NONPROGRESSIVE object_index=1 previous_stage=0 new_stage=3 progress=1.000000 object_stages=1:3|2:0|3:0|
2026-06-16T17:57:37.574+08:00 MARKER sdk=1 host=1 enabled=1 sent=1 result=0 message=EVENT EXP2_STAGE_3_START trial_id=Exp2_003 rel=621.098267 unix=1781603857604 bjt=2026-06-16T17:57:37.603+08:00 condition=E4_FIXED_NONPROGRESSIVE stage=3 first_object_index=1 progress=1.000000 object_stages=1:3|2:0|3:0|4:0
2026-06-16T17:57:37.575+08:00 MARKER sdk=1 host=1 enabled=1 sent=1 result=0 message=EVENT EXP2_OBJECT_STAGE_CHANGED trial_id=Exp2_003 rel=621.098267 unix=1781603857604 bjt=2026-06-16T17:57:37.603+08:00 condition=E4_FIXED_NONPROGRESSIVE object_index=2 previous_stage=0 new_stage=3 progress=1.000000 object_stages=1:3|2:3|3:0|
2026-06-16T17:57:37.576+08:00 MARKER sdk=1 host=1 enabled=1 sent=1 result=0 message=EVENT EXP2_OBJECT_STAGE_CHANGED trial_id=Exp2_003 rel=621.098267 unix=1781603857604 bjt=2026-06-16T17:57:37.603+08:00 condition=E4_FIXED_NONPROGRESSIVE object_index=3 previous_stage=0 new_stage=3 progress=1.000000 object_stages=1:3|2:3|3:3|
2026-06-16T17:57:37.576+08:00 MARKER sdk=1 host=1 enabled=1 sent=1 result=0 message=EVENT EXP2_OBJECT_STAGE_CHANGED trial_id=Exp2_003 rel=621.098267 unix=1781603857604 bjt=2026-06-16T17:57:37.603+08:00 condition=E4_FIXED_NONPROGRESSIVE object_index=4 previous_stage=0 new_stage=3 progress=1.000000 object_stages=1:3|2:3|3:3|
2026-06-16T17:57:37.577+08:00 MARKER sdk=1 host=1 enabled=1 sent=1 result=0 message=EVENT EXP2_LOADING_COMPLETE trial_id=Exp2_003 rel=621.098267 unix=1781603857604 bjt=2026-06-16T17:57:37.603+08:00 condition=E4_FIXED_NONPROGRESSIVE
2026-06-16T17:57:40.005+08:00 MARKER sdk=1 host=1 enabled=1 sent=1 result=0 message=EVENT EXP2_PENDING_SELECTION trial_id=Exp2_003 rel=623.529541 unix=1781603860035 bjt=2026-06-16T17:57:40.034+08:00 condition=E4_FIXED_NONPROGRESSIVE selected=3 selected_content=3 changes=1
2026-06-16T17:57:41.944+08:00 MARKER sdk=1 host=1 enabled=1 sent=1 result=0 message=EVENT EXP2_SUBMIT_SELECTION trial_id=Exp2_003 rel=625.468323 unix=1781603861974 bjt=2026-06-16T17:57:41.973+08:00 condition=E4_FIXED_NONPROGRESSIVE selected=3 selected_content=3 correct=1
2026-06-16T17:57:41.945+08:00 MARKER sdk=1 host=1 enabled=1 sent=1 result=0 message=TRIAL_RESULT Exp2_003 selected=3 correct=1
2026-06-16T17:58:19.818+08:00 MARKER sdk=1 host=1 enabled=1 sent=1 result=0 message=TRIALID Exp2_004
2026-06-16T17:58:19.819+08:00 MARKER sdk=1 host=1 enabled=1 sent=1 result=0 message=EVENT EXP2_LOADING_START trial_id=Exp2_004 rel=663.339844 unix=1781603899845 bjt=2026-06-16T17:58:19.845+08:00 condition=E3_SPATIAL_NONPROGRESSIVE
2026-06-16T17:58:19.819+08:00 MARKER sdk=1 host=1 enabled=1 sent=1 result=0 message=TRIAL_META exp=EXP2 participant=B009 participant_output_id=B009 trial_id=Exp2_004 condition=E3_SPATIAL_NONPROGRESSIVE spatial_continuity=1 progressive_availability=0
2026-06-16T17:58:19.819+08:00 MARKER sdk=1 host=1 enabled=1 sent=1 result=0 message=TRIAL_META_TASK trial_id=Exp2_004 target_index=4 target_display_index=4 target_content_index=4 target_label=头顶
2026-06-16T17:58:19.819+08:00 MARKER sdk=1 host=1 enabled=1 sent=1 result=0 message=TRIAL_META_SEQUENCE trial_id=Exp2_004 slot_permutation=1:1|2:2|3:3|4:4 sequence_group=1 sequence_index=4
2026-06-16T17:58:31.814+08:00 MARKER sdk=1 host=1 enabled=1 sent=1 result=0 message=EVENT EXP2_OBJECT_STAGE_CHANGED trial_id=Exp2_004 rel=675.338318 unix=1781603911844 bjt=2026-06-16T17:58:31.843+08:00 condition=E3_SPATIAL_NONPROGRESSIVE object_index=1 previous_stage=0 new_stage=3 progress=1.000000 object_stages=1:3|2:0|3:
2026-06-16T17:58:31.815+08:00 MARKER sdk=1 host=1 enabled=1 sent=1 result=0 message=EVENT EXP2_STAGE_3_START trial_id=Exp2_004 rel=675.338318 unix=1781603911844 bjt=2026-06-16T17:58:31.843+08:00 condition=E3_SPATIAL_NONPROGRESSIVE stage=3 first_object_index=1 progress=1.000000 object_stages=1:3|2:0|3:0|4:0
2026-06-16T17:58:31.815+08:00 MARKER sdk=1 host=1 enabled=1 sent=1 result=0 message=EVENT EXP2_OBJECT_STAGE_CHANGED trial_id=Exp2_004 rel=675.338318 unix=1781603911844 bjt=2026-06-16T17:58:31.843+08:00 condition=E3_SPATIAL_NONPROGRESSIVE object_index=2 previous_stage=0 new_stage=3 progress=1.000000 object_stages=1:3|2:3|3:
2026-06-16T17:58:31.816+08:00 MARKER sdk=1 host=1 enabled=1 sent=1 result=0 message=EVENT EXP2_OBJECT_STAGE_CHANGED trial_id=Exp2_004 rel=675.338318 unix=1781603911844 bjt=2026-06-16T17:58:31.843+08:00 condition=E3_SPATIAL_NONPROGRESSIVE object_index=3 previous_stage=0 new_stage=3 progress=1.000000 object_stages=1:3|2:3|3:
2026-06-16T17:58:31.816+08:00 MARKER sdk=1 host=1 enabled=1 sent=1 result=0 message=EVENT EXP2_OBJECT_STAGE_CHANGED trial_id=Exp2_004 rel=675.338318 unix=1781603911844 bjt=2026-06-16T17:58:31.843+08:00 condition=E3_SPATIAL_NONPROGRESSIVE object_index=4 previous_stage=0 new_stage=3 progress=1.000000 object_stages=1:3|2:3|3:
2026-06-16T17:58:31.816+08:00 MARKER sdk=1 host=1 enabled=1 sent=1 result=0 message=EVENT EXP2_LOADING_COMPLETE trial_id=Exp2_004 rel=675.338318 unix=1781603911844 bjt=2026-06-16T17:58:31.843+08:00 condition=E3_SPATIAL_NONPROGRESSIVE
2026-06-16T17:58:35.698+08:00 MARKER sdk=1 host=1 enabled=1 sent=1 result=0 message=EVENT EXP2_PENDING_SELECTION trial_id=Exp2_004 rel=679.221558 unix=1781603915727 bjt=2026-06-16T17:58:35.726+08:00 condition=E3_SPATIAL_NONPROGRESSIVE selected=4 selected_content=4 changes=1
2026-06-16T17:58:36.851+08:00 MARKER sdk=1 host=1 enabled=1 sent=1 result=0 message=EVENT EXP2_SUBMIT_SELECTION trial_id=Exp2_004 rel=680.375427 unix=1781603916881 bjt=2026-06-16T17:58:36.880+08:00 condition=E3_SPATIAL_NONPROGRESSIVE selected=4 selected_content=4 correct=1
2026-06-16T17:58:36.852+08:00 MARKER sdk=1 host=1 enabled=1 sent=1 result=0 message=TRIAL_RESULT Exp2_004 selected=4 correct=1
2026-06-16T17:59:26.537+08:00 MARKER sdk=1 host=1 enabled=1 sent=1 result=0 message=EVENT EXPERIMENT_END_SCREEN_SHOWN participant=B009 output_id=B009 unix=1781603966537 bjt=2026-06-16_17:59:26.537
2026-06-16T17:59:26.538+08:00 FORMAL_RECORDING step=FINISH_REQUESTED success=1 reason=experiment_end_door edf=FM174722.EDF recording=1 opened=1
2026-06-16T17:59:26.538+08:00 MARKER sdk=1 host=1 enabled=1 sent=1 result=0 message=FORMAL_RECORDING_END participant=B009 rel=730.061 unix=1781603966538 bjt=2026-06-16T17:59:26.538+08:00 edf=FM174722.EDF source=ue_formal reason=experiment_end_door
2026-06-16T17:59:26.738+08:00 FORMAL_RECORDING step=END_MARKER_FLUSH_WAIT success=1 duration_ms=200
2026-06-16T17:59:26.844+08:00 FORMAL_RECORDING step=RECORDING_STOPPED success=1 result=0
2026-06-16T17:59:26.844+08:00 FORMAL_RECORDING step=EDF_CLOSED success=1 edf=FM174722.EDF result=0
2026-06-16T17:59:27.894+08:00 EDF_RECEIVE_ATTEMPT source_tag=formal attempt=full_path source=FM174722.EDF dest=../../../../../../Project/UE5/Gallery/Saved/ExperimentData/EDF/FM174722.EDF dest_is_path=0 result=28055276 exists=1 size=28055276
2026-06-16T17:59:27.894+08:00 FORMAL_RECORDING step=EDF_RECEIVED_TO_DPC success=1 edf=FM174722.EDF local=../../../../../../Project/UE5/Gallery/Saved/ExperimentData/EDF/FM174722.EDF result=28055276 size=28055276
2026-06-16T17:59:27.894+08:00 FORMAL_RECORDING step=FINISHED success=1 reason=experiment_end_door edf=FM174722.EDF local=../../../../../../Project/UE5/Gallery/Saved/ExperimentData/EDF/FM174722.EDF
