2026-06-16T15:01:37.519+08:00 STATUS start_ui_status sdk=connected host=not_connected log=
2026-06-16T15:10:13.309+08:00 FORMAL_RECORDING step=EDF_OPEN_REQUESTED success=1 participant=A038 edf=FM151013.EDF source=calibration_button
2026-06-16T15:10:13.310+08:00 CONNECT method=open_eyelink_connection ip=100.1.1.1
2026-06-16T15:10:13.358+08:00 CONNECT_RESULT method=open_eyelink_connection result=0 connected=1
2026-06-16T15:10:13.358+08:00 STATUS host_connected=1 sdk_available=1 note=connection_opened_high_level
2026-06-16T15:10:13.359+08:00 FORMAL_RECORDING step=HOST_CONNECTED success=1 sdk=1 host=1 source=calibration_button
2026-06-16T15:10:13.380+08:00 FORMAL_RECORDING step=EDF_OPENED success=1 edf=FM151013.EDF result=0 source=calibration_button
2026-06-16T15:10:13.427+08:00 FORMAL_EDF_MARKER sdk=1 host=1 opened=1 sent=1 message=FORMAL_EDF_OPENED participant=A038 rel=514.417 unix=1781593813427 bjt=2026-06-16T15:10:13.427+08:00 edf=FM151013.EDF source=ue_formal open_result=0 source_tag=calibration_button
2026-06-16T15:10:13.427+08:00 FORMAL_EDF_MARKER sdk=1 host=1 opened=1 sent=1 message=FORMAL_SESSION_PREPARED participant=A038 rel=514.417 unix=1781593813427 bjt=2026-06-16T15:10:13.427+08:00 edf=FM151013.EDF source=ue_formal calibration_complete=0
2026-06-16T15:10:13.427+08:00 FORMAL_EDF_MARKER sdk=1 host=1 opened=1 sent=1 message=CALIBRATION_REQUESTED participant=A038 rel=514.417 unix=1781593813427 bjt=2026-06-16T15:10:13.427+08:00 edf=FM151013.EDF source=ue_formal open_result=0
2026-06-16T15:10:13.428+08:00 CALIBRATION step=REQUESTED success=1 note=run_eyelink_tracker_setup
2026-06-16T15:10:13.428+08:00 CALIBRATION step=HOST_CONNECTED success=1 sdk=1 host=1 graphics=1
2026-06-16T15:10:13.434+08:00 CALIBRATION_DISPLAY_INIT success=1 result=0 error=
2026-06-16T15:10:13.434+08:00 CALIBRATION_DISPLAY_LIST count=2 requested_index=1 explicit=1
2026-06-16T15:10:13.435+08:00 CALIBRATION_DISPLAY index=0 name=Dell XPS 15 SDC414D Display bounds_result=0 x=0 y=0 w=1920 h=1080 mode_result=0 mode_w=1920 mode_h=1080 refresh=60
2026-06-16T15:10:13.435+08:00 CALIBRATION_DISPLAY index=1 name=Acer GR235H bounds_result=0 x=0 y=-1080 w=1920 h=1080 mode_result=0 mode_w=1920 mode_h=1080 refresh=60
2026-06-16T15:10:13.576+08:00 CALIBRATION step=GRAPHICS_INITIALIZED success=1 result=0 explicit_request=1 display_index=1 window_ptr=0000019A80503058 width=1920 height=1080 bits=32 refresh=60.00
2026-06-16T15:10:13.598+08:00 CALIBRATION step=REGISTERED_WINDOW_MOVED success=1 requested_display=1 actual_display=1 requested_x=0 requested_y=-1080 requested_w=1920 requested_h=1080 actual_x=0 actual_y=-1080 actual_w=1920 actual_h=1080
2026-06-16T15:10:13.602+08:00 FORMAL_EDF_MARKER sdk=1 host=1 opened=1 sent=1 message=CALIBRATION_SETUP_START participant=A038 rel=514.417 unix=1781593813601 bjt=2026-06-16T15:10:13.601+08:00 edf=FM151013.EDF source=ue_formal calibration_type=HV9 width=1920 height=1080
2026-06-16T15:10:13.602+08:00 CALIBRATION step=TRACKER_SETUP_BEGIN success=1 detail=call_do_tracker_setup
2026-06-16T15:13:39.548+08:00 CALIBRATION step=TRACKER_SETUP_RETURNED success=1 result=0
2026-06-16T15:13:39.548+08:00 FORMAL_EDF_MARKER sdk=1 host=1 opened=1 sent=1 message=CALIBRATION_SETUP_END participant=A038 rel=514.417 unix=1781594019548 bjt=2026-06-16T15:13:39.548+08:00 edf=FM151013.EDF source=ue_formal setup_result=0
2026-06-16T15:13:41.589+08:00 CALIBRATION step=GRAPHICS_CLOSED success=1
2026-06-16T15:13:41.589+08:00 CALIBRATION step=CALIBRATION_WINDOW_DESTROYED success=1
2026-06-16T15:13:41.590+08:00 CALIBRATION step=FINISHED success=1 result=0
2026-06-16T15:13:41.590+08:00 FORMAL_EDF_MARKER sdk=1 host=1 opened=1 sent=1 message=CALIBRATION_STATUS participant=A038 rel=514.417 unix=1781594021590 bjt=2026-06-16T15:13:41.590+08:00 edf=FM151013.EDF source=ue_formal calibration_complete=1
2026-06-16T15:13:41.590+08:00 FORMAL_CALIBRATION step=FINISHED success=1 participant=A038 edf=FM151013.EDF open_result=0
2026-06-16T15:13:41.590+08:00 STATUS start_ui_status sdk=connected host=connected log=../../../../../../Project/UE5/Gallery/Saved/ExperimentLogs/EyeLinkMarkers_20260616_150137_518.log
2026-06-16T15:14:14.068+08:00 FORMAL_RECORDING step=EDF_ALREADY_OPEN success=1 participant=A038 edf=FM151013.EDF source=calibration_button calibration_complete=1
2026-06-16T15:14:14.069+08:00 FORMAL_EDF_MARKER sdk=1 host=1 opened=1 sent=1 message=CALIBRATION_REQUESTED participant=A038 rel=546.714 unix=1781594054068 bjt=2026-06-16T15:14:14.068+08:00 edf=FM151013.EDF source=ue_formal open_result=0
2026-06-16T15:14:14.069+08:00 CALIBRATION step=REQUESTED success=1 note=run_eyelink_tracker_setup
2026-06-16T15:14:14.069+08:00 CALIBRATION step=HOST_CONNECTED success=1 sdk=1 host=1 graphics=1
2026-06-16T15:14:14.076+08:00 CALIBRATION_DISPLAY_INIT success=1 result=0 error=
2026-06-16T15:14:14.076+08:00 CALIBRATION_DISPLAY_LIST count=2 requested_index=1 explicit=1
2026-06-16T15:14:14.076+08:00 CALIBRATION_DISPLAY index=0 name=Dell XPS 15 SDC414D Display bounds_result=0 x=0 y=0 w=1920 h=1080 mode_result=0 mode_w=1920 mode_h=1080 refresh=60
2026-06-16T15:14:14.076+08:00 CALIBRATION_DISPLAY index=1 name=Acer GR235H bounds_result=0 x=0 y=-1080 w=1920 h=1080 mode_result=0 mode_w=1920 mode_h=1080 refresh=60
2026-06-16T15:14:14.192+08:00 CALIBRATION step=GRAPHICS_INITIALIZED success=1 result=0 explicit_request=1 display_index=1 window_ptr=0000019A805033D8 width=1920 height=1080 bits=32 refresh=60.00
2026-06-16T15:14:14.204+08:00 CALIBRATION step=REGISTERED_WINDOW_MOVED success=1 requested_display=1 actual_display=1 requested_x=0 requested_y=-1080 requested_w=1920 requested_h=1080 actual_x=0 actual_y=-1080 actual_w=1920 actual_h=1080
2026-06-16T15:14:14.225+08:00 FORMAL_EDF_MARKER sdk=1 host=1 opened=1 sent=1 message=CALIBRATION_SETUP_START participant=A038 rel=546.714 unix=1781594054225 bjt=2026-06-16T15:14:14.225+08:00 edf=FM151013.EDF source=ue_formal calibration_type=HV9 width=1920 height=1080
2026-06-16T15:14:14.225+08:00 CALIBRATION step=TRACKER_SETUP_BEGIN success=1 detail=call_do_tracker_setup
2026-06-16T15:14:46.028+08:00 CALIBRATION step=TRACKER_SETUP_RETURNED success=1 result=0
2026-06-16T15:14:46.028+08:00 FORMAL_EDF_MARKER sdk=1 host=1 opened=1 sent=1 message=CALIBRATION_SETUP_END participant=A038 rel=546.714 unix=1781594086028 bjt=2026-06-16T15:14:46.028+08:00 edf=FM151013.EDF source=ue_formal setup_result=0
2026-06-16T15:14:48.070+08:00 CALIBRATION step=GRAPHICS_CLOSED success=1
2026-06-16T15:14:48.070+08:00 CALIBRATION step=CALIBRATION_WINDOW_DESTROYED success=1
2026-06-16T15:14:48.071+08:00 CALIBRATION step=FINISHED success=1 result=0
2026-06-16T15:14:48.071+08:00 FORMAL_EDF_MARKER sdk=1 host=1 opened=1 sent=1 message=CALIBRATION_STATUS participant=A038 rel=546.714 unix=1781594088071 bjt=2026-06-16T15:14:48.071+08:00 edf=FM151013.EDF source=ue_formal calibration_complete=1
2026-06-16T15:14:48.071+08:00 FORMAL_CALIBRATION step=FINISHED success=1 participant=A038 edf=FM151013.EDF open_result=0
2026-06-16T15:14:48.071+08:00 STATUS start_ui_status sdk=connected host=connected log=../../../../../../Project/UE5/Gallery/Saved/ExperimentLogs/EyeLinkMarkers_20260616_150137_518.log
2026-06-16T15:14:55.324+08:00 FORMAL_RECORDING step=EDF_ALREADY_OPEN success=1 participant=A038 edf=FM151013.EDF source=start_button_preopened calibration_complete=1
2026-06-16T15:14:55.333+08:00 FORMAL_RECORDING step=RECORDING_STARTED success=1 result=0 edf=FM151013.EDF preopened=1 calibration_complete=1
2026-06-16T15:14:55.333+08:00 MARKER sdk=1 host=1 enabled=1 sent=1 result=0 message=FORMAL_RECORDING_START participant=A038 rel=553.965 unix=1781594095333 bjt=2026-06-16T15:14:55.333+08:00 edf=FM151013.EDF source=ue_formal open_result=0 record_result=0 edf_preopened=1 calibration_complete=1
2026-06-16T15:14:55.333+08:00 STATUS formal_recording_start_requested participant=A038 success=1 edf=FM151013.EDF calibration_complete=1
2026-06-16T15:14:55.333+08:00 STATUS start_ui_status sdk=connected host=connected log=../../../../../../Project/UE5/Gallery/Saved/ExperimentLogs/EyeLinkMarkers_20260616_150137_518.log
2026-06-16T15:14:55.333+08:00 MARKER sdk=1 host=1 enabled=1 sent=1 result=0 message=RECORDING_TIME_REFERENCE participant=A038 output_id=A038 rel=553.965 unix=1781594095333 bjt=2026-06-16T15:14:55.333+08:00 source=ue_session_start
2026-06-16T15:14:55.333+08:00 MARKER sdk=1 host=1 enabled=1 sent=1 result=0 message=SESSION_START participant=A038 output_id=A038 rel=553.965 unix=1781594095333 bjt=2026-06-16T15:14:55.333+08:00
2026-06-16T15:14:55.334+08:00 MARKER sdk=1 host=1 enabled=1 sent=1 result=0 message=EXPERIMENT_RUN_MODE EXP1_THEN_EXP2
2026-06-16T15:14:55.340+08:00 MARKER sdk=1 host=1 enabled=1 sent=1 result=0 message=SCREEN_RECORDING_REQUEST enabled=1 started=1 participant=A038 output_id=A038
2026-06-16T15:15:59.134+08:00 MARKER sdk=1 host=1 enabled=1 sent=1 result=0 message=TRIALID T001
2026-06-16T15:15:59.135+08:00 MARKER sdk=1 host=1 enabled=1 sent=1 result=0 message=EVENT LOADING_INTERACT trial=T001 rel=617.793 unix=1781594159161 bjt=2026-06-16T15:15:59.161+08:00
2026-06-16T15:15:59.135+08:00 MARKER sdk=1 host=1 enabled=1 sent=1 result=0 message=EVENT LOADING_START trial=T001 rel=617.793 unix=1781594159161 bjt=2026-06-16T15:15:59.161+08:00
2026-06-16T15:15:59.135+08:00 MARKER sdk=1 host=1 enabled=1 sent=1 result=0 message=TRIAL_META exp=EXP1 participant=A038 participant_output_id=A038 exhibit_id=Ex1_TEST exhibit_name=测试展品 condition=A latin_group=NA sequence_index=-1 sequence_label=NA
2026-06-16T15:16:01.133+08:00 MARKER sdk=1 host=1 enabled=1 sent=1 result=0 message=EVENT LOADING_COMPLETE trial=T001 rel=619.792 unix=1781594161160 bjt=2026-06-16T15:16:01.159+08:00
2026-06-16T15:16:03.042+08:00 MARKER sdk=1 host=1 enabled=1 sent=1 result=0 message=EVENT VIEWER_ENTER trial=T001 rel=621.698 unix=1781594163066 bjt=2026-06-16T15:16:03.065+08:00
2026-06-16T15:16:03.043+08:00 MARKER sdk=1 host=1 enabled=1 sent=1 result=0 message=EVENT QUESTION_START trial=T001 rel=621.698 unix=1781594163066 bjt=2026-06-16T15:16:03.065+08:00 q=1 total=2 correct_index=-1 correct_label=NotAnswered
2026-06-16T15:16:23.906+08:00 MARKER sdk=1 host=1 enabled=1 sent=1 result=0 message=EVENT QUESTION_SUBMIT trial=T001 rel=642.549 unix=1781594183917 bjt=2026-06-16T15:16:23.917+08:00 q=1 option=A correct_index=-1 correct_label=NotAnswered is_correct=-1
2026-06-16T15:16:23.906+08:00 MARKER sdk=1 host=1 enabled=1 sent=1 result=0 message=EVENT QUESTION_START trial=T001 rel=642.549 unix=1781594183917 bjt=2026-06-16T15:16:23.917+08:00 q=2 total=2 correct_index=-1 correct_label=NotAnswered
2026-06-16T15:16:43.255+08:00 MARKER sdk=1 host=1 enabled=1 sent=1 result=0 message=EVENT QUESTION_SUBMIT trial=T001 rel=661.898 unix=1781594203266 bjt=2026-06-16T15:16:43.266+08:00 q=2 option=B correct_index=-1 correct_label=NotAnswered is_correct=-1
2026-06-16T15:16:45.838+08:00 MARKER sdk=1 host=1 enabled=1 sent=1 result=0 message=EVENT VIEWER_EXIT trial=T001 rel=664.496 unix=1781594205864 bjt=2026-06-16T15:16:45.864+08:00
2026-06-16T15:16:45.838+08:00 MARKER sdk=1 host=1 enabled=1 sent=1 result=0 message=EVENT TRIAL_RESULT trial=T001 rel=664.496 unix=1781594205864 bjt=2026-06-16T15:16:45.864+08:00 rows=2
2026-06-16T15:18:01.120+08:00 MARKER sdk=1 host=1 enabled=1 sent=1 result=0 message=TRIALID T002
2026-06-16T15:18:01.121+08:00 MARKER sdk=1 host=1 enabled=1 sent=1 result=0 message=EVENT LOADING_INTERACT trial=T002 rel=739.778 unix=1781594281147 bjt=2026-06-16T15:18:01.146+08:00
2026-06-16T15:18:01.121+08:00 MARKER sdk=1 host=1 enabled=1 sent=1 result=0 message=EVENT LOADING_START trial=T002 rel=739.778 unix=1781594281147 bjt=2026-06-16T15:18:01.146+08:00
2026-06-16T15:18:01.122+08:00 MARKER sdk=1 host=1 enabled=1 sent=1 result=0 message=TRIAL_META exp=EXP1 participant=A038 participant_output_id=A038 exhibit_id=01 exhibit_name=半岛香炉 condition=A_PLUS latin_group=G2 sequence_index=1 sequence_label=G2_T01
2026-06-16T15:18:11.105+08:00 MARKER sdk=1 host=1 enabled=1 sent=1 result=0 message=EVENT LOADING_COMPLETE trial=T002 rel=749.764 unix=1781594291132 bjt=2026-06-16T15:18:11.131+08:00
2026-06-16T15:18:15.537+08:00 MARKER sdk=1 host=1 enabled=1 sent=1 result=0 message=EVENT VIEWER_ENTER trial=T002 rel=754.195 unix=1781594295563 bjt=2026-06-16T15:18:15.563+08:00
2026-06-16T15:18:15.537+08:00 MARKER sdk=1 host=1 enabled=1 sent=1 result=0 message=EVENT QUESTION_START trial=T002 rel=754.195 unix=1781594295563 bjt=2026-06-16T15:18:15.563+08:00 q=1 total=2 correct_index=1 correct_label=B
2026-06-16T15:18:25.643+08:00 MARKER sdk=1 host=1 enabled=1 sent=1 result=0 message=EVENT QUESTION_SUBMIT trial=T002 rel=764.286 unix=1781594305654 bjt=2026-06-16T15:18:25.654+08:00 q=1 option=A correct_index=1 correct_label=B is_correct=0
2026-06-16T15:18:25.644+08:00 MARKER sdk=1 host=1 enabled=1 sent=1 result=0 message=EVENT QUESTION_START trial=T002 rel=764.286 unix=1781594305654 bjt=2026-06-16T15:18:25.654+08:00 q=2 total=2 correct_index=1 correct_label=B
2026-06-16T15:18:35.050+08:00 MARKER sdk=1 host=1 enabled=1 sent=1 result=0 message=EVENT QUESTION_SUBMIT trial=T002 rel=773.694 unix=1781594315062 bjt=2026-06-16T15:18:35.061+08:00 q=2 option=A correct_index=1 correct_label=B is_correct=0
2026-06-16T15:18:38.789+08:00 MARKER sdk=1 host=1 enabled=1 sent=1 result=0 message=EVENT VIEWER_EXIT trial=T002 rel=777.447 unix=1781594318815 bjt=2026-06-16T15:18:38.815+08:00
2026-06-16T15:18:38.789+08:00 MARKER sdk=1 host=1 enabled=1 sent=1 result=0 message=EVENT TRIAL_RESULT trial=T002 rel=777.447 unix=1781594318815 bjt=2026-06-16T15:18:38.815+08:00 rows=2
2026-06-16T15:20:15.674+08:00 MARKER sdk=1 host=1 enabled=1 sent=1 result=0 message=TRIALID T003
2026-06-16T15:20:15.674+08:00 MARKER sdk=1 host=1 enabled=1 sent=1 result=0 message=EVENT LOADING_INTERACT trial=T003 rel=874.323 unix=1781594415691 bjt=2026-06-16T15:20:15.691+08:00
2026-06-16T15:20:15.675+08:00 MARKER sdk=1 host=1 enabled=1 sent=1 result=0 message=EVENT LOADING_START trial=T003 rel=874.323 unix=1781594415691 bjt=2026-06-16T15:20:15.691+08:00
2026-06-16T15:20:15.675+08:00 MARKER sdk=1 host=1 enabled=1 sent=1 result=0 message=TRIAL_META exp=EXP1 participant=A038 participant_output_id=A038 exhibit_id=02 exhibit_name=中国青铜器 condition=B latin_group=G2 sequence_index=2 sequence_label=G2_T02
2026-06-16T15:20:25.660+08:00 MARKER sdk=1 host=1 enabled=1 sent=1 result=0 message=EVENT LOADING_COMPLETE trial=T003 rel=884.318 unix=1781594425687 bjt=2026-06-16T15:20:25.686+08:00
2026-06-16T15:20:39.542+08:00 MARKER sdk=1 host=1 enabled=1 sent=1 result=0 message=EVENT VIEWER_ENTER trial=T003 rel=898.200 unix=1781594439568 bjt=2026-06-16T15:20:39.568+08:00
2026-06-16T15:20:39.542+08:00 MARKER sdk=1 host=1 enabled=1 sent=1 result=0 message=EVENT QUESTION_START trial=T003 rel=898.200 unix=1781594439568 bjt=2026-06-16T15:20:39.568+08:00 q=1 total=2 correct_index=1 correct_label=B
2026-06-16T15:20:59.277+08:00 MARKER sdk=1 host=1 enabled=1 sent=1 result=0 message=EVENT QUESTION_SUBMIT trial=T003 rel=917.920 unix=1781594459288 bjt=2026-06-16T15:20:59.287+08:00 q=1 option=A correct_index=1 correct_label=B is_correct=0
2026-06-16T15:20:59.277+08:00 MARKER sdk=1 host=1 enabled=1 sent=1 result=0 message=EVENT QUESTION_START trial=T003 rel=917.920 unix=1781594459288 bjt=2026-06-16T15:20:59.287+08:00 q=2 total=2 correct_index=1 correct_label=B
2026-06-16T15:21:17.353+08:00 MARKER sdk=1 host=1 enabled=1 sent=1 result=0 message=EVENT QUESTION_SUBMIT trial=T003 rel=935.996 unix=1781594477364 bjt=2026-06-16T15:21:17.364+08:00 q=2 option=B correct_index=1 correct_label=B is_correct=1
2026-06-16T15:21:20.776+08:00 MARKER sdk=1 host=1 enabled=1 sent=1 result=0 message=EVENT VIEWER_EXIT trial=T003 rel=939.433 unix=1781594480801 bjt=2026-06-16T15:21:20.801+08:00
2026-06-16T15:21:20.776+08:00 MARKER sdk=1 host=1 enabled=1 sent=1 result=0 message=EVENT TRIAL_RESULT trial=T003 rel=939.433 unix=1781594480801 bjt=2026-06-16T15:21:20.801+08:00 rows=2
2026-06-16T15:22:35.778+08:00 MARKER sdk=1 host=1 enabled=1 sent=1 result=0 message=TRIALID T004
2026-06-16T15:22:35.779+08:00 MARKER sdk=1 host=1 enabled=1 sent=1 result=0 message=EVENT LOADING_INTERACT trial=T004 rel=1014.438 unix=1781594555806 bjt=2026-06-16T15:22:35.805+08:00
2026-06-16T15:22:35.779+08:00 MARKER sdk=1 host=1 enabled=1 sent=1 result=0 message=EVENT LOADING_START trial=T004 rel=1014.438 unix=1781594555806 bjt=2026-06-16T15:22:35.805+08:00
2026-06-16T15:22:35.779+08:00 MARKER sdk=1 host=1 enabled=1 sent=1 result=0 message=EVENT VIEWER_ENTER trial=T004 rel=1014.438 unix=1781594555806 bjt=2026-06-16T15:22:35.805+08:00 mode=progressive_no_progress_bar
2026-06-16T15:22:35.780+08:00 MARKER sdk=1 host=1 enabled=1 sent=1 result=0 message=TRIAL_META exp=EXP1 participant=A038 participant_output_id=A038 exhibit_id=03 exhibit_name=希腊陶具 condition=C_MINUS latin_group=G2 sequence_index=3 sequence_label=G2_T03
2026-06-16T15:22:41.783+08:00 MARKER sdk=1 host=1 enabled=1 sent=1 result=0 message=EVENT PROGRESSIVE_USABLE trial=T004 rel=1020.437 unix=1781594561805 bjt=2026-06-16T15:22:41.805+08:00
2026-06-16T15:22:41.784+08:00 MARKER sdk=1 host=1 enabled=1 sent=1 result=0 message=EVENT QUESTION_START trial=T004 rel=1020.437 unix=1781594561805 bjt=2026-06-16T15:22:41.805+08:00 q=1 total=2 correct_index=0 correct_label=A
2026-06-16T15:22:45.777+08:00 MARKER sdk=1 host=1 enabled=1 sent=1 result=0 message=EVENT LOADING_COMPLETE trial=T004 rel=1024.434 unix=1781594565802 bjt=2026-06-16T15:22:45.802+08:00
2026-06-16T15:23:00.628+08:00 MARKER sdk=1 host=1 enabled=1 sent=1 result=0 message=EVENT QUESTION_SUBMIT trial=T004 rel=1039.269 unix=1781594580637 bjt=2026-06-16T15:23:00.636+08:00 q=1 option=A correct_index=0 correct_label=A is_correct=1
2026-06-16T15:23:00.629+08:00 MARKER sdk=1 host=1 enabled=1 sent=1 result=0 message=EVENT QUESTION_START trial=T004 rel=1039.269 unix=1781594580637 bjt=2026-06-16T15:23:00.636+08:00 q=2 total=2 correct_index=2 correct_label=C
2026-06-16T15:23:04.783+08:00 MARKER sdk=1 host=1 enabled=1 sent=1 result=0 message=EVENT QUESTION_SUBMIT trial=T004 rel=1043.425 unix=1781594584793 bjt=2026-06-16T15:23:04.792+08:00 q=2 option=C correct_index=2 correct_label=C is_correct=1
2026-06-16T15:23:08.326+08:00 MARKER sdk=1 host=1 enabled=1 sent=1 result=0 message=EVENT VIEWER_EXIT trial=T004 rel=1046.985 unix=1781594588353 bjt=2026-06-16T15:23:08.352+08:00
2026-06-16T15:23:08.328+08:00 MARKER sdk=1 host=1 enabled=1 sent=1 result=0 message=EVENT TRIAL_RESULT trial=T004 rel=1046.985 unix=1781594588353 bjt=2026-06-16T15:23:08.352+08:00 rows=2
2026-06-16T15:24:23.845+08:00 MARKER sdk=1 host=1 enabled=1 sent=1 result=0 message=TRIALID T005
2026-06-16T15:24:23.845+08:00 MARKER sdk=1 host=1 enabled=1 sent=1 result=0 message=EVENT LOADING_INTERACT trial=T005 rel=1122.504 unix=1781594663872 bjt=2026-06-16T15:24:23.872+08:00
2026-06-16T15:24:23.846+08:00 MARKER sdk=1 host=1 enabled=1 sent=1 result=0 message=EVENT LOADING_START trial=T005 rel=1122.504 unix=1781594663872 bjt=2026-06-16T15:24:23.872+08:00
2026-06-16T15:24:23.846+08:00 MARKER sdk=1 host=1 enabled=1 sent=1 result=0 message=EVENT VIEWER_ENTER trial=T005 rel=1122.504 unix=1781594663872 bjt=2026-06-16T15:24:23.872+08:00 mode=progressive
2026-06-16T15:24:23.846+08:00 MARKER sdk=1 host=1 enabled=1 sent=1 result=0 message=TRIAL_META exp=EXP1 participant=A038 participant_output_id=A038 exhibit_id=04 exhibit_name=中国花瓶 condition=C latin_group=G2 sequence_index=4 sequence_label=G2_T04
2026-06-16T15:24:29.847+08:00 MARKER sdk=1 host=1 enabled=1 sent=1 result=0 message=EVENT PROGRESSIVE_USABLE trial=T005 rel=1128.504 unix=1781594669872 bjt=2026-06-16T15:24:29.872+08:00
2026-06-16T15:24:29.850+08:00 MARKER sdk=1 host=1 enabled=1 sent=1 result=0 message=EVENT QUESTION_START trial=T005 rel=1128.504 unix=1781594669872 bjt=2026-06-16T15:24:29.872+08:00 q=1 total=2 correct_index=2 correct_label=C
2026-06-16T15:24:33.835+08:00 MARKER sdk=1 host=1 enabled=1 sent=1 result=0 message=EVENT LOADING_COMPLETE trial=T005 rel=1132.493 unix=1781594673861 bjt=2026-06-16T15:24:33.860+08:00
2026-06-16T15:25:04.529+08:00 MARKER sdk=1 host=1 enabled=1 sent=1 result=0 message=EVENT QUESTION_SUBMIT trial=T005 rel=1163.172 unix=1781594704540 bjt=2026-06-16T15:25:04.539+08:00 q=1 option=C correct_index=2 correct_label=C is_correct=1
2026-06-16T15:25:04.529+08:00 MARKER sdk=1 host=1 enabled=1 sent=1 result=0 message=EVENT QUESTION_START trial=T005 rel=1163.172 unix=1781594704540 bjt=2026-06-16T15:25:04.539+08:00 q=2 total=2 correct_index=3 correct_label=D
2026-06-16T15:25:10.726+08:00 MARKER sdk=1 host=1 enabled=1 sent=1 result=0 message=EVENT QUESTION_SUBMIT trial=T005 rel=1169.369 unix=1781594710737 bjt=2026-06-16T15:25:10.736+08:00 q=2 option=D correct_index=3 correct_label=D is_correct=1
2026-06-16T15:25:13.683+08:00 MARKER sdk=1 host=1 enabled=1 sent=1 result=0 message=EVENT VIEWER_EXIT trial=T005 rel=1172.342 unix=1781594713710 bjt=2026-06-16T15:25:13.710+08:00
2026-06-16T15:25:13.683+08:00 MARKER sdk=1 host=1 enabled=1 sent=1 result=0 message=EVENT TRIAL_RESULT trial=T005 rel=1172.342 unix=1781594713710 bjt=2026-06-16T15:25:13.710+08:00 rows=2
2026-06-16T15:26:22.978+08:00 MARKER sdk=1 host=1 enabled=1 sent=1 result=0 message=TRIALID T006
2026-06-16T15:26:22.979+08:00 MARKER sdk=1 host=1 enabled=1 sent=1 result=0 message=EVENT LOADING_INTERACT trial=T006 rel=1241.637 unix=1781594783005 bjt=2026-06-16T15:26:23.004+08:00
2026-06-16T15:26:22.979+08:00 MARKER sdk=1 host=1 enabled=1 sent=1 result=0 message=EVENT LOADING_START trial=T006 rel=1241.637 unix=1781594783005 bjt=2026-06-16T15:26:23.004+08:00
2026-06-16T15:26:22.979+08:00 MARKER sdk=1 host=1 enabled=1 sent=1 result=0 message=TRIAL_META exp=EXP1 participant=A038 participant_output_id=A038 exhibit_id=05 exhibit_name=雅典双耳罐 condition=A latin_group=G2 sequence_index=5 sequence_label=G2_T05
2026-06-16T15:26:32.979+08:00 MARKER sdk=1 host=1 enabled=1 sent=1 result=0 message=EVENT LOADING_COMPLETE trial=T006 rel=1251.638 unix=1781594793006 bjt=2026-06-16T15:26:33.005+08:00
2026-06-16T15:26:41.437+08:00 MARKER sdk=1 host=1 enabled=1 sent=1 result=0 message=EVENT VIEWER_ENTER trial=T006 rel=1260.094 unix=1781594801462 bjt=2026-06-16T15:26:41.462+08:00
2026-06-16T15:26:41.437+08:00 MARKER sdk=1 host=1 enabled=1 sent=1 result=0 message=EVENT QUESTION_START trial=T006 rel=1260.094 unix=1781594801462 bjt=2026-06-16T15:26:41.462+08:00 q=1 total=2 correct_index=0 correct_label=A
2026-06-16T15:26:56.757+08:00 MARKER sdk=1 host=1 enabled=1 sent=1 result=0 message=EVENT QUESTION_SUBMIT trial=T006 rel=1275.400 unix=1781594816768 bjt=2026-06-16T15:26:56.768+08:00 q=1 option=A correct_index=0 correct_label=A is_correct=1
2026-06-16T15:26:56.757+08:00 MARKER sdk=1 host=1 enabled=1 sent=1 result=0 message=EVENT QUESTION_START trial=T006 rel=1275.400 unix=1781594816768 bjt=2026-06-16T15:26:56.768+08:00 q=2 total=2 correct_index=2 correct_label=C
2026-06-16T15:27:04.105+08:00 MARKER sdk=1 host=1 enabled=1 sent=1 result=0 message=EVENT QUESTION_SUBMIT trial=T006 rel=1282.748 unix=1781594824116 bjt=2026-06-16T15:27:04.116+08:00 q=2 option=C correct_index=2 correct_label=C is_correct=1
2026-06-16T15:27:05.952+08:00 MARKER sdk=1 host=1 enabled=1 sent=1 result=0 message=EVENT VIEWER_EXIT trial=T006 rel=1284.611 unix=1781594825980 bjt=2026-06-16T15:27:05.979+08:00
2026-06-16T15:27:05.953+08:00 MARKER sdk=1 host=1 enabled=1 sent=1 result=0 message=EVENT TRIAL_RESULT trial=T006 rel=1284.611 unix=1781594825980 bjt=2026-06-16T15:27:05.979+08:00 rows=2
2026-06-16T15:34:49.413+08:00 MARKER sdk=1 host=1 enabled=1 sent=1 result=0 message=TRIALID Exp2_001
2026-06-16T15:34:49.415+08:00 MARKER sdk=1 host=1 enabled=1 sent=1 result=0 message=EVENT EXP2_LOADING_START trial_id=Exp2_001 rel=1748.070312 unix=1781595289438 bjt=2026-06-16T15:34:49.438+08:00 condition=E1_SPATIAL_PROGRESSIVE
2026-06-16T15:34:49.416+08:00 MARKER sdk=1 host=1 enabled=1 sent=1 result=0 message=TRIAL_META exp=EXP2 participant=A038 participant_output_id=A038 trial_id=Exp2_001 condition=E1_SPATIAL_PROGRESSIVE spatial_continuity=1 progressive_availability=1
2026-06-16T15:34:49.416+08:00 MARKER sdk=1 host=1 enabled=1 sent=1 result=0 message=TRIAL_META_TASK trial_id=Exp2_001 target_index=1 target_display_index=1 target_content_index=1 target_label=左脸
2026-06-16T15:34:49.416+08:00 MARKER sdk=1 host=1 enabled=1 sent=1 result=0 message=TRIAL_META_SEQUENCE trial_id=Exp2_001 slot_permutation=1:1|2:2|3:3|4:4 sequence_group=1 sequence_index=1
2026-06-16T15:34:53.410+08:00 MARKER sdk=1 host=1 enabled=1 sent=1 result=0 message=EVENT EXP2_OBJECT_STAGE_CHANGED trial_id=Exp2_001 rel=1752.066895 unix=1781595293435 bjt=2026-06-16T15:34:53.435+08:00 condition=E1_SPATIAL_PROGRESSIVE object_index=1 previous_stage=0 new_stage=1 progress=0.334680 object_stages=1:1|2:0|3:0|
2026-06-16T15:34:53.412+08:00 MARKER sdk=1 host=1 enabled=1 sent=1 result=0 message=EVENT EXP2_STAGE_1_START trial_id=Exp2_001 rel=1752.066895 unix=1781595293435 bjt=2026-06-16T15:34:53.435+08:00 condition=E1_SPATIAL_PROGRESSIVE stage=1 first_object_index=1 progress=0.334680 object_stages=1:1|2:0|3:0|4:0
2026-06-16T15:34:53.413+08:00 MARKER sdk=1 host=1 enabled=1 sent=1 result=0 message=EVENT EXP2_OBJECT_STAGE_CHANGED trial_id=Exp2_001 rel=1752.066895 unix=1781595293435 bjt=2026-06-16T15:34:53.435+08:00 condition=E1_SPATIAL_PROGRESSIVE object_index=2 previous_stage=0 new_stage=1 progress=0.334680 object_stages=1:1|2:1|3:0|
2026-06-16T15:34:53.414+08:00 MARKER sdk=1 host=1 enabled=1 sent=1 result=0 message=EVENT EXP2_OBJECT_STAGE_CHANGED trial_id=Exp2_001 rel=1752.066895 unix=1781595293435 bjt=2026-06-16T15:34:53.435+08:00 condition=E1_SPATIAL_PROGRESSIVE object_index=3 previous_stage=0 new_stage=1 progress=0.334680 object_stages=1:1|2:1|3:1|
2026-06-16T15:34:53.415+08:00 MARKER sdk=1 host=1 enabled=1 sent=1 result=0 message=EVENT EXP2_OBJECT_STAGE_CHANGED trial_id=Exp2_001 rel=1752.066895 unix=1781595293435 bjt=2026-06-16T15:34:53.435+08:00 condition=E1_SPATIAL_PROGRESSIVE object_index=4 previous_stage=0 new_stage=1 progress=0.334680 object_stages=1:1|2:1|3:1|
2026-06-16T15:34:55.405+08:00 MARKER sdk=1 host=1 enabled=1 sent=1 result=0 message=EVENT EXP2_OBJECT_STAGE_CHANGED trial_id=Exp2_001 rel=1754.062866 unix=1781595295431 bjt=2026-06-16T15:34:55.431+08:00 condition=E1_SPATIAL_PROGRESSIVE object_index=1 previous_stage=1 new_stage=2 progress=0.501015 object_stages=1:2|2:1|3:1|
2026-06-16T15:34:55.406+08:00 MARKER sdk=1 host=1 enabled=1 sent=1 result=0 message=EVENT EXP2_STAGE_2_START trial_id=Exp2_001 rel=1754.062866 unix=1781595295431 bjt=2026-06-16T15:34:55.431+08:00 condition=E1_SPATIAL_PROGRESSIVE stage=2 first_object_index=1 progress=0.501015 object_stages=1:2|2:1|3:1|4:1
2026-06-16T15:34:55.407+08:00 MARKER sdk=1 host=1 enabled=1 sent=1 result=0 message=EVENT EXP2_PROGRESSIVE_USABLE trial_id=Exp2_001 rel=1754.062866 unix=1781595295431 bjt=2026-06-16T15:34:55.431+08:00 condition=E1_SPATIAL_PROGRESSIVE target_display_index=1 target_content_index=1 target_label=左脸 stage=2 progress=0.501015
2026-06-16T15:34:55.408+08:00 MARKER sdk=1 host=1 enabled=1 sent=1 result=0 message=EVENT EXP2_OBJECT_STAGE_CHANGED trial_id=Exp2_001 rel=1754.062866 unix=1781595295431 bjt=2026-06-16T15:34:55.431+08:00 condition=E1_SPATIAL_PROGRESSIVE object_index=2 previous_stage=1 new_stage=2 progress=0.501015 object_stages=1:2|2:2|3:1|
2026-06-16T15:34:55.410+08:00 MARKER sdk=1 host=1 enabled=1 sent=1 result=0 message=EVENT EXP2_OBJECT_STAGE_CHANGED trial_id=Exp2_001 rel=1754.062866 unix=1781595295431 bjt=2026-06-16T15:34:55.431+08:00 condition=E1_SPATIAL_PROGRESSIVE object_index=3 previous_stage=1 new_stage=2 progress=0.501015 object_stages=1:2|2:2|3:2|
2026-06-16T15:34:55.412+08:00 MARKER sdk=1 host=1 enabled=1 sent=1 result=0 message=EVENT EXP2_OBJECT_STAGE_CHANGED trial_id=Exp2_001 rel=1754.062866 unix=1781595295431 bjt=2026-06-16T15:34:55.431+08:00 condition=E1_SPATIAL_PROGRESSIVE object_index=4 previous_stage=1 new_stage=2 progress=0.501015 object_stages=1:2|2:2|3:2|
2026-06-16T15:35:01.410+08:00 MARKER sdk=1 host=1 enabled=1 sent=1 result=0 message=EVENT EXP2_OBJECT_STAGE_CHANGED trial_id=Exp2_001 rel=1760.068359 unix=1781595301437 bjt=2026-06-16T15:35:01.436+08:00 condition=E1_SPATIAL_PROGRESSIVE object_index=1 previous_stage=2 new_stage=3 progress=1.000000 object_stages=1:3|2:2|3:2|
2026-06-16T15:35:01.411+08:00 MARKER sdk=1 host=1 enabled=1 sent=1 result=0 message=EVENT EXP2_STAGE_3_START trial_id=Exp2_001 rel=1760.068359 unix=1781595301437 bjt=2026-06-16T15:35:01.436+08:00 condition=E1_SPATIAL_PROGRESSIVE stage=3 first_object_index=1 progress=1.000000 object_stages=1:3|2:2|3:2|4:2
2026-06-16T15:35:01.412+08:00 MARKER sdk=1 host=1 enabled=1 sent=1 result=0 message=EVENT EXP2_OBJECT_STAGE_CHANGED trial_id=Exp2_001 rel=1760.068359 unix=1781595301437 bjt=2026-06-16T15:35:01.436+08:00 condition=E1_SPATIAL_PROGRESSIVE object_index=2 previous_stage=2 new_stage=3 progress=1.000000 object_stages=1:3|2:3|3:2|
2026-06-16T15:35:01.413+08:00 MARKER sdk=1 host=1 enabled=1 sent=1 result=0 message=EVENT EXP2_OBJECT_STAGE_CHANGED trial_id=Exp2_001 rel=1760.068359 unix=1781595301437 bjt=2026-06-16T15:35:01.436+08:00 condition=E1_SPATIAL_PROGRESSIVE object_index=3 previous_stage=2 new_stage=3 progress=1.000000 object_stages=1:3|2:3|3:3|
2026-06-16T15:35:01.413+08:00 MARKER sdk=1 host=1 enabled=1 sent=1 result=0 message=EVENT EXP2_OBJECT_STAGE_CHANGED trial_id=Exp2_001 rel=1760.068359 unix=1781595301437 bjt=2026-06-16T15:35:01.436+08:00 condition=E1_SPATIAL_PROGRESSIVE object_index=4 previous_stage=2 new_stage=3 progress=1.000000 object_stages=1:3|2:3|3:3|
2026-06-16T15:35:01.415+08:00 MARKER sdk=1 host=1 enabled=1 sent=1 result=0 message=EVENT EXP2_LOADING_COMPLETE trial_id=Exp2_001 rel=1760.068359 unix=1781595301437 bjt=2026-06-16T15:35:01.436+08:00 condition=E1_SPATIAL_PROGRESSIVE
2026-06-16T15:35:02.694+08:00 MARKER sdk=1 host=1 enabled=1 sent=1 result=0 message=EVENT EXP2_PENDING_SELECTION trial_id=Exp2_001 rel=1761.353027 unix=1781595302721 bjt=2026-06-16T15:35:02.721+08:00 condition=E1_SPATIAL_PROGRESSIVE selected=1 selected_content=1 changes=1
2026-06-16T15:35:21.343+08:00 MARKER sdk=1 host=1 enabled=1 sent=1 result=0 message=EVENT EXP2_SUBMIT_SELECTION trial_id=Exp2_001 rel=1780.001465 unix=1781595321370 bjt=2026-06-16T15:35:21.369+08:00 condition=E1_SPATIAL_PROGRESSIVE selected=1 selected_content=1 correct=1
2026-06-16T15:35:21.344+08:00 MARKER sdk=1 host=1 enabled=1 sent=1 result=0 message=TRIAL_RESULT Exp2_001 selected=1 correct=1
2026-06-16T15:36:47.337+08:00 MARKER sdk=1 host=1 enabled=1 sent=1 result=0 message=TRIALID Exp2_002
2026-06-16T15:36:47.338+08:00 MARKER sdk=1 host=1 enabled=1 sent=1 result=0 message=EVENT EXP2_LOADING_START trial_id=Exp2_002 rel=1865.994873 unix=1781595407363 bjt=2026-06-16T15:36:47.363+08:00 condition=E2_FIXED_PROGRESSIVE
2026-06-16T15:36:47.339+08:00 MARKER sdk=1 host=1 enabled=1 sent=1 result=0 message=TRIAL_META exp=EXP2 participant=A038 participant_output_id=A038 trial_id=Exp2_002 condition=E2_FIXED_PROGRESSIVE spatial_continuity=0 progressive_availability=1
2026-06-16T15:36:47.339+08:00 MARKER sdk=1 host=1 enabled=1 sent=1 result=0 message=TRIAL_META_TASK trial_id=Exp2_002 target_index=2 target_display_index=2 target_content_index=2 target_label=右脸
2026-06-16T15:36:47.339+08:00 MARKER sdk=1 host=1 enabled=1 sent=1 result=0 message=TRIAL_META_SEQUENCE trial_id=Exp2_002 slot_permutation=1:3|2:2|3:4|4:1 sequence_group=1 sequence_index=2
2026-06-16T15:36:51.330+08:00 MARKER sdk=1 host=1 enabled=1 sent=1 result=0 message=EVENT EXP2_OBJECT_STAGE_CHANGED trial_id=Exp2_002 rel=1869.987793 unix=1781595411356 bjt=2026-06-16T15:36:51.355+08:00 condition=E2_FIXED_PROGRESSIVE object_index=1 previous_stage=0 new_stage=1 progress=0.334133 object_stages=1:1|2:0|3:0|4:
2026-06-16T15:36:51.332+08:00 MARKER sdk=1 host=1 enabled=1 sent=1 result=0 message=EVENT EXP2_STAGE_1_START trial_id=Exp2_002 rel=1869.987793 unix=1781595411356 bjt=2026-06-16T15:36:51.355+08:00 condition=E2_FIXED_PROGRESSIVE stage=1 first_object_index=1 progress=0.334133 object_stages=1:1|2:0|3:0|4:0
2026-06-16T15:36:51.333+08:00 MARKER sdk=1 host=1 enabled=1 sent=1 result=0 message=EVENT EXP2_OBJECT_STAGE_CHANGED trial_id=Exp2_002 rel=1869.987793 unix=1781595411356 bjt=2026-06-16T15:36:51.355+08:00 condition=E2_FIXED_PROGRESSIVE object_index=2 previous_stage=0 new_stage=1 progress=0.334133 object_stages=1:1|2:1|3:0|4:
2026-06-16T15:36:51.333+08:00 MARKER sdk=1 host=1 enabled=1 sent=1 result=0 message=EVENT EXP2_OBJECT_STAGE_CHANGED trial_id=Exp2_002 rel=1869.987793 unix=1781595411356 bjt=2026-06-16T15:36:51.355+08:00 condition=E2_FIXED_PROGRESSIVE object_index=3 previous_stage=0 new_stage=1 progress=0.334133 object_stages=1:1|2:1|3:1|4:
2026-06-16T15:36:51.333+08:00 MARKER sdk=1 host=1 enabled=1 sent=1 result=0 message=EVENT EXP2_OBJECT_STAGE_CHANGED trial_id=Exp2_002 rel=1869.987793 unix=1781595411356 bjt=2026-06-16T15:36:51.355+08:00 condition=E2_FIXED_PROGRESSIVE object_index=4 previous_stage=0 new_stage=1 progress=0.334133 object_stages=1:1|2:1|3:1|4:
2026-06-16T15:36:53.324+08:00 MARKER sdk=1 host=1 enabled=1 sent=1 result=0 message=EVENT EXP2_OBJECT_STAGE_CHANGED trial_id=Exp2_002 rel=1871.982422 unix=1781595413351 bjt=2026-06-16T15:36:53.350+08:00 condition=E2_FIXED_PROGRESSIVE object_index=1 previous_stage=1 new_stage=2 progress=0.500358 object_stages=1:2|2:1|3:1|4:
2026-06-16T15:36:53.325+08:00 MARKER sdk=1 host=1 enabled=1 sent=1 result=0 message=EVENT EXP2_STAGE_2_START trial_id=Exp2_002 rel=1871.982422 unix=1781595413351 bjt=2026-06-16T15:36:53.350+08:00 condition=E2_FIXED_PROGRESSIVE stage=2 first_object_index=1 progress=0.500358 object_stages=1:2|2:1|3:1|4:1
2026-06-16T15:36:53.326+08:00 MARKER sdk=1 host=1 enabled=1 sent=1 result=0 message=EVENT EXP2_OBJECT_STAGE_CHANGED trial_id=Exp2_002 rel=1871.982422 unix=1781595413351 bjt=2026-06-16T15:36:53.350+08:00 condition=E2_FIXED_PROGRESSIVE object_index=2 previous_stage=1 new_stage=2 progress=0.500358 object_stages=1:2|2:2|3:1|4:
2026-06-16T15:36:53.326+08:00 MARKER sdk=1 host=1 enabled=1 sent=1 result=0 message=EVENT EXP2_PROGRESSIVE_USABLE trial_id=Exp2_002 rel=1871.982422 unix=1781595413351 bjt=2026-06-16T15:36:53.350+08:00 condition=E2_FIXED_PROGRESSIVE target_display_index=2 target_content_index=2 target_label=右脸 stage=2 progress=0.500358
2026-06-16T15:36:53.326+08:00 MARKER sdk=1 host=1 enabled=1 sent=1 result=0 message=EVENT EXP2_OBJECT_STAGE_CHANGED trial_id=Exp2_002 rel=1871.982422 unix=1781595413351 bjt=2026-06-16T15:36:53.350+08:00 condition=E2_FIXED_PROGRESSIVE object_index=3 previous_stage=1 new_stage=2 progress=0.500358 object_stages=1:2|2:2|3:2|4:
2026-06-16T15:36:53.327+08:00 MARKER sdk=1 host=1 enabled=1 sent=1 result=0 message=EVENT EXP2_OBJECT_STAGE_CHANGED trial_id=Exp2_002 rel=1871.982422 unix=1781595413351 bjt=2026-06-16T15:36:53.350+08:00 condition=E2_FIXED_PROGRESSIVE object_index=4 previous_stage=1 new_stage=2 progress=0.500358 object_stages=1:2|2:2|3:2|4:
2026-06-16T15:36:59.320+08:00 MARKER sdk=1 host=1 enabled=1 sent=1 result=0 message=EVENT EXP2_OBJECT_STAGE_CHANGED trial_id=Exp2_002 rel=1877.979004 unix=1781595419347 bjt=2026-06-16T15:36:59.347+08:00 condition=E2_FIXED_PROGRESSIVE object_index=1 previous_stage=2 new_stage=3 progress=1.000000 object_stages=1:3|2:2|3:2|4:
2026-06-16T15:36:59.321+08:00 MARKER sdk=1 host=1 enabled=1 sent=1 result=0 message=EVENT EXP2_STAGE_3_START trial_id=Exp2_002 rel=1877.979004 unix=1781595419347 bjt=2026-06-16T15:36:59.347+08:00 condition=E2_FIXED_PROGRESSIVE stage=3 first_object_index=1 progress=1.000000 object_stages=1:3|2:2|3:2|4:2
2026-06-16T15:36:59.321+08:00 MARKER sdk=1 host=1 enabled=1 sent=1 result=0 message=EVENT EXP2_OBJECT_STAGE_CHANGED trial_id=Exp2_002 rel=1877.979004 unix=1781595419347 bjt=2026-06-16T15:36:59.347+08:00 condition=E2_FIXED_PROGRESSIVE object_index=2 previous_stage=2 new_stage=3 progress=1.000000 object_stages=1:3|2:3|3:2|4:
2026-06-16T15:36:59.321+08:00 MARKER sdk=1 host=1 enabled=1 sent=1 result=0 message=EVENT EXP2_OBJECT_STAGE_CHANGED trial_id=Exp2_002 rel=1877.979004 unix=1781595419347 bjt=2026-06-16T15:36:59.347+08:00 condition=E2_FIXED_PROGRESSIVE object_index=3 previous_stage=2 new_stage=3 progress=1.000000 object_stages=1:3|2:3|3:3|4:
2026-06-16T15:36:59.322+08:00 MARKER sdk=1 host=1 enabled=1 sent=1 result=0 message=EVENT EXP2_OBJECT_STAGE_CHANGED trial_id=Exp2_002 rel=1877.979004 unix=1781595419347 bjt=2026-06-16T15:36:59.347+08:00 condition=E2_FIXED_PROGRESSIVE object_index=4 previous_stage=2 new_stage=3 progress=1.000000 object_stages=1:3|2:3|3:3|4:
2026-06-16T15:36:59.322+08:00 MARKER sdk=1 host=1 enabled=1 sent=1 result=0 message=EVENT EXP2_LOADING_COMPLETE trial_id=Exp2_002 rel=1877.979004 unix=1781595419347 bjt=2026-06-16T15:36:59.347+08:00 condition=E2_FIXED_PROGRESSIVE
2026-06-16T15:37:16.532+08:00 MARKER sdk=1 host=1 enabled=1 sent=1 result=0 message=EVENT EXP2_PENDING_SELECTION trial_id=Exp2_002 rel=1895.191284 unix=1781595436560 bjt=2026-06-16T15:37:16.559+08:00 condition=E2_FIXED_PROGRESSIVE selected=2 selected_content=2 changes=1
2026-06-16T15:37:25.533+08:00 MARKER sdk=1 host=1 enabled=1 sent=1 result=0 message=EVENT EXP2_SUBMIT_SELECTION trial_id=Exp2_002 rel=1904.191528 unix=1781595445560 bjt=2026-06-16T15:37:25.559+08:00 condition=E2_FIXED_PROGRESSIVE selected=2 selected_content=2 correct=1
2026-06-16T15:37:25.533+08:00 MARKER sdk=1 host=1 enabled=1 sent=1 result=0 message=TRIAL_RESULT Exp2_002 selected=2 correct=1
2026-06-16T15:38:47.206+08:00 MARKER sdk=1 host=1 enabled=1 sent=1 result=0 message=TRIALID Exp2_003
2026-06-16T15:38:47.207+08:00 MARKER sdk=1 host=1 enabled=1 sent=1 result=0 message=EVENT EXP2_LOADING_START trial_id=Exp2_003 rel=1985.864014 unix=1781595527232 bjt=2026-06-16T15:38:47.232+08:00 condition=E4_FIXED_NONPROGRESSIVE
2026-06-16T15:38:47.207+08:00 MARKER sdk=1 host=1 enabled=1 sent=1 result=0 message=TRIAL_META exp=EXP2 participant=A038 participant_output_id=A038 trial_id=Exp2_003 condition=E4_FIXED_NONPROGRESSIVE spatial_continuity=0 progressive_availability=0
2026-06-16T15:38:47.207+08:00 MARKER sdk=1 host=1 enabled=1 sent=1 result=0 message=TRIAL_META_TASK trial_id=Exp2_003 target_index=3 target_display_index=3 target_content_index=3 target_label=脖子
2026-06-16T15:38:47.207+08:00 MARKER sdk=1 host=1 enabled=1 sent=1 result=0 message=TRIAL_META_SEQUENCE trial_id=Exp2_003 slot_permutation=1:4|2:1|3:3|4:2 sequence_group=1 sequence_index=3
2026-06-16T15:38:59.201+08:00 MARKER sdk=1 host=1 enabled=1 sent=1 result=0 message=EVENT EXP2_OBJECT_STAGE_CHANGED trial_id=Exp2_003 rel=1997.860962 unix=1781595539229 bjt=2026-06-16T15:38:59.229+08:00 condition=E4_FIXED_NONPROGRESSIVE object_index=1 previous_stage=0 new_stage=3 progress=1.000000 object_stages=1:3|2:0|3:0
2026-06-16T15:38:59.202+08:00 MARKER sdk=1 host=1 enabled=1 sent=1 result=0 message=EVENT EXP2_STAGE_3_START trial_id=Exp2_003 rel=1997.860962 unix=1781595539229 bjt=2026-06-16T15:38:59.229+08:00 condition=E4_FIXED_NONPROGRESSIVE stage=3 first_object_index=1 progress=1.000000 object_stages=1:3|2:0|3:0|4:0
2026-06-16T15:38:59.203+08:00 MARKER sdk=1 host=1 enabled=1 sent=1 result=0 message=EVENT EXP2_OBJECT_STAGE_CHANGED trial_id=Exp2_003 rel=1997.860962 unix=1781595539229 bjt=2026-06-16T15:38:59.229+08:00 condition=E4_FIXED_NONPROGRESSIVE object_index=2 previous_stage=0 new_stage=3 progress=1.000000 object_stages=1:3|2:3|3:0
2026-06-16T15:38:59.203+08:00 MARKER sdk=1 host=1 enabled=1 sent=1 result=0 message=EVENT EXP2_OBJECT_STAGE_CHANGED trial_id=Exp2_003 rel=1997.860962 unix=1781595539229 bjt=2026-06-16T15:38:59.229+08:00 condition=E4_FIXED_NONPROGRESSIVE object_index=3 previous_stage=0 new_stage=3 progress=1.000000 object_stages=1:3|2:3|3:3
2026-06-16T15:38:59.203+08:00 MARKER sdk=1 host=1 enabled=1 sent=1 result=0 message=EVENT EXP2_OBJECT_STAGE_CHANGED trial_id=Exp2_003 rel=1997.860962 unix=1781595539229 bjt=2026-06-16T15:38:59.229+08:00 condition=E4_FIXED_NONPROGRESSIVE object_index=4 previous_stage=0 new_stage=3 progress=1.000000 object_stages=1:3|2:3|3:3
2026-06-16T15:38:59.204+08:00 MARKER sdk=1 host=1 enabled=1 sent=1 result=0 message=EVENT EXP2_LOADING_COMPLETE trial_id=Exp2_003 rel=1997.860962 unix=1781595539229 bjt=2026-06-16T15:38:59.229+08:00 condition=E4_FIXED_NONPROGRESSIVE
2026-06-16T15:39:07.523+08:00 MARKER sdk=1 host=1 enabled=1 sent=1 result=0 message=EVENT EXP2_PENDING_SELECTION trial_id=Exp2_003 rel=2006.181396 unix=1781595547550 bjt=2026-06-16T15:39:07.549+08:00 condition=E4_FIXED_NONPROGRESSIVE selected=3 selected_content=3 changes=1
2026-06-16T15:39:14.063+08:00 MARKER sdk=1 host=1 enabled=1 sent=1 result=0 message=EVENT EXP2_SUBMIT_SELECTION trial_id=Exp2_003 rel=2012.721436 unix=1781595554090 bjt=2026-06-16T15:39:14.089+08:00 condition=E4_FIXED_NONPROGRESSIVE selected=3 selected_content=3 correct=1
2026-06-16T15:39:14.063+08:00 MARKER sdk=1 host=1 enabled=1 sent=1 result=0 message=TRIAL_RESULT Exp2_003 selected=3 correct=1
2026-06-16T15:40:17.374+08:00 MARKER sdk=1 host=1 enabled=1 sent=1 result=0 message=TRIALID Exp2_004
2026-06-16T15:40:17.375+08:00 MARKER sdk=1 host=1 enabled=1 sent=1 result=0 message=EVENT EXP2_LOADING_START trial_id=Exp2_004 rel=2076.032471 unix=1781595617401 bjt=2026-06-16T15:40:17.400+08:00 condition=E3_SPATIAL_NONPROGRESSIVE
2026-06-16T15:40:17.375+08:00 MARKER sdk=1 host=1 enabled=1 sent=1 result=0 message=TRIAL_META exp=EXP2 participant=A038 participant_output_id=A038 trial_id=Exp2_004 condition=E3_SPATIAL_NONPROGRESSIVE spatial_continuity=1 progressive_availability=0
2026-06-16T15:40:17.375+08:00 MARKER sdk=1 host=1 enabled=1 sent=1 result=0 message=TRIAL_META_TASK trial_id=Exp2_004 target_index=4 target_display_index=4 target_content_index=4 target_label=头顶
2026-06-16T15:40:17.375+08:00 MARKER sdk=1 host=1 enabled=1 sent=1 result=0 message=TRIAL_META_SEQUENCE trial_id=Exp2_004 slot_permutation=1:1|2:2|3:3|4:4 sequence_group=1 sequence_index=4
2026-06-16T15:40:29.364+08:00 MARKER sdk=1 host=1 enabled=1 sent=1 result=0 message=EVENT EXP2_OBJECT_STAGE_CHANGED trial_id=Exp2_004 rel=2088.023682 unix=1781595629392 bjt=2026-06-16T15:40:29.391+08:00 condition=E3_SPATIAL_NONPROGRESSIVE object_index=1 previous_stage=0 new_stage=3 progress=1.000000 object_stages=1:3|2:0|3
2026-06-16T15:40:29.365+08:00 MARKER sdk=1 host=1 enabled=1 sent=1 result=0 message=EVENT EXP2_STAGE_3_START trial_id=Exp2_004 rel=2088.023682 unix=1781595629392 bjt=2026-06-16T15:40:29.391+08:00 condition=E3_SPATIAL_NONPROGRESSIVE stage=3 first_object_index=1 progress=1.000000 object_stages=1:3|2:0|3:0|4:0
2026-06-16T15:40:29.365+08:00 MARKER sdk=1 host=1 enabled=1 sent=1 result=0 message=EVENT EXP2_OBJECT_STAGE_CHANGED trial_id=Exp2_004 rel=2088.023682 unix=1781595629392 bjt=2026-06-16T15:40:29.391+08:00 condition=E3_SPATIAL_NONPROGRESSIVE object_index=2 previous_stage=0 new_stage=3 progress=1.000000 object_stages=1:3|2:3|3
2026-06-16T15:40:29.366+08:00 MARKER sdk=1 host=1 enabled=1 sent=1 result=0 message=EVENT EXP2_OBJECT_STAGE_CHANGED trial_id=Exp2_004 rel=2088.023682 unix=1781595629392 bjt=2026-06-16T15:40:29.391+08:00 condition=E3_SPATIAL_NONPROGRESSIVE object_index=3 previous_stage=0 new_stage=3 progress=1.000000 object_stages=1:3|2:3|3
2026-06-16T15:40:29.366+08:00 MARKER sdk=1 host=1 enabled=1 sent=1 result=0 message=EVENT EXP2_OBJECT_STAGE_CHANGED trial_id=Exp2_004 rel=2088.023682 unix=1781595629392 bjt=2026-06-16T15:40:29.391+08:00 condition=E3_SPATIAL_NONPROGRESSIVE object_index=4 previous_stage=0 new_stage=3 progress=1.000000 object_stages=1:3|2:3|3
2026-06-16T15:40:29.366+08:00 MARKER sdk=1 host=1 enabled=1 sent=1 result=0 message=EVENT EXP2_LOADING_COMPLETE trial_id=Exp2_004 rel=2088.023682 unix=1781595629392 bjt=2026-06-16T15:40:29.391+08:00 condition=E3_SPATIAL_NONPROGRESSIVE
2026-06-16T15:40:54.547+08:00 MARKER sdk=1 host=1 enabled=1 sent=1 result=0 message=EVENT EXP2_PENDING_SELECTION trial_id=Exp2_004 rel=2113.206787 unix=1781595654575 bjt=2026-06-16T15:40:54.574+08:00 condition=E3_SPATIAL_NONPROGRESSIVE selected=4 selected_content=4 changes=1
2026-06-16T15:40:58.761+08:00 MARKER sdk=1 host=1 enabled=1 sent=1 result=0 message=EVENT EXP2_SUBMIT_SELECTION trial_id=Exp2_004 rel=2117.419678 unix=1781595658788 bjt=2026-06-16T15:40:58.787+08:00 condition=E3_SPATIAL_NONPROGRESSIVE selected=4 selected_content=4 correct=1
2026-06-16T15:40:58.761+08:00 MARKER sdk=1 host=1 enabled=1 sent=1 result=0 message=TRIAL_RESULT Exp2_004 selected=4 correct=1
2026-06-16T15:41:59.833+08:00 MARKER sdk=1 host=1 enabled=1 sent=1 result=0 message=EVENT EXPERIMENT_END_SCREEN_SHOWN participant=A038 output_id=A038 unix=1781595719832 bjt=2026-06-16_15:41:59.832
2026-06-16T15:41:59.833+08:00 FORMAL_RECORDING step=FINISH_REQUESTED success=1 reason=experiment_end_door edf=FM151013.EDF recording=1 opened=1
2026-06-16T15:41:59.833+08:00 MARKER sdk=1 host=1 enabled=1 sent=1 result=0 message=FORMAL_RECORDING_END participant=A038 rel=2178.491 unix=1781595719833 bjt=2026-06-16T15:41:59.833+08:00 edf=FM151013.EDF source=ue_formal reason=experiment_end_door
2026-06-16T15:42:00.035+08:00 FORMAL_RECORDING step=END_MARKER_FLUSH_WAIT success=1 duration_ms=200
2026-06-16T15:42:00.140+08:00 FORMAL_RECORDING step=RECORDING_STOPPED success=1 result=0
2026-06-16T15:42:00.140+08:00 FORMAL_RECORDING step=EDF_CLOSED success=1 edf=FM151013.EDF result=0
2026-06-16T15:42:03.459+08:00 EDF_RECEIVE_ATTEMPT source_tag=formal attempt=full_path source=FM151013.EDF dest=../../../../../../Project/UE5/Gallery/Saved/ExperimentData/EDF/FM151013.EDF dest_is_path=0 result=89568445 exists=1 size=89568445
2026-06-16T15:42:03.459+08:00 FORMAL_RECORDING step=EDF_RECEIVED_TO_DPC success=1 edf=FM151013.EDF local=../../../../../../Project/UE5/Gallery/Saved/ExperimentData/EDF/FM151013.EDF result=89568445 size=89568445
2026-06-16T15:42:03.459+08:00 FORMAL_RECORDING step=FINISHED success=1 reason=experiment_end_door edf=FM151013.EDF local=../../../../../../Project/UE5/Gallery/Saved/ExperimentData/EDF/FM151013.EDF
