2026-06-16T15:48:21.979+08:00 STATUS start_ui_status sdk=connected host=not_connected log=
2026-06-16T15:48:33.486+08:00 FORMAL_RECORDING step=EDF_OPEN_REQUESTED success=1 participant=A039 edf=FM154833.EDF source=calibration_button
2026-06-16T15:48:33.486+08:00 CONNECT method=open_eyelink_connection ip=100.1.1.1
2026-06-16T15:48:33.521+08:00 CONNECT_RESULT method=open_eyelink_connection result=0 connected=1
2026-06-16T15:48:33.521+08:00 STATUS host_connected=1 sdk_available=1 note=connection_opened_high_level
2026-06-16T15:48:33.521+08:00 FORMAL_RECORDING step=HOST_CONNECTED success=1 sdk=1 host=1 source=calibration_button
2026-06-16T15:48:33.650+08:00 FORMAL_RECORDING step=EDF_OPENED success=1 edf=FM154833.EDF result=0 source=calibration_button
2026-06-16T15:48:33.651+08:00 FORMAL_EDF_MARKER sdk=1 host=1 opened=1 sent=1 message=FORMAL_EDF_OPENED participant=A039 rel=11.710 unix=1781596113651 bjt=2026-06-16T15:48:33.651+08:00 edf=FM154833.EDF source=ue_formal open_result=0 source_tag=calibration_button
2026-06-16T15:48:33.651+08:00 FORMAL_EDF_MARKER sdk=1 host=1 opened=1 sent=1 message=FORMAL_SESSION_PREPARED participant=A039 rel=11.710 unix=1781596113651 bjt=2026-06-16T15:48:33.651+08:00 edf=FM154833.EDF source=ue_formal calibration_complete=0
2026-06-16T15:48:33.651+08:00 FORMAL_EDF_MARKER sdk=1 host=1 opened=1 sent=1 message=CALIBRATION_REQUESTED participant=A039 rel=11.710 unix=1781596113651 bjt=2026-06-16T15:48:33.651+08:00 edf=FM154833.EDF source=ue_formal open_result=0
2026-06-16T15:48:33.651+08:00 CALIBRATION step=REQUESTED success=1 note=run_eyelink_tracker_setup
2026-06-16T15:48:33.651+08:00 CALIBRATION step=HOST_CONNECTED success=1 sdk=1 host=1 graphics=1
2026-06-16T15:48:33.657+08:00 CALIBRATION_DISPLAY_INIT success=1 result=0 error=
2026-06-16T15:48:33.657+08:00 CALIBRATION_DISPLAY_LIST count=2 requested_index=1 explicit=1
2026-06-16T15:48:33.657+08:00 CALIBRATION_DISPLAY index=0 name=Dell XPS 15 SDC414D Display bounds_result=0 x=0 y=0 w=1920 h=1080 mode_result=0 mode_w=1920 mode_h=1080 refresh=60
2026-06-16T15:48:33.657+08:00 CALIBRATION_DISPLAY index=1 name=Acer GR235H bounds_result=0 x=0 y=-1080 w=1920 h=1080 mode_result=0 mode_w=1920 mode_h=1080 refresh=60
2026-06-16T15:48:33.764+08:00 CALIBRATION step=GRAPHICS_INITIALIZED success=1 result=0 explicit_request=1 display_index=1 window_ptr=0000019A80504E68 width=1920 height=1080 bits=32 refresh=60.00
2026-06-16T15:48:33.777+08:00 CALIBRATION step=REGISTERED_WINDOW_MOVED success=1 requested_display=1 actual_display=1 requested_x=0 requested_y=-1080 requested_w=1920 requested_h=1080 actual_x=0 actual_y=-1080 actual_w=1920 actual_h=1080
2026-06-16T15:48:33.792+08:00 FORMAL_EDF_MARKER sdk=1 host=1 opened=1 sent=1 message=CALIBRATION_SETUP_START participant=A039 rel=11.710 unix=1781596113792 bjt=2026-06-16T15:48:33.792+08:00 edf=FM154833.EDF source=ue_formal calibration_type=HV9 width=1920 height=1080
2026-06-16T15:48:33.792+08:00 CALIBRATION step=TRACKER_SETUP_BEGIN success=1 detail=call_do_tracker_setup
2026-06-16T15:49:05.126+08:00 CALIBRATION step=TRACKER_SETUP_RETURNED success=1 result=0
2026-06-16T15:49:05.126+08:00 FORMAL_EDF_MARKER sdk=1 host=1 opened=1 sent=1 message=CALIBRATION_SETUP_END participant=A039 rel=11.710 unix=1781596145126 bjt=2026-06-16T15:49:05.126+08:00 edf=FM154833.EDF source=ue_formal setup_result=0
2026-06-16T15:49:07.169+08:00 CALIBRATION step=GRAPHICS_CLOSED success=1
2026-06-16T15:49:07.169+08:00 CALIBRATION step=CALIBRATION_WINDOW_DESTROYED success=1
2026-06-16T15:49:07.169+08:00 CALIBRATION step=FINISHED success=1 result=0
2026-06-16T15:49:07.169+08:00 FORMAL_EDF_MARKER sdk=1 host=1 opened=1 sent=1 message=CALIBRATION_STATUS participant=A039 rel=11.710 unix=1781596147169 bjt=2026-06-16T15:49:07.169+08:00 edf=FM154833.EDF source=ue_formal calibration_complete=1
2026-06-16T15:49:07.169+08:00 FORMAL_CALIBRATION step=FINISHED success=1 participant=A039 edf=FM154833.EDF open_result=0
2026-06-16T15:49:07.169+08:00 STATUS start_ui_status sdk=connected host=connected log=../../../../../../Project/UE5/Gallery/Saved/ExperimentLogs/EyeLinkMarkers_20260616_154821_978.log
2026-06-16T15:49:18.646+08:00 FORMAL_RECORDING step=EDF_ALREADY_OPEN success=1 participant=A039 edf=FM154833.EDF source=start_button_preopened calibration_complete=1
2026-06-16T15:49:18.654+08:00 FORMAL_RECORDING step=RECORDING_STARTED success=1 result=0 edf=FM154833.EDF preopened=1 calibration_complete=1
2026-06-16T15:49:18.654+08:00 MARKER sdk=1 host=1 enabled=1 sent=1 result=0 message=FORMAL_RECORDING_START participant=A039 rel=22.536 unix=1781596158654 bjt=2026-06-16T15:49:18.654+08:00 edf=FM154833.EDF source=ue_formal open_result=0 record_result=0 edf_preopened=1 calibration_complete=1
2026-06-16T15:49:18.654+08:00 STATUS formal_recording_start_requested participant=A039 success=1 edf=FM154833.EDF calibration_complete=1
2026-06-16T15:49:18.654+08:00 STATUS start_ui_status sdk=connected host=connected log=../../../../../../Project/UE5/Gallery/Saved/ExperimentLogs/EyeLinkMarkers_20260616_154821_978.log
2026-06-16T15:49:18.654+08:00 MARKER sdk=1 host=1 enabled=1 sent=1 result=0 message=RECORDING_TIME_REFERENCE participant=A039 output_id=A039 rel=22.536 unix=1781596158654 bjt=2026-06-16T15:49:18.654+08:00 source=ue_session_start
2026-06-16T15:49:18.654+08:00 MARKER sdk=1 host=1 enabled=1 sent=1 result=0 message=SESSION_START participant=A039 output_id=A039 rel=22.536 unix=1781596158654 bjt=2026-06-16T15:49:18.654+08:00
2026-06-16T15:49:18.654+08:00 MARKER sdk=1 host=1 enabled=1 sent=1 result=0 message=EXPERIMENT_RUN_MODE EXP1_THEN_EXP2
2026-06-16T15:49:18.661+08:00 MARKER sdk=1 host=1 enabled=1 sent=1 result=0 message=SCREEN_RECORDING_REQUEST enabled=1 started=1 participant=A039 output_id=A039
2026-06-16T15:49:58.919+08:00 MARKER sdk=1 host=1 enabled=1 sent=1 result=0 message=TRIALID T001
2026-06-16T15:49:58.919+08:00 MARKER sdk=1 host=1 enabled=1 sent=1 result=0 message=EVENT LOADING_INTERACT trial=T001 rel=62.826 unix=1781596198944 bjt=2026-06-16T15:49:58.943+08:00
2026-06-16T15:49:58.919+08:00 MARKER sdk=1 host=1 enabled=1 sent=1 result=0 message=EVENT LOADING_START trial=T001 rel=62.826 unix=1781596198944 bjt=2026-06-16T15:49:58.943+08:00
2026-06-16T15:49:58.920+08:00 MARKER sdk=1 host=1 enabled=1 sent=1 result=0 message=TRIAL_META exp=EXP1 participant=A039 participant_output_id=A039 exhibit_id=Ex1_TEST exhibit_name=测试展品 condition=A latin_group=NA sequence_index=-1 sequence_label=NA
2026-06-16T15:50:00.918+08:00 MARKER sdk=1 host=1 enabled=1 sent=1 result=0 message=EVENT LOADING_COMPLETE trial=T001 rel=64.825 unix=1781596200942 bjt=2026-06-16T15:50:00.942+08:00
2026-06-16T15:50:02.635+08:00 MARKER sdk=1 host=1 enabled=1 sent=1 result=0 message=EVENT VIEWER_ENTER trial=T001 rel=66.540 unix=1781596202658 bjt=2026-06-16T15:50:02.657+08:00
2026-06-16T15:50:02.636+08:00 MARKER sdk=1 host=1 enabled=1 sent=1 result=0 message=EVENT QUESTION_START trial=T001 rel=66.540 unix=1781596202658 bjt=2026-06-16T15:50:02.657+08:00 q=1 total=2 correct_index=-1 correct_label=NotAnswered
2026-06-16T15:50:13.800+08:00 MARKER sdk=1 host=1 enabled=1 sent=1 result=0 message=EVENT QUESTION_SUBMIT trial=T001 rel=77.692 unix=1781596213810 bjt=2026-06-16T15:50:13.809+08:00 q=1 option=A correct_index=-1 correct_label=NotAnswered is_correct=-1
2026-06-16T15:50:13.800+08:00 MARKER sdk=1 host=1 enabled=1 sent=1 result=0 message=EVENT QUESTION_START trial=T001 rel=77.692 unix=1781596213810 bjt=2026-06-16T15:50:13.809+08:00 q=2 total=2 correct_index=-1 correct_label=NotAnswered
2026-06-16T15:50:23.643+08:00 MARKER sdk=1 host=1 enabled=1 sent=1 result=0 message=EVENT QUESTION_SUBMIT trial=T001 rel=87.535 unix=1781596223653 bjt=2026-06-16T15:50:23.652+08:00 q=2 option=B correct_index=-1 correct_label=NotAnswered is_correct=-1
2026-06-16T15:50:25.238+08:00 MARKER sdk=1 host=1 enabled=1 sent=1 result=0 message=EVENT VIEWER_EXIT trial=T001 rel=89.146 unix=1781596225264 bjt=2026-06-16T15:50:25.263+08:00
2026-06-16T15:50:25.239+08:00 MARKER sdk=1 host=1 enabled=1 sent=1 result=0 message=EVENT TRIAL_RESULT trial=T001 rel=89.146 unix=1781596225264 bjt=2026-06-16T15:50:25.263+08:00 rows=2
2026-06-16T15:50:56.209+08:00 MARKER sdk=1 host=1 enabled=1 sent=1 result=0 message=TRIALID T002
2026-06-16T15:50:56.210+08:00 MARKER sdk=1 host=1 enabled=1 sent=1 result=0 message=EVENT LOADING_INTERACT trial=T002 rel=120.117 unix=1781596256234 bjt=2026-06-16T15:50:56.234+08:00
2026-06-16T15:50:56.210+08:00 MARKER sdk=1 host=1 enabled=1 sent=1 result=0 message=EVENT LOADING_START trial=T002 rel=120.117 unix=1781596256234 bjt=2026-06-16T15:50:56.234+08:00
2026-06-16T15:50:56.210+08:00 MARKER sdk=1 host=1 enabled=1 sent=1 result=0 message=TRIAL_META exp=EXP1 participant=A039 participant_output_id=A039 exhibit_id=01 exhibit_name=半岛香炉 condition=B latin_group=G3 sequence_index=1 sequence_label=G3_T01
2026-06-16T15:51:06.197+08:00 MARKER sdk=1 host=1 enabled=1 sent=1 result=0 message=EVENT LOADING_COMPLETE trial=T002 rel=130.106 unix=1781596266223 bjt=2026-06-16T15:51:06.223+08:00
2026-06-16T15:51:12.515+08:00 MARKER sdk=1 host=1 enabled=1 sent=1 result=0 message=EVENT VIEWER_ENTER trial=T002 rel=136.422 unix=1781596272540 bjt=2026-06-16T15:51:12.539+08:00
2026-06-16T15:51:12.516+08:00 MARKER sdk=1 host=1 enabled=1 sent=1 result=0 message=EVENT QUESTION_START trial=T002 rel=136.422 unix=1781596272540 bjt=2026-06-16T15:51:12.539+08:00 q=1 total=2 correct_index=1 correct_label=B
2026-06-16T15:51:23.986+08:00 MARKER sdk=1 host=1 enabled=1 sent=1 result=0 message=EVENT QUESTION_SUBMIT trial=T002 rel=147.878 unix=1781596283996 bjt=2026-06-16T15:51:23.995+08:00 q=1 option=C correct_index=1 correct_label=B is_correct=0
2026-06-16T15:51:23.987+08:00 MARKER sdk=1 host=1 enabled=1 sent=1 result=0 message=EVENT QUESTION_START trial=T002 rel=147.878 unix=1781596283996 bjt=2026-06-16T15:51:23.995+08:00 q=2 total=2 correct_index=1 correct_label=B
2026-06-16T15:51:35.524+08:00 MARKER sdk=1 host=1 enabled=1 sent=1 result=0 message=EVENT QUESTION_SUBMIT trial=T002 rel=159.416 unix=1781596295534 bjt=2026-06-16T15:51:35.533+08:00 q=2 option=A correct_index=1 correct_label=B is_correct=0
2026-06-16T15:51:36.604+08:00 MARKER sdk=1 host=1 enabled=1 sent=1 result=0 message=EVENT VIEWER_EXIT trial=T002 rel=160.513 unix=1781596296630 bjt=2026-06-16T15:51:36.630+08:00
2026-06-16T15:51:36.606+08:00 MARKER sdk=1 host=1 enabled=1 sent=1 result=0 message=EVENT TRIAL_RESULT trial=T002 rel=160.513 unix=1781596296630 bjt=2026-06-16T15:51:36.630+08:00 rows=2
2026-06-16T15:53:56.821+08:00 MARKER sdk=1 host=1 enabled=1 sent=1 result=0 message=TRIALID T003
2026-06-16T15:53:56.822+08:00 MARKER sdk=1 host=1 enabled=1 sent=1 result=0 message=EVENT LOADING_INTERACT trial=T003 rel=300.729 unix=1781596436847 bjt=2026-06-16T15:53:56.846+08:00
2026-06-16T15:53:56.823+08:00 MARKER sdk=1 host=1 enabled=1 sent=1 result=0 message=EVENT LOADING_START trial=T003 rel=300.729 unix=1781596436847 bjt=2026-06-16T15:53:56.846+08:00
2026-06-16T15:53:56.823+08:00 MARKER sdk=1 host=1 enabled=1 sent=1 result=0 message=EVENT VIEWER_ENTER trial=T003 rel=300.729 unix=1781596436847 bjt=2026-06-16T15:53:56.846+08:00 mode=progressive_no_progress_bar
2026-06-16T15:53:56.823+08:00 MARKER sdk=1 host=1 enabled=1 sent=1 result=0 message=TRIAL_META exp=EXP1 participant=A039 participant_output_id=A039 exhibit_id=02 exhibit_name=中国青铜器 condition=C_MINUS latin_group=G3 sequence_index=2 sequence_label=G3_T02
2026-06-16T15:54:02.815+08:00 MARKER sdk=1 host=1 enabled=1 sent=1 result=0 message=EVENT PROGRESSIVE_USABLE trial=T003 rel=306.724 unix=1781596442841 bjt=2026-06-16T15:54:02.841+08:00
2026-06-16T15:54:02.817+08:00 MARKER sdk=1 host=1 enabled=1 sent=1 result=0 message=EVENT QUESTION_START trial=T003 rel=306.724 unix=1781596442841 bjt=2026-06-16T15:54:02.841+08:00 q=1 total=2 correct_index=1 correct_label=B
2026-06-16T15:54:06.803+08:00 MARKER sdk=1 host=1 enabled=1 sent=1 result=0 message=EVENT LOADING_COMPLETE trial=T003 rel=310.712 unix=1781596446829 bjt=2026-06-16T15:54:06.829+08:00
2026-06-16T15:54:19.340+08:00 MARKER sdk=1 host=1 enabled=1 sent=1 result=0 message=EVENT QUESTION_SUBMIT trial=T003 rel=323.233 unix=1781596459351 bjt=2026-06-16T15:54:19.350+08:00 q=1 option=C correct_index=1 correct_label=B is_correct=0
2026-06-16T15:54:19.341+08:00 MARKER sdk=1 host=1 enabled=1 sent=1 result=0 message=EVENT QUESTION_START trial=T003 rel=323.233 unix=1781596459351 bjt=2026-06-16T15:54:19.350+08:00 q=2 total=2 correct_index=1 correct_label=B
2026-06-16T15:54:29.169+08:00 MARKER sdk=1 host=1 enabled=1 sent=1 result=0 message=EVENT QUESTION_SUBMIT trial=T003 rel=333.062 unix=1781596469179 bjt=2026-06-16T15:54:29.179+08:00 q=2 option=B correct_index=1 correct_label=B is_correct=1
2026-06-16T15:54:30.446+08:00 MARKER sdk=1 host=1 enabled=1 sent=1 result=0 message=EVENT VIEWER_EXIT trial=T003 rel=334.355 unix=1781596470472 bjt=2026-06-16T15:54:30.472+08:00
2026-06-16T15:54:30.447+08:00 MARKER sdk=1 host=1 enabled=1 sent=1 result=0 message=EVENT TRIAL_RESULT trial=T003 rel=334.355 unix=1781596470472 bjt=2026-06-16T15:54:30.472+08:00 rows=2
2026-06-16T15:56:19.105+08:00 MARKER sdk=1 host=1 enabled=1 sent=1 result=0 message=TRIALID T004
2026-06-16T15:56:19.105+08:00 MARKER sdk=1 host=1 enabled=1 sent=1 result=0 message=EVENT LOADING_INTERACT trial=T004 rel=443.013 unix=1781596579131 bjt=2026-06-16T15:56:19.130+08:00
2026-06-16T15:56:19.106+08:00 MARKER sdk=1 host=1 enabled=1 sent=1 result=0 message=EVENT LOADING_START trial=T004 rel=443.013 unix=1781596579131 bjt=2026-06-16T15:56:19.130+08:00
2026-06-16T15:56:19.106+08:00 MARKER sdk=1 host=1 enabled=1 sent=1 result=0 message=EVENT VIEWER_ENTER trial=T004 rel=443.013 unix=1781596579131 bjt=2026-06-16T15:56:19.130+08:00 mode=progressive
2026-06-16T15:56:19.107+08:00 MARKER sdk=1 host=1 enabled=1 sent=1 result=0 message=TRIAL_META exp=EXP1 participant=A039 participant_output_id=A039 exhibit_id=03 exhibit_name=希腊陶具 condition=C latin_group=G3 sequence_index=3 sequence_label=G3_T03
2026-06-16T15:56:25.094+08:00 MARKER sdk=1 host=1 enabled=1 sent=1 result=0 message=EVENT PROGRESSIVE_USABLE trial=T004 rel=449.002 unix=1781596585119 bjt=2026-06-16T15:56:25.119+08:00
2026-06-16T15:56:25.094+08:00 MARKER sdk=1 host=1 enabled=1 sent=1 result=0 message=EVENT QUESTION_START trial=T004 rel=449.002 unix=1781596585119 bjt=2026-06-16T15:56:25.119+08:00 q=1 total=2 correct_index=0 correct_label=A
2026-06-16T15:56:29.094+08:00 MARKER sdk=1 host=1 enabled=1 sent=1 result=0 message=EVENT LOADING_COMPLETE trial=T004 rel=453.003 unix=1781596589121 bjt=2026-06-16T15:56:29.120+08:00
2026-06-16T15:56:49.318+08:00 MARKER sdk=1 host=1 enabled=1 sent=1 result=0 message=EVENT QUESTION_SUBMIT trial=T004 rel=473.209 unix=1781596609327 bjt=2026-06-16T15:56:49.326+08:00 q=1 option=A correct_index=0 correct_label=A is_correct=1
2026-06-16T15:56:49.319+08:00 MARKER sdk=1 host=1 enabled=1 sent=1 result=0 message=EVENT QUESTION_START trial=T004 rel=473.209 unix=1781596609327 bjt=2026-06-16T15:56:49.326+08:00 q=2 total=2 correct_index=2 correct_label=C
2026-06-16T15:56:52.074+08:00 MARKER sdk=1 host=1 enabled=1 sent=1 result=0 message=EVENT QUESTION_SUBMIT trial=T004 rel=475.967 unix=1781596612085 bjt=2026-06-16T15:56:52.084+08:00 q=2 option=C correct_index=2 correct_label=C is_correct=1
2026-06-16T15:56:52.911+08:00 MARKER sdk=1 host=1 enabled=1 sent=1 result=0 message=EVENT VIEWER_EXIT trial=T004 rel=476.820 unix=1781596612938 bjt=2026-06-16T15:56:52.937+08:00
2026-06-16T15:56:52.912+08:00 MARKER sdk=1 host=1 enabled=1 sent=1 result=0 message=EVENT TRIAL_RESULT trial=T004 rel=476.820 unix=1781596612938 bjt=2026-06-16T15:56:52.937+08:00 rows=2
2026-06-16T15:58:17.899+08:00 MARKER sdk=1 host=1 enabled=1 sent=1 result=0 message=TRIALID T005
2026-06-16T15:58:17.900+08:00 MARKER sdk=1 host=1 enabled=1 sent=1 result=0 message=EVENT LOADING_INTERACT trial=T005 rel=561.809 unix=1781596697926 bjt=2026-06-16T15:58:17.926+08:00
2026-06-16T15:58:17.900+08:00 MARKER sdk=1 host=1 enabled=1 sent=1 result=0 message=EVENT LOADING_START trial=T005 rel=561.809 unix=1781596697926 bjt=2026-06-16T15:58:17.926+08:00
2026-06-16T15:58:17.900+08:00 MARKER sdk=1 host=1 enabled=1 sent=1 result=0 message=TRIAL_META exp=EXP1 participant=A039 participant_output_id=A039 exhibit_id=04 exhibit_name=中国花瓶 condition=A latin_group=G3 sequence_index=4 sequence_label=G3_T04
2026-06-16T15:58:27.893+08:00 MARKER sdk=1 host=1 enabled=1 sent=1 result=0 message=EVENT LOADING_COMPLETE trial=T005 rel=571.801 unix=1781596707919 bjt=2026-06-16T15:58:27.918+08:00
2026-06-16T15:58:31.796+08:00 MARKER sdk=1 host=1 enabled=1 sent=1 result=0 message=EVENT VIEWER_ENTER trial=T005 rel=575.704 unix=1781596711821 bjt=2026-06-16T15:58:31.821+08:00
2026-06-16T15:58:31.797+08:00 MARKER sdk=1 host=1 enabled=1 sent=1 result=0 message=EVENT QUESTION_START trial=T005 rel=575.704 unix=1781596711821 bjt=2026-06-16T15:58:31.821+08:00 q=1 total=2 correct_index=2 correct_label=C
2026-06-16T15:58:37.880+08:00 MARKER sdk=1 host=1 enabled=1 sent=1 result=0 message=EVENT QUESTION_SUBMIT trial=T005 rel=581.773 unix=1781596717890 bjt=2026-06-16T15:58:37.890+08:00 q=1 option=C correct_index=2 correct_label=C is_correct=1
2026-06-16T15:58:37.880+08:00 MARKER sdk=1 host=1 enabled=1 sent=1 result=0 message=EVENT QUESTION_START trial=T005 rel=581.773 unix=1781596717890 bjt=2026-06-16T15:58:37.890+08:00 q=2 total=2 correct_index=3 correct_label=D
2026-06-16T15:58:40.444+08:00 MARKER sdk=1 host=1 enabled=1 sent=1 result=0 message=EVENT QUESTION_SUBMIT trial=T005 rel=584.337 unix=1781596720455 bjt=2026-06-16T15:58:40.454+08:00 q=2 option=D correct_index=3 correct_label=D is_correct=1
2026-06-16T15:58:41.085+08:00 MARKER sdk=1 host=1 enabled=1 sent=1 result=0 message=EVENT VIEWER_EXIT trial=T005 rel=584.994 unix=1781596721111 bjt=2026-06-16T15:58:41.111+08:00
2026-06-16T15:58:41.086+08:00 MARKER sdk=1 host=1 enabled=1 sent=1 result=0 message=EVENT TRIAL_RESULT trial=T005 rel=584.994 unix=1781596721111 bjt=2026-06-16T15:58:41.111+08:00 rows=2
2026-06-16T15:59:54.643+08:00 MARKER sdk=1 host=1 enabled=1 sent=1 result=0 message=TRIALID T006
2026-06-16T15:59:54.643+08:00 MARKER sdk=1 host=1 enabled=1 sent=1 result=0 message=EVENT LOADING_INTERACT trial=T006 rel=658.552 unix=1781596794669 bjt=2026-06-16T15:59:54.669+08:00
2026-06-16T15:59:54.643+08:00 MARKER sdk=1 host=1 enabled=1 sent=1 result=0 message=EVENT LOADING_START trial=T006 rel=658.552 unix=1781596794669 bjt=2026-06-16T15:59:54.669+08:00
2026-06-16T15:59:54.643+08:00 MARKER sdk=1 host=1 enabled=1 sent=1 result=0 message=TRIAL_META exp=EXP1 participant=A039 participant_output_id=A039 exhibit_id=05 exhibit_name=雅典双耳罐 condition=A_PLUS latin_group=G3 sequence_index=5 sequence_label=G3_T05
2026-06-16T16:00:04.633+08:00 MARKER sdk=1 host=1 enabled=1 sent=1 result=0 message=EVENT LOADING_COMPLETE trial=T006 rel=668.541 unix=1781596804658 bjt=2026-06-16T16:00:04.658+08:00
2026-06-16T16:00:06.299+08:00 MARKER sdk=1 host=1 enabled=1 sent=1 result=0 message=EVENT VIEWER_ENTER trial=T006 rel=670.207 unix=1781596806325 bjt=2026-06-16T16:00:06.324+08:00
2026-06-16T16:00:06.299+08:00 MARKER sdk=1 host=1 enabled=1 sent=1 result=0 message=EVENT QUESTION_START trial=T006 rel=670.207 unix=1781596806325 bjt=2026-06-16T16:00:06.324+08:00 q=1 total=2 correct_index=0 correct_label=A
2026-06-16T16:00:18.460+08:00 MARKER sdk=1 host=1 enabled=1 sent=1 result=0 message=EVENT QUESTION_SUBMIT trial=T006 rel=682.353 unix=1781596818471 bjt=2026-06-16T16:00:18.470+08:00 q=1 option=A correct_index=0 correct_label=A is_correct=1
2026-06-16T16:00:18.461+08:00 MARKER sdk=1 host=1 enabled=1 sent=1 result=0 message=EVENT QUESTION_START trial=T006 rel=682.353 unix=1781596818471 bjt=2026-06-16T16:00:18.470+08:00 q=2 total=2 correct_index=2 correct_label=C
2026-06-16T16:00:22.011+08:00 MARKER sdk=1 host=1 enabled=1 sent=1 result=0 message=EVENT QUESTION_SUBMIT trial=T006 rel=685.904 unix=1781596822022 bjt=2026-06-16T16:00:22.021+08:00 q=2 option=C correct_index=2 correct_label=C is_correct=1
2026-06-16T16:00:22.843+08:00 MARKER sdk=1 host=1 enabled=1 sent=1 result=0 message=EVENT VIEWER_EXIT trial=T006 rel=686.752 unix=1781596822869 bjt=2026-06-16T16:00:22.869+08:00
2026-06-16T16:00:22.844+08:00 MARKER sdk=1 host=1 enabled=1 sent=1 result=0 message=EVENT TRIAL_RESULT trial=T006 rel=686.752 unix=1781596822869 bjt=2026-06-16T16:00:22.869+08:00 rows=2
2026-06-16T16:05:46.832+08:00 MARKER sdk=1 host=1 enabled=1 sent=1 result=0 message=TRIALID Exp2_001
2026-06-16T16:05:46.833+08:00 MARKER sdk=1 host=1 enabled=1 sent=1 result=0 message=EVENT EXP2_LOADING_START trial_id=Exp2_001 rel=1010.739380 unix=1781597146857 bjt=2026-06-16T16:05:46.856+08:00 condition=E2_FIXED_PROGRESSIVE
2026-06-16T16:05:46.833+08:00 MARKER sdk=1 host=1 enabled=1 sent=1 result=0 message=TRIAL_META exp=EXP2 participant=A039 participant_output_id=A039 trial_id=Exp2_001 condition=E2_FIXED_PROGRESSIVE spatial_continuity=0 progressive_availability=1
2026-06-16T16:05:46.834+08:00 MARKER sdk=1 host=1 enabled=1 sent=1 result=0 message=TRIAL_META_TASK trial_id=Exp2_001 target_index=3 target_display_index=3 target_content_index=1 target_label=左脸
2026-06-16T16:05:46.834+08:00 MARKER sdk=1 host=1 enabled=1 sent=1 result=0 message=TRIAL_META_SEQUENCE trial_id=Exp2_001 slot_permutation=1:3|2:4|3:1|4:2 sequence_group=2 sequence_index=1
2026-06-16T16:05:50.830+08:00 MARKER sdk=1 host=1 enabled=1 sent=1 result=0 message=EVENT EXP2_OBJECT_STAGE_CHANGED trial_id=Exp2_001 rel=1014.737732 unix=1781597150855 bjt=2026-06-16T16:05:50.855+08:00 condition=E2_FIXED_PROGRESSIVE object_index=1 previous_stage=0 new_stage=1 progress=0.334694 object_stages=1:1|2:0|3:0|4:
2026-06-16T16:05:50.831+08:00 MARKER sdk=1 host=1 enabled=1 sent=1 result=0 message=EVENT EXP2_STAGE_1_START trial_id=Exp2_001 rel=1014.737732 unix=1781597150855 bjt=2026-06-16T16:05:50.855+08:00 condition=E2_FIXED_PROGRESSIVE stage=1 first_object_index=1 progress=0.334694 object_stages=1:1|2:0|3:0|4:0
2026-06-16T16:05:50.832+08:00 MARKER sdk=1 host=1 enabled=1 sent=1 result=0 message=EVENT EXP2_OBJECT_STAGE_CHANGED trial_id=Exp2_001 rel=1014.737732 unix=1781597150855 bjt=2026-06-16T16:05:50.855+08:00 condition=E2_FIXED_PROGRESSIVE object_index=2 previous_stage=0 new_stage=1 progress=0.334694 object_stages=1:1|2:1|3:0|4:
2026-06-16T16:05:50.833+08:00 MARKER sdk=1 host=1 enabled=1 sent=1 result=0 message=EVENT EXP2_OBJECT_STAGE_CHANGED trial_id=Exp2_001 rel=1014.737732 unix=1781597150855 bjt=2026-06-16T16:05:50.855+08:00 condition=E2_FIXED_PROGRESSIVE object_index=3 previous_stage=0 new_stage=1 progress=0.334694 object_stages=1:1|2:1|3:1|4:
2026-06-16T16:05:50.834+08:00 MARKER sdk=1 host=1 enabled=1 sent=1 result=0 message=EVENT EXP2_OBJECT_STAGE_CHANGED trial_id=Exp2_001 rel=1014.737732 unix=1781597150855 bjt=2026-06-16T16:05:50.855+08:00 condition=E2_FIXED_PROGRESSIVE object_index=4 previous_stage=0 new_stage=1 progress=0.334694 object_stages=1:1|2:1|3:1|4:
2026-06-16T16:05:52.825+08:00 MARKER sdk=1 host=1 enabled=1 sent=1 result=0 message=EVENT EXP2_OBJECT_STAGE_CHANGED trial_id=Exp2_001 rel=1016.733704 unix=1781597152851 bjt=2026-06-16T16:05:52.851+08:00 condition=E2_FIXED_PROGRESSIVE object_index=1 previous_stage=1 new_stage=2 progress=0.501025 object_stages=1:2|2:1|3:1|4:
2026-06-16T16:05:52.826+08:00 MARKER sdk=1 host=1 enabled=1 sent=1 result=0 message=EVENT EXP2_STAGE_2_START trial_id=Exp2_001 rel=1016.733704 unix=1781597152851 bjt=2026-06-16T16:05:52.851+08:00 condition=E2_FIXED_PROGRESSIVE stage=2 first_object_index=1 progress=0.501025 object_stages=1:2|2:1|3:1|4:1
2026-06-16T16:05:52.826+08:00 MARKER sdk=1 host=1 enabled=1 sent=1 result=0 message=EVENT EXP2_OBJECT_STAGE_CHANGED trial_id=Exp2_001 rel=1016.733704 unix=1781597152851 bjt=2026-06-16T16:05:52.851+08:00 condition=E2_FIXED_PROGRESSIVE object_index=2 previous_stage=1 new_stage=2 progress=0.501025 object_stages=1:2|2:2|3:1|4:
2026-06-16T16:05:52.827+08:00 MARKER sdk=1 host=1 enabled=1 sent=1 result=0 message=EVENT EXP2_OBJECT_STAGE_CHANGED trial_id=Exp2_001 rel=1016.733704 unix=1781597152851 bjt=2026-06-16T16:05:52.851+08:00 condition=E2_FIXED_PROGRESSIVE object_index=3 previous_stage=1 new_stage=2 progress=0.501025 object_stages=1:2|2:2|3:2|4:
2026-06-16T16:05:52.828+08:00 MARKER sdk=1 host=1 enabled=1 sent=1 result=0 message=EVENT EXP2_PROGRESSIVE_USABLE trial_id=Exp2_001 rel=1016.733704 unix=1781597152851 bjt=2026-06-16T16:05:52.851+08:00 condition=E2_FIXED_PROGRESSIVE target_display_index=3 target_content_index=1 target_label=左脸 stage=2 progress=0.501025
2026-06-16T16:05:52.828+08:00 MARKER sdk=1 host=1 enabled=1 sent=1 result=0 message=EVENT EXP2_OBJECT_STAGE_CHANGED trial_id=Exp2_001 rel=1016.733704 unix=1781597152851 bjt=2026-06-16T16:05:52.851+08:00 condition=E2_FIXED_PROGRESSIVE object_index=4 previous_stage=1 new_stage=2 progress=0.501025 object_stages=1:2|2:2|3:2|4:
2026-06-16T16:05:58.830+08:00 MARKER sdk=1 host=1 enabled=1 sent=1 result=0 message=EVENT EXP2_OBJECT_STAGE_CHANGED trial_id=Exp2_001 rel=1022.738586 unix=1781597158856 bjt=2026-06-16T16:05:58.856+08:00 condition=E2_FIXED_PROGRESSIVE object_index=1 previous_stage=2 new_stage=3 progress=1.000000 object_stages=1:3|2:2|3:2|4:
2026-06-16T16:05:58.831+08:00 MARKER sdk=1 host=1 enabled=1 sent=1 result=0 message=EVENT EXP2_STAGE_3_START trial_id=Exp2_001 rel=1022.738586 unix=1781597158856 bjt=2026-06-16T16:05:58.856+08:00 condition=E2_FIXED_PROGRESSIVE stage=3 first_object_index=1 progress=1.000000 object_stages=1:3|2:2|3:2|4:2
2026-06-16T16:05:58.832+08:00 MARKER sdk=1 host=1 enabled=1 sent=1 result=0 message=EVENT EXP2_OBJECT_STAGE_CHANGED trial_id=Exp2_001 rel=1022.738586 unix=1781597158856 bjt=2026-06-16T16:05:58.856+08:00 condition=E2_FIXED_PROGRESSIVE object_index=2 previous_stage=2 new_stage=3 progress=1.000000 object_stages=1:3|2:3|3:2|4:
2026-06-16T16:05:58.833+08:00 MARKER sdk=1 host=1 enabled=1 sent=1 result=0 message=EVENT EXP2_OBJECT_STAGE_CHANGED trial_id=Exp2_001 rel=1022.738586 unix=1781597158856 bjt=2026-06-16T16:05:58.856+08:00 condition=E2_FIXED_PROGRESSIVE object_index=3 previous_stage=2 new_stage=3 progress=1.000000 object_stages=1:3|2:3|3:3|4:
2026-06-16T16:05:58.834+08:00 MARKER sdk=1 host=1 enabled=1 sent=1 result=0 message=EVENT EXP2_OBJECT_STAGE_CHANGED trial_id=Exp2_001 rel=1022.738586 unix=1781597158856 bjt=2026-06-16T16:05:58.856+08:00 condition=E2_FIXED_PROGRESSIVE object_index=4 previous_stage=2 new_stage=3 progress=1.000000 object_stages=1:3|2:3|3:3|4:
2026-06-16T16:05:58.835+08:00 MARKER sdk=1 host=1 enabled=1 sent=1 result=0 message=EVENT EXP2_LOADING_COMPLETE trial_id=Exp2_001 rel=1022.738586 unix=1781597158856 bjt=2026-06-16T16:05:58.856+08:00 condition=E2_FIXED_PROGRESSIVE
2026-06-16T16:06:23.549+08:00 MARKER sdk=1 host=1 enabled=1 sent=1 result=0 message=EVENT EXP2_PENDING_SELECTION trial_id=Exp2_001 rel=1047.457520 unix=1781597183575 bjt=2026-06-16T16:06:23.574+08:00 condition=E2_FIXED_PROGRESSIVE selected=3 selected_content=1 changes=1
2026-06-16T16:06:26.334+08:00 MARKER sdk=1 host=1 enabled=1 sent=1 result=0 message=EVENT EXP2_SUBMIT_SELECTION trial_id=Exp2_001 rel=1050.242798 unix=1781597186360 bjt=2026-06-16T16:06:26.360+08:00 condition=E2_FIXED_PROGRESSIVE selected=3 selected_content=1 correct=1
2026-06-16T16:06:26.335+08:00 MARKER sdk=1 host=1 enabled=1 sent=1 result=0 message=TRIAL_RESULT Exp2_001 selected=3 correct=1
2026-06-16T16:08:10.700+08:00 MARKER sdk=1 host=1 enabled=1 sent=1 result=0 message=TRIALID Exp2_002
2026-06-16T16:08:10.701+08:00 MARKER sdk=1 host=1 enabled=1 sent=1 result=0 message=EVENT EXP2_LOADING_START trial_id=Exp2_002 rel=1154.608643 unix=1781597290726 bjt=2026-06-16T16:08:10.726+08:00 condition=E3_SPATIAL_NONPROGRESSIVE
2026-06-16T16:08:10.701+08:00 MARKER sdk=1 host=1 enabled=1 sent=1 result=0 message=TRIAL_META exp=EXP2 participant=A039 participant_output_id=A039 trial_id=Exp2_002 condition=E3_SPATIAL_NONPROGRESSIVE spatial_continuity=1 progressive_availability=0
2026-06-16T16:08:10.701+08:00 MARKER sdk=1 host=1 enabled=1 sent=1 result=0 message=TRIAL_META_TASK trial_id=Exp2_002 target_index=1 target_display_index=1 target_content_index=3 target_label=脖子
2026-06-16T16:08:10.701+08:00 MARKER sdk=1 host=1 enabled=1 sent=1 result=0 message=TRIAL_META_SEQUENCE trial_id=Exp2_002 slot_permutation=1:3|2:1|3:2|4:4 sequence_group=2 sequence_index=2
2026-06-16T16:08:22.698+08:00 MARKER sdk=1 host=1 enabled=1 sent=1 result=0 message=EVENT EXP2_OBJECT_STAGE_CHANGED trial_id=Exp2_002 rel=1166.607056 unix=1781597302725 bjt=2026-06-16T16:08:22.724+08:00 condition=E3_SPATIAL_NONPROGRESSIVE object_index=1 previous_stage=0 new_stage=3 progress=1.000000 object_stages=1:3|2:0|3
2026-06-16T16:08:22.699+08:00 MARKER sdk=1 host=1 enabled=1 sent=1 result=0 message=EVENT EXP2_STAGE_3_START trial_id=Exp2_002 rel=1166.607056 unix=1781597302725 bjt=2026-06-16T16:08:22.724+08:00 condition=E3_SPATIAL_NONPROGRESSIVE stage=3 first_object_index=1 progress=1.000000 object_stages=1:3|2:0|3:0|4:0
2026-06-16T16:08:22.700+08:00 MARKER sdk=1 host=1 enabled=1 sent=1 result=0 message=EVENT EXP2_OBJECT_STAGE_CHANGED trial_id=Exp2_002 rel=1166.607056 unix=1781597302725 bjt=2026-06-16T16:08:22.724+08:00 condition=E3_SPATIAL_NONPROGRESSIVE object_index=2 previous_stage=0 new_stage=3 progress=1.000000 object_stages=1:3|2:3|3
2026-06-16T16:08:22.700+08:00 MARKER sdk=1 host=1 enabled=1 sent=1 result=0 message=EVENT EXP2_OBJECT_STAGE_CHANGED trial_id=Exp2_002 rel=1166.607056 unix=1781597302725 bjt=2026-06-16T16:08:22.724+08:00 condition=E3_SPATIAL_NONPROGRESSIVE object_index=3 previous_stage=0 new_stage=3 progress=1.000000 object_stages=1:3|2:3|3
2026-06-16T16:08:22.701+08:00 MARKER sdk=1 host=1 enabled=1 sent=1 result=0 message=EVENT EXP2_OBJECT_STAGE_CHANGED trial_id=Exp2_002 rel=1166.607056 unix=1781597302725 bjt=2026-06-16T16:08:22.724+08:00 condition=E3_SPATIAL_NONPROGRESSIVE object_index=4 previous_stage=0 new_stage=3 progress=1.000000 object_stages=1:3|2:3|3
2026-06-16T16:08:22.701+08:00 MARKER sdk=1 host=1 enabled=1 sent=1 result=0 message=EVENT EXP2_LOADING_COMPLETE trial_id=Exp2_002 rel=1166.607056 unix=1781597302725 bjt=2026-06-16T16:08:22.724+08:00 condition=E3_SPATIAL_NONPROGRESSIVE
2026-06-16T16:08:29.082+08:00 MARKER sdk=1 host=1 enabled=1 sent=1 result=0 message=EVENT EXP2_PENDING_SELECTION trial_id=Exp2_002 rel=1172.990723 unix=1781597309108 bjt=2026-06-16T16:08:29.108+08:00 condition=E3_SPATIAL_NONPROGRESSIVE selected=1 selected_content=3 changes=1
2026-06-16T16:08:33.151+08:00 MARKER sdk=1 host=1 enabled=1 sent=1 result=0 message=EVENT EXP2_SUBMIT_SELECTION trial_id=Exp2_002 rel=1177.059326 unix=1781597313177 bjt=2026-06-16T16:08:33.176+08:00 condition=E3_SPATIAL_NONPROGRESSIVE selected=1 selected_content=3 correct=1
2026-06-16T16:08:33.152+08:00 MARKER sdk=1 host=1 enabled=1 sent=1 result=0 message=TRIAL_RESULT Exp2_002 selected=1 correct=1
2026-06-16T16:10:18.521+08:00 MARKER sdk=1 host=1 enabled=1 sent=1 result=0 message=TRIALID Exp2_003
2026-06-16T16:10:18.521+08:00 MARKER sdk=1 host=1 enabled=1 sent=1 result=0 message=EVENT EXP2_LOADING_START trial_id=Exp2_003 rel=1282.429321 unix=1781597418547 bjt=2026-06-16T16:10:18.546+08:00 condition=E1_SPATIAL_PROGRESSIVE
2026-06-16T16:10:18.522+08:00 MARKER sdk=1 host=1 enabled=1 sent=1 result=0 message=TRIAL_META exp=EXP2 participant=A039 participant_output_id=A039 trial_id=Exp2_003 condition=E1_SPATIAL_PROGRESSIVE spatial_continuity=1 progressive_availability=1
2026-06-16T16:10:18.522+08:00 MARKER sdk=1 host=1 enabled=1 sent=1 result=0 message=TRIAL_META_TASK trial_id=Exp2_003 target_index=4 target_display_index=4 target_content_index=2 target_label=右脸
2026-06-16T16:10:18.522+08:00 MARKER sdk=1 host=1 enabled=1 sent=1 result=0 message=TRIAL_META_SEQUENCE trial_id=Exp2_003 slot_permutation=1:4|2:1|3:3|4:2 sequence_group=2 sequence_index=3
2026-06-16T16:10:22.517+08:00 MARKER sdk=1 host=1 enabled=1 sent=1 result=0 message=EVENT EXP2_OBJECT_STAGE_CHANGED trial_id=Exp2_003 rel=1286.425293 unix=1781597422543 bjt=2026-06-16T16:10:22.542+08:00 condition=E1_SPATIAL_PROGRESSIVE object_index=1 previous_stage=0 new_stage=1 progress=0.334617 object_stages=1:1|2:0|3:0|
2026-06-16T16:10:22.518+08:00 MARKER sdk=1 host=1 enabled=1 sent=1 result=0 message=EVENT EXP2_STAGE_1_START trial_id=Exp2_003 rel=1286.425293 unix=1781597422543 bjt=2026-06-16T16:10:22.542+08:00 condition=E1_SPATIAL_PROGRESSIVE stage=1 first_object_index=1 progress=0.334617 object_stages=1:1|2:0|3:0|4:0
2026-06-16T16:10:22.519+08:00 MARKER sdk=1 host=1 enabled=1 sent=1 result=0 message=EVENT EXP2_OBJECT_STAGE_CHANGED trial_id=Exp2_003 rel=1286.425293 unix=1781597422543 bjt=2026-06-16T16:10:22.542+08:00 condition=E1_SPATIAL_PROGRESSIVE object_index=2 previous_stage=0 new_stage=1 progress=0.334617 object_stages=1:1|2:1|3:0|
2026-06-16T16:10:22.520+08:00 MARKER sdk=1 host=1 enabled=1 sent=1 result=0 message=EVENT EXP2_OBJECT_STAGE_CHANGED trial_id=Exp2_003 rel=1286.425293 unix=1781597422543 bjt=2026-06-16T16:10:22.542+08:00 condition=E1_SPATIAL_PROGRESSIVE object_index=3 previous_stage=0 new_stage=1 progress=0.334617 object_stages=1:1|2:1|3:1|
2026-06-16T16:10:22.520+08:00 MARKER sdk=1 host=1 enabled=1 sent=1 result=0 message=EVENT EXP2_OBJECT_STAGE_CHANGED trial_id=Exp2_003 rel=1286.425293 unix=1781597422543 bjt=2026-06-16T16:10:22.542+08:00 condition=E1_SPATIAL_PROGRESSIVE object_index=4 previous_stage=0 new_stage=1 progress=0.334617 object_stages=1:1|2:1|3:1|
2026-06-16T16:10:24.510+08:00 MARKER sdk=1 host=1 enabled=1 sent=1 result=0 message=EVENT EXP2_OBJECT_STAGE_CHANGED trial_id=Exp2_003 rel=1288.419067 unix=1781597424537 bjt=2026-06-16T16:10:24.536+08:00 condition=E1_SPATIAL_PROGRESSIVE object_index=1 previous_stage=1 new_stage=2 progress=0.500760 object_stages=1:2|2:1|3:1|
2026-06-16T16:10:24.518+08:00 MARKER sdk=1 host=1 enabled=1 sent=1 result=0 message=EVENT EXP2_STAGE_2_START trial_id=Exp2_003 rel=1288.419067 unix=1781597424537 bjt=2026-06-16T16:10:24.536+08:00 condition=E1_SPATIAL_PROGRESSIVE stage=2 first_object_index=1 progress=0.500760 object_stages=1:2|2:1|3:1|4:1
2026-06-16T16:10:24.519+08:00 MARKER sdk=1 host=1 enabled=1 sent=1 result=0 message=EVENT EXP2_OBJECT_STAGE_CHANGED trial_id=Exp2_003 rel=1288.419067 unix=1781597424537 bjt=2026-06-16T16:10:24.536+08:00 condition=E1_SPATIAL_PROGRESSIVE object_index=2 previous_stage=1 new_stage=2 progress=0.500760 object_stages=1:2|2:2|3:1|
2026-06-16T16:10:24.520+08:00 MARKER sdk=1 host=1 enabled=1 sent=1 result=0 message=EVENT EXP2_OBJECT_STAGE_CHANGED trial_id=Exp2_003 rel=1288.419067 unix=1781597424537 bjt=2026-06-16T16:10:24.536+08:00 condition=E1_SPATIAL_PROGRESSIVE object_index=3 previous_stage=1 new_stage=2 progress=0.500760 object_stages=1:2|2:2|3:2|
2026-06-16T16:10:24.521+08:00 MARKER sdk=1 host=1 enabled=1 sent=1 result=0 message=EVENT EXP2_OBJECT_STAGE_CHANGED trial_id=Exp2_003 rel=1288.419067 unix=1781597424537 bjt=2026-06-16T16:10:24.536+08:00 condition=E1_SPATIAL_PROGRESSIVE object_index=4 previous_stage=1 new_stage=2 progress=0.500760 object_stages=1:2|2:2|3:2|
2026-06-16T16:10:24.521+08:00 MARKER sdk=1 host=1 enabled=1 sent=1 result=0 message=EVENT EXP2_PROGRESSIVE_USABLE trial_id=Exp2_003 rel=1288.419067 unix=1781597424537 bjt=2026-06-16T16:10:24.536+08:00 condition=E1_SPATIAL_PROGRESSIVE target_display_index=4 target_content_index=2 target_label=右脸 stage=2 progress=0.500760
2026-06-16T16:10:30.515+08:00 MARKER sdk=1 host=1 enabled=1 sent=1 result=0 message=EVENT EXP2_OBJECT_STAGE_CHANGED trial_id=Exp2_003 rel=1294.423950 unix=1781597430541 bjt=2026-06-16T16:10:30.541+08:00 condition=E1_SPATIAL_PROGRESSIVE object_index=1 previous_stage=2 new_stage=3 progress=1.000000 object_stages=1:3|2:2|3:2|
2026-06-16T16:10:30.515+08:00 MARKER sdk=1 host=1 enabled=1 sent=1 result=0 message=EVENT EXP2_STAGE_3_START trial_id=Exp2_003 rel=1294.423950 unix=1781597430541 bjt=2026-06-16T16:10:30.541+08:00 condition=E1_SPATIAL_PROGRESSIVE stage=3 first_object_index=1 progress=1.000000 object_stages=1:3|2:2|3:2|4:2
2026-06-16T16:10:30.516+08:00 MARKER sdk=1 host=1 enabled=1 sent=1 result=0 message=EVENT EXP2_OBJECT_STAGE_CHANGED trial_id=Exp2_003 rel=1294.423950 unix=1781597430541 bjt=2026-06-16T16:10:30.541+08:00 condition=E1_SPATIAL_PROGRESSIVE object_index=2 previous_stage=2 new_stage=3 progress=1.000000 object_stages=1:3|2:3|3:2|
2026-06-16T16:10:30.517+08:00 MARKER sdk=1 host=1 enabled=1 sent=1 result=0 message=EVENT EXP2_OBJECT_STAGE_CHANGED trial_id=Exp2_003 rel=1294.423950 unix=1781597430541 bjt=2026-06-16T16:10:30.541+08:00 condition=E1_SPATIAL_PROGRESSIVE object_index=3 previous_stage=2 new_stage=3 progress=1.000000 object_stages=1:3|2:3|3:3|
2026-06-16T16:10:30.518+08:00 MARKER sdk=1 host=1 enabled=1 sent=1 result=0 message=EVENT EXP2_OBJECT_STAGE_CHANGED trial_id=Exp2_003 rel=1294.423950 unix=1781597430541 bjt=2026-06-16T16:10:30.541+08:00 condition=E1_SPATIAL_PROGRESSIVE object_index=4 previous_stage=2 new_stage=3 progress=1.000000 object_stages=1:3|2:3|3:3|
2026-06-16T16:10:30.518+08:00 MARKER sdk=1 host=1 enabled=1 sent=1 result=0 message=EVENT EXP2_LOADING_COMPLETE trial_id=Exp2_003 rel=1294.423950 unix=1781597430541 bjt=2026-06-16T16:10:30.541+08:00 condition=E1_SPATIAL_PROGRESSIVE
2026-06-16T16:10:36.430+08:00 MARKER sdk=1 host=1 enabled=1 sent=1 result=0 message=EVENT EXP2_PENDING_SELECTION trial_id=Exp2_003 rel=1300.338867 unix=1781597436456 bjt=2026-06-16T16:10:36.456+08:00 condition=E1_SPATIAL_PROGRESSIVE selected=4 selected_content=2 changes=1
2026-06-16T16:10:39.518+08:00 MARKER sdk=1 host=1 enabled=1 sent=1 result=0 message=EVENT EXP2_SUBMIT_SELECTION trial_id=Exp2_003 rel=1303.427368 unix=1781597439545 bjt=2026-06-16T16:10:39.544+08:00 condition=E1_SPATIAL_PROGRESSIVE selected=4 selected_content=2 correct=1
2026-06-16T16:10:39.519+08:00 MARKER sdk=1 host=1 enabled=1 sent=1 result=0 message=TRIAL_RESULT Exp2_003 selected=4 correct=1
2026-06-16T16:12:01.045+08:00 MARKER sdk=1 host=1 enabled=1 sent=1 result=0 message=TRIALID Exp2_004
2026-06-16T16:12:01.045+08:00 MARKER sdk=1 host=1 enabled=1 sent=1 result=0 message=EVENT EXP2_LOADING_START trial_id=Exp2_004 rel=1384.953369 unix=1781597521071 bjt=2026-06-16T16:12:01.070+08:00 condition=E4_FIXED_NONPROGRESSIVE
2026-06-16T16:12:01.045+08:00 MARKER sdk=1 host=1 enabled=1 sent=1 result=0 message=TRIAL_META exp=EXP2 participant=A039 participant_output_id=A039 trial_id=Exp2_004 condition=E4_FIXED_NONPROGRESSIVE spatial_continuity=0 progressive_availability=0
2026-06-16T16:12:01.046+08:00 MARKER sdk=1 host=1 enabled=1 sent=1 result=0 message=TRIAL_META_TASK trial_id=Exp2_004 target_index=2 target_display_index=2 target_content_index=4 target_label=头顶
2026-06-16T16:12:01.046+08:00 MARKER sdk=1 host=1 enabled=1 sent=1 result=0 message=TRIAL_META_SEQUENCE trial_id=Exp2_004 slot_permutation=1:2|2:4|3:3|4:1 sequence_group=2 sequence_index=4
2026-06-16T16:12:13.036+08:00 MARKER sdk=1 host=1 enabled=1 sent=1 result=0 message=EVENT EXP2_OBJECT_STAGE_CHANGED trial_id=Exp2_004 rel=1396.945312 unix=1781597533063 bjt=2026-06-16T16:12:13.062+08:00 condition=E4_FIXED_NONPROGRESSIVE object_index=1 previous_stage=0 new_stage=3 progress=1.000000 object_stages=1:3|2:0|3:0
2026-06-16T16:12:13.037+08:00 MARKER sdk=1 host=1 enabled=1 sent=1 result=0 message=EVENT EXP2_STAGE_3_START trial_id=Exp2_004 rel=1396.945312 unix=1781597533063 bjt=2026-06-16T16:12:13.062+08:00 condition=E4_FIXED_NONPROGRESSIVE stage=3 first_object_index=1 progress=1.000000 object_stages=1:3|2:0|3:0|4:0
2026-06-16T16:12:13.038+08:00 MARKER sdk=1 host=1 enabled=1 sent=1 result=0 message=EVENT EXP2_OBJECT_STAGE_CHANGED trial_id=Exp2_004 rel=1396.945312 unix=1781597533063 bjt=2026-06-16T16:12:13.062+08:00 condition=E4_FIXED_NONPROGRESSIVE object_index=2 previous_stage=0 new_stage=3 progress=1.000000 object_stages=1:3|2:3|3:0
2026-06-16T16:12:13.038+08:00 MARKER sdk=1 host=1 enabled=1 sent=1 result=0 message=EVENT EXP2_OBJECT_STAGE_CHANGED trial_id=Exp2_004 rel=1396.945312 unix=1781597533063 bjt=2026-06-16T16:12:13.062+08:00 condition=E4_FIXED_NONPROGRESSIVE object_index=3 previous_stage=0 new_stage=3 progress=1.000000 object_stages=1:3|2:3|3:3
2026-06-16T16:12:13.038+08:00 MARKER sdk=1 host=1 enabled=1 sent=1 result=0 message=EVENT EXP2_OBJECT_STAGE_CHANGED trial_id=Exp2_004 rel=1396.945312 unix=1781597533063 bjt=2026-06-16T16:12:13.062+08:00 condition=E4_FIXED_NONPROGRESSIVE object_index=4 previous_stage=0 new_stage=3 progress=1.000000 object_stages=1:3|2:3|3:3
2026-06-16T16:12:13.039+08:00 MARKER sdk=1 host=1 enabled=1 sent=1 result=0 message=EVENT EXP2_LOADING_COMPLETE trial_id=Exp2_004 rel=1396.945312 unix=1781597533063 bjt=2026-06-16T16:12:13.062+08:00 condition=E4_FIXED_NONPROGRESSIVE
2026-06-16T16:12:18.689+08:00 MARKER sdk=1 host=1 enabled=1 sent=1 result=0 message=EVENT EXP2_PENDING_SELECTION trial_id=Exp2_004 rel=1402.597656 unix=1781597538715 bjt=2026-06-16T16:12:18.715+08:00 condition=E4_FIXED_NONPROGRESSIVE selected=2 selected_content=4 changes=1
2026-06-16T16:12:21.119+08:00 MARKER sdk=1 host=1 enabled=1 sent=1 result=0 message=EVENT EXP2_SUBMIT_SELECTION trial_id=Exp2_004 rel=1405.027832 unix=1781597541145 bjt=2026-06-16T16:12:21.145+08:00 condition=E4_FIXED_NONPROGRESSIVE selected=2 selected_content=4 correct=1
2026-06-16T16:12:21.119+08:00 MARKER sdk=1 host=1 enabled=1 sent=1 result=0 message=TRIAL_RESULT Exp2_004 selected=2 correct=1
2026-06-16T16:13:34.449+08:00 MARKER sdk=1 host=1 enabled=1 sent=1 result=0 message=EVENT EXPERIMENT_END_SCREEN_SHOWN participant=A039 output_id=A039 unix=1781597614449 bjt=2026-06-16_16:13:34.449
2026-06-16T16:13:34.450+08:00 FORMAL_RECORDING step=FINISH_REQUESTED success=1 reason=experiment_end_door edf=FM154833.EDF recording=1 opened=1
2026-06-16T16:13:34.450+08:00 MARKER sdk=1 host=1 enabled=1 sent=1 result=0 message=FORMAL_RECORDING_END participant=A039 rel=1478.358 unix=1781597614450 bjt=2026-06-16T16:13:34.450+08:00 edf=FM154833.EDF source=ue_formal reason=experiment_end_door
2026-06-16T16:13:34.651+08:00 FORMAL_RECORDING step=END_MARKER_FLUSH_WAIT success=1 duration_ms=200
2026-06-16T16:13:34.755+08:00 FORMAL_RECORDING step=RECORDING_STOPPED success=1 result=0
2026-06-16T16:13:34.756+08:00 FORMAL_RECORDING step=EDF_CLOSED success=1 edf=FM154833.EDF result=0
2026-06-16T16:13:37.647+08:00 EDF_RECEIVE_ATTEMPT source_tag=formal attempt=full_path source=FM154833.EDF dest=../../../../../../Project/UE5/Gallery/Saved/ExperimentData/EDF/FM154833.EDF dest_is_path=0 result=80390242 exists=1 size=80390242
2026-06-16T16:13:37.647+08:00 FORMAL_RECORDING step=EDF_RECEIVED_TO_DPC success=1 edf=FM154833.EDF local=../../../../../../Project/UE5/Gallery/Saved/ExperimentData/EDF/FM154833.EDF result=80390242 size=80390242
2026-06-16T16:13:37.647+08:00 FORMAL_RECORDING step=FINISHED success=1 reason=experiment_end_door edf=FM154833.EDF local=../../../../../../Project/UE5/Gallery/Saved/ExperimentData/EDF/FM154833.EDF
