2026-06-12T15:57:57.815+08:00 STATUS start_ui_status sdk=connected host=not_connected log=
2026-06-12T16:06:41.548+08:00 FORMAL_RECORDING step=EDF_OPEN_REQUESTED success=1 participant=A013 edf=FM160641.EDF source=calibration_button
2026-06-12T16:06:41.549+08:00 CONNECT method=open_eyelink_connection ip=100.1.1.1
2026-06-12T16:06:41.583+08:00 CONNECT_RESULT method=open_eyelink_connection result=0 connected=1
2026-06-12T16:06:41.583+08:00 STATUS host_connected=1 sdk_available=1 note=connection_opened_high_level
2026-06-12T16:06:41.583+08:00 FORMAL_RECORDING step=HOST_CONNECTED success=1 sdk=1 host=1 source=calibration_button
2026-06-12T16:06:41.678+08:00 FORMAL_RECORDING step=EDF_OPENED success=1 edf=FM160641.EDF result=0 source=calibration_button
2026-06-12T16:06:41.725+08:00 FORMAL_EDF_MARKER sdk=1 host=1 opened=1 sent=1 message=FORMAL_EDF_OPENED participant=A013 rel=519.943 unix=1781251601724 bjt=2026-06-12T16:06:41.724+08:00 edf=FM160641.EDF source=ue_formal open_result=0 source_tag=calibration_button
2026-06-12T16:06:41.725+08:00 FORMAL_EDF_MARKER sdk=1 host=1 opened=1 sent=1 message=FORMAL_SESSION_PREPARED participant=A013 rel=519.943 unix=1781251601725 bjt=2026-06-12T16:06:41.725+08:00 edf=FM160641.EDF source=ue_formal calibration_complete=0
2026-06-12T16:06:41.725+08:00 FORMAL_EDF_MARKER sdk=1 host=1 opened=1 sent=1 message=CALIBRATION_REQUESTED participant=A013 rel=519.943 unix=1781251601725 bjt=2026-06-12T16:06:41.725+08:00 edf=FM160641.EDF source=ue_formal open_result=0
2026-06-12T16:06:41.725+08:00 CALIBRATION step=REQUESTED success=1 note=run_eyelink_tracker_setup
2026-06-12T16:06:41.725+08:00 CALIBRATION step=HOST_CONNECTED success=1 sdk=1 host=1 graphics=1
2026-06-12T16:06:41.733+08:00 CALIBRATION_DISPLAY_INIT success=1 result=0 error=
2026-06-12T16:06:41.733+08:00 CALIBRATION_DISPLAY_LIST count=2 requested_index=1 explicit=1
2026-06-12T16:06:41.733+08:00 CALIBRATION_DISPLAY index=0 name=Dell XPS 15 SDC414D Display bounds_result=0 x=0 y=0 w=1920 h=1080 mode_result=0 mode_w=1920 mode_h=1080 refresh=60
2026-06-12T16:06:41.733+08:00 CALIBRATION_DISPLAY index=1 name=Acer GR235H bounds_result=0 x=0 y=-1080 w=1920 h=1080 mode_result=0 mode_w=1920 mode_h=1080 refresh=60
2026-06-12T16:06:41.870+08:00 CALIBRATION step=GRAPHICS_INITIALIZED success=1 result=0 explicit_request=1 display_index=1 window_ptr=0000024FEFD912F0 width=1920 height=1080 bits=32 refresh=60.00
2026-06-12T16:06:41.883+08:00 CALIBRATION step=REGISTERED_WINDOW_MOVED success=1 requested_display=1 actual_display=1 requested_x=0 requested_y=-1080 requested_w=1920 requested_h=1080 actual_x=0 actual_y=-1080 actual_w=1920 actual_h=1080
2026-06-12T16:06:41.896+08:00 FORMAL_EDF_MARKER sdk=1 host=1 opened=1 sent=1 message=CALIBRATION_SETUP_START participant=A013 rel=519.943 unix=1781251601896 bjt=2026-06-12T16:06:41.896+08:00 edf=FM160641.EDF source=ue_formal calibration_type=HV9 width=1920 height=1080
2026-06-12T16:06:41.897+08:00 CALIBRATION step=TRACKER_SETUP_BEGIN success=1 detail=call_do_tracker_setup
2026-06-12T16:07:14.368+08:00 CALIBRATION step=TRACKER_SETUP_RETURNED success=1 result=0
2026-06-12T16:07:14.368+08:00 FORMAL_EDF_MARKER sdk=1 host=1 opened=1 sent=1 message=CALIBRATION_SETUP_END participant=A013 rel=519.943 unix=1781251634368 bjt=2026-06-12T16:07:14.368+08:00 edf=FM160641.EDF source=ue_formal setup_result=0
2026-06-12T16:07:16.414+08:00 CALIBRATION step=GRAPHICS_CLOSED success=1
2026-06-12T16:07:16.414+08:00 CALIBRATION step=CALIBRATION_WINDOW_DESTROYED success=1
2026-06-12T16:07:16.414+08:00 CALIBRATION step=FINISHED success=1 result=0
2026-06-12T16:07:16.414+08:00 FORMAL_EDF_MARKER sdk=1 host=1 opened=1 sent=1 message=CALIBRATION_STATUS participant=A013 rel=519.943 unix=1781251636414 bjt=2026-06-12T16:07:16.414+08:00 edf=FM160641.EDF source=ue_formal calibration_complete=1
2026-06-12T16:07:16.414+08:00 FORMAL_CALIBRATION step=FINISHED success=1 participant=A013 edf=FM160641.EDF open_result=0
2026-06-12T16:07:16.414+08:00 STATUS start_ui_status sdk=connected host=connected log=../../../../../../Project/UE5/Gallery/Saved/ExperimentLogs/EyeLinkMarkers_20260612_155757_814.log
2026-06-12T16:07:29.309+08:00 FORMAL_RECORDING step=EDF_ALREADY_OPEN success=1 participant=A013 edf=FM160641.EDF source=start_button_preopened calibration_complete=1
2026-06-12T16:07:29.317+08:00 FORMAL_RECORDING step=RECORDING_STARTED success=1 result=0 edf=FM160641.EDF preopened=1 calibration_complete=1
2026-06-12T16:07:29.318+08:00 MARKER sdk=1 host=1 enabled=1 sent=1 result=0 message=FORMAL_RECORDING_START participant=A013 rel=532.297 unix=1781251649318 bjt=2026-06-12T16:07:29.318+08:00 edf=FM160641.EDF source=ue_formal open_result=0 record_result=0 edf_preopened=1 calibration_complete=1
2026-06-12T16:07:29.318+08:00 STATUS formal_recording_start_requested participant=A013 success=1 edf=FM160641.EDF calibration_complete=1
2026-06-12T16:07:29.318+08:00 STATUS start_ui_status sdk=connected host=connected log=../../../../../../Project/UE5/Gallery/Saved/ExperimentLogs/EyeLinkMarkers_20260612_155757_814.log
2026-06-12T16:07:29.318+08:00 MARKER sdk=1 host=1 enabled=1 sent=1 result=0 message=RECORDING_TIME_REFERENCE participant=A013 rel=532.297 unix=1781251649318 bjt=2026-06-12T16:07:29.318+08:00 source=ue_session_start
2026-06-12T16:07:29.318+08:00 MARKER sdk=1 host=1 enabled=1 sent=1 result=0 message=SESSION_START participant=A013 rel=532.297 unix=1781251649318 bjt=2026-06-12T16:07:29.318+08:00
2026-06-12T16:07:29.318+08:00 MARKER sdk=1 host=1 enabled=1 sent=1 result=0 message=EXPERIMENT_RUN_MODE EXP1_THEN_EXP2
2026-06-12T16:07:29.322+08:00 MARKER sdk=1 host=1 enabled=1 sent=1 result=0 message=SCREEN_RECORDING_REQUEST enabled=1 started=1 participant=A013
2026-06-12T16:08:24.734+08:00 MARKER sdk=1 host=1 enabled=1 sent=1 result=0 message=TRIALID T001
2026-06-12T16:08:24.735+08:00 MARKER sdk=1 host=1 enabled=1 sent=1 result=0 message=EVENT LOADING_INTERACT trial=T001 rel=587.739 unix=1781251704759 bjt=2026-06-12T16:08:24.759+08:00
2026-06-12T16:08:24.735+08:00 MARKER sdk=1 host=1 enabled=1 sent=1 result=0 message=EVENT LOADING_START trial=T001 rel=587.739 unix=1781251704759 bjt=2026-06-12T16:08:24.759+08:00
2026-06-12T16:08:24.735+08:00 MARKER sdk=1 host=1 enabled=1 sent=1 result=0 message=!V TRIAL_VAR participant A013
2026-06-12T16:08:24.735+08:00 MARKER sdk=1 host=1 enabled=1 sent=1 result=0 message=!V TRIAL_VAR experiment EXP1
2026-06-12T16:08:24.736+08:00 MARKER sdk=1 host=1 enabled=1 sent=1 result=0 message=!V TRIAL_VAR exhibit_id Ex1_TEST
2026-06-12T16:08:24.736+08:00 MARKER sdk=1 host=1 enabled=1 sent=1 result=0 message=!V TRIAL_VAR exhibit_name 测试展品
2026-06-12T16:08:24.736+08:00 MARKER sdk=1 host=1 enabled=1 sent=1 result=0 message=!V TRIAL_VAR condition A
2026-06-12T16:08:24.736+08:00 MARKER sdk=1 host=1 enabled=1 sent=1 result=0 message=!V TRIAL_VAR latin_group NA
2026-06-12T16:08:24.736+08:00 MARKER sdk=1 host=1 enabled=1 sent=1 result=0 message=!V TRIAL_VAR sequence_index -1
2026-06-12T16:08:24.736+08:00 MARKER sdk=1 host=1 enabled=1 sent=1 result=0 message=!V TRIAL_VAR sequence_label NA
2026-06-12T16:08:26.725+08:00 MARKER sdk=1 host=1 enabled=1 sent=1 result=0 message=EVENT LOADING_COMPLETE trial=T001 rel=589.730 unix=1781251706751 bjt=2026-06-12T16:08:26.750+08:00
2026-06-12T16:08:29.668+08:00 MARKER sdk=1 host=1 enabled=1 sent=1 result=0 message=EVENT VIEWER_ENTER trial=T001 rel=592.669 unix=1781251709690 bjt=2026-06-12T16:08:29.689+08:00
2026-06-12T16:08:29.668+08:00 MARKER sdk=1 host=1 enabled=1 sent=1 result=0 message=EVENT QUESTION_START trial=T001 rel=592.669 unix=1781251709690 bjt=2026-06-12T16:08:29.689+08:00 q=1 total=2 correct_index=-1 correct_label=NotAnswered
2026-06-12T16:08:34.498+08:00 MARKER sdk=1 host=1 enabled=1 sent=1 result=0 message=EVENT QUESTION_SUBMIT trial=T001 rel=597.487 unix=1781251714508 bjt=2026-06-12T16:08:34.507+08:00 q=1 option=A correct_index=-1 correct_label=NotAnswered is_correct=-1
2026-06-12T16:08:34.499+08:00 MARKER sdk=1 host=1 enabled=1 sent=1 result=0 message=EVENT QUESTION_START trial=T001 rel=597.487 unix=1781251714508 bjt=2026-06-12T16:08:34.507+08:00 q=2 total=2 correct_index=-1 correct_label=NotAnswered
2026-06-12T16:08:50.652+08:00 MARKER sdk=1 host=1 enabled=1 sent=1 result=0 message=EVENT QUESTION_SUBMIT trial=T001 rel=613.642 unix=1781251730662 bjt=2026-06-12T16:08:50.662+08:00 q=2 option=D correct_index=-1 correct_label=NotAnswered is_correct=-1
2026-06-12T16:08:51.987+08:00 MARKER sdk=1 host=1 enabled=1 sent=1 result=0 message=EVENT VIEWER_EXIT trial=T001 rel=614.992 unix=1781251732012 bjt=2026-06-12T16:08:52.012+08:00
2026-06-12T16:08:51.988+08:00 MARKER sdk=1 host=1 enabled=1 sent=1 result=0 message=EVENT TRIAL_RESULT trial=T001 rel=614.992 unix=1781251732012 bjt=2026-06-12T16:08:52.012+08:00 rows=2
2026-06-12T16:09:32.430+08:00 MARKER sdk=1 host=1 enabled=1 sent=1 result=0 message=TRIALID T002
2026-06-12T16:09:32.431+08:00 MARKER sdk=1 host=1 enabled=1 sent=1 result=0 message=EVENT LOADING_INTERACT trial=T002 rel=655.434 unix=1781251772455 bjt=2026-06-12T16:09:32.454+08:00
2026-06-12T16:09:32.431+08:00 MARKER sdk=1 host=1 enabled=1 sent=1 result=0 message=EVENT LOADING_START trial=T002 rel=655.434 unix=1781251772455 bjt=2026-06-12T16:09:32.454+08:00
2026-06-12T16:09:32.431+08:00 MARKER sdk=1 host=1 enabled=1 sent=1 result=0 message=!V TRIAL_VAR participant A013
2026-06-12T16:09:32.432+08:00 MARKER sdk=1 host=1 enabled=1 sent=1 result=0 message=!V TRIAL_VAR experiment EXP1
2026-06-12T16:09:32.432+08:00 MARKER sdk=1 host=1 enabled=1 sent=1 result=0 message=!V TRIAL_VAR exhibit_id 01
2026-06-12T16:09:32.432+08:00 MARKER sdk=1 host=1 enabled=1 sent=1 result=0 message=!V TRIAL_VAR exhibit_name 半岛香炉
2026-06-12T16:09:32.432+08:00 MARKER sdk=1 host=1 enabled=1 sent=1 result=0 message=!V TRIAL_VAR condition A
2026-06-12T16:09:32.432+08:00 MARKER sdk=1 host=1 enabled=1 sent=1 result=0 message=!V TRIAL_VAR latin_group G1
2026-06-12T16:09:32.433+08:00 MARKER sdk=1 host=1 enabled=1 sent=1 result=0 message=!V TRIAL_VAR sequence_index 1
2026-06-12T16:09:32.433+08:00 MARKER sdk=1 host=1 enabled=1 sent=1 result=0 message=!V TRIAL_VAR sequence_label G1_T01
2026-06-12T16:09:42.420+08:00 MARKER sdk=1 host=1 enabled=1 sent=1 result=0 message=EVENT LOADING_COMPLETE trial=T002 rel=665.425 unix=1781251782445 bjt=2026-06-12T16:09:42.445+08:00
2026-06-12T16:09:44.137+08:00 MARKER sdk=1 host=1 enabled=1 sent=1 result=0 message=EVENT VIEWER_ENTER trial=T002 rel=667.141 unix=1781251784162 bjt=2026-06-12T16:09:44.161+08:00
2026-06-12T16:09:44.138+08:00 MARKER sdk=1 host=1 enabled=1 sent=1 result=0 message=EVENT QUESTION_START trial=T002 rel=667.141 unix=1781251784162 bjt=2026-06-12T16:09:44.161+08:00 q=1 total=2 correct_index=1 correct_label=B
2026-06-12T16:09:47.903+08:00 MARKER sdk=1 host=1 enabled=1 sent=1 result=0 message=EVENT QUESTION_SUBMIT trial=T002 rel=670.892 unix=1781251787912 bjt=2026-06-12T16:09:47.912+08:00 q=1 option=B correct_index=1 correct_label=B is_correct=1
2026-06-12T16:09:47.904+08:00 MARKER sdk=1 host=1 enabled=1 sent=1 result=0 message=EVENT QUESTION_START trial=T002 rel=670.892 unix=1781251787912 bjt=2026-06-12T16:09:47.912+08:00 q=2 total=2 correct_index=1 correct_label=B
2026-06-12T16:09:54.496+08:00 MARKER sdk=1 host=1 enabled=1 sent=1 result=0 message=EVENT QUESTION_SUBMIT trial=T002 rel=677.486 unix=1781251794507 bjt=2026-06-12T16:09:54.506+08:00 q=2 option=A correct_index=1 correct_label=B is_correct=0
2026-06-12T16:09:55.605+08:00 MARKER sdk=1 host=1 enabled=1 sent=1 result=0 message=EVENT VIEWER_EXIT trial=T002 rel=678.609 unix=1781251795630 bjt=2026-06-12T16:09:55.629+08:00
2026-06-12T16:09:55.606+08:00 MARKER sdk=1 host=1 enabled=1 sent=1 result=0 message=EVENT TRIAL_RESULT trial=T002 rel=678.609 unix=1781251795630 bjt=2026-06-12T16:09:55.629+08:00 rows=2
2026-06-12T16:11:11.191+08:00 MARKER sdk=1 host=1 enabled=1 sent=1 result=0 message=TRIALID T003
2026-06-12T16:11:11.191+08:00 MARKER sdk=1 host=1 enabled=1 sent=1 result=0 message=EVENT LOADING_INTERACT trial=T003 rel=754.195 unix=1781251871216 bjt=2026-06-12T16:11:11.215+08:00
2026-06-12T16:11:11.192+08:00 MARKER sdk=1 host=1 enabled=1 sent=1 result=0 message=EVENT LOADING_START trial=T003 rel=754.195 unix=1781251871216 bjt=2026-06-12T16:11:11.215+08:00
2026-06-12T16:11:11.192+08:00 MARKER sdk=1 host=1 enabled=1 sent=1 result=0 message=!V TRIAL_VAR participant A013
2026-06-12T16:11:11.192+08:00 MARKER sdk=1 host=1 enabled=1 sent=1 result=0 message=!V TRIAL_VAR experiment EXP1
2026-06-12T16:11:11.192+08:00 MARKER sdk=1 host=1 enabled=1 sent=1 result=0 message=!V TRIAL_VAR exhibit_id 02
2026-06-12T16:11:11.192+08:00 MARKER sdk=1 host=1 enabled=1 sent=1 result=0 message=!V TRIAL_VAR exhibit_name 中国青铜器
2026-06-12T16:11:11.192+08:00 MARKER sdk=1 host=1 enabled=1 sent=1 result=0 message=!V TRIAL_VAR condition A_PLUS
2026-06-12T16:11:11.193+08:00 MARKER sdk=1 host=1 enabled=1 sent=1 result=0 message=!V TRIAL_VAR latin_group G1
2026-06-12T16:11:11.193+08:00 MARKER sdk=1 host=1 enabled=1 sent=1 result=0 message=!V TRIAL_VAR sequence_index 2
2026-06-12T16:11:11.193+08:00 MARKER sdk=1 host=1 enabled=1 sent=1 result=0 message=!V TRIAL_VAR sequence_label G1_T02
2026-06-12T16:11:21.173+08:00 MARKER sdk=1 host=1 enabled=1 sent=1 result=0 message=EVENT LOADING_COMPLETE trial=T003 rel=764.179 unix=1781251881199 bjt=2026-06-12T16:11:21.199+08:00
2026-06-12T16:11:22.720+08:00 MARKER sdk=1 host=1 enabled=1 sent=1 result=0 message=EVENT VIEWER_ENTER trial=T003 rel=765.724 unix=1781251882745 bjt=2026-06-12T16:11:22.744+08:00
2026-06-12T16:11:22.720+08:00 MARKER sdk=1 host=1 enabled=1 sent=1 result=0 message=EVENT QUESTION_START trial=T003 rel=765.724 unix=1781251882745 bjt=2026-06-12T16:11:22.744+08:00 q=1 total=2 correct_index=1 correct_label=B
2026-06-12T16:11:28.314+08:00 MARKER sdk=1 host=1 enabled=1 sent=1 result=0 message=EVENT QUESTION_SUBMIT trial=T003 rel=771.300 unix=1781251888321 bjt=2026-06-12T16:11:28.320+08:00 q=1 option=B correct_index=1 correct_label=B is_correct=1
2026-06-12T16:11:28.316+08:00 MARKER sdk=1 host=1 enabled=1 sent=1 result=0 message=EVENT QUESTION_START trial=T003 rel=771.300 unix=1781251888321 bjt=2026-06-12T16:11:28.320+08:00 q=2 total=2 correct_index=1 correct_label=B
2026-06-12T16:11:39.723+08:00 MARKER sdk=1 host=1 enabled=1 sent=1 result=0 message=EVENT QUESTION_SUBMIT trial=T003 rel=782.712 unix=1781251899732 bjt=2026-06-12T16:11:39.732+08:00 q=2 option=B correct_index=1 correct_label=B is_correct=1
2026-06-12T16:11:40.406+08:00 MARKER sdk=1 host=1 enabled=1 sent=1 result=0 message=EVENT VIEWER_EXIT trial=T003 rel=783.411 unix=1781251900431 bjt=2026-06-12T16:11:40.431+08:00
2026-06-12T16:11:40.407+08:00 MARKER sdk=1 host=1 enabled=1 sent=1 result=0 message=EVENT TRIAL_RESULT trial=T003 rel=783.411 unix=1781251900431 bjt=2026-06-12T16:11:40.431+08:00 rows=2
2026-06-12T16:13:33.657+08:00 MARKER sdk=1 host=1 enabled=1 sent=1 result=0 message=TRIALID T004
2026-06-12T16:13:33.657+08:00 MARKER sdk=1 host=1 enabled=1 sent=1 result=0 message=EVENT LOADING_INTERACT trial=T004 rel=896.663 unix=1781252013683 bjt=2026-06-12T16:13:33.683+08:00
2026-06-12T16:13:33.658+08:00 MARKER sdk=1 host=1 enabled=1 sent=1 result=0 message=EVENT LOADING_START trial=T004 rel=896.663 unix=1781252013683 bjt=2026-06-12T16:13:33.683+08:00
2026-06-12T16:13:33.658+08:00 MARKER sdk=1 host=1 enabled=1 sent=1 result=0 message=!V TRIAL_VAR participant A013
2026-06-12T16:13:33.658+08:00 MARKER sdk=1 host=1 enabled=1 sent=1 result=0 message=!V TRIAL_VAR experiment EXP1
2026-06-12T16:13:33.658+08:00 MARKER sdk=1 host=1 enabled=1 sent=1 result=0 message=!V TRIAL_VAR exhibit_id 03
2026-06-12T16:13:33.658+08:00 MARKER sdk=1 host=1 enabled=1 sent=1 result=0 message=!V TRIAL_VAR exhibit_name 希腊陶具
2026-06-12T16:13:33.658+08:00 MARKER sdk=1 host=1 enabled=1 sent=1 result=0 message=!V TRIAL_VAR condition B
2026-06-12T16:13:33.658+08:00 MARKER sdk=1 host=1 enabled=1 sent=1 result=0 message=!V TRIAL_VAR latin_group G1
2026-06-12T16:13:33.658+08:00 MARKER sdk=1 host=1 enabled=1 sent=1 result=0 message=!V TRIAL_VAR sequence_index 3
2026-06-12T16:13:33.659+08:00 MARKER sdk=1 host=1 enabled=1 sent=1 result=0 message=!V TRIAL_VAR sequence_label G1_T03
2026-06-12T16:13:43.647+08:00 MARKER sdk=1 host=1 enabled=1 sent=1 result=0 message=EVENT LOADING_COMPLETE trial=T004 rel=906.652 unix=1781252023673 bjt=2026-06-12T16:13:43.672+08:00
2026-06-12T16:13:45.227+08:00 MARKER sdk=1 host=1 enabled=1 sent=1 result=0 message=EVENT VIEWER_ENTER trial=T004 rel=908.231 unix=1781252025251 bjt=2026-06-12T16:13:45.251+08:00
2026-06-12T16:13:45.228+08:00 MARKER sdk=1 host=1 enabled=1 sent=1 result=0 message=EVENT QUESTION_START trial=T004 rel=908.231 unix=1781252025251 bjt=2026-06-12T16:13:45.251+08:00 q=1 total=2 correct_index=0 correct_label=A
2026-06-12T16:13:47.418+08:00 MARKER sdk=1 host=1 enabled=1 sent=1 result=0 message=EVENT QUESTION_SUBMIT trial=T004 rel=910.408 unix=1781252027428 bjt=2026-06-12T16:13:47.428+08:00 q=1 option=A correct_index=0 correct_label=A is_correct=1
2026-06-12T16:13:47.419+08:00 MARKER sdk=1 host=1 enabled=1 sent=1 result=0 message=EVENT QUESTION_START trial=T004 rel=910.408 unix=1781252027428 bjt=2026-06-12T16:13:47.428+08:00 q=2 total=2 correct_index=2 correct_label=C
2026-06-12T16:13:50.017+08:00 MARKER sdk=1 host=1 enabled=1 sent=1 result=0 message=EVENT QUESTION_SUBMIT trial=T004 rel=913.007 unix=1781252030027 bjt=2026-06-12T16:13:50.027+08:00 q=2 option=C correct_index=2 correct_label=C is_correct=1
2026-06-12T16:13:51.730+08:00 MARKER sdk=1 host=1 enabled=1 sent=1 result=0 message=EVENT VIEWER_EXIT trial=T004 rel=914.734 unix=1781252031755 bjt=2026-06-12T16:13:51.755+08:00
2026-06-12T16:13:51.730+08:00 MARKER sdk=1 host=1 enabled=1 sent=1 result=0 message=EVENT TRIAL_RESULT trial=T004 rel=914.734 unix=1781252031755 bjt=2026-06-12T16:13:51.755+08:00 rows=2
2026-06-12T16:14:52.463+08:00 MARKER sdk=1 host=1 enabled=1 sent=1 result=0 message=TRIALID T005
2026-06-12T16:14:52.463+08:00 MARKER sdk=1 host=1 enabled=1 sent=1 result=0 message=EVENT LOADING_INTERACT trial=T005 rel=975.468 unix=1781252092488 bjt=2026-06-12T16:14:52.488+08:00
2026-06-12T16:14:52.463+08:00 MARKER sdk=1 host=1 enabled=1 sent=1 result=0 message=EVENT LOADING_START trial=T005 rel=975.468 unix=1781252092488 bjt=2026-06-12T16:14:52.488+08:00
2026-06-12T16:14:52.464+08:00 MARKER sdk=1 host=1 enabled=1 sent=1 result=0 message=!V TRIAL_VAR participant A013
2026-06-12T16:14:52.464+08:00 MARKER sdk=1 host=1 enabled=1 sent=1 result=0 message=!V TRIAL_VAR experiment EXP1
2026-06-12T16:14:52.464+08:00 MARKER sdk=1 host=1 enabled=1 sent=1 result=0 message=!V TRIAL_VAR exhibit_id 04
2026-06-12T16:14:52.464+08:00 MARKER sdk=1 host=1 enabled=1 sent=1 result=0 message=!V TRIAL_VAR exhibit_name 中国花瓶
2026-06-12T16:14:52.464+08:00 MARKER sdk=1 host=1 enabled=1 sent=1 result=0 message=!V TRIAL_VAR condition C_MINUS
2026-06-12T16:14:52.464+08:00 MARKER sdk=1 host=1 enabled=1 sent=1 result=0 message=!V TRIAL_VAR latin_group G1
2026-06-12T16:14:52.465+08:00 MARKER sdk=1 host=1 enabled=1 sent=1 result=0 message=!V TRIAL_VAR sequence_index 4
2026-06-12T16:14:52.465+08:00 MARKER sdk=1 host=1 enabled=1 sent=1 result=0 message=!V TRIAL_VAR sequence_label G1_T04
2026-06-12T16:14:52.465+08:00 MARKER sdk=1 host=1 enabled=1 sent=1 result=0 message=EVENT VIEWER_ENTER trial=T005 rel=975.468 unix=1781252092488 bjt=2026-06-12T16:14:52.488+08:00 mode=progressive_no_progress_bar
2026-06-12T16:14:58.451+08:00 MARKER sdk=1 host=1 enabled=1 sent=1 result=0 message=EVENT PROGRESSIVE_USABLE trial=T005 rel=981.456 unix=1781252098477 bjt=2026-06-12T16:14:58.477+08:00
2026-06-12T16:14:58.452+08:00 MARKER sdk=1 host=1 enabled=1 sent=1 result=0 message=EVENT QUESTION_START trial=T005 rel=981.456 unix=1781252098477 bjt=2026-06-12T16:14:58.477+08:00 q=1 total=2 correct_index=2 correct_label=C
2026-06-12T16:15:02.459+08:00 MARKER sdk=1 host=1 enabled=1 sent=1 result=0 message=EVENT LOADING_COMPLETE trial=T005 rel=985.464 unix=1781252102485 bjt=2026-06-12T16:15:02.484+08:00
2026-06-12T16:15:05.948+08:00 MARKER sdk=1 host=1 enabled=1 sent=1 result=0 message=EVENT QUESTION_SUBMIT trial=T005 rel=988.937 unix=1781252105957 bjt=2026-06-12T16:15:05.957+08:00 q=1 option=C correct_index=2 correct_label=C is_correct=1
2026-06-12T16:15:05.948+08:00 MARKER sdk=1 host=1 enabled=1 sent=1 result=0 message=EVENT QUESTION_START trial=T005 rel=988.937 unix=1781252105957 bjt=2026-06-12T16:15:05.957+08:00 q=2 total=2 correct_index=3 correct_label=D
2026-06-12T16:15:08.347+08:00 MARKER sdk=1 host=1 enabled=1 sent=1 result=0 message=EVENT QUESTION_SUBMIT trial=T005 rel=991.336 unix=1781252108356 bjt=2026-06-12T16:15:08.356+08:00 q=2 option=D correct_index=3 correct_label=D is_correct=1
2026-06-12T16:15:09.122+08:00 MARKER sdk=1 host=1 enabled=1 sent=1 result=0 message=EVENT VIEWER_EXIT trial=T005 rel=992.127 unix=1781252109148 bjt=2026-06-12T16:15:09.147+08:00
2026-06-12T16:15:09.122+08:00 MARKER sdk=1 host=1 enabled=1 sent=1 result=0 message=EVENT TRIAL_RESULT trial=T005 rel=992.127 unix=1781252109148 bjt=2026-06-12T16:15:09.147+08:00 rows=2
2026-06-12T16:16:13.021+08:00 MARKER sdk=1 host=1 enabled=1 sent=1 result=0 message=TRIALID T006
2026-06-12T16:16:13.022+08:00 MARKER sdk=1 host=1 enabled=1 sent=1 result=0 message=EVENT LOADING_INTERACT trial=T006 rel=1056.026 unix=1781252173047 bjt=2026-06-12T16:16:13.046+08:00
2026-06-12T16:16:13.023+08:00 MARKER sdk=1 host=1 enabled=1 sent=1 result=0 message=EVENT LOADING_START trial=T006 rel=1056.026 unix=1781252173047 bjt=2026-06-12T16:16:13.046+08:00
2026-06-12T16:16:13.023+08:00 MARKER sdk=1 host=1 enabled=1 sent=1 result=0 message=!V TRIAL_VAR participant A013
2026-06-12T16:16:13.023+08:00 MARKER sdk=1 host=1 enabled=1 sent=1 result=0 message=!V TRIAL_VAR experiment EXP1
2026-06-12T16:16:13.023+08:00 MARKER sdk=1 host=1 enabled=1 sent=1 result=0 message=!V TRIAL_VAR exhibit_id 05
2026-06-12T16:16:13.024+08:00 MARKER sdk=1 host=1 enabled=1 sent=1 result=0 message=!V TRIAL_VAR exhibit_name 雅典双耳罐
2026-06-12T16:16:13.025+08:00 MARKER sdk=1 host=1 enabled=1 sent=1 result=0 message=!V TRIAL_VAR condition C
2026-06-12T16:16:13.025+08:00 MARKER sdk=1 host=1 enabled=1 sent=1 result=0 message=!V TRIAL_VAR latin_group G1
2026-06-12T16:16:13.025+08:00 MARKER sdk=1 host=1 enabled=1 sent=1 result=0 message=!V TRIAL_VAR sequence_index 5
2026-06-12T16:16:13.025+08:00 MARKER sdk=1 host=1 enabled=1 sent=1 result=0 message=!V TRIAL_VAR sequence_label G1_T05
2026-06-12T16:16:13.025+08:00 MARKER sdk=1 host=1 enabled=1 sent=1 result=0 message=EVENT VIEWER_ENTER trial=T006 rel=1056.026 unix=1781252173047 bjt=2026-06-12T16:16:13.046+08:00 mode=progressive
2026-06-12T16:16:19.009+08:00 MARKER sdk=1 host=1 enabled=1 sent=1 result=0 message=EVENT PROGRESSIVE_USABLE trial=T006 rel=1062.013 unix=1781252179034 bjt=2026-06-12T16:16:19.033+08:00
2026-06-12T16:16:19.011+08:00 MARKER sdk=1 host=1 enabled=1 sent=1 result=0 message=EVENT QUESTION_START trial=T006 rel=1062.013 unix=1781252179034 bjt=2026-06-12T16:16:19.033+08:00 q=1 total=2 correct_index=0 correct_label=A
2026-06-12T16:16:23.006+08:00 MARKER sdk=1 host=1 enabled=1 sent=1 result=0 message=EVENT LOADING_COMPLETE trial=T006 rel=1066.010 unix=1781252183030 bjt=2026-06-12T16:16:23.030+08:00
2026-06-12T16:16:29.703+08:00 MARKER sdk=1 host=1 enabled=1 sent=1 result=0 message=EVENT QUESTION_SUBMIT trial=T006 rel=1072.689 unix=1781252189710 bjt=2026-06-12T16:16:29.709+08:00 q=1 option=A correct_index=0 correct_label=A is_correct=1
2026-06-12T16:16:29.704+08:00 MARKER sdk=1 host=1 enabled=1 sent=1 result=0 message=EVENT QUESTION_START trial=T006 rel=1072.689 unix=1781252189710 bjt=2026-06-12T16:16:29.709+08:00 q=2 total=2 correct_index=2 correct_label=C
2026-06-12T16:16:32.115+08:00 MARKER sdk=1 host=1 enabled=1 sent=1 result=0 message=EVENT QUESTION_SUBMIT trial=T006 rel=1075.104 unix=1781252192125 bjt=2026-06-12T16:16:32.124+08:00 q=2 option=C correct_index=2 correct_label=C is_correct=1
2026-06-12T16:16:33.920+08:00 MARKER sdk=1 host=1 enabled=1 sent=1 result=0 message=EVENT VIEWER_EXIT trial=T006 rel=1076.925 unix=1781252193945 bjt=2026-06-12T16:16:33.945+08:00
2026-06-12T16:16:33.920+08:00 MARKER sdk=1 host=1 enabled=1 sent=1 result=0 message=EVENT TRIAL_RESULT trial=T006 rel=1076.925 unix=1781252193945 bjt=2026-06-12T16:16:33.945+08:00 rows=2
2026-06-12T16:23:30.713+08:00 MARKER sdk=1 host=1 enabled=1 sent=1 result=0 message=TRIALID Exp2_001
2026-06-12T16:23:30.714+08:00 MARKER sdk=1 host=1 enabled=1 sent=1 result=0 message=!V TRIAL_VAR participant A013
2026-06-12T16:23:30.714+08:00 MARKER sdk=1 host=1 enabled=1 sent=1 result=0 message=!V TRIAL_VAR experiment EXP2
2026-06-12T16:23:30.714+08:00 MARKER sdk=1 host=1 enabled=1 sent=1 result=0 message=!V TRIAL_VAR condition E3_SPATIAL_NONPROGRESSIVE
2026-06-12T16:23:30.715+08:00 MARKER sdk=1 host=1 enabled=1 sent=1 result=0 message=!V TRIAL_VAR spatial_continuity 1
2026-06-12T16:23:30.715+08:00 MARKER sdk=1 host=1 enabled=1 sent=1 result=0 message=!V TRIAL_VAR progressive_availability 0
2026-06-12T16:23:30.715+08:00 MARKER sdk=1 host=1 enabled=1 sent=1 result=0 message=!V TRIAL_VAR target_index 2
2026-06-12T16:23:30.715+08:00 MARKER sdk=1 host=1 enabled=1 sent=1 result=0 message=!V TRIAL_VAR target_display_index 2
2026-06-12T16:23:30.715+08:00 MARKER sdk=1 host=1 enabled=1 sent=1 result=0 message=!V TRIAL_VAR target_content_index 1
2026-06-12T16:23:30.715+08:00 MARKER sdk=1 host=1 enabled=1 sent=1 result=0 message=!V TRIAL_VAR target_label 左脸
2026-06-12T16:23:30.716+08:00 MARKER sdk=1 host=1 enabled=1 sent=1 result=0 message=!V TRIAL_VAR slot_permutation 1:4|2:1|3:2|4:3
2026-06-12T16:23:30.716+08:00 MARKER sdk=1 host=1 enabled=1 sent=1 result=0 message=!V TRIAL_VAR sequence_group 3
2026-06-12T16:23:30.716+08:00 MARKER sdk=1 host=1 enabled=1 sent=1 result=0 message=!V TRIAL_VAR sequence_index 1
2026-06-12T16:23:30.716+08:00 MARKER sdk=1 host=1 enabled=1 sent=1 result=0 message=EVENT EXP2_LOADING_START trial_id=Exp2_001 rel=1493.717773 unix=1781252610738 bjt=2026-06-12T16:23:30.738+08:00 condition=E3_SPATIAL_NONPROGRESSIVE
2026-06-12T16:23:42.700+08:00 MARKER sdk=1 host=1 enabled=1 sent=1 result=0 message=EVENT EXP2_OBJECT_STAGE_CHANGED trial_id=Exp2_001 rel=1505.705566 unix=1781252622726 bjt=2026-06-12T16:23:42.726+08:00 condition=E3_SPATIAL_NONPROGRESSIVE object_index=1 previous_stage=0 new_stage=3 progress=1.000000 object_stages=1:3|2:0|3
2026-06-12T16:23:42.701+08:00 MARKER sdk=1 host=1 enabled=1 sent=1 result=0 message=EVENT EXP2_STAGE_3_START trial_id=Exp2_001 rel=1505.705566 unix=1781252622726 bjt=2026-06-12T16:23:42.726+08:00 condition=E3_SPATIAL_NONPROGRESSIVE stage=3 first_object_index=1 progress=1.000000 object_stages=1:3|2:0|3:0|4:0
2026-06-12T16:23:42.702+08:00 MARKER sdk=1 host=1 enabled=1 sent=1 result=0 message=EVENT EXP2_OBJECT_STAGE_CHANGED trial_id=Exp2_001 rel=1505.705566 unix=1781252622726 bjt=2026-06-12T16:23:42.726+08:00 condition=E3_SPATIAL_NONPROGRESSIVE object_index=2 previous_stage=0 new_stage=3 progress=1.000000 object_stages=1:3|2:3|3
2026-06-12T16:23:42.703+08:00 MARKER sdk=1 host=1 enabled=1 sent=1 result=0 message=EVENT EXP2_OBJECT_STAGE_CHANGED trial_id=Exp2_001 rel=1505.705566 unix=1781252622726 bjt=2026-06-12T16:23:42.726+08:00 condition=E3_SPATIAL_NONPROGRESSIVE object_index=3 previous_stage=0 new_stage=3 progress=1.000000 object_stages=1:3|2:3|3
2026-06-12T16:23:42.703+08:00 MARKER sdk=1 host=1 enabled=1 sent=1 result=0 message=EVENT EXP2_OBJECT_STAGE_CHANGED trial_id=Exp2_001 rel=1505.705566 unix=1781252622726 bjt=2026-06-12T16:23:42.726+08:00 condition=E3_SPATIAL_NONPROGRESSIVE object_index=4 previous_stage=0 new_stage=3 progress=1.000000 object_stages=1:3|2:3|3
2026-06-12T16:23:42.703+08:00 MARKER sdk=1 host=1 enabled=1 sent=1 result=0 message=EVENT EXP2_LOADING_COMPLETE trial_id=Exp2_001 rel=1505.705566 unix=1781252622726 bjt=2026-06-12T16:23:42.726+08:00 condition=E3_SPATIAL_NONPROGRESSIVE
2026-06-12T16:23:55.017+08:00 MARKER sdk=1 host=1 enabled=1 sent=1 result=0 message=EVENT EXP2_PENDING_SELECTION trial_id=Exp2_001 rel=1518.022095 unix=1781252635043 bjt=2026-06-12T16:23:55.042+08:00 condition=E3_SPATIAL_NONPROGRESSIVE selected=2 selected_content=1 changes=1
2026-06-12T16:23:59.923+08:00 MARKER sdk=1 host=1 enabled=1 sent=1 result=0 message=EVENT EXP2_SUBMIT_SELECTION trial_id=Exp2_001 rel=1522.927979 unix=1781252639949 bjt=2026-06-12T16:23:59.948+08:00 condition=E3_SPATIAL_NONPROGRESSIVE selected=2 selected_content=1 correct=1
2026-06-12T16:23:59.923+08:00 MARKER sdk=1 host=1 enabled=1 sent=1 result=0 message=TRIAL_RESULT Exp2_001 selected=2 correct=1
2026-06-12T16:25:18.652+08:00 MARKER sdk=1 host=1 enabled=1 sent=1 result=0 message=TRIALID Exp2_002
2026-06-12T16:25:18.653+08:00 MARKER sdk=1 host=1 enabled=1 sent=1 result=0 message=!V TRIAL_VAR participant A013
2026-06-12T16:25:18.653+08:00 MARKER sdk=1 host=1 enabled=1 sent=1 result=0 message=!V TRIAL_VAR experiment EXP2
2026-06-12T16:25:18.653+08:00 MARKER sdk=1 host=1 enabled=1 sent=1 result=0 message=!V TRIAL_VAR condition E4_FIXED_NONPROGRESSIVE
2026-06-12T16:25:18.653+08:00 MARKER sdk=1 host=1 enabled=1 sent=1 result=0 message=!V TRIAL_VAR spatial_continuity 0
2026-06-12T16:25:18.653+08:00 MARKER sdk=1 host=1 enabled=1 sent=1 result=0 message=!V TRIAL_VAR progressive_availability 0
2026-06-12T16:25:18.653+08:00 MARKER sdk=1 host=1 enabled=1 sent=1 result=0 message=!V TRIAL_VAR target_index 1
2026-06-12T16:25:18.653+08:00 MARKER sdk=1 host=1 enabled=1 sent=1 result=0 message=!V TRIAL_VAR target_display_index 1
2026-06-12T16:25:18.653+08:00 MARKER sdk=1 host=1 enabled=1 sent=1 result=0 message=!V TRIAL_VAR target_content_index 2
2026-06-12T16:25:18.653+08:00 MARKER sdk=1 host=1 enabled=1 sent=1 result=0 message=!V TRIAL_VAR target_label 右脸
2026-06-12T16:25:18.653+08:00 MARKER sdk=1 host=1 enabled=1 sent=1 result=0 message=!V TRIAL_VAR slot_permutation 1:2|2:1|3:3|4:4
2026-06-12T16:25:18.653+08:00 MARKER sdk=1 host=1 enabled=1 sent=1 result=0 message=!V TRIAL_VAR sequence_group 3
2026-06-12T16:25:18.653+08:00 MARKER sdk=1 host=1 enabled=1 sent=1 result=0 message=!V TRIAL_VAR sequence_index 2
2026-06-12T16:25:18.653+08:00 MARKER sdk=1 host=1 enabled=1 sent=1 result=0 message=EVENT EXP2_LOADING_START trial_id=Exp2_002 rel=1601.656982 unix=1781252718678 bjt=2026-06-12T16:25:18.677+08:00 condition=E4_FIXED_NONPROGRESSIVE
2026-06-12T16:25:30.635+08:00 MARKER sdk=1 host=1 enabled=1 sent=1 result=0 message=EVENT EXP2_OBJECT_STAGE_CHANGED trial_id=Exp2_002 rel=1613.640137 unix=1781252730661 bjt=2026-06-12T16:25:30.660+08:00 condition=E4_FIXED_NONPROGRESSIVE object_index=1 previous_stage=0 new_stage=3 progress=1.000000 object_stages=1:3|2:0|3:0
2026-06-12T16:25:30.636+08:00 MARKER sdk=1 host=1 enabled=1 sent=1 result=0 message=EVENT EXP2_STAGE_3_START trial_id=Exp2_002 rel=1613.640137 unix=1781252730661 bjt=2026-06-12T16:25:30.660+08:00 condition=E4_FIXED_NONPROGRESSIVE stage=3 first_object_index=1 progress=1.000000 object_stages=1:3|2:0|3:0|4:0
2026-06-12T16:25:30.636+08:00 MARKER sdk=1 host=1 enabled=1 sent=1 result=0 message=EVENT EXP2_OBJECT_STAGE_CHANGED trial_id=Exp2_002 rel=1613.640137 unix=1781252730661 bjt=2026-06-12T16:25:30.660+08:00 condition=E4_FIXED_NONPROGRESSIVE object_index=2 previous_stage=0 new_stage=3 progress=1.000000 object_stages=1:3|2:3|3:0
2026-06-12T16:25:30.637+08:00 MARKER sdk=1 host=1 enabled=1 sent=1 result=0 message=EVENT EXP2_OBJECT_STAGE_CHANGED trial_id=Exp2_002 rel=1613.640137 unix=1781252730661 bjt=2026-06-12T16:25:30.660+08:00 condition=E4_FIXED_NONPROGRESSIVE object_index=3 previous_stage=0 new_stage=3 progress=1.000000 object_stages=1:3|2:3|3:3
2026-06-12T16:25:30.637+08:00 MARKER sdk=1 host=1 enabled=1 sent=1 result=0 message=EVENT EXP2_OBJECT_STAGE_CHANGED trial_id=Exp2_002 rel=1613.640137 unix=1781252730661 bjt=2026-06-12T16:25:30.660+08:00 condition=E4_FIXED_NONPROGRESSIVE object_index=4 previous_stage=0 new_stage=3 progress=1.000000 object_stages=1:3|2:3|3:3
2026-06-12T16:25:30.638+08:00 MARKER sdk=1 host=1 enabled=1 sent=1 result=0 message=EVENT EXP2_LOADING_COMPLETE trial_id=Exp2_002 rel=1613.640137 unix=1781252730661 bjt=2026-06-12T16:25:30.660+08:00 condition=E4_FIXED_NONPROGRESSIVE
2026-06-12T16:25:40.147+08:00 MARKER sdk=1 host=1 enabled=1 sent=1 result=0 message=EVENT EXP2_PENDING_SELECTION trial_id=Exp2_002 rel=1623.151855 unix=1781252740172 bjt=2026-06-12T16:25:40.172+08:00 condition=E4_FIXED_NONPROGRESSIVE selected=1 selected_content=2 changes=1
2026-06-12T16:25:43.001+08:00 MARKER sdk=1 host=1 enabled=1 sent=1 result=0 message=EVENT EXP2_SUBMIT_SELECTION trial_id=Exp2_002 rel=1626.006104 unix=1781252743027 bjt=2026-06-12T16:25:43.026+08:00 condition=E4_FIXED_NONPROGRESSIVE selected=1 selected_content=2 correct=1
2026-06-12T16:25:43.002+08:00 MARKER sdk=1 host=1 enabled=1 sent=1 result=0 message=TRIAL_RESULT Exp2_002 selected=1 correct=1
2026-06-12T16:27:07.390+08:00 MARKER sdk=1 host=1 enabled=1 sent=1 result=0 message=TRIALID Exp2_003
2026-06-12T16:27:07.390+08:00 MARKER sdk=1 host=1 enabled=1 sent=1 result=0 message=!V TRIAL_VAR participant A013
2026-06-12T16:27:07.390+08:00 MARKER sdk=1 host=1 enabled=1 sent=1 result=0 message=!V TRIAL_VAR experiment EXP2
2026-06-12T16:27:07.391+08:00 MARKER sdk=1 host=1 enabled=1 sent=1 result=0 message=!V TRIAL_VAR condition E2_FIXED_PROGRESSIVE
2026-06-12T16:27:07.391+08:00 MARKER sdk=1 host=1 enabled=1 sent=1 result=0 message=!V TRIAL_VAR spatial_continuity 0
2026-06-12T16:27:07.391+08:00 MARKER sdk=1 host=1 enabled=1 sent=1 result=0 message=!V TRIAL_VAR progressive_availability 1
2026-06-12T16:27:07.391+08:00 MARKER sdk=1 host=1 enabled=1 sent=1 result=0 message=!V TRIAL_VAR target_index 4
2026-06-12T16:27:07.391+08:00 MARKER sdk=1 host=1 enabled=1 sent=1 result=0 message=!V TRIAL_VAR target_display_index 4
2026-06-12T16:27:07.391+08:00 MARKER sdk=1 host=1 enabled=1 sent=1 result=0 message=!V TRIAL_VAR target_content_index 3
2026-06-12T16:27:07.391+08:00 MARKER sdk=1 host=1 enabled=1 sent=1 result=0 message=!V TRIAL_VAR target_label 脖子
2026-06-12T16:27:07.391+08:00 MARKER sdk=1 host=1 enabled=1 sent=1 result=0 message=!V TRIAL_VAR slot_permutation 1:2|2:4|3:1|4:3
2026-06-12T16:27:07.392+08:00 MARKER sdk=1 host=1 enabled=1 sent=1 result=0 message=!V TRIAL_VAR sequence_group 3
2026-06-12T16:27:07.392+08:00 MARKER sdk=1 host=1 enabled=1 sent=1 result=0 message=!V TRIAL_VAR sequence_index 3
2026-06-12T16:27:07.392+08:00 MARKER sdk=1 host=1 enabled=1 sent=1 result=0 message=EVENT EXP2_LOADING_START trial_id=Exp2_003 rel=1710.394653 unix=1781252827415 bjt=2026-06-12T16:27:07.415+08:00 condition=E2_FIXED_PROGRESSIVE
2026-06-12T16:27:11.385+08:00 MARKER sdk=1 host=1 enabled=1 sent=1 result=0 message=EVENT EXP2_OBJECT_STAGE_CHANGED trial_id=Exp2_003 rel=1714.390747 unix=1781252831411 bjt=2026-06-12T16:27:11.411+08:00 condition=E2_FIXED_PROGRESSIVE object_index=1 previous_stage=0 new_stage=1 progress=0.334501 object_stages=1:1|2:0|3:0|4:
2026-06-12T16:27:11.386+08:00 MARKER sdk=1 host=1 enabled=1 sent=1 result=0 message=EVENT EXP2_STAGE_1_START trial_id=Exp2_003 rel=1714.390747 unix=1781252831411 bjt=2026-06-12T16:27:11.411+08:00 condition=E2_FIXED_PROGRESSIVE stage=1 first_object_index=1 progress=0.334501 object_stages=1:1|2:0|3:0|4:0
2026-06-12T16:27:11.386+08:00 MARKER sdk=1 host=1 enabled=1 sent=1 result=0 message=EVENT EXP2_OBJECT_STAGE_CHANGED trial_id=Exp2_003 rel=1714.390747 unix=1781252831411 bjt=2026-06-12T16:27:11.411+08:00 condition=E2_FIXED_PROGRESSIVE object_index=2 previous_stage=0 new_stage=1 progress=0.334501 object_stages=1:1|2:1|3:0|4:
2026-06-12T16:27:11.387+08:00 MARKER sdk=1 host=1 enabled=1 sent=1 result=0 message=EVENT EXP2_OBJECT_STAGE_CHANGED trial_id=Exp2_003 rel=1714.390747 unix=1781252831411 bjt=2026-06-12T16:27:11.411+08:00 condition=E2_FIXED_PROGRESSIVE object_index=3 previous_stage=0 new_stage=1 progress=0.334501 object_stages=1:1|2:1|3:1|4:
2026-06-12T16:27:11.387+08:00 MARKER sdk=1 host=1 enabled=1 sent=1 result=0 message=EVENT EXP2_OBJECT_STAGE_CHANGED trial_id=Exp2_003 rel=1714.390747 unix=1781252831411 bjt=2026-06-12T16:27:11.411+08:00 condition=E2_FIXED_PROGRESSIVE object_index=4 previous_stage=0 new_stage=1 progress=0.334501 object_stages=1:1|2:1|3:1|4:
2026-06-12T16:27:13.375+08:00 MARKER sdk=1 host=1 enabled=1 sent=1 result=0 message=EVENT EXP2_OBJECT_STAGE_CHANGED trial_id=Exp2_003 rel=1716.380615 unix=1781252833401 bjt=2026-06-12T16:27:13.401+08:00 condition=E2_FIXED_PROGRESSIVE object_index=1 previous_stage=1 new_stage=2 progress=0.500325 object_stages=1:2|2:1|3:1|4:
2026-06-12T16:27:13.375+08:00 MARKER sdk=1 host=1 enabled=1 sent=1 result=0 message=EVENT EXP2_STAGE_2_START trial_id=Exp2_003 rel=1716.380615 unix=1781252833401 bjt=2026-06-12T16:27:13.401+08:00 condition=E2_FIXED_PROGRESSIVE stage=2 first_object_index=1 progress=0.500325 object_stages=1:2|2:1|3:1|4:1
2026-06-12T16:27:13.376+08:00 MARKER sdk=1 host=1 enabled=1 sent=1 result=0 message=EVENT EXP2_OBJECT_STAGE_CHANGED trial_id=Exp2_003 rel=1716.380615 unix=1781252833401 bjt=2026-06-12T16:27:13.401+08:00 condition=E2_FIXED_PROGRESSIVE object_index=2 previous_stage=1 new_stage=2 progress=0.500325 object_stages=1:2|2:2|3:1|4:
2026-06-12T16:27:13.376+08:00 MARKER sdk=1 host=1 enabled=1 sent=1 result=0 message=EVENT EXP2_OBJECT_STAGE_CHANGED trial_id=Exp2_003 rel=1716.380615 unix=1781252833401 bjt=2026-06-12T16:27:13.401+08:00 condition=E2_FIXED_PROGRESSIVE object_index=3 previous_stage=1 new_stage=2 progress=0.500325 object_stages=1:2|2:2|3:2|4:
2026-06-12T16:27:13.377+08:00 MARKER sdk=1 host=1 enabled=1 sent=1 result=0 message=EVENT EXP2_OBJECT_STAGE_CHANGED trial_id=Exp2_003 rel=1716.380615 unix=1781252833401 bjt=2026-06-12T16:27:13.401+08:00 condition=E2_FIXED_PROGRESSIVE object_index=4 previous_stage=1 new_stage=2 progress=0.500325 object_stages=1:2|2:2|3:2|4:
2026-06-12T16:27:13.377+08:00 MARKER sdk=1 host=1 enabled=1 sent=1 result=0 message=EVENT EXP2_PROGRESSIVE_USABLE trial_id=Exp2_003 rel=1716.380615 unix=1781252833401 bjt=2026-06-12T16:27:13.401+08:00 condition=E2_FIXED_PROGRESSIVE target_display_index=4 target_content_index=3 target_label=脖子 stage=2 progress=0.500325
2026-06-12T16:27:19.372+08:00 MARKER sdk=1 host=1 enabled=1 sent=1 result=0 message=EVENT EXP2_OBJECT_STAGE_CHANGED trial_id=Exp2_003 rel=1722.377441 unix=1781252839398 bjt=2026-06-12T16:27:19.398+08:00 condition=E2_FIXED_PROGRESSIVE object_index=1 previous_stage=2 new_stage=3 progress=1.000000 object_stages=1:3|2:2|3:2|4:
2026-06-12T16:27:19.373+08:00 MARKER sdk=1 host=1 enabled=1 sent=1 result=0 message=EVENT EXP2_STAGE_3_START trial_id=Exp2_003 rel=1722.377441 unix=1781252839398 bjt=2026-06-12T16:27:19.398+08:00 condition=E2_FIXED_PROGRESSIVE stage=3 first_object_index=1 progress=1.000000 object_stages=1:3|2:2|3:2|4:2
2026-06-12T16:27:19.373+08:00 MARKER sdk=1 host=1 enabled=1 sent=1 result=0 message=EVENT EXP2_OBJECT_STAGE_CHANGED trial_id=Exp2_003 rel=1722.377441 unix=1781252839398 bjt=2026-06-12T16:27:19.398+08:00 condition=E2_FIXED_PROGRESSIVE object_index=2 previous_stage=2 new_stage=3 progress=1.000000 object_stages=1:3|2:3|3:2|4:
2026-06-12T16:27:19.373+08:00 MARKER sdk=1 host=1 enabled=1 sent=1 result=0 message=EVENT EXP2_OBJECT_STAGE_CHANGED trial_id=Exp2_003 rel=1722.377441 unix=1781252839398 bjt=2026-06-12T16:27:19.398+08:00 condition=E2_FIXED_PROGRESSIVE object_index=3 previous_stage=2 new_stage=3 progress=1.000000 object_stages=1:3|2:3|3:3|4:
2026-06-12T16:27:19.374+08:00 MARKER sdk=1 host=1 enabled=1 sent=1 result=0 message=EVENT EXP2_OBJECT_STAGE_CHANGED trial_id=Exp2_003 rel=1722.377441 unix=1781252839398 bjt=2026-06-12T16:27:19.398+08:00 condition=E2_FIXED_PROGRESSIVE object_index=4 previous_stage=2 new_stage=3 progress=1.000000 object_stages=1:3|2:3|3:3|4:
2026-06-12T16:27:19.374+08:00 MARKER sdk=1 host=1 enabled=1 sent=1 result=0 message=EVENT EXP2_LOADING_COMPLETE trial_id=Exp2_003 rel=1722.377441 unix=1781252839398 bjt=2026-06-12T16:27:19.398+08:00 condition=E2_FIXED_PROGRESSIVE
2026-06-12T16:27:24.496+08:00 MARKER sdk=1 host=1 enabled=1 sent=1 result=0 message=EVENT EXP2_PENDING_SELECTION trial_id=Exp2_003 rel=1727.500488 unix=1781252844521 bjt=2026-06-12T16:27:24.520+08:00 condition=E2_FIXED_PROGRESSIVE selected=4 selected_content=3 changes=1
2026-06-12T16:27:27.253+08:00 MARKER sdk=1 host=1 enabled=1 sent=1 result=0 message=EVENT EXP2_SUBMIT_SELECTION trial_id=Exp2_003 rel=1730.258545 unix=1781252847279 bjt=2026-06-12T16:27:27.279+08:00 condition=E2_FIXED_PROGRESSIVE selected=4 selected_content=3 correct=1
2026-06-12T16:27:27.253+08:00 MARKER sdk=1 host=1 enabled=1 sent=1 result=0 message=TRIAL_RESULT Exp2_003 selected=4 correct=1
2026-06-12T16:28:30.952+08:00 MARKER sdk=1 host=1 enabled=1 sent=1 result=0 message=TRIALID Exp2_004
2026-06-12T16:28:30.953+08:00 MARKER sdk=1 host=1 enabled=1 sent=1 result=0 message=!V TRIAL_VAR participant A013
2026-06-12T16:28:30.953+08:00 MARKER sdk=1 host=1 enabled=1 sent=1 result=0 message=!V TRIAL_VAR experiment EXP2
2026-06-12T16:28:30.954+08:00 MARKER sdk=1 host=1 enabled=1 sent=1 result=0 message=!V TRIAL_VAR condition E1_SPATIAL_PROGRESSIVE
2026-06-12T16:28:30.954+08:00 MARKER sdk=1 host=1 enabled=1 sent=1 result=0 message=!V TRIAL_VAR spatial_continuity 1
2026-06-12T16:28:30.954+08:00 MARKER sdk=1 host=1 enabled=1 sent=1 result=0 message=!V TRIAL_VAR progressive_availability 1
2026-06-12T16:28:30.954+08:00 MARKER sdk=1 host=1 enabled=1 sent=1 result=0 message=!V TRIAL_VAR target_index 3
2026-06-12T16:28:30.954+08:00 MARKER sdk=1 host=1 enabled=1 sent=1 result=0 message=!V TRIAL_VAR target_display_index 3
2026-06-12T16:28:30.954+08:00 MARKER sdk=1 host=1 enabled=1 sent=1 result=0 message=!V TRIAL_VAR target_content_index 4
2026-06-12T16:28:30.955+08:00 MARKER sdk=1 host=1 enabled=1 sent=1 result=0 message=!V TRIAL_VAR target_label 头顶
2026-06-12T16:28:30.955+08:00 MARKER sdk=1 host=1 enabled=1 sent=1 result=0 message=!V TRIAL_VAR slot_permutation 1:3|2:1|3:4|4:2
2026-06-12T16:28:30.955+08:00 MARKER sdk=1 host=1 enabled=1 sent=1 result=0 message=!V TRIAL_VAR sequence_group 3
2026-06-12T16:28:30.955+08:00 MARKER sdk=1 host=1 enabled=1 sent=1 result=0 message=!V TRIAL_VAR sequence_index 4
2026-06-12T16:28:30.955+08:00 MARKER sdk=1 host=1 enabled=1 sent=1 result=0 message=EVENT EXP2_LOADING_START trial_id=Exp2_004 rel=1793.956665 unix=1781252910977 bjt=2026-06-12T16:28:30.977+08:00 condition=E1_SPATIAL_PROGRESSIVE
2026-06-12T16:28:34.939+08:00 MARKER sdk=1 host=1 enabled=1 sent=1 result=0 message=EVENT EXP2_OBJECT_STAGE_CHANGED trial_id=Exp2_004 rel=1797.942749 unix=1781252914963 bjt=2026-06-12T16:28:34.963+08:00 condition=E1_SPATIAL_PROGRESSIVE object_index=1 previous_stage=0 new_stage=1 progress=0.333719 object_stages=1:1|2:0|3:0|
2026-06-12T16:28:34.939+08:00 MARKER sdk=1 host=1 enabled=1 sent=1 result=0 message=EVENT EXP2_STAGE_1_START trial_id=Exp2_004 rel=1797.942749 unix=1781252914963 bjt=2026-06-12T16:28:34.963+08:00 condition=E1_SPATIAL_PROGRESSIVE stage=1 first_object_index=1 progress=0.333719 object_stages=1:1|2:0|3:0|4:0
2026-06-12T16:28:34.940+08:00 MARKER sdk=1 host=1 enabled=1 sent=1 result=0 message=EVENT EXP2_OBJECT_STAGE_CHANGED trial_id=Exp2_004 rel=1797.942749 unix=1781252914963 bjt=2026-06-12T16:28:34.963+08:00 condition=E1_SPATIAL_PROGRESSIVE object_index=2 previous_stage=0 new_stage=1 progress=0.333719 object_stages=1:1|2:1|3:0|
2026-06-12T16:28:34.941+08:00 MARKER sdk=1 host=1 enabled=1 sent=1 result=0 message=EVENT EXP2_OBJECT_STAGE_CHANGED trial_id=Exp2_004 rel=1797.942749 unix=1781252914963 bjt=2026-06-12T16:28:34.963+08:00 condition=E1_SPATIAL_PROGRESSIVE object_index=3 previous_stage=0 new_stage=1 progress=0.333719 object_stages=1:1|2:1|3:1|
2026-06-12T16:28:34.941+08:00 MARKER sdk=1 host=1 enabled=1 sent=1 result=0 message=EVENT EXP2_OBJECT_STAGE_CHANGED trial_id=Exp2_004 rel=1797.942749 unix=1781252914963 bjt=2026-06-12T16:28:34.963+08:00 condition=E1_SPATIAL_PROGRESSIVE object_index=4 previous_stage=0 new_stage=1 progress=0.333719 object_stages=1:1|2:1|3:1|
2026-06-12T16:28:36.934+08:00 MARKER sdk=1 host=1 enabled=1 sent=1 result=0 message=EVENT EXP2_OBJECT_STAGE_CHANGED trial_id=Exp2_004 rel=1799.938965 unix=1781252916959 bjt=2026-06-12T16:28:36.959+08:00 condition=E1_SPATIAL_PROGRESSIVE object_index=1 previous_stage=1 new_stage=2 progress=0.500076 object_stages=1:2|2:1|3:1|
2026-06-12T16:28:36.935+08:00 MARKER sdk=1 host=1 enabled=1 sent=1 result=0 message=EVENT EXP2_STAGE_2_START trial_id=Exp2_004 rel=1799.938965 unix=1781252916959 bjt=2026-06-12T16:28:36.959+08:00 condition=E1_SPATIAL_PROGRESSIVE stage=2 first_object_index=1 progress=0.500076 object_stages=1:2|2:1|3:1|4:1
2026-06-12T16:28:36.935+08:00 MARKER sdk=1 host=1 enabled=1 sent=1 result=0 message=EVENT EXP2_OBJECT_STAGE_CHANGED trial_id=Exp2_004 rel=1799.938965 unix=1781252916959 bjt=2026-06-12T16:28:36.959+08:00 condition=E1_SPATIAL_PROGRESSIVE object_index=2 previous_stage=1 new_stage=2 progress=0.500076 object_stages=1:2|2:2|3:1|
2026-06-12T16:28:36.936+08:00 MARKER sdk=1 host=1 enabled=1 sent=1 result=0 message=EVENT EXP2_OBJECT_STAGE_CHANGED trial_id=Exp2_004 rel=1799.938965 unix=1781252916959 bjt=2026-06-12T16:28:36.959+08:00 condition=E1_SPATIAL_PROGRESSIVE object_index=3 previous_stage=1 new_stage=2 progress=0.500076 object_stages=1:2|2:2|3:2|
2026-06-12T16:28:36.936+08:00 MARKER sdk=1 host=1 enabled=1 sent=1 result=0 message=EVENT EXP2_PROGRESSIVE_USABLE trial_id=Exp2_004 rel=1799.938965 unix=1781252916959 bjt=2026-06-12T16:28:36.959+08:00 condition=E1_SPATIAL_PROGRESSIVE target_display_index=3 target_content_index=4 target_label=头顶 stage=2 progress=0.500076
2026-06-12T16:28:36.936+08:00 MARKER sdk=1 host=1 enabled=1 sent=1 result=0 message=EVENT EXP2_OBJECT_STAGE_CHANGED trial_id=Exp2_004 rel=1799.938965 unix=1781252916959 bjt=2026-06-12T16:28:36.959+08:00 condition=E1_SPATIAL_PROGRESSIVE object_index=4 previous_stage=1 new_stage=2 progress=0.500076 object_stages=1:2|2:2|3:2|
2026-06-12T16:28:42.391+08:00 MARKER sdk=1 host=1 enabled=1 sent=1 result=0 message=EVENT EXP2_PREJUDGE trial_id=Exp2_004 rel=1805.396362 unix=1781252922417 bjt=2026-06-12T16:28:42.416+08:00 condition=E1_SPATIAL_PROGRESSIVE selected=3 correct=1 confidence=-1 selected_content=4
2026-06-12T16:28:42.941+08:00 MARKER sdk=1 host=1 enabled=1 sent=1 result=0 message=EVENT EXP2_OBJECT_STAGE_CHANGED trial_id=Exp2_004 rel=1805.945679 unix=1781252922966 bjt=2026-06-12T16:28:42.966+08:00 condition=E1_SPATIAL_PROGRESSIVE object_index=1 previous_stage=2 new_stage=3 progress=1.000000 object_stages=1:3|2:2|3:2|
2026-06-12T16:28:42.941+08:00 MARKER sdk=1 host=1 enabled=1 sent=1 result=0 message=EVENT EXP2_STAGE_3_START trial_id=Exp2_004 rel=1805.945679 unix=1781252922966 bjt=2026-06-12T16:28:42.966+08:00 condition=E1_SPATIAL_PROGRESSIVE stage=3 first_object_index=1 progress=1.000000 object_stages=1:3|2:2|3:2|4:2
2026-06-12T16:28:42.942+08:00 MARKER sdk=1 host=1 enabled=1 sent=1 result=0 message=EVENT EXP2_OBJECT_STAGE_CHANGED trial_id=Exp2_004 rel=1805.945679 unix=1781252922966 bjt=2026-06-12T16:28:42.966+08:00 condition=E1_SPATIAL_PROGRESSIVE object_index=2 previous_stage=2 new_stage=3 progress=1.000000 object_stages=1:3|2:3|3:2|
2026-06-12T16:28:42.942+08:00 MARKER sdk=1 host=1 enabled=1 sent=1 result=0 message=EVENT EXP2_OBJECT_STAGE_CHANGED trial_id=Exp2_004 rel=1805.945679 unix=1781252922966 bjt=2026-06-12T16:28:42.966+08:00 condition=E1_SPATIAL_PROGRESSIVE object_index=3 previous_stage=2 new_stage=3 progress=1.000000 object_stages=1:3|2:3|3:3|
2026-06-12T16:28:42.943+08:00 MARKER sdk=1 host=1 enabled=1 sent=1 result=0 message=EVENT EXP2_OBJECT_STAGE_CHANGED trial_id=Exp2_004 rel=1805.945679 unix=1781252922966 bjt=2026-06-12T16:28:42.966+08:00 condition=E1_SPATIAL_PROGRESSIVE object_index=4 previous_stage=2 new_stage=3 progress=1.000000 object_stages=1:3|2:3|3:3|
2026-06-12T16:28:42.943+08:00 MARKER sdk=1 host=1 enabled=1 sent=1 result=0 message=EVENT EXP2_LOADING_COMPLETE trial_id=Exp2_004 rel=1805.945679 unix=1781252922966 bjt=2026-06-12T16:28:42.966+08:00 condition=E1_SPATIAL_PROGRESSIVE
2026-06-12T16:28:46.115+08:00 MARKER sdk=1 host=1 enabled=1 sent=1 result=0 message=EVENT EXP2_PENDING_SELECTION trial_id=Exp2_004 rel=1809.120728 unix=1781252926141 bjt=2026-06-12T16:28:46.141+08:00 condition=E1_SPATIAL_PROGRESSIVE selected=3 selected_content=4 changes=1
2026-06-12T16:28:47.803+08:00 MARKER sdk=1 host=1 enabled=1 sent=1 result=0 message=EVENT EXP2_SUBMIT_SELECTION trial_id=Exp2_004 rel=1810.808472 unix=1781252927829 bjt=2026-06-12T16:28:47.829+08:00 condition=E1_SPATIAL_PROGRESSIVE selected=3 selected_content=4 correct=1
2026-06-12T16:28:47.804+08:00 MARKER sdk=1 host=1 enabled=1 sent=1 result=0 message=TRIAL_RESULT Exp2_004 selected=3 correct=1
2026-06-12T16:29:32.907+08:00 MARKER sdk=1 host=1 enabled=1 sent=1 result=0 message=EVENT EXPERIMENT_END_SCREEN_SHOWN participant=A013 unix=1781252972907 bjt=2026-06-12_16:29:32.907
2026-06-12T16:29:32.907+08:00 FORMAL_RECORDING step=FINISH_REQUESTED success=1 reason=experiment_end_door edf=FM160641.EDF recording=1 opened=1
2026-06-12T16:29:32.907+08:00 MARKER sdk=1 host=1 enabled=1 sent=1 result=0 message=FORMAL_RECORDING_END participant=A013 rel=1855.912 unix=1781252972907 bjt=2026-06-12T16:29:32.907+08:00 edf=FM160641.EDF source=ue_formal reason=experiment_end_door
2026-06-12T16:29:33.014+08:00 FORMAL_RECORDING step=RECORDING_STOPPED success=1 result=0
2026-06-12T16:29:33.014+08:00 FORMAL_RECORDING step=EDF_CLOSED success=1 edf=FM160641.EDF result=0
2026-06-12T16:29:35.669+08:00 EDF_RECEIVE_ATTEMPT source_tag=formal attempt=full_path source=FM160641.EDF dest=../../../../../../Project/UE5/Gallery/Saved/ExperimentData/EDF/FM160641.EDF dest_is_path=0 result=72995474 exists=1 size=72995474
2026-06-12T16:29:35.669+08:00 FORMAL_RECORDING step=EDF_RECEIVED_TO_DPC success=1 edf=FM160641.EDF local=../../../../../../Project/UE5/Gallery/Saved/ExperimentData/EDF/FM160641.EDF result=72995474 size=72995474
2026-06-12T16:29:35.669+08:00 FORMAL_RECORDING step=FINISHED success=1 reason=experiment_end_door edf=FM160641.EDF local=../../../../../../Project/UE5/Gallery/Saved/ExperimentData/EDF/FM160641.EDF
