2026-06-16T14:26:35.242+08:00 STATUS start_ui_status sdk=connected host=not_connected log=
2026-06-16T14:29:08.678+08:00 FORMAL_RECORDING step=EDF_OPEN_REQUESTED success=1 participant=B005 edf=FM142908.EDF source=calibration_button
2026-06-16T14:29:08.679+08:00 CONNECT method=open_eyelink_connection ip=100.1.1.1
2026-06-16T14:29:08.715+08:00 CONNECT_RESULT method=open_eyelink_connection result=0 connected=1
2026-06-16T14:29:08.715+08:00 STATUS host_connected=1 sdk_available=1 note=connection_opened_high_level
2026-06-16T14:29:08.716+08:00 FORMAL_RECORDING step=HOST_CONNECTED success=1 sdk=1 host=1 source=calibration_button
2026-06-16T14:29:08.841+08:00 FORMAL_RECORDING step=EDF_OPENED success=1 edf=FM142908.EDF result=0 source=calibration_button
2026-06-16T14:29:08.843+08:00 FORMAL_EDF_MARKER sdk=1 host=1 opened=1 sent=1 message=FORMAL_EDF_OPENED participant=B005 rel=152.707 unix=1781591348842 bjt=2026-06-16T14:29:08.842+08:00 edf=FM142908.EDF source=ue_formal open_result=0 source_tag=calibration_button
2026-06-16T14:29:08.843+08:00 FORMAL_EDF_MARKER sdk=1 host=1 opened=1 sent=1 message=FORMAL_SESSION_PREPARED participant=B005 rel=152.707 unix=1781591348843 bjt=2026-06-16T14:29:08.843+08:00 edf=FM142908.EDF source=ue_formal calibration_complete=0
2026-06-16T14:29:08.843+08:00 FORMAL_EDF_MARKER sdk=1 host=1 opened=1 sent=1 message=CALIBRATION_REQUESTED participant=B005 rel=152.707 unix=1781591348843 bjt=2026-06-16T14:29:08.843+08:00 edf=FM142908.EDF source=ue_formal open_result=0
2026-06-16T14:29:08.844+08:00 CALIBRATION step=REQUESTED success=1 note=run_eyelink_tracker_setup
2026-06-16T14:29:08.844+08:00 CALIBRATION step=HOST_CONNECTED success=1 sdk=1 host=1 graphics=1
2026-06-16T14:29:08.889+08:00 CALIBRATION_DISPLAY_INIT success=1 result=0 error=
2026-06-16T14:29:08.890+08:00 CALIBRATION_DISPLAY_LIST count=2 requested_index=1 explicit=1
2026-06-16T14:29:08.890+08:00 CALIBRATION_DISPLAY index=0 name=Dell XPS 15 SDC414D Display bounds_result=0 x=0 y=0 w=1920 h=1080 mode_result=0 mode_w=1920 mode_h=1080 refresh=60
2026-06-16T14:29:08.890+08:00 CALIBRATION_DISPLAY index=1 name=Acer GR235H bounds_result=0 x=0 y=-1080 w=1920 h=1080 mode_result=0 mode_w=1920 mode_h=1080 refresh=60
2026-06-16T14:29:09.128+08:00 CALIBRATION step=GRAPHICS_INITIALIZED success=1 result=0 explicit_request=1 display_index=1 window_ptr=0000019A80502A28 width=1920 height=1080 bits=32 refresh=60.00
2026-06-16T14:29:09.145+08:00 CALIBRATION step=REGISTERED_WINDOW_MOVED success=1 requested_display=1 actual_display=1 requested_x=0 requested_y=-1080 requested_w=1920 requested_h=1080 actual_x=0 actual_y=-1080 actual_w=1920 actual_h=1080
2026-06-16T14:29:09.165+08:00 FORMAL_EDF_MARKER sdk=1 host=1 opened=1 sent=1 message=CALIBRATION_SETUP_START participant=B005 rel=152.707 unix=1781591349165 bjt=2026-06-16T14:29:09.165+08:00 edf=FM142908.EDF source=ue_formal calibration_type=HV9 width=1920 height=1080
2026-06-16T14:29:09.165+08:00 CALIBRATION step=TRACKER_SETUP_BEGIN success=1 detail=call_do_tracker_setup
2026-06-16T14:30:56.597+08:00 CALIBRATION step=TRACKER_SETUP_RETURNED success=1 result=0
2026-06-16T14:30:56.598+08:00 FORMAL_EDF_MARKER sdk=1 host=1 opened=1 sent=1 message=CALIBRATION_SETUP_END participant=B005 rel=152.707 unix=1781591456598 bjt=2026-06-16T14:30:56.598+08:00 edf=FM142908.EDF source=ue_formal setup_result=0
2026-06-16T14:30:58.643+08:00 CALIBRATION step=GRAPHICS_CLOSED success=1
2026-06-16T14:30:58.643+08:00 CALIBRATION step=CALIBRATION_WINDOW_DESTROYED success=1
2026-06-16T14:30:58.643+08:00 CALIBRATION step=FINISHED success=1 result=0
2026-06-16T14:30:58.644+08:00 FORMAL_EDF_MARKER sdk=1 host=1 opened=1 sent=1 message=CALIBRATION_STATUS participant=B005 rel=152.707 unix=1781591458644 bjt=2026-06-16T14:30:58.644+08:00 edf=FM142908.EDF source=ue_formal calibration_complete=1
2026-06-16T14:30:58.644+08:00 FORMAL_CALIBRATION step=FINISHED success=1 participant=B005 edf=FM142908.EDF open_result=0
2026-06-16T14:30:58.644+08:00 STATUS start_ui_status sdk=connected host=connected log=../../../../../../Project/UE5/Gallery/Saved/ExperimentLogs/EyeLinkMarkers_20260616_142635_242.log
2026-06-16T14:31:02.549+08:00 FORMAL_RECORDING step=EDF_ALREADY_OPEN success=1 participant=B005 edf=FM142908.EDF source=start_button_preopened calibration_complete=1
2026-06-16T14:31:02.558+08:00 FORMAL_RECORDING step=RECORDING_STARTED success=1 result=0 edf=FM142908.EDF preopened=1 calibration_complete=1
2026-06-16T14:31:02.558+08:00 MARKER sdk=1 host=1 enabled=1 sent=1 result=0 message=FORMAL_RECORDING_START participant=B005 rel=156.985 unix=1781591462558 bjt=2026-06-16T14:31:02.558+08:00 edf=FM142908.EDF source=ue_formal open_result=0 record_result=0 edf_preopened=1 calibration_complete=1
2026-06-16T14:31:02.559+08:00 STATUS formal_recording_start_requested participant=B005 success=1 edf=FM142908.EDF calibration_complete=1
2026-06-16T14:31:02.559+08:00 STATUS start_ui_status sdk=connected host=connected log=../../../../../../Project/UE5/Gallery/Saved/ExperimentLogs/EyeLinkMarkers_20260616_142635_242.log
2026-06-16T14:31:02.559+08:00 MARKER sdk=1 host=1 enabled=1 sent=1 result=0 message=RECORDING_TIME_REFERENCE participant=B005 output_id=B005 rel=156.985 unix=1781591462559 bjt=2026-06-16T14:31:02.559+08:00 source=ue_session_start
2026-06-16T14:31:02.559+08:00 MARKER sdk=1 host=1 enabled=1 sent=1 result=0 message=SESSION_START participant=B005 output_id=B005 rel=156.985 unix=1781591462559 bjt=2026-06-16T14:31:02.559+08:00
2026-06-16T14:31:02.559+08:00 MARKER sdk=1 host=1 enabled=1 sent=1 result=0 message=EXPERIMENT_RUN_MODE EXP1_THEN_EXP2
2026-06-16T14:31:02.574+08:00 MARKER sdk=1 host=1 enabled=1 sent=1 result=0 message=SCREEN_RECORDING_REQUEST enabled=1 started=1 participant=B005 output_id=B005
2026-06-16T14:31:13.105+08:00 MARKER sdk=1 host=1 enabled=1 sent=1 result=0 message=TRIALID T001
2026-06-16T14:31:13.105+08:00 MARKER sdk=1 host=1 enabled=1 sent=1 result=0 message=EVENT LOADING_INTERACT trial=T001 rel=167.560 unix=1781591473134 bjt=2026-06-16T14:31:13.134+08:00
2026-06-16T14:31:13.106+08:00 MARKER sdk=1 host=1 enabled=1 sent=1 result=0 message=EVENT LOADING_START trial=T001 rel=167.560 unix=1781591473134 bjt=2026-06-16T14:31:13.134+08:00
2026-06-16T14:31:13.106+08:00 MARKER sdk=1 host=1 enabled=1 sent=1 result=0 message=TRIAL_META exp=EXP1 participant=B005 participant_output_id=B005 exhibit_id=Ex1_TEST exhibit_name=测试展品 condition=A latin_group=NA sequence_index=-1 sequence_label=NA
2026-06-16T14:31:15.089+08:00 MARKER sdk=1 host=1 enabled=1 sent=1 result=0 message=EVENT LOADING_COMPLETE trial=T001 rel=169.555 unix=1781591475129 bjt=2026-06-16T14:31:15.128+08:00
2026-06-16T14:31:16.087+08:00 MARKER sdk=1 host=1 enabled=1 sent=1 result=0 message=EVENT VIEWER_ENTER trial=T001 rel=170.548 unix=1781591476122 bjt=2026-06-16T14:31:16.121+08:00
2026-06-16T14:31:16.087+08:00 MARKER sdk=1 host=1 enabled=1 sent=1 result=0 message=EVENT QUESTION_START trial=T001 rel=170.548 unix=1781591476122 bjt=2026-06-16T14:31:16.121+08:00 q=1 total=2 correct_index=-1 correct_label=NotAnswered
2026-06-16T14:31:18.591+08:00 MARKER sdk=1 host=1 enabled=1 sent=1 result=0 message=EVENT QUESTION_SUBMIT trial=T001 rel=173.041 unix=1781591478615 bjt=2026-06-16T14:31:18.614+08:00 q=1 option=C correct_index=-1 correct_label=NotAnswered is_correct=-1
2026-06-16T14:31:18.591+08:00 MARKER sdk=1 host=1 enabled=1 sent=1 result=0 message=EVENT QUESTION_START trial=T001 rel=173.041 unix=1781591478615 bjt=2026-06-16T14:31:18.614+08:00 q=2 total=2 correct_index=-1 correct_label=NotAnswered
2026-06-16T14:31:19.320+08:00 MARKER sdk=1 host=1 enabled=1 sent=1 result=0 message=EVENT QUESTION_SUBMIT trial=T001 rel=173.770 unix=1781591479343 bjt=2026-06-16T14:31:19.343+08:00 q=2 option=B correct_index=-1 correct_label=NotAnswered is_correct=-1
2026-06-16T14:31:19.729+08:00 MARKER sdk=1 host=1 enabled=1 sent=1 result=0 message=EVENT VIEWER_EXIT trial=T001 rel=174.194 unix=1781591479768 bjt=2026-06-16T14:31:19.768+08:00
2026-06-16T14:31:19.729+08:00 MARKER sdk=1 host=1 enabled=1 sent=1 result=0 message=EVENT TRIAL_RESULT trial=T001 rel=174.194 unix=1781591479768 bjt=2026-06-16T14:31:19.768+08:00 rows=2
2026-06-16T14:31:25.728+08:00 MARKER sdk=1 host=1 enabled=1 sent=1 result=0 message=TRIALID T002
2026-06-16T14:31:25.728+08:00 MARKER sdk=1 host=1 enabled=1 sent=1 result=0 message=EVENT LOADING_INTERACT trial=T002 rel=180.194 unix=1781591485768 bjt=2026-06-16T14:31:25.767+08:00
2026-06-16T14:31:25.729+08:00 MARKER sdk=1 host=1 enabled=1 sent=1 result=0 message=EVENT LOADING_START trial=T002 rel=180.194 unix=1781591485768 bjt=2026-06-16T14:31:25.767+08:00
2026-06-16T14:31:25.729+08:00 MARKER sdk=1 host=1 enabled=1 sent=1 result=0 message=EVENT VIEWER_ENTER trial=T002 rel=180.194 unix=1781591485768 bjt=2026-06-16T14:31:25.767+08:00 mode=progressive
2026-06-16T14:31:25.729+08:00 MARKER sdk=1 host=1 enabled=1 sent=1 result=0 message=TRIAL_META exp=EXP1 participant=B005 participant_output_id=B005 exhibit_id=01 exhibit_name=半岛香炉 condition=C latin_group=G5 sequence_index=1 sequence_label=G5_T01
2026-06-16T14:31:31.715+08:00 MARKER sdk=1 host=1 enabled=1 sent=1 result=0 message=EVENT PROGRESSIVE_USABLE trial=T002 rel=186.179 unix=1781591491753 bjt=2026-06-16T14:31:31.753+08:00
2026-06-16T14:31:31.717+08:00 MARKER sdk=1 host=1 enabled=1 sent=1 result=0 message=EVENT QUESTION_START trial=T002 rel=186.179 unix=1781591491753 bjt=2026-06-16T14:31:31.753+08:00 q=1 total=2 correct_index=1 correct_label=B
2026-06-16T14:31:34.138+08:00 MARKER sdk=1 host=1 enabled=1 sent=1 result=0 message=EVENT QUESTION_SUBMIT trial=T002 rel=188.588 unix=1781591494161 bjt=2026-06-16T14:31:34.161+08:00 q=1 option=B correct_index=1 correct_label=B is_correct=1
2026-06-16T14:31:34.138+08:00 MARKER sdk=1 host=1 enabled=1 sent=1 result=0 message=EVENT QUESTION_START trial=T002 rel=188.588 unix=1781591494161 bjt=2026-06-16T14:31:34.161+08:00 q=2 total=2 correct_index=1 correct_label=B
2026-06-16T14:31:35.721+08:00 MARKER sdk=1 host=1 enabled=1 sent=1 result=0 message=EVENT LOADING_COMPLETE trial=T002 rel=190.187 unix=1781591495761 bjt=2026-06-16T14:31:35.760+08:00
2026-06-16T14:31:37.743+08:00 MARKER sdk=1 host=1 enabled=1 sent=1 result=0 message=EVENT QUESTION_SUBMIT trial=T002 rel=192.193 unix=1781591497766 bjt=2026-06-16T14:31:37.766+08:00 q=2 option=A correct_index=1 correct_label=B is_correct=0
2026-06-16T14:31:37.977+08:00 MARKER sdk=1 host=1 enabled=1 sent=1 result=0 message=EVENT VIEWER_EXIT trial=T002 rel=192.442 unix=1781591498016 bjt=2026-06-16T14:31:38.015+08:00
2026-06-16T14:31:37.977+08:00 MARKER sdk=1 host=1 enabled=1 sent=1 result=0 message=EVENT TRIAL_RESULT trial=T002 rel=192.442 unix=1781591498016 bjt=2026-06-16T14:31:38.015+08:00 rows=2
2026-06-16T14:32:10.310+08:00 MARKER sdk=1 host=1 enabled=1 sent=1 result=0 message=TRIALID T003
2026-06-16T14:32:10.311+08:00 MARKER sdk=1 host=1 enabled=1 sent=1 result=0 message=EVENT LOADING_INTERACT trial=T003 rel=224.776 unix=1781591530350 bjt=2026-06-16T14:32:10.349+08:00
2026-06-16T14:32:10.311+08:00 MARKER sdk=1 host=1 enabled=1 sent=1 result=0 message=EVENT LOADING_START trial=T003 rel=224.776 unix=1781591530350 bjt=2026-06-16T14:32:10.349+08:00
2026-06-16T14:32:10.311+08:00 MARKER sdk=1 host=1 enabled=1 sent=1 result=0 message=TRIAL_META exp=EXP1 participant=B005 participant_output_id=B005 exhibit_id=02 exhibit_name=中国青铜器 condition=A latin_group=G5 sequence_index=2 sequence_label=G5_T02
2026-06-16T14:32:20.304+08:00 MARKER sdk=1 host=1 enabled=1 sent=1 result=0 message=EVENT LOADING_COMPLETE trial=T003 rel=234.770 unix=1781591540344 bjt=2026-06-16T14:32:20.344+08:00
2026-06-16T14:32:21.626+08:00 MARKER sdk=1 host=1 enabled=1 sent=1 result=0 message=EVENT VIEWER_ENTER trial=T003 rel=236.089 unix=1781591541663 bjt=2026-06-16T14:32:21.663+08:00
2026-06-16T14:32:21.627+08:00 MARKER sdk=1 host=1 enabled=1 sent=1 result=0 message=EVENT QUESTION_START trial=T003 rel=236.089 unix=1781591541663 bjt=2026-06-16T14:32:21.663+08:00 q=1 total=2 correct_index=1 correct_label=B
2026-06-16T14:32:24.246+08:00 MARKER sdk=1 host=1 enabled=1 sent=1 result=0 message=EVENT QUESTION_SUBMIT trial=T003 rel=238.694 unix=1781591544268 bjt=2026-06-16T14:32:24.268+08:00 q=1 option=B correct_index=1 correct_label=B is_correct=1
2026-06-16T14:32:24.247+08:00 MARKER sdk=1 host=1 enabled=1 sent=1 result=0 message=EVENT QUESTION_START trial=T003 rel=238.694 unix=1781591544268 bjt=2026-06-16T14:32:24.268+08:00 q=2 total=2 correct_index=1 correct_label=B
2026-06-16T14:32:25.401+08:00 MARKER sdk=1 host=1 enabled=1 sent=1 result=0 message=EVENT QUESTION_SUBMIT trial=T003 rel=239.850 unix=1781591545424 bjt=2026-06-16T14:32:25.423+08:00 q=2 option=B correct_index=1 correct_label=B is_correct=1
2026-06-16T14:32:25.820+08:00 MARKER sdk=1 host=1 enabled=1 sent=1 result=0 message=EVENT VIEWER_EXIT trial=T003 rel=240.285 unix=1781591545859 bjt=2026-06-16T14:32:25.858+08:00
2026-06-16T14:32:25.820+08:00 MARKER sdk=1 host=1 enabled=1 sent=1 result=0 message=EVENT TRIAL_RESULT trial=T003 rel=240.285 unix=1781591545859 bjt=2026-06-16T14:32:25.858+08:00 rows=2
2026-06-16T14:32:48.580+08:00 MARKER sdk=1 host=1 enabled=1 sent=1 result=0 message=TRIALID T004
2026-06-16T14:32:48.581+08:00 MARKER sdk=1 host=1 enabled=1 sent=1 result=0 message=EVENT LOADING_INTERACT trial=T004 rel=263.046 unix=1781591568620 bjt=2026-06-16T14:32:48.619+08:00
2026-06-16T14:32:48.581+08:00 MARKER sdk=1 host=1 enabled=1 sent=1 result=0 message=EVENT LOADING_START trial=T004 rel=263.046 unix=1781591568620 bjt=2026-06-16T14:32:48.619+08:00
2026-06-16T14:32:48.581+08:00 MARKER sdk=1 host=1 enabled=1 sent=1 result=0 message=TRIAL_META exp=EXP1 participant=B005 participant_output_id=B005 exhibit_id=03 exhibit_name=希腊陶具 condition=A_PLUS latin_group=G5 sequence_index=3 sequence_label=G5_T03
2026-06-16T14:32:58.569+08:00 MARKER sdk=1 host=1 enabled=1 sent=1 result=0 message=EVENT LOADING_COMPLETE trial=T004 rel=273.035 unix=1781591578608 bjt=2026-06-16T14:32:58.608+08:00
2026-06-16T14:32:59.312+08:00 MARKER sdk=1 host=1 enabled=1 sent=1 result=0 message=EVENT VIEWER_ENTER trial=T004 rel=273.774 unix=1781591579348 bjt=2026-06-16T14:32:59.348+08:00
2026-06-16T14:32:59.312+08:00 MARKER sdk=1 host=1 enabled=1 sent=1 result=0 message=EVENT QUESTION_START trial=T004 rel=273.774 unix=1781591579348 bjt=2026-06-16T14:32:59.348+08:00 q=1 total=2 correct_index=0 correct_label=A
2026-06-16T14:33:01.776+08:00 MARKER sdk=1 host=1 enabled=1 sent=1 result=0 message=EVENT QUESTION_SUBMIT trial=T004 rel=276.225 unix=1781591581799 bjt=2026-06-16T14:33:01.798+08:00 q=1 option=A correct_index=0 correct_label=A is_correct=1
2026-06-16T14:33:01.778+08:00 MARKER sdk=1 host=1 enabled=1 sent=1 result=0 message=EVENT QUESTION_START trial=T004 rel=276.225 unix=1781591581799 bjt=2026-06-16T14:33:01.798+08:00 q=2 total=2 correct_index=2 correct_label=C
2026-06-16T14:33:04.473+08:00 MARKER sdk=1 host=1 enabled=1 sent=1 result=0 message=EVENT QUESTION_SUBMIT trial=T004 rel=278.922 unix=1781591584496 bjt=2026-06-16T14:33:04.496+08:00 q=2 option=C correct_index=2 correct_label=C is_correct=1
2026-06-16T14:33:04.635+08:00 MARKER sdk=1 host=1 enabled=1 sent=1 result=0 message=EVENT VIEWER_EXIT trial=T004 rel=279.100 unix=1781591584674 bjt=2026-06-16T14:33:04.673+08:00
2026-06-16T14:33:04.636+08:00 MARKER sdk=1 host=1 enabled=1 sent=1 result=0 message=EVENT TRIAL_RESULT trial=T004 rel=279.100 unix=1781591584674 bjt=2026-06-16T14:33:04.673+08:00 rows=2
2026-06-16T14:33:33.629+08:00 MARKER sdk=1 host=1 enabled=1 sent=1 result=0 message=TRIALID T005
2026-06-16T14:33:33.630+08:00 MARKER sdk=1 host=1 enabled=1 sent=1 result=0 message=EVENT LOADING_INTERACT trial=T005 rel=308.094 unix=1781591613668 bjt=2026-06-16T14:33:33.667+08:00
2026-06-16T14:33:33.630+08:00 MARKER sdk=1 host=1 enabled=1 sent=1 result=0 message=EVENT LOADING_START trial=T005 rel=308.094 unix=1781591613668 bjt=2026-06-16T14:33:33.667+08:00
2026-06-16T14:33:33.630+08:00 MARKER sdk=1 host=1 enabled=1 sent=1 result=0 message=TRIAL_META exp=EXP1 participant=B005 participant_output_id=B005 exhibit_id=04 exhibit_name=中国花瓶 condition=B latin_group=G5 sequence_index=4 sequence_label=G5_T04
2026-06-16T14:33:43.626+08:00 MARKER sdk=1 host=1 enabled=1 sent=1 result=0 message=EVENT LOADING_COMPLETE trial=T005 rel=318.092 unix=1781591623666 bjt=2026-06-16T14:33:43.665+08:00
2026-06-16T14:33:44.331+08:00 MARKER sdk=1 host=1 enabled=1 sent=1 result=0 message=EVENT VIEWER_ENTER trial=T005 rel=318.795 unix=1781591624369 bjt=2026-06-16T14:33:44.368+08:00
2026-06-16T14:33:44.331+08:00 MARKER sdk=1 host=1 enabled=1 sent=1 result=0 message=EVENT QUESTION_START trial=T005 rel=318.795 unix=1781591624369 bjt=2026-06-16T14:33:44.368+08:00 q=1 total=2 correct_index=2 correct_label=C
2026-06-16T14:33:50.439+08:00 MARKER sdk=1 host=1 enabled=1 sent=1 result=0 message=EVENT QUESTION_SUBMIT trial=T005 rel=324.889 unix=1781591630462 bjt=2026-06-16T14:33:50.462+08:00 q=1 option=C correct_index=2 correct_label=C is_correct=1
2026-06-16T14:33:50.440+08:00 MARKER sdk=1 host=1 enabled=1 sent=1 result=0 message=EVENT QUESTION_START trial=T005 rel=324.889 unix=1781591630462 bjt=2026-06-16T14:33:50.462+08:00 q=2 total=2 correct_index=3 correct_label=D
2026-06-16T14:33:52.015+08:00 MARKER sdk=1 host=1 enabled=1 sent=1 result=0 message=EVENT QUESTION_SUBMIT trial=T005 rel=326.465 unix=1781591632039 bjt=2026-06-16T14:33:52.038+08:00 q=2 option=D correct_index=3 correct_label=D is_correct=1
2026-06-16T14:33:52.674+08:00 MARKER sdk=1 host=1 enabled=1 sent=1 result=0 message=EVENT VIEWER_EXIT trial=T005 rel=327.129 unix=1781591632703 bjt=2026-06-16T14:33:52.702+08:00
2026-06-16T14:33:52.674+08:00 MARKER sdk=1 host=1 enabled=1 sent=1 result=0 message=EVENT TRIAL_RESULT trial=T005 rel=327.129 unix=1781591632703 bjt=2026-06-16T14:33:52.702+08:00 rows=2
2026-06-16T14:34:26.030+08:00 MARKER sdk=1 host=1 enabled=1 sent=1 result=0 message=TRIALID T006
2026-06-16T14:34:26.030+08:00 MARKER sdk=1 host=1 enabled=1 sent=1 result=0 message=EVENT LOADING_INTERACT trial=T006 rel=360.495 unix=1781591666069 bjt=2026-06-16T14:34:26.069+08:00
2026-06-16T14:34:26.031+08:00 MARKER sdk=1 host=1 enabled=1 sent=1 result=0 message=EVENT LOADING_START trial=T006 rel=360.495 unix=1781591666069 bjt=2026-06-16T14:34:26.069+08:00
2026-06-16T14:34:26.031+08:00 MARKER sdk=1 host=1 enabled=1 sent=1 result=0 message=EVENT VIEWER_ENTER trial=T006 rel=360.495 unix=1781591666069 bjt=2026-06-16T14:34:26.069+08:00 mode=progressive_no_progress_bar
2026-06-16T14:34:26.031+08:00 MARKER sdk=1 host=1 enabled=1 sent=1 result=0 message=TRIAL_META exp=EXP1 participant=B005 participant_output_id=B005 exhibit_id=05 exhibit_name=雅典双耳罐 condition=C_MINUS latin_group=G5 sequence_index=5 sequence_label=G5_T05
2026-06-16T14:34:32.017+08:00 MARKER sdk=1 host=1 enabled=1 sent=1 result=0 message=EVENT PROGRESSIVE_USABLE trial=T006 rel=366.481 unix=1781591672054 bjt=2026-06-16T14:34:32.054+08:00
2026-06-16T14:34:32.018+08:00 MARKER sdk=1 host=1 enabled=1 sent=1 result=0 message=EVENT QUESTION_START trial=T006 rel=366.481 unix=1781591672054 bjt=2026-06-16T14:34:32.054+08:00 q=1 total=2 correct_index=0 correct_label=A
2026-06-16T14:34:35.953+08:00 MARKER sdk=1 host=1 enabled=1 sent=1 result=0 message=EVENT QUESTION_SUBMIT trial=T006 rel=370.403 unix=1781591675977 bjt=2026-06-16T14:34:35.976+08:00 q=1 option=A correct_index=0 correct_label=A is_correct=1
2026-06-16T14:34:35.955+08:00 MARKER sdk=1 host=1 enabled=1 sent=1 result=0 message=EVENT QUESTION_START trial=T006 rel=370.403 unix=1781591675977 bjt=2026-06-16T14:34:35.976+08:00 q=2 total=2 correct_index=2 correct_label=C
2026-06-16T14:34:36.025+08:00 MARKER sdk=1 host=1 enabled=1 sent=1 result=0 message=EVENT LOADING_COMPLETE trial=T006 rel=370.491 unix=1781591676065 bjt=2026-06-16T14:34:36.064+08:00
2026-06-16T14:34:38.243+08:00 MARKER sdk=1 host=1 enabled=1 sent=1 result=0 message=EVENT QUESTION_SUBMIT trial=T006 rel=372.693 unix=1781591678267 bjt=2026-06-16T14:34:38.266+08:00 q=2 option=C correct_index=2 correct_label=C is_correct=1
2026-06-16T14:34:41.697+08:00 MARKER sdk=1 host=1 enabled=1 sent=1 result=0 message=EVENT VIEWER_EXIT trial=T006 rel=376.162 unix=1781591681736 bjt=2026-06-16T14:34:41.736+08:00
2026-06-16T14:34:41.698+08:00 MARKER sdk=1 host=1 enabled=1 sent=1 result=0 message=EVENT TRIAL_RESULT trial=T006 rel=376.162 unix=1781591681736 bjt=2026-06-16T14:34:41.736+08:00 rows=2
2026-06-16T14:36:33.591+08:00 MARKER sdk=1 host=1 enabled=1 sent=1 result=0 message=TRIALID Exp2_001
2026-06-16T14:36:33.592+08:00 MARKER sdk=1 host=1 enabled=1 sent=1 result=0 message=EVENT EXP2_LOADING_START trial_id=Exp2_001 rel=488.044861 unix=1781591793619 bjt=2026-06-16T14:36:33.618+08:00 condition=E1_SPATIAL_PROGRESSIVE
2026-06-16T14:36:33.592+08:00 MARKER sdk=1 host=1 enabled=1 sent=1 result=0 message=TRIAL_META exp=EXP2 participant=B005 participant_output_id=B005 trial_id=Exp2_001 condition=E1_SPATIAL_PROGRESSIVE spatial_continuity=1 progressive_availability=1
2026-06-16T14:36:33.592+08:00 MARKER sdk=1 host=1 enabled=1 sent=1 result=0 message=TRIAL_META_TASK trial_id=Exp2_001 target_index=1 target_display_index=1 target_content_index=1 target_label=左脸
2026-06-16T14:36:33.592+08:00 MARKER sdk=1 host=1 enabled=1 sent=1 result=0 message=TRIAL_META_SEQUENCE trial_id=Exp2_001 slot_permutation=1:1|2:2|3:3|4:4 sequence_group=1 sequence_index=1
2026-06-16T14:36:37.574+08:00 MARKER sdk=1 host=1 enabled=1 sent=1 result=0 message=EVENT EXP2_OBJECT_STAGE_CHANGED trial_id=Exp2_001 rel=492.040253 unix=1781591797614 bjt=2026-06-16T14:36:37.614+08:00 condition=E1_SPATIAL_PROGRESSIVE object_index=1 previous_stage=0 new_stage=1 progress=0.334337 object_stages=1:1|2:0|3:0|4
2026-06-16T14:36:37.575+08:00 MARKER sdk=1 host=1 enabled=1 sent=1 result=0 message=EVENT EXP2_STAGE_1_START trial_id=Exp2_001 rel=492.040253 unix=1781591797614 bjt=2026-06-16T14:36:37.614+08:00 condition=E1_SPATIAL_PROGRESSIVE stage=1 first_object_index=1 progress=0.334337 object_stages=1:1|2:0|3:0|4:0
2026-06-16T14:36:37.576+08:00 MARKER sdk=1 host=1 enabled=1 sent=1 result=0 message=EVENT EXP2_OBJECT_STAGE_CHANGED trial_id=Exp2_001 rel=492.040253 unix=1781591797614 bjt=2026-06-16T14:36:37.614+08:00 condition=E1_SPATIAL_PROGRESSIVE object_index=2 previous_stage=0 new_stage=1 progress=0.334337 object_stages=1:1|2:1|3:0|4
2026-06-16T14:36:37.576+08:00 MARKER sdk=1 host=1 enabled=1 sent=1 result=0 message=EVENT EXP2_OBJECT_STAGE_CHANGED trial_id=Exp2_001 rel=492.040253 unix=1781591797614 bjt=2026-06-16T14:36:37.614+08:00 condition=E1_SPATIAL_PROGRESSIVE object_index=3 previous_stage=0 new_stage=1 progress=0.334337 object_stages=1:1|2:1|3:1|4
2026-06-16T14:36:37.577+08:00 MARKER sdk=1 host=1 enabled=1 sent=1 result=0 message=EVENT EXP2_OBJECT_STAGE_CHANGED trial_id=Exp2_001 rel=492.040253 unix=1781591797614 bjt=2026-06-16T14:36:37.614+08:00 condition=E1_SPATIAL_PROGRESSIVE object_index=4 previous_stage=0 new_stage=1 progress=0.334337 object_stages=1:1|2:1|3:1|4
2026-06-16T14:36:39.565+08:00 MARKER sdk=1 host=1 enabled=1 sent=1 result=0 message=EVENT EXP2_OBJECT_STAGE_CHANGED trial_id=Exp2_001 rel=494.031189 unix=1781591799605 bjt=2026-06-16T14:36:39.604+08:00 condition=E1_SPATIAL_PROGRESSIVE object_index=1 previous_stage=1 new_stage=2 progress=0.500251 object_stages=1:2|2:1|3:1|4
2026-06-16T14:36:39.566+08:00 MARKER sdk=1 host=1 enabled=1 sent=1 result=0 message=EVENT EXP2_STAGE_2_START trial_id=Exp2_001 rel=494.031189 unix=1781591799605 bjt=2026-06-16T14:36:39.604+08:00 condition=E1_SPATIAL_PROGRESSIVE stage=2 first_object_index=1 progress=0.500251 object_stages=1:2|2:1|3:1|4:1
2026-06-16T14:36:39.566+08:00 MARKER sdk=1 host=1 enabled=1 sent=1 result=0 message=EVENT EXP2_PROGRESSIVE_USABLE trial_id=Exp2_001 rel=494.031189 unix=1781591799605 bjt=2026-06-16T14:36:39.604+08:00 condition=E1_SPATIAL_PROGRESSIVE target_display_index=1 target_content_index=1 target_label=左脸 stage=2 progress=0.500251
2026-06-16T14:36:39.567+08:00 MARKER sdk=1 host=1 enabled=1 sent=1 result=0 message=EVENT EXP2_OBJECT_STAGE_CHANGED trial_id=Exp2_001 rel=494.031189 unix=1781591799605 bjt=2026-06-16T14:36:39.604+08:00 condition=E1_SPATIAL_PROGRESSIVE object_index=2 previous_stage=1 new_stage=2 progress=0.500251 object_stages=1:2|2:2|3:1|4
2026-06-16T14:36:39.567+08:00 MARKER sdk=1 host=1 enabled=1 sent=1 result=0 message=EVENT EXP2_OBJECT_STAGE_CHANGED trial_id=Exp2_001 rel=494.031189 unix=1781591799605 bjt=2026-06-16T14:36:39.604+08:00 condition=E1_SPATIAL_PROGRESSIVE object_index=3 previous_stage=1 new_stage=2 progress=0.500251 object_stages=1:2|2:2|3:2|4
2026-06-16T14:36:39.567+08:00 MARKER sdk=1 host=1 enabled=1 sent=1 result=0 message=EVENT EXP2_OBJECT_STAGE_CHANGED trial_id=Exp2_001 rel=494.031189 unix=1781591799605 bjt=2026-06-16T14:36:39.604+08:00 condition=E1_SPATIAL_PROGRESSIVE object_index=4 previous_stage=1 new_stage=2 progress=0.500251 object_stages=1:2|2:2|3:2|4
2026-06-16T14:36:42.869+08:00 MARKER sdk=1 host=1 enabled=1 sent=1 result=0 message=EVENT EXP2_PREJUDGE trial_id=Exp2_001 rel=497.334290 unix=1781591802908 bjt=2026-06-16T14:36:42.908+08:00 condition=E1_SPATIAL_PROGRESSIVE selected=1 correct=1 confidence=-1 selected_content=1
2026-06-16T14:36:45.576+08:00 MARKER sdk=1 host=1 enabled=1 sent=1 result=0 message=EVENT EXP2_OBJECT_STAGE_CHANGED trial_id=Exp2_001 rel=500.041565 unix=1781591805615 bjt=2026-06-16T14:36:45.615+08:00 condition=E1_SPATIAL_PROGRESSIVE object_index=1 previous_stage=2 new_stage=3 progress=1.000000 object_stages=1:3|2:2|3:2|4
2026-06-16T14:36:45.576+08:00 MARKER sdk=1 host=1 enabled=1 sent=1 result=0 message=EVENT EXP2_STAGE_3_START trial_id=Exp2_001 rel=500.041565 unix=1781591805615 bjt=2026-06-16T14:36:45.615+08:00 condition=E1_SPATIAL_PROGRESSIVE stage=3 first_object_index=1 progress=1.000000 object_stages=1:3|2:2|3:2|4:2
2026-06-16T14:36:45.577+08:00 MARKER sdk=1 host=1 enabled=1 sent=1 result=0 message=EVENT EXP2_OBJECT_STAGE_CHANGED trial_id=Exp2_001 rel=500.041565 unix=1781591805615 bjt=2026-06-16T14:36:45.615+08:00 condition=E1_SPATIAL_PROGRESSIVE object_index=2 previous_stage=2 new_stage=3 progress=1.000000 object_stages=1:3|2:3|3:2|4
2026-06-16T14:36:45.577+08:00 MARKER sdk=1 host=1 enabled=1 sent=1 result=0 message=EVENT EXP2_OBJECT_STAGE_CHANGED trial_id=Exp2_001 rel=500.041565 unix=1781591805615 bjt=2026-06-16T14:36:45.615+08:00 condition=E1_SPATIAL_PROGRESSIVE object_index=3 previous_stage=2 new_stage=3 progress=1.000000 object_stages=1:3|2:3|3:3|4
2026-06-16T14:36:45.577+08:00 MARKER sdk=1 host=1 enabled=1 sent=1 result=0 message=EVENT EXP2_OBJECT_STAGE_CHANGED trial_id=Exp2_001 rel=500.041565 unix=1781591805615 bjt=2026-06-16T14:36:45.615+08:00 condition=E1_SPATIAL_PROGRESSIVE object_index=4 previous_stage=2 new_stage=3 progress=1.000000 object_stages=1:3|2:3|3:3|4
2026-06-16T14:36:45.578+08:00 MARKER sdk=1 host=1 enabled=1 sent=1 result=0 message=EVENT EXP2_LOADING_COMPLETE trial_id=Exp2_001 rel=500.041565 unix=1781591805615 bjt=2026-06-16T14:36:45.615+08:00 condition=E1_SPATIAL_PROGRESSIVE
2026-06-16T14:36:47.451+08:00 MARKER sdk=1 host=1 enabled=1 sent=1 result=0 message=EVENT EXP2_PENDING_SELECTION trial_id=Exp2_001 rel=501.917358 unix=1781591807491 bjt=2026-06-16T14:36:47.491+08:00 condition=E1_SPATIAL_PROGRESSIVE selected=1 selected_content=1 changes=1
2026-06-16T14:36:48.940+08:00 MARKER sdk=1 host=1 enabled=1 sent=1 result=0 message=EVENT EXP2_SUBMIT_SELECTION trial_id=Exp2_001 rel=503.405670 unix=1781591808979 bjt=2026-06-16T14:36:48.979+08:00 condition=E1_SPATIAL_PROGRESSIVE selected=1 selected_content=1 correct=1
2026-06-16T14:36:48.941+08:00 MARKER sdk=1 host=1 enabled=1 sent=1 result=0 message=TRIAL_RESULT Exp2_001 selected=1 correct=1
2026-06-16T14:37:14.317+08:00 MARKER sdk=1 host=1 enabled=1 sent=1 result=0 message=TRIALID Exp2_002
2026-06-16T14:37:14.318+08:00 MARKER sdk=1 host=1 enabled=1 sent=1 result=0 message=EVENT EXP2_LOADING_START trial_id=Exp2_002 rel=528.780029 unix=1781591834354 bjt=2026-06-16T14:37:14.353+08:00 condition=E2_FIXED_PROGRESSIVE
2026-06-16T14:37:14.319+08:00 MARKER sdk=1 host=1 enabled=1 sent=1 result=0 message=TRIAL_META exp=EXP2 participant=B005 participant_output_id=B005 trial_id=Exp2_002 condition=E2_FIXED_PROGRESSIVE spatial_continuity=0 progressive_availability=1
2026-06-16T14:37:14.320+08:00 MARKER sdk=1 host=1 enabled=1 sent=1 result=0 message=TRIAL_META_TASK trial_id=Exp2_002 target_index=2 target_display_index=2 target_content_index=2 target_label=右脸
2026-06-16T14:37:14.320+08:00 MARKER sdk=1 host=1 enabled=1 sent=1 result=0 message=TRIAL_META_SEQUENCE trial_id=Exp2_002 slot_permutation=1:3|2:2|3:4|4:1 sequence_group=1 sequence_index=2
2026-06-16T14:37:18.298+08:00 MARKER sdk=1 host=1 enabled=1 sent=1 result=0 message=EVENT EXP2_OBJECT_STAGE_CHANGED trial_id=Exp2_002 rel=532.764221 unix=1781591838338 bjt=2026-06-16T14:37:18.337+08:00 condition=E2_FIXED_PROGRESSIVE object_index=1 previous_stage=0 new_stage=1 progress=0.333904 object_stages=1:1|2:0|3:0|4:0
2026-06-16T14:37:18.299+08:00 MARKER sdk=1 host=1 enabled=1 sent=1 result=0 message=EVENT EXP2_STAGE_1_START trial_id=Exp2_002 rel=532.764221 unix=1781591838338 bjt=2026-06-16T14:37:18.337+08:00 condition=E2_FIXED_PROGRESSIVE stage=1 first_object_index=1 progress=0.333904 object_stages=1:1|2:0|3:0|4:0
2026-06-16T14:37:18.299+08:00 MARKER sdk=1 host=1 enabled=1 sent=1 result=0 message=EVENT EXP2_OBJECT_STAGE_CHANGED trial_id=Exp2_002 rel=532.764221 unix=1781591838338 bjt=2026-06-16T14:37:18.337+08:00 condition=E2_FIXED_PROGRESSIVE object_index=2 previous_stage=0 new_stage=1 progress=0.333904 object_stages=1:1|2:1|3:0|4:0
2026-06-16T14:37:18.300+08:00 MARKER sdk=1 host=1 enabled=1 sent=1 result=0 message=EVENT EXP2_OBJECT_STAGE_CHANGED trial_id=Exp2_002 rel=532.764221 unix=1781591838338 bjt=2026-06-16T14:37:18.337+08:00 condition=E2_FIXED_PROGRESSIVE object_index=3 previous_stage=0 new_stage=1 progress=0.333904 object_stages=1:1|2:1|3:1|4:0
2026-06-16T14:37:18.300+08:00 MARKER sdk=1 host=1 enabled=1 sent=1 result=0 message=EVENT EXP2_OBJECT_STAGE_CHANGED trial_id=Exp2_002 rel=532.764221 unix=1781591838338 bjt=2026-06-16T14:37:18.337+08:00 condition=E2_FIXED_PROGRESSIVE object_index=4 previous_stage=0 new_stage=1 progress=0.333904 object_stages=1:1|2:1|3:1|4:1
2026-06-16T14:37:20.294+08:00 MARKER sdk=1 host=1 enabled=1 sent=1 result=0 message=EVENT EXP2_OBJECT_STAGE_CHANGED trial_id=Exp2_002 rel=534.759583 unix=1781591840333 bjt=2026-06-16T14:37:20.333+08:00 condition=E2_FIXED_PROGRESSIVE object_index=1 previous_stage=1 new_stage=2 progress=0.500187 object_stages=1:2|2:1|3:1|4:1
2026-06-16T14:37:20.295+08:00 MARKER sdk=1 host=1 enabled=1 sent=1 result=0 message=EVENT EXP2_STAGE_2_START trial_id=Exp2_002 rel=534.759583 unix=1781591840333 bjt=2026-06-16T14:37:20.333+08:00 condition=E2_FIXED_PROGRESSIVE stage=2 first_object_index=1 progress=0.500187 object_stages=1:2|2:1|3:1|4:1
2026-06-16T14:37:20.295+08:00 MARKER sdk=1 host=1 enabled=1 sent=1 result=0 message=EVENT EXP2_OBJECT_STAGE_CHANGED trial_id=Exp2_002 rel=534.759583 unix=1781591840333 bjt=2026-06-16T14:37:20.333+08:00 condition=E2_FIXED_PROGRESSIVE object_index=2 previous_stage=1 new_stage=2 progress=0.500187 object_stages=1:2|2:2|3:1|4:1
2026-06-16T14:37:20.295+08:00 MARKER sdk=1 host=1 enabled=1 sent=1 result=0 message=EVENT EXP2_PROGRESSIVE_USABLE trial_id=Exp2_002 rel=534.759583 unix=1781591840333 bjt=2026-06-16T14:37:20.333+08:00 condition=E2_FIXED_PROGRESSIVE target_display_index=2 target_content_index=2 target_label=右脸 stage=2 progress=0.500187
2026-06-16T14:37:20.296+08:00 MARKER sdk=1 host=1 enabled=1 sent=1 result=0 message=EVENT EXP2_OBJECT_STAGE_CHANGED trial_id=Exp2_002 rel=534.759583 unix=1781591840333 bjt=2026-06-16T14:37:20.333+08:00 condition=E2_FIXED_PROGRESSIVE object_index=3 previous_stage=1 new_stage=2 progress=0.500187 object_stages=1:2|2:2|3:2|4:1
2026-06-16T14:37:20.296+08:00 MARKER sdk=1 host=1 enabled=1 sent=1 result=0 message=EVENT EXP2_OBJECT_STAGE_CHANGED trial_id=Exp2_002 rel=534.759583 unix=1781591840333 bjt=2026-06-16T14:37:20.333+08:00 condition=E2_FIXED_PROGRESSIVE object_index=4 previous_stage=1 new_stage=2 progress=0.500187 object_stages=1:2|2:2|3:2|4:2
2026-06-16T14:37:25.985+08:00 MARKER sdk=1 host=1 enabled=1 sent=1 result=0 message=EVENT EXP2_PREJUDGE trial_id=Exp2_002 rel=540.450500 unix=1781591846024 bjt=2026-06-16T14:37:26.024+08:00 condition=E2_FIXED_PROGRESSIVE selected=1 correct=0 confidence=-1 selected_content=3
2026-06-16T14:37:26.304+08:00 MARKER sdk=1 host=1 enabled=1 sent=1 result=0 message=EVENT EXP2_OBJECT_STAGE_CHANGED trial_id=Exp2_002 rel=540.769348 unix=1781591846343 bjt=2026-06-16T14:37:26.343+08:00 condition=E2_FIXED_PROGRESSIVE object_index=1 previous_stage=2 new_stage=3 progress=1.000000 object_stages=1:3|2:2|3:2|4:2
2026-06-16T14:37:26.305+08:00 MARKER sdk=1 host=1 enabled=1 sent=1 result=0 message=EVENT EXP2_STAGE_3_START trial_id=Exp2_002 rel=540.769348 unix=1781591846343 bjt=2026-06-16T14:37:26.343+08:00 condition=E2_FIXED_PROGRESSIVE stage=3 first_object_index=1 progress=1.000000 object_stages=1:3|2:2|3:2|4:2
2026-06-16T14:37:26.306+08:00 MARKER sdk=1 host=1 enabled=1 sent=1 result=0 message=EVENT EXP2_OBJECT_STAGE_CHANGED trial_id=Exp2_002 rel=540.769348 unix=1781591846343 bjt=2026-06-16T14:37:26.343+08:00 condition=E2_FIXED_PROGRESSIVE object_index=2 previous_stage=2 new_stage=3 progress=1.000000 object_stages=1:3|2:3|3:2|4:2
2026-06-16T14:37:26.306+08:00 MARKER sdk=1 host=1 enabled=1 sent=1 result=0 message=EVENT EXP2_OBJECT_STAGE_CHANGED trial_id=Exp2_002 rel=540.769348 unix=1781591846343 bjt=2026-06-16T14:37:26.343+08:00 condition=E2_FIXED_PROGRESSIVE object_index=3 previous_stage=2 new_stage=3 progress=1.000000 object_stages=1:3|2:3|3:3|4:2
2026-06-16T14:37:26.307+08:00 MARKER sdk=1 host=1 enabled=1 sent=1 result=0 message=EVENT EXP2_OBJECT_STAGE_CHANGED trial_id=Exp2_002 rel=540.769348 unix=1781591846343 bjt=2026-06-16T14:37:26.343+08:00 condition=E2_FIXED_PROGRESSIVE object_index=4 previous_stage=2 new_stage=3 progress=1.000000 object_stages=1:3|2:3|3:3|4:3
2026-06-16T14:37:26.307+08:00 MARKER sdk=1 host=1 enabled=1 sent=1 result=0 message=EVENT EXP2_LOADING_COMPLETE trial_id=Exp2_002 rel=540.769348 unix=1781591846343 bjt=2026-06-16T14:37:26.343+08:00 condition=E2_FIXED_PROGRESSIVE
2026-06-16T14:37:32.554+08:00 MARKER sdk=1 host=1 enabled=1 sent=1 result=0 message=EVENT EXP2_PENDING_SELECTION trial_id=Exp2_002 rel=547.019653 unix=1781591852593 bjt=2026-06-16T14:37:32.593+08:00 condition=E2_FIXED_PROGRESSIVE selected=2 selected_content=2 changes=1
2026-06-16T14:37:33.581+08:00 MARKER sdk=1 host=1 enabled=1 sent=1 result=0 message=EVENT EXP2_SUBMIT_SELECTION trial_id=Exp2_002 rel=548.046997 unix=1781591853621 bjt=2026-06-16T14:37:33.620+08:00 condition=E2_FIXED_PROGRESSIVE selected=2 selected_content=2 correct=1
2026-06-16T14:37:33.582+08:00 MARKER sdk=1 host=1 enabled=1 sent=1 result=0 message=TRIAL_RESULT Exp2_002 selected=2 correct=1
2026-06-16T14:38:05.054+08:00 MARKER sdk=1 host=1 enabled=1 sent=1 result=0 message=TRIALID Exp2_003
2026-06-16T14:38:05.055+08:00 MARKER sdk=1 host=1 enabled=1 sent=1 result=0 message=EVENT EXP2_LOADING_START trial_id=Exp2_003 rel=579.518372 unix=1781591885092 bjt=2026-06-16T14:38:05.092+08:00 condition=E4_FIXED_NONPROGRESSIVE
2026-06-16T14:38:05.056+08:00 MARKER sdk=1 host=1 enabled=1 sent=1 result=0 message=TRIAL_META exp=EXP2 participant=B005 participant_output_id=B005 trial_id=Exp2_003 condition=E4_FIXED_NONPROGRESSIVE spatial_continuity=0 progressive_availability=0
2026-06-16T14:38:05.056+08:00 MARKER sdk=1 host=1 enabled=1 sent=1 result=0 message=TRIAL_META_TASK trial_id=Exp2_003 target_index=3 target_display_index=3 target_content_index=3 target_label=脖子
2026-06-16T14:38:05.056+08:00 MARKER sdk=1 host=1 enabled=1 sent=1 result=0 message=TRIAL_META_SEQUENCE trial_id=Exp2_003 slot_permutation=1:4|2:1|3:3|4:2 sequence_group=1 sequence_index=3
2026-06-16T14:38:17.036+08:00 MARKER sdk=1 host=1 enabled=1 sent=1 result=0 message=EVENT EXP2_OBJECT_STAGE_CHANGED trial_id=Exp2_003 rel=591.502075 unix=1781591897076 bjt=2026-06-16T14:38:17.075+08:00 condition=E4_FIXED_NONPROGRESSIVE object_index=1 previous_stage=0 new_stage=3 progress=1.000000 object_stages=1:3|2:0|3:0|
2026-06-16T14:38:17.037+08:00 MARKER sdk=1 host=1 enabled=1 sent=1 result=0 message=EVENT EXP2_STAGE_3_START trial_id=Exp2_003 rel=591.502075 unix=1781591897076 bjt=2026-06-16T14:38:17.075+08:00 condition=E4_FIXED_NONPROGRESSIVE stage=3 first_object_index=1 progress=1.000000 object_stages=1:3|2:0|3:0|4:0
2026-06-16T14:38:17.037+08:00 MARKER sdk=1 host=1 enabled=1 sent=1 result=0 message=EVENT EXP2_OBJECT_STAGE_CHANGED trial_id=Exp2_003 rel=591.502075 unix=1781591897076 bjt=2026-06-16T14:38:17.075+08:00 condition=E4_FIXED_NONPROGRESSIVE object_index=2 previous_stage=0 new_stage=3 progress=1.000000 object_stages=1:3|2:3|3:0|
2026-06-16T14:38:17.038+08:00 MARKER sdk=1 host=1 enabled=1 sent=1 result=0 message=EVENT EXP2_OBJECT_STAGE_CHANGED trial_id=Exp2_003 rel=591.502075 unix=1781591897076 bjt=2026-06-16T14:38:17.075+08:00 condition=E4_FIXED_NONPROGRESSIVE object_index=3 previous_stage=0 new_stage=3 progress=1.000000 object_stages=1:3|2:3|3:3|
2026-06-16T14:38:17.038+08:00 MARKER sdk=1 host=1 enabled=1 sent=1 result=0 message=EVENT EXP2_OBJECT_STAGE_CHANGED trial_id=Exp2_003 rel=591.502075 unix=1781591897076 bjt=2026-06-16T14:38:17.075+08:00 condition=E4_FIXED_NONPROGRESSIVE object_index=4 previous_stage=0 new_stage=3 progress=1.000000 object_stages=1:3|2:3|3:3|
2026-06-16T14:38:17.039+08:00 MARKER sdk=1 host=1 enabled=1 sent=1 result=0 message=EVENT EXP2_LOADING_COMPLETE trial_id=Exp2_003 rel=591.502075 unix=1781591897076 bjt=2026-06-16T14:38:17.075+08:00 condition=E4_FIXED_NONPROGRESSIVE
2026-06-16T14:38:19.377+08:00 MARKER sdk=1 host=1 enabled=1 sent=1 result=0 message=EVENT EXP2_PENDING_SELECTION trial_id=Exp2_003 rel=593.842651 unix=1781591899416 bjt=2026-06-16T14:38:19.416+08:00 condition=E4_FIXED_NONPROGRESSIVE selected=3 selected_content=3 changes=1
2026-06-16T14:38:20.365+08:00 MARKER sdk=1 host=1 enabled=1 sent=1 result=0 message=EVENT EXP2_SUBMIT_SELECTION trial_id=Exp2_003 rel=594.830994 unix=1781591900405 bjt=2026-06-16T14:38:20.404+08:00 condition=E4_FIXED_NONPROGRESSIVE selected=3 selected_content=3 correct=1
2026-06-16T14:38:20.365+08:00 MARKER sdk=1 host=1 enabled=1 sent=1 result=0 message=TRIAL_RESULT Exp2_003 selected=3 correct=1
2026-06-16T14:38:43.676+08:00 MARKER sdk=1 host=1 enabled=1 sent=1 result=0 message=TRIALID Exp2_004
2026-06-16T14:38:43.677+08:00 MARKER sdk=1 host=1 enabled=1 sent=1 result=0 message=EVENT EXP2_LOADING_START trial_id=Exp2_004 rel=618.140808 unix=1781591923715 bjt=2026-06-16T14:38:43.714+08:00 condition=E3_SPATIAL_NONPROGRESSIVE
2026-06-16T14:38:43.677+08:00 MARKER sdk=1 host=1 enabled=1 sent=1 result=0 message=TRIAL_META exp=EXP2 participant=B005 participant_output_id=B005 trial_id=Exp2_004 condition=E3_SPATIAL_NONPROGRESSIVE spatial_continuity=1 progressive_availability=0
2026-06-16T14:38:43.677+08:00 MARKER sdk=1 host=1 enabled=1 sent=1 result=0 message=TRIAL_META_TASK trial_id=Exp2_004 target_index=4 target_display_index=4 target_content_index=4 target_label=头顶
2026-06-16T14:38:43.678+08:00 MARKER sdk=1 host=1 enabled=1 sent=1 result=0 message=TRIAL_META_SEQUENCE trial_id=Exp2_004 slot_permutation=1:1|2:2|3:3|4:4 sequence_group=1 sequence_index=4
2026-06-16T14:38:55.675+08:00 MARKER sdk=1 host=1 enabled=1 sent=1 result=0 message=EVENT EXP2_OBJECT_STAGE_CHANGED trial_id=Exp2_004 rel=630.140259 unix=1781591935714 bjt=2026-06-16T14:38:55.714+08:00 condition=E3_SPATIAL_NONPROGRESSIVE object_index=1 previous_stage=0 new_stage=3 progress=1.000000 object_stages=1:3|2:0|3:
2026-06-16T14:38:55.675+08:00 MARKER sdk=1 host=1 enabled=1 sent=1 result=0 message=EVENT EXP2_STAGE_3_START trial_id=Exp2_004 rel=630.140259 unix=1781591935714 bjt=2026-06-16T14:38:55.714+08:00 condition=E3_SPATIAL_NONPROGRESSIVE stage=3 first_object_index=1 progress=1.000000 object_stages=1:3|2:0|3:0|4:0
2026-06-16T14:38:55.676+08:00 MARKER sdk=1 host=1 enabled=1 sent=1 result=0 message=EVENT EXP2_OBJECT_STAGE_CHANGED trial_id=Exp2_004 rel=630.140259 unix=1781591935714 bjt=2026-06-16T14:38:55.714+08:00 condition=E3_SPATIAL_NONPROGRESSIVE object_index=2 previous_stage=0 new_stage=3 progress=1.000000 object_stages=1:3|2:3|3:
2026-06-16T14:38:55.676+08:00 MARKER sdk=1 host=1 enabled=1 sent=1 result=0 message=EVENT EXP2_OBJECT_STAGE_CHANGED trial_id=Exp2_004 rel=630.140259 unix=1781591935714 bjt=2026-06-16T14:38:55.714+08:00 condition=E3_SPATIAL_NONPROGRESSIVE object_index=3 previous_stage=0 new_stage=3 progress=1.000000 object_stages=1:3|2:3|3:
2026-06-16T14:38:55.677+08:00 MARKER sdk=1 host=1 enabled=1 sent=1 result=0 message=EVENT EXP2_OBJECT_STAGE_CHANGED trial_id=Exp2_004 rel=630.140259 unix=1781591935714 bjt=2026-06-16T14:38:55.714+08:00 condition=E3_SPATIAL_NONPROGRESSIVE object_index=4 previous_stage=0 new_stage=3 progress=1.000000 object_stages=1:3|2:3|3:
2026-06-16T14:38:55.677+08:00 MARKER sdk=1 host=1 enabled=1 sent=1 result=0 message=EVENT EXP2_LOADING_COMPLETE trial_id=Exp2_004 rel=630.140259 unix=1781591935714 bjt=2026-06-16T14:38:55.714+08:00 condition=E3_SPATIAL_NONPROGRESSIVE
2026-06-16T14:38:59.686+08:00 MARKER sdk=1 host=1 enabled=1 sent=1 result=0 message=EVENT EXP2_PENDING_SELECTION trial_id=Exp2_004 rel=634.151550 unix=1781591939725 bjt=2026-06-16T14:38:59.725+08:00 condition=E3_SPATIAL_NONPROGRESSIVE selected=4 selected_content=4 changes=1
2026-06-16T14:39:01.114+08:00 MARKER sdk=1 host=1 enabled=1 sent=1 result=0 message=EVENT EXP2_SUBMIT_SELECTION trial_id=Exp2_004 rel=635.579956 unix=1781591941154 bjt=2026-06-16T14:39:01.153+08:00 condition=E3_SPATIAL_NONPROGRESSIVE selected=4 selected_content=4 correct=1
2026-06-16T14:39:01.115+08:00 MARKER sdk=1 host=1 enabled=1 sent=1 result=0 message=TRIAL_RESULT Exp2_004 selected=4 correct=1
2026-06-16T14:39:46.473+08:00 MARKER sdk=1 host=1 enabled=1 sent=1 result=0 message=EVENT EXPERIMENT_END_SCREEN_SHOWN participant=B005 output_id=B005 unix=1781591986473 bjt=2026-06-16_14:39:46.473
2026-06-16T14:39:46.473+08:00 FORMAL_RECORDING step=FINISH_REQUESTED success=1 reason=experiment_end_door edf=FM142908.EDF recording=1 opened=1
2026-06-16T14:39:46.473+08:00 MARKER sdk=1 host=1 enabled=1 sent=1 result=0 message=FORMAL_RECORDING_END participant=B005 rel=680.938 unix=1781591986473 bjt=2026-06-16T14:39:46.473+08:00 edf=FM142908.EDF source=ue_formal reason=experiment_end_door
2026-06-16T14:39:46.674+08:00 FORMAL_RECORDING step=END_MARKER_FLUSH_WAIT success=1 duration_ms=200
2026-06-16T14:39:46.781+08:00 FORMAL_RECORDING step=RECORDING_STOPPED success=1 result=0
2026-06-16T14:39:46.781+08:00 FORMAL_RECORDING step=EDF_CLOSED success=1 edf=FM142908.EDF result=0
2026-06-16T14:39:47.891+08:00 EDF_RECEIVE_ATTEMPT source_tag=formal attempt=full_path source=FM142908.EDF dest=../../../../../../Project/UE5/Gallery/Saved/ExperimentData/EDF/FM142908.EDF dest_is_path=0 result=28920651 exists=1 size=28920651
2026-06-16T14:39:47.892+08:00 FORMAL_RECORDING step=EDF_RECEIVED_TO_DPC success=1 edf=FM142908.EDF local=../../../../../../Project/UE5/Gallery/Saved/ExperimentData/EDF/FM142908.EDF result=28920651 size=28920651
2026-06-16T14:39:47.893+08:00 FORMAL_RECORDING step=FINISHED success=1 reason=experiment_end_door edf=FM142908.EDF local=../../../../../../Project/UE5/Gallery/Saved/ExperimentData/EDF/FM142908.EDF
