2026-06-12T10:37:43.386+08:00 STATUS start_ui_status sdk=connected host=not_connected log=
2026-06-12T10:37:51.587+08:00 FORMAL_RECORDING step=EDF_OPEN_REQUESTED success=1 participant=A004 edf=FM103751.EDF source=calibration_button
2026-06-12T10:37:51.587+08:00 CONNECT method=open_eyelink_connection ip=100.1.1.1
2026-06-12T10:37:51.622+08:00 CONNECT_RESULT method=open_eyelink_connection result=0 connected=1
2026-06-12T10:37:51.622+08:00 STATUS host_connected=1 sdk_available=1 note=connection_opened_high_level
2026-06-12T10:37:51.622+08:00 FORMAL_RECORDING step=HOST_CONNECTED success=1 sdk=1 host=1 source=calibration_button
2026-06-12T10:37:51.719+08:00 FORMAL_RECORDING step=EDF_OPENED success=1 edf=FM103751.EDF result=0 source=calibration_button
2026-06-12T10:37:51.763+08:00 FORMAL_EDF_MARKER sdk=1 host=1 opened=1 sent=1 message=FORMAL_EDF_OPENED participant=A004 rel=8.413 unix=1781231871763 bjt=2026-06-12T10:37:51.763+08:00 edf=FM103751.EDF source=ue_formal open_result=0 source_tag=calibration_button
2026-06-12T10:37:51.764+08:00 FORMAL_EDF_MARKER sdk=1 host=1 opened=1 sent=1 message=FORMAL_SESSION_PREPARED participant=A004 rel=8.413 unix=1781231871764 bjt=2026-06-12T10:37:51.764+08:00 edf=FM103751.EDF source=ue_formal calibration_complete=0
2026-06-12T10:37:51.764+08:00 FORMAL_EDF_MARKER sdk=1 host=1 opened=1 sent=1 message=CALIBRATION_REQUESTED participant=A004 rel=8.413 unix=1781231871764 bjt=2026-06-12T10:37:51.764+08:00 edf=FM103751.EDF source=ue_formal open_result=0
2026-06-12T10:37:51.764+08:00 CALIBRATION step=REQUESTED success=1 note=run_eyelink_tracker_setup
2026-06-12T10:37:51.764+08:00 CALIBRATION step=HOST_CONNECTED success=1 sdk=1 host=1 graphics=1
2026-06-12T10:37:51.770+08:00 CALIBRATION_DISPLAY_INIT success=1 result=0 error=
2026-06-12T10:37:51.770+08:00 CALIBRATION_DISPLAY_LIST count=2 requested_index=1 explicit=1
2026-06-12T10:37:51.770+08:00 CALIBRATION_DISPLAY index=0 name=Dell XPS 15 SDC414D Display bounds_result=0 x=0 y=0 w=1920 h=1080 mode_result=0 mode_w=1920 mode_h=1080 refresh=60
2026-06-12T10:37:51.770+08:00 CALIBRATION_DISPLAY index=1 name=Acer GR235H bounds_result=0 x=0 y=-1080 w=1920 h=1080 mode_result=0 mode_w=1920 mode_h=1080 refresh=60
2026-06-12T10:37:51.869+08:00 CALIBRATION step=GRAPHICS_INITIALIZED success=1 result=0 explicit_request=1 display_index=1 window_ptr=0000024FEFD948E8 width=1920 height=1080 bits=32 refresh=60.00
2026-06-12T10:37:51.878+08:00 CALIBRATION step=REGISTERED_WINDOW_MOVED success=1 requested_display=1 actual_display=1 requested_x=0 requested_y=-1080 requested_w=1920 requested_h=1080 actual_x=0 actual_y=-1080 actual_w=1920 actual_h=1080
2026-06-12T10:37:51.881+08:00 FORMAL_EDF_MARKER sdk=1 host=1 opened=1 sent=1 message=CALIBRATION_SETUP_START participant=A004 rel=8.413 unix=1781231871880 bjt=2026-06-12T10:37:51.880+08:00 edf=FM103751.EDF source=ue_formal calibration_type=HV9 width=1920 height=1080
2026-06-12T10:37:51.881+08:00 CALIBRATION step=TRACKER_SETUP_BEGIN success=1 detail=call_do_tracker_setup
2026-06-12T10:38:30.983+08:00 CALIBRATION step=TRACKER_SETUP_RETURNED success=1 result=0
2026-06-12T10:38:30.983+08:00 FORMAL_EDF_MARKER sdk=1 host=1 opened=1 sent=1 message=CALIBRATION_SETUP_END participant=A004 rel=8.413 unix=1781231910983 bjt=2026-06-12T10:38:30.983+08:00 edf=FM103751.EDF source=ue_formal setup_result=0
2026-06-12T10:38:33.023+08:00 CALIBRATION step=GRAPHICS_CLOSED success=1
2026-06-12T10:38:33.023+08:00 CALIBRATION step=CALIBRATION_WINDOW_DESTROYED success=1
2026-06-12T10:38:33.023+08:00 CALIBRATION step=FINISHED success=1 result=0
2026-06-12T10:38:33.023+08:00 FORMAL_EDF_MARKER sdk=1 host=1 opened=1 sent=1 message=CALIBRATION_STATUS participant=A004 rel=8.413 unix=1781231913023 bjt=2026-06-12T10:38:33.023+08:00 edf=FM103751.EDF source=ue_formal calibration_complete=1
2026-06-12T10:38:33.023+08:00 FORMAL_CALIBRATION step=FINISHED success=1 participant=A004 edf=FM103751.EDF open_result=0
2026-06-12T10:38:33.024+08:00 STATUS start_ui_status sdk=connected host=connected log=../../../../../../Project/UE5/Gallery/Saved/ExperimentLogs/EyeLinkMarkers_20260612_103743_385.log
2026-06-12T10:38:41.518+08:00 FORMAL_RECORDING step=EDF_ALREADY_OPEN success=1 participant=A004 edf=FM103751.EDF source=start_button_preopened calibration_complete=1
2026-06-12T10:38:41.527+08:00 FORMAL_RECORDING step=RECORDING_STARTED success=1 result=0 edf=FM103751.EDF preopened=1 calibration_complete=1
2026-06-12T10:38:41.527+08:00 MARKER sdk=1 host=1 enabled=1 sent=1 result=0 message=FORMAL_RECORDING_START participant=A004 rel=16.335 unix=1781231921527 bjt=2026-06-12T10:38:41.527+08:00 edf=FM103751.EDF source=ue_formal open_result=0 record_result=0 edf_preopened=1 calibration_complete=1
2026-06-12T10:38:41.527+08:00 STATUS formal_recording_start_requested participant=A004 success=1 edf=FM103751.EDF calibration_complete=1
2026-06-12T10:38:41.527+08:00 STATUS start_ui_status sdk=connected host=connected log=../../../../../../Project/UE5/Gallery/Saved/ExperimentLogs/EyeLinkMarkers_20260612_103743_385.log
2026-06-12T10:38:41.527+08:00 MARKER sdk=1 host=1 enabled=1 sent=1 result=0 message=RECORDING_TIME_REFERENCE participant=A004 rel=16.335 unix=1781231921527 bjt=2026-06-12T10:38:41.527+08:00 source=ue_session_start
2026-06-12T10:38:41.527+08:00 MARKER sdk=1 host=1 enabled=1 sent=1 result=0 message=SESSION_START participant=A004 rel=16.335 unix=1781231921527 bjt=2026-06-12T10:38:41.527+08:00
2026-06-12T10:38:41.528+08:00 MARKER sdk=1 host=1 enabled=1 sent=1 result=0 message=EXPERIMENT_RUN_MODE EXP1_THEN_EXP2
2026-06-12T10:38:41.531+08:00 MARKER sdk=1 host=1 enabled=1 sent=1 result=0 message=SCREEN_RECORDING_REQUEST enabled=1 started=1 participant=A004
2026-06-12T10:39:24.557+08:00 MARKER sdk=1 host=1 enabled=1 sent=1 result=0 message=TRIALID T001
2026-06-12T10:39:24.557+08:00 MARKER sdk=1 host=1 enabled=1 sent=1 result=0 message=EVENT LOADING_INTERACT trial=T001 rel=59.390 unix=1781231964582 bjt=2026-06-12T10:39:24.581+08:00
2026-06-12T10:39:24.557+08:00 MARKER sdk=1 host=1 enabled=1 sent=1 result=0 message=EVENT LOADING_START trial=T001 rel=59.390 unix=1781231964582 bjt=2026-06-12T10:39:24.581+08:00
2026-06-12T10:39:24.557+08:00 MARKER sdk=1 host=1 enabled=1 sent=1 result=0 message=!V TRIAL_VAR participant A004
2026-06-12T10:39:24.557+08:00 MARKER sdk=1 host=1 enabled=1 sent=1 result=0 message=!V TRIAL_VAR experiment EXP1
2026-06-12T10:39:24.557+08:00 MARKER sdk=1 host=1 enabled=1 sent=1 result=0 message=!V TRIAL_VAR exhibit_id Ex1_TEST
2026-06-12T10:39:24.557+08:00 MARKER sdk=1 host=1 enabled=1 sent=1 result=0 message=!V TRIAL_VAR exhibit_name 测试展品
2026-06-12T10:39:24.557+08:00 MARKER sdk=1 host=1 enabled=1 sent=1 result=0 message=!V TRIAL_VAR condition A
2026-06-12T10:39:24.558+08:00 MARKER sdk=1 host=1 enabled=1 sent=1 result=0 message=!V TRIAL_VAR latin_group NA
2026-06-12T10:39:24.558+08:00 MARKER sdk=1 host=1 enabled=1 sent=1 result=0 message=!V TRIAL_VAR sequence_index -1
2026-06-12T10:39:24.558+08:00 MARKER sdk=1 host=1 enabled=1 sent=1 result=0 message=!V TRIAL_VAR sequence_label NA
2026-06-12T10:39:26.540+08:00 MARKER sdk=1 host=1 enabled=1 sent=1 result=0 message=EVENT LOADING_COMPLETE trial=T001 rel=61.373 unix=1781231966565 bjt=2026-06-12T10:39:26.565+08:00
2026-06-12T10:39:29.825+08:00 MARKER sdk=1 host=1 enabled=1 sent=1 result=0 message=EVENT VIEWER_ENTER trial=T001 rel=64.657 unix=1781231969849 bjt=2026-06-12T10:39:29.848+08:00
2026-06-12T10:39:29.825+08:00 MARKER sdk=1 host=1 enabled=1 sent=1 result=0 message=EVENT QUESTION_START trial=T001 rel=64.657 unix=1781231969849 bjt=2026-06-12T10:39:29.848+08:00 q=1 total=2 correct_index=-1 correct_label=NotAnswered
2026-06-12T10:39:35.083+08:00 MARKER sdk=1 host=1 enabled=1 sent=1 result=0 message=EVENT QUESTION_SUBMIT trial=T001 rel=69.901 unix=1781231975092 bjt=2026-06-12T10:39:35.092+08:00 q=1 option=A correct_index=-1 correct_label=NotAnswered is_correct=-1
2026-06-12T10:39:35.084+08:00 MARKER sdk=1 host=1 enabled=1 sent=1 result=0 message=EVENT QUESTION_START trial=T001 rel=69.901 unix=1781231975092 bjt=2026-06-12T10:39:35.092+08:00 q=2 total=2 correct_index=-1 correct_label=NotAnswered
2026-06-12T10:39:51.842+08:00 MARKER sdk=1 host=1 enabled=1 sent=1 result=0 message=EVENT QUESTION_SUBMIT trial=T001 rel=86.659 unix=1781231991850 bjt=2026-06-12T10:39:51.850+08:00 q=2 option=B correct_index=-1 correct_label=NotAnswered is_correct=-1
2026-06-12T10:39:58.359+08:00 MARKER sdk=1 host=1 enabled=1 sent=1 result=0 message=EVENT VIEWER_EXIT trial=T001 rel=93.192 unix=1781231998384 bjt=2026-06-12T10:39:58.384+08:00
2026-06-12T10:39:58.360+08:00 MARKER sdk=1 host=1 enabled=1 sent=1 result=0 message=EVENT TRIAL_RESULT trial=T001 rel=93.192 unix=1781231998384 bjt=2026-06-12T10:39:58.384+08:00 rows=2
2026-06-12T10:40:28.584+08:00 MARKER sdk=1 host=1 enabled=1 sent=1 result=0 message=TRIALID T002
2026-06-12T10:40:28.584+08:00 MARKER sdk=1 host=1 enabled=1 sent=1 result=0 message=EVENT LOADING_INTERACT trial=T002 rel=123.416 unix=1781232028608 bjt=2026-06-12T10:40:28.608+08:00
2026-06-12T10:40:28.584+08:00 MARKER sdk=1 host=1 enabled=1 sent=1 result=0 message=EVENT LOADING_START trial=T002 rel=123.416 unix=1781232028608 bjt=2026-06-12T10:40:28.608+08:00
2026-06-12T10:40:28.585+08:00 MARKER sdk=1 host=1 enabled=1 sent=1 result=0 message=!V TRIAL_VAR participant A004
2026-06-12T10:40:28.585+08:00 MARKER sdk=1 host=1 enabled=1 sent=1 result=0 message=!V TRIAL_VAR experiment EXP1
2026-06-12T10:40:28.585+08:00 MARKER sdk=1 host=1 enabled=1 sent=1 result=0 message=!V TRIAL_VAR exhibit_id 01
2026-06-12T10:40:28.585+08:00 MARKER sdk=1 host=1 enabled=1 sent=1 result=0 message=!V TRIAL_VAR exhibit_name 半岛香炉
2026-06-12T10:40:28.585+08:00 MARKER sdk=1 host=1 enabled=1 sent=1 result=0 message=!V TRIAL_VAR condition C_MINUS
2026-06-12T10:40:28.585+08:00 MARKER sdk=1 host=1 enabled=1 sent=1 result=0 message=!V TRIAL_VAR latin_group G4
2026-06-12T10:40:28.586+08:00 MARKER sdk=1 host=1 enabled=1 sent=1 result=0 message=!V TRIAL_VAR sequence_index 1
2026-06-12T10:40:28.586+08:00 MARKER sdk=1 host=1 enabled=1 sent=1 result=0 message=!V TRIAL_VAR sequence_label G4_T01
2026-06-12T10:40:28.586+08:00 MARKER sdk=1 host=1 enabled=1 sent=1 result=0 message=EVENT VIEWER_ENTER trial=T002 rel=123.416 unix=1781232028608 bjt=2026-06-12T10:40:28.608+08:00 mode=progressive_no_progress_bar
2026-06-12T10:40:34.578+08:00 MARKER sdk=1 host=1 enabled=1 sent=1 result=0 message=EVENT PROGRESSIVE_USABLE trial=T002 rel=129.410 unix=1781232034602 bjt=2026-06-12T10:40:34.601+08:00
2026-06-12T10:40:34.580+08:00 MARKER sdk=1 host=1 enabled=1 sent=1 result=0 message=EVENT QUESTION_START trial=T002 rel=129.410 unix=1781232034602 bjt=2026-06-12T10:40:34.601+08:00 q=1 total=2 correct_index=1 correct_label=B
2026-06-12T10:40:38.569+08:00 MARKER sdk=1 host=1 enabled=1 sent=1 result=0 message=EVENT LOADING_COMPLETE trial=T002 rel=133.402 unix=1781232038594 bjt=2026-06-12T10:40:38.593+08:00
2026-06-12T10:40:41.635+08:00 MARKER sdk=1 host=1 enabled=1 sent=1 result=0 message=EVENT QUESTION_SUBMIT trial=T002 rel=136.452 unix=1781232041644 bjt=2026-06-12T10:40:41.644+08:00 q=1 option=B correct_index=1 correct_label=B is_correct=1
2026-06-12T10:40:41.636+08:00 MARKER sdk=1 host=1 enabled=1 sent=1 result=0 message=EVENT QUESTION_START trial=T002 rel=136.452 unix=1781232041644 bjt=2026-06-12T10:40:41.644+08:00 q=2 total=2 correct_index=1 correct_label=B
2026-06-12T10:40:47.708+08:00 MARKER sdk=1 host=1 enabled=1 sent=1 result=0 message=EVENT QUESTION_SUBMIT trial=T002 rel=142.525 unix=1781232047717 bjt=2026-06-12T10:40:47.716+08:00 q=2 option=A correct_index=1 correct_label=B is_correct=0
2026-06-12T10:40:49.428+08:00 MARKER sdk=1 host=1 enabled=1 sent=1 result=0 message=EVENT VIEWER_EXIT trial=T002 rel=144.261 unix=1781232049453 bjt=2026-06-12T10:40:49.453+08:00
2026-06-12T10:40:49.429+08:00 MARKER sdk=1 host=1 enabled=1 sent=1 result=0 message=EVENT TRIAL_RESULT trial=T002 rel=144.261 unix=1781232049453 bjt=2026-06-12T10:40:49.453+08:00 rows=2
2026-06-12T10:42:37.803+08:00 MARKER sdk=1 host=1 enabled=1 sent=1 result=0 message=TRIALID T003
2026-06-12T10:42:37.804+08:00 MARKER sdk=1 host=1 enabled=1 sent=1 result=0 message=EVENT LOADING_INTERACT trial=T003 rel=252.636 unix=1781232157827 bjt=2026-06-12T10:42:37.827+08:00
2026-06-12T10:42:37.804+08:00 MARKER sdk=1 host=1 enabled=1 sent=1 result=0 message=EVENT LOADING_START trial=T003 rel=252.636 unix=1781232157827 bjt=2026-06-12T10:42:37.827+08:00
2026-06-12T10:42:37.804+08:00 MARKER sdk=1 host=1 enabled=1 sent=1 result=0 message=!V TRIAL_VAR participant A004
2026-06-12T10:42:37.804+08:00 MARKER sdk=1 host=1 enabled=1 sent=1 result=0 message=!V TRIAL_VAR experiment EXP1
2026-06-12T10:42:37.804+08:00 MARKER sdk=1 host=1 enabled=1 sent=1 result=0 message=!V TRIAL_VAR exhibit_id 02
2026-06-12T10:42:37.804+08:00 MARKER sdk=1 host=1 enabled=1 sent=1 result=0 message=!V TRIAL_VAR exhibit_name 中国青铜器
2026-06-12T10:42:37.805+08:00 MARKER sdk=1 host=1 enabled=1 sent=1 result=0 message=!V TRIAL_VAR condition C
2026-06-12T10:42:37.805+08:00 MARKER sdk=1 host=1 enabled=1 sent=1 result=0 message=!V TRIAL_VAR latin_group G4
2026-06-12T10:42:37.805+08:00 MARKER sdk=1 host=1 enabled=1 sent=1 result=0 message=!V TRIAL_VAR sequence_index 2
2026-06-12T10:42:37.805+08:00 MARKER sdk=1 host=1 enabled=1 sent=1 result=0 message=!V TRIAL_VAR sequence_label G4_T02
2026-06-12T10:42:37.805+08:00 MARKER sdk=1 host=1 enabled=1 sent=1 result=0 message=EVENT VIEWER_ENTER trial=T003 rel=252.636 unix=1781232157827 bjt=2026-06-12T10:42:37.827+08:00 mode=progressive
2026-06-12T10:42:43.788+08:00 MARKER sdk=1 host=1 enabled=1 sent=1 result=0 message=EVENT PROGRESSIVE_USABLE trial=T003 rel=258.620 unix=1781232163812 bjt=2026-06-12T10:42:43.811+08:00
2026-06-12T10:42:43.789+08:00 MARKER sdk=1 host=1 enabled=1 sent=1 result=0 message=EVENT QUESTION_START trial=T003 rel=258.620 unix=1781232163812 bjt=2026-06-12T10:42:43.811+08:00 q=1 total=2 correct_index=1 correct_label=B
2026-06-12T10:42:47.797+08:00 MARKER sdk=1 host=1 enabled=1 sent=1 result=0 message=EVENT LOADING_COMPLETE trial=T003 rel=262.631 unix=1781232167823 bjt=2026-06-12T10:42:47.822+08:00
2026-06-12T10:42:50.044+08:00 MARKER sdk=1 host=1 enabled=1 sent=1 result=0 message=EVENT QUESTION_SUBMIT trial=T003 rel=264.861 unix=1781232170053 bjt=2026-06-12T10:42:50.053+08:00 q=1 option=B correct_index=1 correct_label=B is_correct=1
2026-06-12T10:42:50.053+08:00 MARKER sdk=1 host=1 enabled=1 sent=1 result=0 message=EVENT QUESTION_START trial=T003 rel=264.861 unix=1781232170053 bjt=2026-06-12T10:42:50.053+08:00 q=2 total=2 correct_index=1 correct_label=B
2026-06-12T10:42:58.670+08:00 MARKER sdk=1 host=1 enabled=1 sent=1 result=0 message=EVENT QUESTION_SUBMIT trial=T003 rel=273.487 unix=1781232178679 bjt=2026-06-12T10:42:58.678+08:00 q=2 option=B correct_index=1 correct_label=B is_correct=1
2026-06-12T10:43:01.148+08:00 MARKER sdk=1 host=1 enabled=1 sent=1 result=0 message=EVENT VIEWER_EXIT trial=T003 rel=275.980 unix=1781232181172 bjt=2026-06-12T10:43:01.172+08:00
2026-06-12T10:43:01.148+08:00 MARKER sdk=1 host=1 enabled=1 sent=1 result=0 message=EVENT TRIAL_RESULT trial=T003 rel=275.980 unix=1781232181172 bjt=2026-06-12T10:43:01.172+08:00 rows=2
2026-06-12T10:44:11.013+08:00 MARKER sdk=1 host=1 enabled=1 sent=1 result=0 message=TRIALID T004
2026-06-12T10:44:11.013+08:00 MARKER sdk=1 host=1 enabled=1 sent=1 result=0 message=EVENT LOADING_INTERACT trial=T004 rel=345.845 unix=1781232251037 bjt=2026-06-12T10:44:11.036+08:00
2026-06-12T10:44:11.013+08:00 MARKER sdk=1 host=1 enabled=1 sent=1 result=0 message=EVENT LOADING_START trial=T004 rel=345.845 unix=1781232251037 bjt=2026-06-12T10:44:11.036+08:00
2026-06-12T10:44:11.013+08:00 MARKER sdk=1 host=1 enabled=1 sent=1 result=0 message=!V TRIAL_VAR participant A004
2026-06-12T10:44:11.013+08:00 MARKER sdk=1 host=1 enabled=1 sent=1 result=0 message=!V TRIAL_VAR experiment EXP1
2026-06-12T10:44:11.014+08:00 MARKER sdk=1 host=1 enabled=1 sent=1 result=0 message=!V TRIAL_VAR exhibit_id 03
2026-06-12T10:44:11.014+08:00 MARKER sdk=1 host=1 enabled=1 sent=1 result=0 message=!V TRIAL_VAR exhibit_name 希腊陶具
2026-06-12T10:44:11.014+08:00 MARKER sdk=1 host=1 enabled=1 sent=1 result=0 message=!V TRIAL_VAR condition A
2026-06-12T10:44:11.014+08:00 MARKER sdk=1 host=1 enabled=1 sent=1 result=0 message=!V TRIAL_VAR latin_group G4
2026-06-12T10:44:11.014+08:00 MARKER sdk=1 host=1 enabled=1 sent=1 result=0 message=!V TRIAL_VAR sequence_index 3
2026-06-12T10:44:11.014+08:00 MARKER sdk=1 host=1 enabled=1 sent=1 result=0 message=!V TRIAL_VAR sequence_label G4_T03
2026-06-12T10:44:21.010+08:00 MARKER sdk=1 host=1 enabled=1 sent=1 result=0 message=EVENT LOADING_COMPLETE trial=T004 rel=355.844 unix=1781232261035 bjt=2026-06-12T10:44:21.035+08:00
2026-06-12T10:44:24.523+08:00 MARKER sdk=1 host=1 enabled=1 sent=1 result=0 message=EVENT VIEWER_ENTER trial=T004 rel=359.356 unix=1781232264548 bjt=2026-06-12T10:44:24.547+08:00
2026-06-12T10:44:24.523+08:00 MARKER sdk=1 host=1 enabled=1 sent=1 result=0 message=EVENT QUESTION_START trial=T004 rel=359.356 unix=1781232264548 bjt=2026-06-12T10:44:24.547+08:00 q=1 total=2 correct_index=0 correct_label=A
2026-06-12T10:44:31.619+08:00 MARKER sdk=1 host=1 enabled=1 sent=1 result=0 message=EVENT QUESTION_SUBMIT trial=T004 rel=366.436 unix=1781232271628 bjt=2026-06-12T10:44:31.628+08:00 q=1 option=A correct_index=0 correct_label=A is_correct=1
2026-06-12T10:44:31.620+08:00 MARKER sdk=1 host=1 enabled=1 sent=1 result=0 message=EVENT QUESTION_START trial=T004 rel=366.436 unix=1781232271628 bjt=2026-06-12T10:44:31.628+08:00 q=2 total=2 correct_index=2 correct_label=C
2026-06-12T10:44:32.855+08:00 MARKER sdk=1 host=1 enabled=1 sent=1 result=0 message=EVENT QUESTION_SUBMIT trial=T004 rel=367.671 unix=1781232272863 bjt=2026-06-12T10:44:32.862+08:00 q=2 option=C correct_index=2 correct_label=C is_correct=1
2026-06-12T10:44:34.695+08:00 MARKER sdk=1 host=1 enabled=1 sent=1 result=0 message=EVENT VIEWER_EXIT trial=T004 rel=369.529 unix=1781232274721 bjt=2026-06-12T10:44:34.720+08:00
2026-06-12T10:44:34.696+08:00 MARKER sdk=1 host=1 enabled=1 sent=1 result=0 message=EVENT TRIAL_RESULT trial=T004 rel=369.529 unix=1781232274721 bjt=2026-06-12T10:44:34.720+08:00 rows=2
2026-06-12T10:45:51.425+08:00 MARKER sdk=1 host=1 enabled=1 sent=1 result=0 message=TRIALID T005
2026-06-12T10:45:51.425+08:00 MARKER sdk=1 host=1 enabled=1 sent=1 result=0 message=EVENT LOADING_INTERACT trial=T005 rel=446.257 unix=1781232351448 bjt=2026-06-12T10:45:51.448+08:00
2026-06-12T10:45:51.425+08:00 MARKER sdk=1 host=1 enabled=1 sent=1 result=0 message=EVENT LOADING_START trial=T005 rel=446.257 unix=1781232351448 bjt=2026-06-12T10:45:51.448+08:00
2026-06-12T10:45:51.426+08:00 MARKER sdk=1 host=1 enabled=1 sent=1 result=0 message=!V TRIAL_VAR participant A004
2026-06-12T10:45:51.426+08:00 MARKER sdk=1 host=1 enabled=1 sent=1 result=0 message=!V TRIAL_VAR experiment EXP1
2026-06-12T10:45:51.426+08:00 MARKER sdk=1 host=1 enabled=1 sent=1 result=0 message=!V TRIAL_VAR exhibit_id 04
2026-06-12T10:45:51.426+08:00 MARKER sdk=1 host=1 enabled=1 sent=1 result=0 message=!V TRIAL_VAR exhibit_name 中国花瓶
2026-06-12T10:45:51.426+08:00 MARKER sdk=1 host=1 enabled=1 sent=1 result=0 message=!V TRIAL_VAR condition A_PLUS
2026-06-12T10:45:51.426+08:00 MARKER sdk=1 host=1 enabled=1 sent=1 result=0 message=!V TRIAL_VAR latin_group G4
2026-06-12T10:45:51.426+08:00 MARKER sdk=1 host=1 enabled=1 sent=1 result=0 message=!V TRIAL_VAR sequence_index 4
2026-06-12T10:45:51.426+08:00 MARKER sdk=1 host=1 enabled=1 sent=1 result=0 message=!V TRIAL_VAR sequence_label G4_T04
2026-06-12T10:46:01.422+08:00 MARKER sdk=1 host=1 enabled=1 sent=1 result=0 message=EVENT LOADING_COMPLETE trial=T005 rel=456.256 unix=1781232361447 bjt=2026-06-12T10:46:01.447+08:00
2026-06-12T10:46:04.657+08:00 MARKER sdk=1 host=1 enabled=1 sent=1 result=0 message=EVENT VIEWER_ENTER trial=T005 rel=459.490 unix=1781232364681 bjt=2026-06-12T10:46:04.681+08:00
2026-06-12T10:46:04.657+08:00 MARKER sdk=1 host=1 enabled=1 sent=1 result=0 message=EVENT QUESTION_START trial=T005 rel=459.490 unix=1781232364681 bjt=2026-06-12T10:46:04.681+08:00 q=1 total=2 correct_index=2 correct_label=C
2026-06-12T10:46:07.229+08:00 MARKER sdk=1 host=1 enabled=1 sent=1 result=0 message=EVENT QUESTION_SUBMIT trial=T005 rel=462.046 unix=1781232367238 bjt=2026-06-12T10:46:07.237+08:00 q=1 option=A correct_index=2 correct_label=C is_correct=0
2026-06-12T10:46:07.229+08:00 MARKER sdk=1 host=1 enabled=1 sent=1 result=0 message=EVENT QUESTION_START trial=T005 rel=462.046 unix=1781232367238 bjt=2026-06-12T10:46:07.237+08:00 q=2 total=2 correct_index=3 correct_label=D
2026-06-12T10:46:09.605+08:00 MARKER sdk=1 host=1 enabled=1 sent=1 result=0 message=EVENT QUESTION_SUBMIT trial=T005 rel=464.423 unix=1781232369614 bjt=2026-06-12T10:46:09.614+08:00 q=2 option=D correct_index=3 correct_label=D is_correct=1
2026-06-12T10:46:10.893+08:00 MARKER sdk=1 host=1 enabled=1 sent=1 result=0 message=EVENT VIEWER_EXIT trial=T005 rel=465.726 unix=1781232370918 bjt=2026-06-12T10:46:10.918+08:00
2026-06-12T10:46:10.893+08:00 MARKER sdk=1 host=1 enabled=1 sent=1 result=0 message=EVENT TRIAL_RESULT trial=T005 rel=465.726 unix=1781232370918 bjt=2026-06-12T10:46:10.918+08:00 rows=2
2026-06-12T10:47:24.146+08:00 MARKER sdk=1 host=1 enabled=1 sent=1 result=0 message=TRIALID T006
2026-06-12T10:47:24.147+08:00 MARKER sdk=1 host=1 enabled=1 sent=1 result=0 message=EVENT LOADING_INTERACT trial=T006 rel=538.979 unix=1781232444170 bjt=2026-06-12T10:47:24.170+08:00
2026-06-12T10:47:24.147+08:00 MARKER sdk=1 host=1 enabled=1 sent=1 result=0 message=EVENT LOADING_START trial=T006 rel=538.979 unix=1781232444170 bjt=2026-06-12T10:47:24.170+08:00
2026-06-12T10:47:24.147+08:00 MARKER sdk=1 host=1 enabled=1 sent=1 result=0 message=!V TRIAL_VAR participant A004
2026-06-12T10:47:24.147+08:00 MARKER sdk=1 host=1 enabled=1 sent=1 result=0 message=!V TRIAL_VAR experiment EXP1
2026-06-12T10:47:24.147+08:00 MARKER sdk=1 host=1 enabled=1 sent=1 result=0 message=!V TRIAL_VAR exhibit_id 05
2026-06-12T10:47:24.148+08:00 MARKER sdk=1 host=1 enabled=1 sent=1 result=0 message=!V TRIAL_VAR exhibit_name 雅典双耳罐
2026-06-12T10:47:24.148+08:00 MARKER sdk=1 host=1 enabled=1 sent=1 result=0 message=!V TRIAL_VAR condition B
2026-06-12T10:47:24.148+08:00 MARKER sdk=1 host=1 enabled=1 sent=1 result=0 message=!V TRIAL_VAR latin_group G4
2026-06-12T10:47:24.148+08:00 MARKER sdk=1 host=1 enabled=1 sent=1 result=0 message=!V TRIAL_VAR sequence_index 5
2026-06-12T10:47:24.148+08:00 MARKER sdk=1 host=1 enabled=1 sent=1 result=0 message=!V TRIAL_VAR sequence_label G4_T05
2026-06-12T10:47:34.130+08:00 MARKER sdk=1 host=1 enabled=1 sent=1 result=0 message=EVENT LOADING_COMPLETE trial=T006 rel=548.964 unix=1781232454156 bjt=2026-06-12T10:47:34.155+08:00
2026-06-12T10:47:36.721+08:00 MARKER sdk=1 host=1 enabled=1 sent=1 result=0 message=EVENT VIEWER_ENTER trial=T006 rel=551.553 unix=1781232456745 bjt=2026-06-12T10:47:36.745+08:00
2026-06-12T10:47:36.721+08:00 MARKER sdk=1 host=1 enabled=1 sent=1 result=0 message=EVENT QUESTION_START trial=T006 rel=551.553 unix=1781232456745 bjt=2026-06-12T10:47:36.745+08:00 q=1 total=2 correct_index=0 correct_label=A
2026-06-12T10:47:41.898+08:00 MARKER sdk=1 host=1 enabled=1 sent=1 result=0 message=EVENT QUESTION_SUBMIT trial=T006 rel=556.715 unix=1781232461907 bjt=2026-06-12T10:47:41.906+08:00 q=1 option=A correct_index=0 correct_label=A is_correct=1
2026-06-12T10:47:41.898+08:00 MARKER sdk=1 host=1 enabled=1 sent=1 result=0 message=EVENT QUESTION_START trial=T006 rel=556.715 unix=1781232461907 bjt=2026-06-12T10:47:41.906+08:00 q=2 total=2 correct_index=2 correct_label=C
2026-06-12T10:47:46.985+08:00 MARKER sdk=1 host=1 enabled=1 sent=1 result=0 message=EVENT QUESTION_SUBMIT trial=T006 rel=561.803 unix=1781232466995 bjt=2026-06-12T10:47:46.994+08:00 q=2 option=C correct_index=2 correct_label=C is_correct=1
2026-06-12T10:47:48.281+08:00 MARKER sdk=1 host=1 enabled=1 sent=1 result=0 message=EVENT VIEWER_EXIT trial=T006 rel=563.113 unix=1781232468305 bjt=2026-06-12T10:47:48.304+08:00
2026-06-12T10:47:48.284+08:00 MARKER sdk=1 host=1 enabled=1 sent=1 result=0 message=EVENT TRIAL_RESULT trial=T006 rel=563.113 unix=1781232468305 bjt=2026-06-12T10:47:48.304+08:00 rows=2
2026-06-12T10:54:38.425+08:00 MARKER sdk=1 host=1 enabled=1 sent=1 result=0 message=TRIALID Exp2_001
2026-06-12T10:54:38.426+08:00 MARKER sdk=1 host=1 enabled=1 sent=1 result=0 message=!V TRIAL_VAR participant A004
2026-06-12T10:54:38.427+08:00 MARKER sdk=1 host=1 enabled=1 sent=1 result=0 message=!V TRIAL_VAR experiment EXP2
2026-06-12T10:54:38.427+08:00 MARKER sdk=1 host=1 enabled=1 sent=1 result=0 message=!V TRIAL_VAR condition E4_FIXED_NONPROGRESSIVE
2026-06-12T10:54:38.427+08:00 MARKER sdk=1 host=1 enabled=1 sent=1 result=0 message=!V TRIAL_VAR spatial_continuity 0
2026-06-12T10:54:38.427+08:00 MARKER sdk=1 host=1 enabled=1 sent=1 result=0 message=!V TRIAL_VAR progressive_availability 0
2026-06-12T10:54:38.427+08:00 MARKER sdk=1 host=1 enabled=1 sent=1 result=0 message=!V TRIAL_VAR target_index 4
2026-06-12T10:54:38.428+08:00 MARKER sdk=1 host=1 enabled=1 sent=1 result=0 message=!V TRIAL_VAR target_display_index 4
2026-06-12T10:54:38.428+08:00 MARKER sdk=1 host=1 enabled=1 sent=1 result=0 message=!V TRIAL_VAR target_content_index 1
2026-06-12T10:54:38.428+08:00 MARKER sdk=1 host=1 enabled=1 sent=1 result=0 message=!V TRIAL_VAR target_label 左脸
2026-06-12T10:54:38.428+08:00 MARKER sdk=1 host=1 enabled=1 sent=1 result=0 message=!V TRIAL_VAR slot_permutation 1:2|2:3|3:4|4:1
2026-06-12T10:54:38.428+08:00 MARKER sdk=1 host=1 enabled=1 sent=1 result=0 message=!V TRIAL_VAR sequence_group 4
2026-06-12T10:54:38.428+08:00 MARKER sdk=1 host=1 enabled=1 sent=1 result=0 message=!V TRIAL_VAR sequence_index 1
2026-06-12T10:54:38.429+08:00 MARKER sdk=1 host=1 enabled=1 sent=1 result=0 message=EVENT EXP2_LOADING_START trial_id=Exp2_001 rel=973.256592 unix=1781232878448 bjt=2026-06-12T10:54:38.448+08:00 condition=E4_FIXED_NONPROGRESSIVE
2026-06-12T10:54:50.412+08:00 MARKER sdk=1 host=1 enabled=1 sent=1 result=0 message=EVENT EXP2_OBJECT_STAGE_CHANGED trial_id=Exp2_001 rel=985.245483 unix=1781232890437 bjt=2026-06-12T10:54:50.437+08:00 condition=E4_FIXED_NONPROGRESSIVE object_index=1 previous_stage=0 new_stage=3 progress=1.000000 object_stages=1:3|2:0|3:0|
2026-06-12T10:54:50.413+08:00 MARKER sdk=1 host=1 enabled=1 sent=1 result=0 message=EVENT EXP2_STAGE_3_START trial_id=Exp2_001 rel=985.245483 unix=1781232890437 bjt=2026-06-12T10:54:50.437+08:00 condition=E4_FIXED_NONPROGRESSIVE stage=3 first_object_index=1 progress=1.000000 object_stages=1:3|2:0|3:0|4:0
2026-06-12T10:54:50.414+08:00 MARKER sdk=1 host=1 enabled=1 sent=1 result=0 message=EVENT EXP2_OBJECT_STAGE_CHANGED trial_id=Exp2_001 rel=985.245483 unix=1781232890437 bjt=2026-06-12T10:54:50.437+08:00 condition=E4_FIXED_NONPROGRESSIVE object_index=2 previous_stage=0 new_stage=3 progress=1.000000 object_stages=1:3|2:3|3:0|
2026-06-12T10:54:50.414+08:00 MARKER sdk=1 host=1 enabled=1 sent=1 result=0 message=EVENT EXP2_OBJECT_STAGE_CHANGED trial_id=Exp2_001 rel=985.245483 unix=1781232890437 bjt=2026-06-12T10:54:50.437+08:00 condition=E4_FIXED_NONPROGRESSIVE object_index=3 previous_stage=0 new_stage=3 progress=1.000000 object_stages=1:3|2:3|3:3|
2026-06-12T10:54:50.415+08:00 MARKER sdk=1 host=1 enabled=1 sent=1 result=0 message=EVENT EXP2_OBJECT_STAGE_CHANGED trial_id=Exp2_001 rel=985.245483 unix=1781232890437 bjt=2026-06-12T10:54:50.437+08:00 condition=E4_FIXED_NONPROGRESSIVE object_index=4 previous_stage=0 new_stage=3 progress=1.000000 object_stages=1:3|2:3|3:3|
2026-06-12T10:54:50.416+08:00 MARKER sdk=1 host=1 enabled=1 sent=1 result=0 message=EVENT EXP2_LOADING_COMPLETE trial_id=Exp2_001 rel=985.245483 unix=1781232890437 bjt=2026-06-12T10:54:50.437+08:00 condition=E4_FIXED_NONPROGRESSIVE
2026-06-12T10:55:01.449+08:00 MARKER sdk=1 host=1 enabled=1 sent=1 result=0 message=EVENT EXP2_PENDING_SELECTION trial_id=Exp2_001 rel=996.281860 unix=1781232901474 bjt=2026-06-12T10:55:01.473+08:00 condition=E4_FIXED_NONPROGRESSIVE selected=4 selected_content=1 changes=1
2026-06-12T10:55:11.525+08:00 MARKER sdk=1 host=1 enabled=1 sent=1 result=0 message=EVENT EXP2_SUBMIT_SELECTION trial_id=Exp2_001 rel=1006.358459 unix=1781232911550 bjt=2026-06-12T10:55:11.550+08:00 condition=E4_FIXED_NONPROGRESSIVE selected=4 selected_content=1 correct=1
2026-06-12T10:55:11.526+08:00 MARKER sdk=1 host=1 enabled=1 sent=1 result=0 message=TRIAL_RESULT Exp2_001 selected=4 correct=1
2026-06-12T10:56:27.351+08:00 MARKER sdk=1 host=1 enabled=1 sent=1 result=0 message=TRIALID Exp2_002
2026-06-12T10:56:27.352+08:00 MARKER sdk=1 host=1 enabled=1 sent=1 result=0 message=!V TRIAL_VAR participant A004
2026-06-12T10:56:27.352+08:00 MARKER sdk=1 host=1 enabled=1 sent=1 result=0 message=!V TRIAL_VAR experiment EXP2
2026-06-12T10:56:27.352+08:00 MARKER sdk=1 host=1 enabled=1 sent=1 result=0 message=!V TRIAL_VAR condition E1_SPATIAL_PROGRESSIVE
2026-06-12T10:56:27.352+08:00 MARKER sdk=1 host=1 enabled=1 sent=1 result=0 message=!V TRIAL_VAR spatial_continuity 1
2026-06-12T10:56:27.352+08:00 MARKER sdk=1 host=1 enabled=1 sent=1 result=0 message=!V TRIAL_VAR progressive_availability 1
2026-06-12T10:56:27.352+08:00 MARKER sdk=1 host=1 enabled=1 sent=1 result=0 message=!V TRIAL_VAR target_index 2
2026-06-12T10:56:27.353+08:00 MARKER sdk=1 host=1 enabled=1 sent=1 result=0 message=!V TRIAL_VAR target_display_index 2
2026-06-12T10:56:27.353+08:00 MARKER sdk=1 host=1 enabled=1 sent=1 result=0 message=!V TRIAL_VAR target_content_index 3
2026-06-12T10:56:27.353+08:00 MARKER sdk=1 host=1 enabled=1 sent=1 result=0 message=!V TRIAL_VAR target_label 脖子
2026-06-12T10:56:27.353+08:00 MARKER sdk=1 host=1 enabled=1 sent=1 result=0 message=!V TRIAL_VAR slot_permutation 1:4|2:3|3:1|4:2
2026-06-12T10:56:27.353+08:00 MARKER sdk=1 host=1 enabled=1 sent=1 result=0 message=!V TRIAL_VAR sequence_group 4
2026-06-12T10:56:27.353+08:00 MARKER sdk=1 host=1 enabled=1 sent=1 result=0 message=!V TRIAL_VAR sequence_index 2
2026-06-12T10:56:27.353+08:00 MARKER sdk=1 host=1 enabled=1 sent=1 result=0 message=EVENT EXP2_LOADING_START trial_id=Exp2_002 rel=1080.803833 unix=1781232985996 bjt=2026-06-12T10:56:25.995+08:00 condition=E1_SPATIAL_PROGRESSIVE
2026-06-12T10:56:31.343+08:00 MARKER sdk=1 host=1 enabled=1 sent=1 result=0 message=EVENT EXP2_OBJECT_STAGE_CHANGED trial_id=Exp2_002 rel=1084.795288 unix=1781232989987 bjt=2026-06-12T10:56:29.987+08:00 condition=E1_SPATIAL_PROGRESSIVE object_index=1 previous_stage=0 new_stage=1 progress=0.334042 object_stages=1:1|2:0|3:0|
2026-06-12T10:56:31.344+08:00 MARKER sdk=1 host=1 enabled=1 sent=1 result=0 message=EVENT EXP2_STAGE_1_START trial_id=Exp2_002 rel=1084.795288 unix=1781232989987 bjt=2026-06-12T10:56:29.987+08:00 condition=E1_SPATIAL_PROGRESSIVE stage=1 first_object_index=1 progress=0.334042 object_stages=1:1|2:0|3:0|4:0
2026-06-12T10:56:31.344+08:00 MARKER sdk=1 host=1 enabled=1 sent=1 result=0 message=EVENT EXP2_OBJECT_STAGE_CHANGED trial_id=Exp2_002 rel=1084.795288 unix=1781232989987 bjt=2026-06-12T10:56:29.987+08:00 condition=E1_SPATIAL_PROGRESSIVE object_index=2 previous_stage=0 new_stage=1 progress=0.334042 object_stages=1:1|2:1|3:0|
2026-06-12T10:56:31.345+08:00 MARKER sdk=1 host=1 enabled=1 sent=1 result=0 message=EVENT EXP2_OBJECT_STAGE_CHANGED trial_id=Exp2_002 rel=1084.795288 unix=1781232989987 bjt=2026-06-12T10:56:29.987+08:00 condition=E1_SPATIAL_PROGRESSIVE object_index=3 previous_stage=0 new_stage=1 progress=0.334042 object_stages=1:1|2:1|3:1|
2026-06-12T10:56:31.345+08:00 MARKER sdk=1 host=1 enabled=1 sent=1 result=0 message=EVENT EXP2_OBJECT_STAGE_CHANGED trial_id=Exp2_002 rel=1084.795288 unix=1781232989987 bjt=2026-06-12T10:56:29.987+08:00 condition=E1_SPATIAL_PROGRESSIVE object_index=4 previous_stage=0 new_stage=1 progress=0.334042 object_stages=1:1|2:1|3:1|
2026-06-12T10:56:33.335+08:00 MARKER sdk=1 host=1 enabled=1 sent=1 result=0 message=EVENT EXP2_OBJECT_STAGE_CHANGED trial_id=Exp2_002 rel=1086.788330 unix=1781232991980 bjt=2026-06-12T10:56:31.980+08:00 condition=E1_SPATIAL_PROGRESSIVE object_index=1 previous_stage=1 new_stage=2 progress=0.500131 object_stages=1:2|2:1|3:1|
2026-06-12T10:56:33.336+08:00 MARKER sdk=1 host=1 enabled=1 sent=1 result=0 message=EVENT EXP2_STAGE_2_START trial_id=Exp2_002 rel=1086.788330 unix=1781232991980 bjt=2026-06-12T10:56:31.980+08:00 condition=E1_SPATIAL_PROGRESSIVE stage=2 first_object_index=1 progress=0.500131 object_stages=1:2|2:1|3:1|4:1
2026-06-12T10:56:33.337+08:00 MARKER sdk=1 host=1 enabled=1 sent=1 result=0 message=EVENT EXP2_OBJECT_STAGE_CHANGED trial_id=Exp2_002 rel=1086.788330 unix=1781232991980 bjt=2026-06-12T10:56:31.980+08:00 condition=E1_SPATIAL_PROGRESSIVE object_index=2 previous_stage=1 new_stage=2 progress=0.500131 object_stages=1:2|2:2|3:1|
2026-06-12T10:56:33.337+08:00 MARKER sdk=1 host=1 enabled=1 sent=1 result=0 message=EVENT EXP2_PROGRESSIVE_USABLE trial_id=Exp2_002 rel=1086.788330 unix=1781232991980 bjt=2026-06-12T10:56:31.980+08:00 condition=E1_SPATIAL_PROGRESSIVE target_display_index=2 target_content_index=3 target_label=脖子 stage=2 progress=0.500131
2026-06-12T10:56:33.337+08:00 MARKER sdk=1 host=1 enabled=1 sent=1 result=0 message=EVENT EXP2_OBJECT_STAGE_CHANGED trial_id=Exp2_002 rel=1086.788330 unix=1781232991980 bjt=2026-06-12T10:56:31.980+08:00 condition=E1_SPATIAL_PROGRESSIVE object_index=3 previous_stage=1 new_stage=2 progress=0.500131 object_stages=1:2|2:2|3:2|
2026-06-12T10:56:33.337+08:00 MARKER sdk=1 host=1 enabled=1 sent=1 result=0 message=EVENT EXP2_OBJECT_STAGE_CHANGED trial_id=Exp2_002 rel=1086.788330 unix=1781232991980 bjt=2026-06-12T10:56:31.980+08:00 condition=E1_SPATIAL_PROGRESSIVE object_index=4 previous_stage=1 new_stage=2 progress=0.500131 object_stages=1:2|2:2|3:2|
2026-06-12T10:56:36.026+08:00 MARKER sdk=1 host=1 enabled=1 sent=1 result=0 message=EVENT EXP2_PREJUDGE trial_id=Exp2_002 rel=1089.479614 unix=1781232994671 bjt=2026-06-12T10:56:34.671+08:00 condition=E1_SPATIAL_PROGRESSIVE selected=2 correct=1 confidence=-1 selected_content=3
2026-06-12T10:56:39.335+08:00 MARKER sdk=1 host=1 enabled=1 sent=1 result=0 message=EVENT EXP2_OBJECT_STAGE_CHANGED trial_id=Exp2_002 rel=1092.788086 unix=1781232997980 bjt=2026-06-12T10:56:37.979+08:00 condition=E1_SPATIAL_PROGRESSIVE object_index=1 previous_stage=2 new_stage=3 progress=1.000000 object_stages=1:3|2:2|3:2|
2026-06-12T10:56:39.336+08:00 MARKER sdk=1 host=1 enabled=1 sent=1 result=0 message=EVENT EXP2_STAGE_3_START trial_id=Exp2_002 rel=1092.788086 unix=1781232997980 bjt=2026-06-12T10:56:37.979+08:00 condition=E1_SPATIAL_PROGRESSIVE stage=3 first_object_index=1 progress=1.000000 object_stages=1:3|2:2|3:2|4:2
2026-06-12T10:56:39.336+08:00 MARKER sdk=1 host=1 enabled=1 sent=1 result=0 message=EVENT EXP2_OBJECT_STAGE_CHANGED trial_id=Exp2_002 rel=1092.788086 unix=1781232997980 bjt=2026-06-12T10:56:37.979+08:00 condition=E1_SPATIAL_PROGRESSIVE object_index=2 previous_stage=2 new_stage=3 progress=1.000000 object_stages=1:3|2:3|3:2|
2026-06-12T10:56:39.336+08:00 MARKER sdk=1 host=1 enabled=1 sent=1 result=0 message=EVENT EXP2_OBJECT_STAGE_CHANGED trial_id=Exp2_002 rel=1092.788086 unix=1781232997980 bjt=2026-06-12T10:56:37.979+08:00 condition=E1_SPATIAL_PROGRESSIVE object_index=3 previous_stage=2 new_stage=3 progress=1.000000 object_stages=1:3|2:3|3:3|
2026-06-12T10:56:39.337+08:00 MARKER sdk=1 host=1 enabled=1 sent=1 result=0 message=EVENT EXP2_OBJECT_STAGE_CHANGED trial_id=Exp2_002 rel=1092.788086 unix=1781232997980 bjt=2026-06-12T10:56:37.979+08:00 condition=E1_SPATIAL_PROGRESSIVE object_index=4 previous_stage=2 new_stage=3 progress=1.000000 object_stages=1:3|2:3|3:3|
2026-06-12T10:56:39.337+08:00 MARKER sdk=1 host=1 enabled=1 sent=1 result=0 message=EVENT EXP2_LOADING_COMPLETE trial_id=Exp2_002 rel=1092.788086 unix=1781232997980 bjt=2026-06-12T10:56:37.979+08:00 condition=E1_SPATIAL_PROGRESSIVE
2026-06-12T10:56:43.483+08:00 MARKER sdk=1 host=1 enabled=1 sent=1 result=0 message=EVENT EXP2_PENDING_SELECTION trial_id=Exp2_002 rel=1096.936401 unix=1781233002128 bjt=2026-06-12T10:56:42.128+08:00 condition=E1_SPATIAL_PROGRESSIVE selected=2 selected_content=3 changes=1
2026-06-12T10:56:50.867+08:00 MARKER sdk=1 host=1 enabled=1 sent=1 result=0 message=EVENT EXP2_SUBMIT_SELECTION trial_id=Exp2_002 rel=1104.319336 unix=1781233009511 bjt=2026-06-12T10:56:49.511+08:00 condition=E1_SPATIAL_PROGRESSIVE selected=2 selected_content=3 correct=1
2026-06-12T10:56:50.867+08:00 MARKER sdk=1 host=1 enabled=1 sent=1 result=0 message=TRIAL_RESULT Exp2_002 selected=2 correct=1
2026-06-12T10:57:43.920+08:00 MARKER sdk=1 host=1 enabled=1 sent=1 result=0 message=TRIALID Exp2_003
2026-06-12T10:57:43.921+08:00 MARKER sdk=1 host=1 enabled=1 sent=1 result=0 message=!V TRIAL_VAR participant A004
2026-06-12T10:57:43.921+08:00 MARKER sdk=1 host=1 enabled=1 sent=1 result=0 message=!V TRIAL_VAR experiment EXP2
2026-06-12T10:57:43.921+08:00 MARKER sdk=1 host=1 enabled=1 sent=1 result=0 message=!V TRIAL_VAR condition E3_SPATIAL_NONPROGRESSIVE
2026-06-12T10:57:43.921+08:00 MARKER sdk=1 host=1 enabled=1 sent=1 result=0 message=!V TRIAL_VAR spatial_continuity 1
2026-06-12T10:57:43.922+08:00 MARKER sdk=1 host=1 enabled=1 sent=1 result=0 message=!V TRIAL_VAR progressive_availability 0
2026-06-12T10:57:43.922+08:00 MARKER sdk=1 host=1 enabled=1 sent=1 result=0 message=!V TRIAL_VAR target_index 3
2026-06-12T10:57:43.922+08:00 MARKER sdk=1 host=1 enabled=1 sent=1 result=0 message=!V TRIAL_VAR target_display_index 3
2026-06-12T10:57:43.922+08:00 MARKER sdk=1 host=1 enabled=1 sent=1 result=0 message=!V TRIAL_VAR target_content_index 2
2026-06-12T10:57:43.922+08:00 MARKER sdk=1 host=1 enabled=1 sent=1 result=0 message=!V TRIAL_VAR target_label 右脸
2026-06-12T10:57:43.922+08:00 MARKER sdk=1 host=1 enabled=1 sent=1 result=0 message=!V TRIAL_VAR slot_permutation 1:3|2:4|3:2|4:1
2026-06-12T10:57:43.922+08:00 MARKER sdk=1 host=1 enabled=1 sent=1 result=0 message=!V TRIAL_VAR sequence_group 4
2026-06-12T10:57:43.922+08:00 MARKER sdk=1 host=1 enabled=1 sent=1 result=0 message=!V TRIAL_VAR sequence_index 3
2026-06-12T10:57:43.923+08:00 MARKER sdk=1 host=1 enabled=1 sent=1 result=0 message=EVENT EXP2_LOADING_START trial_id=Exp2_003 rel=1157.372192 unix=1781233062564 bjt=2026-06-12T10:57:42.563+08:00 condition=E3_SPATIAL_NONPROGRESSIVE
2026-06-12T10:57:55.909+08:00 MARKER sdk=1 host=1 enabled=1 sent=1 result=0 message=EVENT EXP2_OBJECT_STAGE_CHANGED trial_id=Exp2_003 rel=1169.362061 unix=1781233074554 bjt=2026-06-12T10:57:54.553+08:00 condition=E3_SPATIAL_NONPROGRESSIVE object_index=1 previous_stage=0 new_stage=3 progress=1.000000 object_stages=1:3|2:0|3
2026-06-12T10:57:55.910+08:00 MARKER sdk=1 host=1 enabled=1 sent=1 result=0 message=EVENT EXP2_STAGE_3_START trial_id=Exp2_003 rel=1169.362061 unix=1781233074554 bjt=2026-06-12T10:57:54.553+08:00 condition=E3_SPATIAL_NONPROGRESSIVE stage=3 first_object_index=1 progress=1.000000 object_stages=1:3|2:0|3:0|4:0
2026-06-12T10:57:55.911+08:00 MARKER sdk=1 host=1 enabled=1 sent=1 result=0 message=EVENT EXP2_OBJECT_STAGE_CHANGED trial_id=Exp2_003 rel=1169.362061 unix=1781233074554 bjt=2026-06-12T10:57:54.553+08:00 condition=E3_SPATIAL_NONPROGRESSIVE object_index=2 previous_stage=0 new_stage=3 progress=1.000000 object_stages=1:3|2:3|3
2026-06-12T10:57:55.911+08:00 MARKER sdk=1 host=1 enabled=1 sent=1 result=0 message=EVENT EXP2_OBJECT_STAGE_CHANGED trial_id=Exp2_003 rel=1169.362061 unix=1781233074554 bjt=2026-06-12T10:57:54.553+08:00 condition=E3_SPATIAL_NONPROGRESSIVE object_index=3 previous_stage=0 new_stage=3 progress=1.000000 object_stages=1:3|2:3|3
2026-06-12T10:57:55.912+08:00 MARKER sdk=1 host=1 enabled=1 sent=1 result=0 message=EVENT EXP2_OBJECT_STAGE_CHANGED trial_id=Exp2_003 rel=1169.362061 unix=1781233074554 bjt=2026-06-12T10:57:54.553+08:00 condition=E3_SPATIAL_NONPROGRESSIVE object_index=4 previous_stage=0 new_stage=3 progress=1.000000 object_stages=1:3|2:3|3
2026-06-12T10:57:55.912+08:00 MARKER sdk=1 host=1 enabled=1 sent=1 result=0 message=EVENT EXP2_LOADING_COMPLETE trial_id=Exp2_003 rel=1169.362061 unix=1781233074554 bjt=2026-06-12T10:57:54.553+08:00 condition=E3_SPATIAL_NONPROGRESSIVE
2026-06-12T10:57:59.015+08:00 MARKER sdk=1 host=1 enabled=1 sent=1 result=0 message=EVENT EXP2_PENDING_SELECTION trial_id=Exp2_003 rel=1172.468018 unix=1781233077660 bjt=2026-06-12T10:57:57.659+08:00 condition=E3_SPATIAL_NONPROGRESSIVE selected=3 selected_content=2 changes=1
2026-06-12T10:58:03.157+08:00 MARKER sdk=1 host=1 enabled=1 sent=1 result=0 message=EVENT EXP2_SUBMIT_SELECTION trial_id=Exp2_003 rel=1176.610352 unix=1781233081802 bjt=2026-06-12T10:58:01.802+08:00 condition=E3_SPATIAL_NONPROGRESSIVE selected=3 selected_content=2 correct=1
2026-06-12T10:58:03.158+08:00 MARKER sdk=1 host=1 enabled=1 sent=1 result=0 message=TRIAL_RESULT Exp2_003 selected=3 correct=1
2026-06-12T10:58:56.035+08:00 MARKER sdk=1 host=1 enabled=1 sent=1 result=0 message=TRIALID Exp2_004
2026-06-12T10:58:56.035+08:00 MARKER sdk=1 host=1 enabled=1 sent=1 result=0 message=!V TRIAL_VAR participant A004
2026-06-12T10:58:56.035+08:00 MARKER sdk=1 host=1 enabled=1 sent=1 result=0 message=!V TRIAL_VAR experiment EXP2
2026-06-12T10:58:56.035+08:00 MARKER sdk=1 host=1 enabled=1 sent=1 result=0 message=!V TRIAL_VAR condition E2_FIXED_PROGRESSIVE
2026-06-12T10:58:56.035+08:00 MARKER sdk=1 host=1 enabled=1 sent=1 result=0 message=!V TRIAL_VAR spatial_continuity 0
2026-06-12T10:58:56.035+08:00 MARKER sdk=1 host=1 enabled=1 sent=1 result=0 message=!V TRIAL_VAR progressive_availability 1
2026-06-12T10:58:56.036+08:00 MARKER sdk=1 host=1 enabled=1 sent=1 result=0 message=!V TRIAL_VAR target_index 1
2026-06-12T10:58:56.036+08:00 MARKER sdk=1 host=1 enabled=1 sent=1 result=0 message=!V TRIAL_VAR target_display_index 1
2026-06-12T10:58:56.036+08:00 MARKER sdk=1 host=1 enabled=1 sent=1 result=0 message=!V TRIAL_VAR target_content_index 4
2026-06-12T10:58:56.036+08:00 MARKER sdk=1 host=1 enabled=1 sent=1 result=0 message=!V TRIAL_VAR target_label 头顶
2026-06-12T10:58:56.036+08:00 MARKER sdk=1 host=1 enabled=1 sent=1 result=0 message=!V TRIAL_VAR slot_permutation 1:4|2:1|3:2|4:3
2026-06-12T10:58:56.036+08:00 MARKER sdk=1 host=1 enabled=1 sent=1 result=0 message=!V TRIAL_VAR sequence_group 4
2026-06-12T10:58:56.036+08:00 MARKER sdk=1 host=1 enabled=1 sent=1 result=0 message=!V TRIAL_VAR sequence_index 4
2026-06-12T10:58:56.036+08:00 MARKER sdk=1 host=1 enabled=1 sent=1 result=0 message=EVENT EXP2_LOADING_START trial_id=Exp2_004 rel=1229.351562 unix=1781233134543 bjt=2026-06-12T10:58:54.543+08:00 condition=E2_FIXED_PROGRESSIVE
2026-06-12T10:59:00.029+08:00 MARKER sdk=1 host=1 enabled=1 sent=1 result=0 message=EVENT EXP2_OBJECT_STAGE_CHANGED trial_id=Exp2_004 rel=1233.347290 unix=1781233138539 bjt=2026-06-12T10:58:58.539+08:00 condition=E2_FIXED_PROGRESSIVE object_index=1 previous_stage=0 new_stage=1 progress=0.334369 object_stages=1:1|2:0|3:0|4:
2026-06-12T10:59:00.031+08:00 MARKER sdk=1 host=1 enabled=1 sent=1 result=0 message=EVENT EXP2_STAGE_1_START trial_id=Exp2_004 rel=1233.347290 unix=1781233138539 bjt=2026-06-12T10:58:58.539+08:00 condition=E2_FIXED_PROGRESSIVE stage=1 first_object_index=1 progress=0.334369 object_stages=1:1|2:0|3:0|4:0
2026-06-12T10:59:00.031+08:00 MARKER sdk=1 host=1 enabled=1 sent=1 result=0 message=EVENT EXP2_OBJECT_STAGE_CHANGED trial_id=Exp2_004 rel=1233.347290 unix=1781233138539 bjt=2026-06-12T10:58:58.539+08:00 condition=E2_FIXED_PROGRESSIVE object_index=2 previous_stage=0 new_stage=1 progress=0.334369 object_stages=1:1|2:1|3:0|4:
2026-06-12T10:59:00.032+08:00 MARKER sdk=1 host=1 enabled=1 sent=1 result=0 message=EVENT EXP2_OBJECT_STAGE_CHANGED trial_id=Exp2_004 rel=1233.347290 unix=1781233138539 bjt=2026-06-12T10:58:58.539+08:00 condition=E2_FIXED_PROGRESSIVE object_index=3 previous_stage=0 new_stage=1 progress=0.334369 object_stages=1:1|2:1|3:1|4:
2026-06-12T10:59:00.032+08:00 MARKER sdk=1 host=1 enabled=1 sent=1 result=0 message=EVENT EXP2_OBJECT_STAGE_CHANGED trial_id=Exp2_004 rel=1233.347290 unix=1781233138539 bjt=2026-06-12T10:58:58.539+08:00 condition=E2_FIXED_PROGRESSIVE object_index=4 previous_stage=0 new_stage=1 progress=0.334369 object_stages=1:1|2:1|3:1|4:
2026-06-12T10:59:02.020+08:00 MARKER sdk=1 host=1 enabled=1 sent=1 result=0 message=EVENT EXP2_OBJECT_STAGE_CHANGED trial_id=Exp2_004 rel=1235.336792 unix=1781233140529 bjt=2026-06-12T10:59:00.528+08:00 condition=E2_FIXED_PROGRESSIVE object_index=1 previous_stage=1 new_stage=2 progress=0.500161 object_stages=1:2|2:1|3:1|4:
2026-06-12T10:59:02.021+08:00 MARKER sdk=1 host=1 enabled=1 sent=1 result=0 message=EVENT EXP2_STAGE_2_START trial_id=Exp2_004 rel=1235.336792 unix=1781233140529 bjt=2026-06-12T10:59:00.528+08:00 condition=E2_FIXED_PROGRESSIVE stage=2 first_object_index=1 progress=0.500161 object_stages=1:2|2:1|3:1|4:1
2026-06-12T10:59:02.021+08:00 MARKER sdk=1 host=1 enabled=1 sent=1 result=0 message=EVENT EXP2_PROGRESSIVE_USABLE trial_id=Exp2_004 rel=1235.336792 unix=1781233140529 bjt=2026-06-12T10:59:00.528+08:00 condition=E2_FIXED_PROGRESSIVE target_display_index=1 target_content_index=4 target_label=头顶 stage=2 progress=0.500161
2026-06-12T10:59:02.022+08:00 MARKER sdk=1 host=1 enabled=1 sent=1 result=0 message=EVENT EXP2_OBJECT_STAGE_CHANGED trial_id=Exp2_004 rel=1235.336792 unix=1781233140529 bjt=2026-06-12T10:59:00.528+08:00 condition=E2_FIXED_PROGRESSIVE object_index=2 previous_stage=1 new_stage=2 progress=0.500161 object_stages=1:2|2:2|3:1|4:
2026-06-12T10:59:02.022+08:00 MARKER sdk=1 host=1 enabled=1 sent=1 result=0 message=EVENT EXP2_OBJECT_STAGE_CHANGED trial_id=Exp2_004 rel=1235.336792 unix=1781233140529 bjt=2026-06-12T10:59:00.528+08:00 condition=E2_FIXED_PROGRESSIVE object_index=3 previous_stage=1 new_stage=2 progress=0.500161 object_stages=1:2|2:2|3:2|4:
2026-06-12T10:59:02.022+08:00 MARKER sdk=1 host=1 enabled=1 sent=1 result=0 message=EVENT EXP2_OBJECT_STAGE_CHANGED trial_id=Exp2_004 rel=1235.336792 unix=1781233140529 bjt=2026-06-12T10:59:00.528+08:00 condition=E2_FIXED_PROGRESSIVE object_index=4 previous_stage=1 new_stage=2 progress=0.500161 object_stages=1:2|2:2|3:2|4:
2026-06-12T10:59:05.837+08:00 MARKER sdk=1 host=1 enabled=1 sent=1 result=0 message=EVENT EXP2_PREJUDGE trial_id=Exp2_004 rel=1239.154663 unix=1781233144346 bjt=2026-06-12T10:59:04.346+08:00 condition=E2_FIXED_PROGRESSIVE selected=1 correct=1 confidence=-1 selected_content=4
2026-06-12T10:59:08.024+08:00 MARKER sdk=1 host=1 enabled=1 sent=1 result=0 message=EVENT EXP2_OBJECT_STAGE_CHANGED trial_id=Exp2_004 rel=1241.341675 unix=1781233146533 bjt=2026-06-12T10:59:06.533+08:00 condition=E2_FIXED_PROGRESSIVE object_index=1 previous_stage=2 new_stage=3 progress=1.000000 object_stages=1:3|2:2|3:2|4:
2026-06-12T10:59:08.025+08:00 MARKER sdk=1 host=1 enabled=1 sent=1 result=0 message=EVENT EXP2_STAGE_3_START trial_id=Exp2_004 rel=1241.341675 unix=1781233146533 bjt=2026-06-12T10:59:06.533+08:00 condition=E2_FIXED_PROGRESSIVE stage=3 first_object_index=1 progress=1.000000 object_stages=1:3|2:2|3:2|4:2
2026-06-12T10:59:08.025+08:00 MARKER sdk=1 host=1 enabled=1 sent=1 result=0 message=EVENT EXP2_OBJECT_STAGE_CHANGED trial_id=Exp2_004 rel=1241.341675 unix=1781233146533 bjt=2026-06-12T10:59:06.533+08:00 condition=E2_FIXED_PROGRESSIVE object_index=2 previous_stage=2 new_stage=3 progress=1.000000 object_stages=1:3|2:3|3:2|4:
2026-06-12T10:59:08.025+08:00 MARKER sdk=1 host=1 enabled=1 sent=1 result=0 message=EVENT EXP2_OBJECT_STAGE_CHANGED trial_id=Exp2_004 rel=1241.341675 unix=1781233146533 bjt=2026-06-12T10:59:06.533+08:00 condition=E2_FIXED_PROGRESSIVE object_index=3 previous_stage=2 new_stage=3 progress=1.000000 object_stages=1:3|2:3|3:3|4:
2026-06-12T10:59:08.026+08:00 MARKER sdk=1 host=1 enabled=1 sent=1 result=0 message=EVENT EXP2_OBJECT_STAGE_CHANGED trial_id=Exp2_004 rel=1241.341675 unix=1781233146533 bjt=2026-06-12T10:59:06.533+08:00 condition=E2_FIXED_PROGRESSIVE object_index=4 previous_stage=2 new_stage=3 progress=1.000000 object_stages=1:3|2:3|3:3|4:
2026-06-12T10:59:08.026+08:00 MARKER sdk=1 host=1 enabled=1 sent=1 result=0 message=EVENT EXP2_LOADING_COMPLETE trial_id=Exp2_004 rel=1241.341675 unix=1781233146533 bjt=2026-06-12T10:59:06.533+08:00 condition=E2_FIXED_PROGRESSIVE
2026-06-12T10:59:10.116+08:00 MARKER sdk=1 host=1 enabled=1 sent=1 result=0 message=EVENT EXP2_PENDING_SELECTION trial_id=Exp2_004 rel=1243.433960 unix=1781233148626 bjt=2026-06-12T10:59:08.625+08:00 condition=E2_FIXED_PROGRESSIVE selected=1 selected_content=4 changes=1
2026-06-12T10:59:14.608+08:00 MARKER sdk=1 host=1 enabled=1 sent=1 result=0 message=EVENT EXP2_SUBMIT_SELECTION trial_id=Exp2_004 rel=1247.925903 unix=1781233153118 bjt=2026-06-12T10:59:13.117+08:00 condition=E2_FIXED_PROGRESSIVE selected=1 selected_content=4 correct=1
2026-06-12T10:59:14.609+08:00 MARKER sdk=1 host=1 enabled=1 sent=1 result=0 message=TRIAL_RESULT Exp2_004 selected=1 correct=1
2026-06-12T11:00:08.223+08:00 MARKER sdk=1 host=1 enabled=1 sent=1 result=0 message=EVENT EXPERIMENT_END_SCREEN_SHOWN participant=A004 unix=1781233208223 bjt=2026-06-12_11:00:08.223
2026-06-12T11:00:08.223+08:00 FORMAL_RECORDING step=FINISH_REQUESTED success=1 reason=experiment_end_door edf=FM103751.EDF recording=1 opened=1
2026-06-12T11:00:08.223+08:00 MARKER sdk=1 host=1 enabled=1 sent=1 result=0 message=FORMAL_RECORDING_END participant=A004 rel=1301.540 unix=1781233208223 bjt=2026-06-12T11:00:08.223+08:00 edf=FM103751.EDF source=ue_formal reason=experiment_end_door
2026-06-12T11:00:08.329+08:00 FORMAL_RECORDING step=RECORDING_STOPPED success=1 result=0
2026-06-12T11:00:08.329+08:00 FORMAL_RECORDING step=EDF_CLOSED success=1 edf=FM103751.EDF result=0
2026-06-12T11:00:10.885+08:00 EDF_RECEIVE_ATTEMPT source_tag=formal attempt=full_path source=FM103751.EDF dest=../../../../../../Project/UE5/Gallery/Saved/ExperimentData/EDF/FM103751.EDF dest_is_path=0 result=71052302 exists=1 size=71052302
2026-06-12T11:00:10.886+08:00 FORMAL_RECORDING step=EDF_RECEIVED_TO_DPC success=1 edf=FM103751.EDF local=../../../../../../Project/UE5/Gallery/Saved/ExperimentData/EDF/FM103751.EDF result=71052302 size=71052302
2026-06-12T11:00:10.886+08:00 FORMAL_RECORDING step=FINISHED success=1 reason=experiment_end_door edf=FM103751.EDF local=../../../../../../Project/UE5/Gallery/Saved/ExperimentData/EDF/FM103751.EDF
