2026-06-15T20:19:09.078+08:00 STATUS start_ui_status sdk=connected host=not_connected log=
2026-06-15T20:20:53.826+08:00 FORMAL_RECORDING step=EDF_OPEN_REQUESTED success=1 participant=A034 edf=FM202053.EDF source=calibration_button
2026-06-15T20:20:53.827+08:00 CONNECT method=open_eyelink_connection ip=100.1.1.1
2026-06-15T20:20:53.862+08:00 CONNECT_RESULT method=open_eyelink_connection result=0 connected=1
2026-06-15T20:20:53.862+08:00 STATUS host_connected=1 sdk_available=1 note=connection_opened_high_level
2026-06-15T20:20:53.862+08:00 FORMAL_RECORDING step=HOST_CONNECTED success=1 sdk=1 host=1 source=calibration_button
2026-06-15T20:20:53.872+08:00 FORMAL_RECORDING step=EDF_OPENED success=1 edf=FM202053.EDF result=0 source=calibration_button
2026-06-15T20:20:53.917+08:00 FORMAL_EDF_MARKER sdk=1 host=1 opened=1 sent=1 message=FORMAL_EDF_OPENED participant=A034 rel=104.845 unix=1781526053916 bjt=2026-06-15T20:20:53.916+08:00 edf=FM202053.EDF source=ue_formal open_result=0 source_tag=calibration_button
2026-06-15T20:20:53.917+08:00 FORMAL_EDF_MARKER sdk=1 host=1 opened=1 sent=1 message=FORMAL_SESSION_PREPARED participant=A034 rel=104.845 unix=1781526053917 bjt=2026-06-15T20:20:53.917+08:00 edf=FM202053.EDF source=ue_formal calibration_complete=0
2026-06-15T20:20:53.917+08:00 FORMAL_EDF_MARKER sdk=1 host=1 opened=1 sent=1 message=CALIBRATION_REQUESTED participant=A034 rel=104.845 unix=1781526053917 bjt=2026-06-15T20:20:53.917+08:00 edf=FM202053.EDF source=ue_formal open_result=0
2026-06-15T20:20:53.917+08:00 CALIBRATION step=REQUESTED success=1 note=run_eyelink_tracker_setup
2026-06-15T20:20:53.917+08:00 CALIBRATION step=HOST_CONNECTED success=1 sdk=1 host=1 graphics=1
2026-06-15T20:20:53.923+08:00 CALIBRATION_DISPLAY_INIT success=1 result=0 error=
2026-06-15T20:20:53.923+08:00 CALIBRATION_DISPLAY_LIST count=2 requested_index=1 explicit=1
2026-06-15T20:20:53.923+08:00 CALIBRATION_DISPLAY index=0 name=Dell XPS 15 SDC414D Display bounds_result=0 x=0 y=0 w=1920 h=1080 mode_result=0 mode_w=1920 mode_h=1080 refresh=60
2026-06-15T20:20:53.923+08:00 CALIBRATION_DISPLAY index=1 name=Acer GR235H bounds_result=0 x=0 y=-1080 w=1920 h=1080 mode_result=0 mode_w=1920 mode_h=1080 refresh=60
2026-06-15T20:20:54.068+08:00 CALIBRATION step=GRAPHICS_INITIALIZED success=1 result=0 explicit_request=1 display_index=1 window_ptr=000001E481B033D8 width=1920 height=1080 bits=32 refresh=60.00
2026-06-15T20:20:54.086+08:00 CALIBRATION step=REGISTERED_WINDOW_MOVED success=1 requested_display=1 actual_display=1 requested_x=0 requested_y=-1080 requested_w=1920 requested_h=1080 actual_x=0 actual_y=-1080 actual_w=1920 actual_h=1080
2026-06-15T20:20:54.109+08:00 FORMAL_EDF_MARKER sdk=1 host=1 opened=1 sent=1 message=CALIBRATION_SETUP_START participant=A034 rel=104.845 unix=1781526054109 bjt=2026-06-15T20:20:54.109+08:00 edf=FM202053.EDF source=ue_formal calibration_type=HV9 width=1920 height=1080
2026-06-15T20:20:54.110+08:00 CALIBRATION step=TRACKER_SETUP_BEGIN success=1 detail=call_do_tracker_setup
2026-06-15T20:21:23.859+08:00 CALIBRATION step=TRACKER_SETUP_RETURNED success=1 result=0
2026-06-15T20:21:23.859+08:00 FORMAL_EDF_MARKER sdk=1 host=1 opened=1 sent=1 message=CALIBRATION_SETUP_END participant=A034 rel=104.845 unix=1781526083859 bjt=2026-06-15T20:21:23.859+08:00 edf=FM202053.EDF source=ue_formal setup_result=0
2026-06-15T20:21:25.903+08:00 CALIBRATION step=GRAPHICS_CLOSED success=1
2026-06-15T20:21:25.904+08:00 CALIBRATION step=CALIBRATION_WINDOW_DESTROYED success=1
2026-06-15T20:21:25.904+08:00 CALIBRATION step=FINISHED success=1 result=0
2026-06-15T20:21:25.905+08:00 FORMAL_EDF_MARKER sdk=1 host=1 opened=1 sent=1 message=CALIBRATION_STATUS participant=A034 rel=104.845 unix=1781526085904 bjt=2026-06-15T20:21:25.904+08:00 edf=FM202053.EDF source=ue_formal calibration_complete=1
2026-06-15T20:21:25.905+08:00 FORMAL_CALIBRATION step=FINISHED success=1 participant=A034 edf=FM202053.EDF open_result=0
2026-06-15T20:21:25.905+08:00 STATUS start_ui_status sdk=connected host=connected log=../../../../../../Project/UE5/Gallery/Saved/ExperimentLogs/EyeLinkMarkers_20260615_201909_077.log
2026-06-15T20:21:30.320+08:00 FORMAL_RECORDING step=EDF_ALREADY_OPEN success=1 participant=A034 edf=FM202053.EDF source=start_button_preopened calibration_complete=1
2026-06-15T20:21:30.329+08:00 FORMAL_RECORDING step=RECORDING_STARTED success=1 result=0 edf=FM202053.EDF preopened=1 calibration_complete=1
2026-06-15T20:21:30.329+08:00 MARKER sdk=1 host=1 enabled=1 sent=1 result=0 message=FORMAL_RECORDING_START participant=A034 rel=108.821 unix=1781526090329 bjt=2026-06-15T20:21:30.329+08:00 edf=FM202053.EDF source=ue_formal open_result=0 record_result=0 edf_preopened=1 calibration_complete=1
2026-06-15T20:21:30.329+08:00 STATUS formal_recording_start_requested participant=A034 success=1 edf=FM202053.EDF calibration_complete=1
2026-06-15T20:21:30.329+08:00 STATUS start_ui_status sdk=connected host=connected log=../../../../../../Project/UE5/Gallery/Saved/ExperimentLogs/EyeLinkMarkers_20260615_201909_077.log
2026-06-15T20:21:30.329+08:00 MARKER sdk=1 host=1 enabled=1 sent=1 result=0 message=RECORDING_TIME_REFERENCE participant=A034 output_id=A034_v2 rel=108.821 unix=1781526090329 bjt=2026-06-15T20:21:30.329+08:00 source=ue_session_start
2026-06-15T20:21:30.329+08:00 MARKER sdk=1 host=1 enabled=1 sent=1 result=0 message=SESSION_START participant=A034 output_id=A034_v2 rel=108.821 unix=1781526090329 bjt=2026-06-15T20:21:30.329+08:00
2026-06-15T20:21:30.329+08:00 MARKER sdk=1 host=1 enabled=1 sent=1 result=0 message=EXPERIMENT_RUN_MODE EXP1_THEN_EXP2
2026-06-15T20:21:30.333+08:00 MARKER sdk=1 host=1 enabled=1 sent=1 result=0 message=SCREEN_RECORDING_REQUEST enabled=1 started=1 participant=A034 output_id=A034_v2
2026-06-15T20:21:50.952+08:00 MARKER sdk=1 host=1 enabled=1 sent=1 result=0 message=TRIALID T001
2026-06-15T20:21:50.952+08:00 MARKER sdk=1 host=1 enabled=1 sent=1 result=0 message=EVENT LOADING_INTERACT trial=T001 rel=129.471 unix=1781526110979 bjt=2026-06-15T20:21:50.979+08:00
2026-06-15T20:21:50.952+08:00 MARKER sdk=1 host=1 enabled=1 sent=1 result=0 message=EVENT LOADING_START trial=T001 rel=129.471 unix=1781526110979 bjt=2026-06-15T20:21:50.979+08:00
2026-06-15T20:21:50.953+08:00 MARKER sdk=1 host=1 enabled=1 sent=1 result=0 message=TRIAL_META exp=EXP1 participant=A034 participant_output_id=A034_v2 exhibit_id=Ex1_TEST exhibit_name=测试展品 condition=A latin_group=NA sequence_index=-1 sequence_label=NA
2026-06-15T20:21:52.945+08:00 MARKER sdk=1 host=1 enabled=1 sent=1 result=0 message=EVENT LOADING_COMPLETE trial=T001 rel=131.464 unix=1781526112972 bjt=2026-06-15T20:21:52.971+08:00
2026-06-15T20:21:55.366+08:00 MARKER sdk=1 host=1 enabled=1 sent=1 result=0 message=EVENT VIEWER_ENTER trial=T001 rel=133.883 unix=1781526115391 bjt=2026-06-15T20:21:55.390+08:00
2026-06-15T20:21:55.366+08:00 MARKER sdk=1 host=1 enabled=1 sent=1 result=0 message=EVENT QUESTION_START trial=T001 rel=133.883 unix=1781526115391 bjt=2026-06-15T20:21:55.390+08:00 q=1 total=2 correct_index=-1 correct_label=NotAnswered
2026-06-15T20:22:02.326+08:00 MARKER sdk=1 host=1 enabled=1 sent=1 result=0 message=EVENT QUESTION_SUBMIT trial=T001 rel=140.830 unix=1781526122337 bjt=2026-06-15T20:22:02.337+08:00 q=1 option=A correct_index=-1 correct_label=NotAnswered is_correct=-1
2026-06-15T20:22:02.326+08:00 MARKER sdk=1 host=1 enabled=1 sent=1 result=0 message=EVENT QUESTION_START trial=T001 rel=140.830 unix=1781526122337 bjt=2026-06-15T20:22:02.337+08:00 q=2 total=2 correct_index=-1 correct_label=NotAnswered
2026-06-15T20:22:07.996+08:00 MARKER sdk=1 host=1 enabled=1 sent=1 result=0 message=EVENT QUESTION_SUBMIT trial=T001 rel=146.501 unix=1781526128008 bjt=2026-06-15T20:22:08.008+08:00 q=2 option=A correct_index=-1 correct_label=NotAnswered is_correct=-1
2026-06-15T20:22:10.019+08:00 MARKER sdk=1 host=1 enabled=1 sent=1 result=0 message=EVENT VIEWER_EXIT trial=T001 rel=148.538 unix=1781526130045 bjt=2026-06-15T20:22:10.045+08:00
2026-06-15T20:22:10.019+08:00 MARKER sdk=1 host=1 enabled=1 sent=1 result=0 message=EVENT TRIAL_RESULT trial=T001 rel=148.538 unix=1781526130045 bjt=2026-06-15T20:22:10.045+08:00 rows=2
2026-06-15T20:22:46.272+08:00 MARKER sdk=1 host=1 enabled=1 sent=1 result=0 message=TRIALID T002
2026-06-15T20:22:46.273+08:00 MARKER sdk=1 host=1 enabled=1 sent=1 result=0 message=EVENT LOADING_INTERACT trial=T002 rel=184.791 unix=1781526166299 bjt=2026-06-15T20:22:46.298+08:00
2026-06-15T20:22:46.273+08:00 MARKER sdk=1 host=1 enabled=1 sent=1 result=0 message=EVENT LOADING_START trial=T002 rel=184.791 unix=1781526166299 bjt=2026-06-15T20:22:46.298+08:00
2026-06-15T20:22:46.273+08:00 MARKER sdk=1 host=1 enabled=1 sent=1 result=0 message=TRIAL_META exp=EXP1 participant=A034 participant_output_id=A034_v2 exhibit_id=01 exhibit_name=半岛香炉 condition=B latin_group=G3 sequence_index=1 sequence_label=G3_T01
2026-06-15T20:22:56.260+08:00 MARKER sdk=1 host=1 enabled=1 sent=1 result=0 message=EVENT LOADING_COMPLETE trial=T002 rel=194.779 unix=1781526176287 bjt=2026-06-15T20:22:56.286+08:00
2026-06-15T20:23:03.409+08:00 MARKER sdk=1 host=1 enabled=1 sent=1 result=0 message=EVENT VIEWER_ENTER trial=T002 rel=201.928 unix=1781526183435 bjt=2026-06-15T20:23:03.435+08:00
2026-06-15T20:23:03.410+08:00 MARKER sdk=1 host=1 enabled=1 sent=1 result=0 message=EVENT QUESTION_START trial=T002 rel=201.928 unix=1781526183435 bjt=2026-06-15T20:23:03.435+08:00 q=1 total=2 correct_index=1 correct_label=B
2026-06-15T20:23:09.029+08:00 MARKER sdk=1 host=1 enabled=1 sent=1 result=0 message=EVENT QUESTION_SUBMIT trial=T002 rel=207.533 unix=1781526189040 bjt=2026-06-15T20:23:09.040+08:00 q=1 option=A correct_index=1 correct_label=B is_correct=0
2026-06-15T20:23:09.029+08:00 MARKER sdk=1 host=1 enabled=1 sent=1 result=0 message=EVENT QUESTION_START trial=T002 rel=207.533 unix=1781526189040 bjt=2026-06-15T20:23:09.040+08:00 q=2 total=2 correct_index=1 correct_label=B
2026-06-15T20:23:17.722+08:00 MARKER sdk=1 host=1 enabled=1 sent=1 result=0 message=EVENT QUESTION_SUBMIT trial=T002 rel=216.226 unix=1781526197734 bjt=2026-06-15T20:23:17.733+08:00 q=2 option=A correct_index=1 correct_label=B is_correct=0
2026-06-15T20:23:19.007+08:00 MARKER sdk=1 host=1 enabled=1 sent=1 result=0 message=EVENT VIEWER_EXIT trial=T002 rel=217.526 unix=1781526199034 bjt=2026-06-15T20:23:19.034+08:00
2026-06-15T20:23:19.007+08:00 MARKER sdk=1 host=1 enabled=1 sent=1 result=0 message=EVENT TRIAL_RESULT trial=T002 rel=217.526 unix=1781526199034 bjt=2026-06-15T20:23:19.034+08:00 rows=2
2026-06-15T20:25:04.230+08:00 MARKER sdk=1 host=1 enabled=1 sent=1 result=0 message=TRIALID T003
2026-06-15T20:25:04.230+08:00 MARKER sdk=1 host=1 enabled=1 sent=1 result=0 message=EVENT LOADING_INTERACT trial=T003 rel=322.750 unix=1781526304257 bjt=2026-06-15T20:25:04.257+08:00
2026-06-15T20:25:04.230+08:00 MARKER sdk=1 host=1 enabled=1 sent=1 result=0 message=EVENT LOADING_START trial=T003 rel=322.750 unix=1781526304257 bjt=2026-06-15T20:25:04.257+08:00
2026-06-15T20:25:04.230+08:00 MARKER sdk=1 host=1 enabled=1 sent=1 result=0 message=EVENT VIEWER_ENTER trial=T003 rel=322.750 unix=1781526304257 bjt=2026-06-15T20:25:04.257+08:00 mode=progressive_no_progress_bar
2026-06-15T20:25:04.231+08:00 MARKER sdk=1 host=1 enabled=1 sent=1 result=0 message=TRIAL_META exp=EXP1 participant=A034 participant_output_id=A034_v2 exhibit_id=02 exhibit_name=中国青铜器 condition=C_MINUS latin_group=G3 sequence_index=2 sequence_label=G3_T02
2026-06-15T20:25:10.228+08:00 MARKER sdk=1 host=1 enabled=1 sent=1 result=0 message=EVENT PROGRESSIVE_USABLE trial=T003 rel=328.748 unix=1781526310255 bjt=2026-06-15T20:25:10.255+08:00
2026-06-15T20:25:10.229+08:00 MARKER sdk=1 host=1 enabled=1 sent=1 result=0 message=EVENT QUESTION_START trial=T003 rel=328.748 unix=1781526310255 bjt=2026-06-15T20:25:10.255+08:00 q=1 total=2 correct_index=1 correct_label=B
2026-06-15T20:25:14.219+08:00 MARKER sdk=1 host=1 enabled=1 sent=1 result=0 message=EVENT LOADING_COMPLETE trial=T003 rel=332.738 unix=1781526314246 bjt=2026-06-15T20:25:14.245+08:00
2026-06-15T20:25:16.619+08:00 MARKER sdk=1 host=1 enabled=1 sent=1 result=0 message=EVENT QUESTION_SUBMIT trial=T003 rel=335.123 unix=1781526316631 bjt=2026-06-15T20:25:16.630+08:00 q=1 option=C correct_index=1 correct_label=B is_correct=0
2026-06-15T20:25:16.620+08:00 MARKER sdk=1 host=1 enabled=1 sent=1 result=0 message=EVENT QUESTION_START trial=T003 rel=335.123 unix=1781526316631 bjt=2026-06-15T20:25:16.630+08:00 q=2 total=2 correct_index=1 correct_label=B
2026-06-15T20:25:23.042+08:00 MARKER sdk=1 host=1 enabled=1 sent=1 result=0 message=EVENT QUESTION_SUBMIT trial=T003 rel=341.545 unix=1781526323053 bjt=2026-06-15T20:25:23.053+08:00 q=2 option=B correct_index=1 correct_label=B is_correct=1
2026-06-15T20:25:24.440+08:00 MARKER sdk=1 host=1 enabled=1 sent=1 result=0 message=EVENT VIEWER_EXIT trial=T003 rel=342.959 unix=1781526324466 bjt=2026-06-15T20:25:24.466+08:00
2026-06-15T20:25:24.440+08:00 MARKER sdk=1 host=1 enabled=1 sent=1 result=0 message=EVENT TRIAL_RESULT trial=T003 rel=342.959 unix=1781526324466 bjt=2026-06-15T20:25:24.466+08:00 rows=2
2026-06-15T20:26:24.802+08:00 MARKER sdk=1 host=1 enabled=1 sent=1 result=0 message=TRIALID T004
2026-06-15T20:26:24.802+08:00 MARKER sdk=1 host=1 enabled=1 sent=1 result=0 message=EVENT LOADING_INTERACT trial=T004 rel=403.322 unix=1781526384829 bjt=2026-06-15T20:26:24.829+08:00
2026-06-15T20:26:24.802+08:00 MARKER sdk=1 host=1 enabled=1 sent=1 result=0 message=EVENT LOADING_START trial=T004 rel=403.322 unix=1781526384829 bjt=2026-06-15T20:26:24.829+08:00
2026-06-15T20:26:24.802+08:00 MARKER sdk=1 host=1 enabled=1 sent=1 result=0 message=EVENT VIEWER_ENTER trial=T004 rel=403.322 unix=1781526384829 bjt=2026-06-15T20:26:24.829+08:00 mode=progressive
2026-06-15T20:26:24.803+08:00 MARKER sdk=1 host=1 enabled=1 sent=1 result=0 message=TRIAL_META exp=EXP1 participant=A034 participant_output_id=A034_v2 exhibit_id=03 exhibit_name=希腊陶具 condition=C latin_group=G3 sequence_index=3 sequence_label=G3_T03
2026-06-15T20:26:30.797+08:00 MARKER sdk=1 host=1 enabled=1 sent=1 result=0 message=EVENT PROGRESSIVE_USABLE trial=T004 rel=409.316 unix=1781526390824 bjt=2026-06-15T20:26:30.823+08:00
2026-06-15T20:26:30.798+08:00 MARKER sdk=1 host=1 enabled=1 sent=1 result=0 message=EVENT QUESTION_START trial=T004 rel=409.316 unix=1781526390824 bjt=2026-06-15T20:26:30.823+08:00 q=1 total=2 correct_index=0 correct_label=A
2026-06-15T20:26:34.795+08:00 MARKER sdk=1 host=1 enabled=1 sent=1 result=0 message=EVENT LOADING_COMPLETE trial=T004 rel=413.315 unix=1781526394822 bjt=2026-06-15T20:26:34.822+08:00
2026-06-15T20:26:40.588+08:00 MARKER sdk=1 host=1 enabled=1 sent=1 result=0 message=EVENT QUESTION_SUBMIT trial=T004 rel=419.092 unix=1781526400600 bjt=2026-06-15T20:26:40.600+08:00 q=1 option=A correct_index=0 correct_label=A is_correct=1
2026-06-15T20:26:40.589+08:00 MARKER sdk=1 host=1 enabled=1 sent=1 result=0 message=EVENT QUESTION_START trial=T004 rel=419.092 unix=1781526400600 bjt=2026-06-15T20:26:40.600+08:00 q=2 total=2 correct_index=2 correct_label=C
2026-06-15T20:26:43.512+08:00 MARKER sdk=1 host=1 enabled=1 sent=1 result=0 message=EVENT QUESTION_SUBMIT trial=T004 rel=422.015 unix=1781526403522 bjt=2026-06-15T20:26:43.522+08:00 q=2 option=C correct_index=2 correct_label=C is_correct=1
2026-06-15T20:26:45.155+08:00 MARKER sdk=1 host=1 enabled=1 sent=1 result=0 message=EVENT VIEWER_EXIT trial=T004 rel=423.674 unix=1781526405182 bjt=2026-06-15T20:26:45.181+08:00
2026-06-15T20:26:45.156+08:00 MARKER sdk=1 host=1 enabled=1 sent=1 result=0 message=EVENT TRIAL_RESULT trial=T004 rel=423.674 unix=1781526405182 bjt=2026-06-15T20:26:45.181+08:00 rows=2
2026-06-15T20:27:38.698+08:00 MARKER sdk=1 host=1 enabled=1 sent=1 result=0 message=TRIALID T005
2026-06-15T20:27:38.699+08:00 MARKER sdk=1 host=1 enabled=1 sent=1 result=0 message=EVENT LOADING_INTERACT trial=T005 rel=477.216 unix=1781526458724 bjt=2026-06-15T20:27:38.723+08:00
2026-06-15T20:27:38.700+08:00 MARKER sdk=1 host=1 enabled=1 sent=1 result=0 message=EVENT LOADING_START trial=T005 rel=477.216 unix=1781526458724 bjt=2026-06-15T20:27:38.723+08:00
2026-06-15T20:27:38.700+08:00 MARKER sdk=1 host=1 enabled=1 sent=1 result=0 message=TRIAL_META exp=EXP1 participant=A034 participant_output_id=A034_v2 exhibit_id=04 exhibit_name=中国花瓶 condition=A latin_group=G3 sequence_index=4 sequence_label=G3_T04
2026-06-15T20:27:48.687+08:00 MARKER sdk=1 host=1 enabled=1 sent=1 result=0 message=EVENT LOADING_COMPLETE trial=T005 rel=487.207 unix=1781526468715 bjt=2026-06-15T20:27:48.714+08:00
2026-06-15T20:27:51.986+08:00 MARKER sdk=1 host=1 enabled=1 sent=1 result=0 message=EVENT VIEWER_ENTER trial=T005 rel=490.505 unix=1781526472013 bjt=2026-06-15T20:27:52.012+08:00
2026-06-15T20:27:51.986+08:00 MARKER sdk=1 host=1 enabled=1 sent=1 result=0 message=EVENT QUESTION_START trial=T005 rel=490.505 unix=1781526472013 bjt=2026-06-15T20:27:52.012+08:00 q=1 total=2 correct_index=2 correct_label=C
2026-06-15T20:27:56.984+08:00 MARKER sdk=1 host=1 enabled=1 sent=1 result=0 message=EVENT QUESTION_SUBMIT trial=T005 rel=495.483 unix=1781526476991 bjt=2026-06-15T20:27:56.990+08:00 q=1 option=C correct_index=2 correct_label=C is_correct=1
2026-06-15T20:27:56.984+08:00 MARKER sdk=1 host=1 enabled=1 sent=1 result=0 message=EVENT QUESTION_START trial=T005 rel=495.483 unix=1781526476991 bjt=2026-06-15T20:27:56.990+08:00 q=2 total=2 correct_index=3 correct_label=D
2026-06-15T20:28:00.223+08:00 MARKER sdk=1 host=1 enabled=1 sent=1 result=0 message=EVENT QUESTION_SUBMIT trial=T005 rel=498.724 unix=1781526480231 bjt=2026-06-15T20:28:00.231+08:00 q=2 option=D correct_index=3 correct_label=D is_correct=1
2026-06-15T20:28:01.562+08:00 MARKER sdk=1 host=1 enabled=1 sent=1 result=0 message=EVENT VIEWER_EXIT trial=T005 rel=500.081 unix=1781526481589 bjt=2026-06-15T20:28:01.588+08:00
2026-06-15T20:28:01.562+08:00 MARKER sdk=1 host=1 enabled=1 sent=1 result=0 message=EVENT TRIAL_RESULT trial=T005 rel=500.081 unix=1781526481589 bjt=2026-06-15T20:28:01.588+08:00 rows=2
2026-06-15T20:28:58.076+08:00 MARKER sdk=1 host=1 enabled=1 sent=1 result=0 message=TRIALID T006
2026-06-15T20:28:58.076+08:00 MARKER sdk=1 host=1 enabled=1 sent=1 result=0 message=EVENT LOADING_INTERACT trial=T006 rel=556.595 unix=1781526538103 bjt=2026-06-15T20:28:58.102+08:00
2026-06-15T20:28:58.076+08:00 MARKER sdk=1 host=1 enabled=1 sent=1 result=0 message=EVENT LOADING_START trial=T006 rel=556.595 unix=1781526538103 bjt=2026-06-15T20:28:58.102+08:00
2026-06-15T20:28:58.076+08:00 MARKER sdk=1 host=1 enabled=1 sent=1 result=0 message=TRIAL_META exp=EXP1 participant=A034 participant_output_id=A034_v2 exhibit_id=05 exhibit_name=雅典双耳罐 condition=A_PLUS latin_group=G3 sequence_index=5 sequence_label=G3_T05
2026-06-15T20:29:08.059+08:00 MARKER sdk=1 host=1 enabled=1 sent=1 result=0 message=EVENT LOADING_COMPLETE trial=T006 rel=566.578 unix=1781526548086 bjt=2026-06-15T20:29:08.085+08:00
2026-06-15T20:29:10.389+08:00 MARKER sdk=1 host=1 enabled=1 sent=1 result=0 message=EVENT VIEWER_ENTER trial=T006 rel=568.908 unix=1781526550415 bjt=2026-06-15T20:29:10.415+08:00
2026-06-15T20:29:10.389+08:00 MARKER sdk=1 host=1 enabled=1 sent=1 result=0 message=EVENT QUESTION_START trial=T006 rel=568.908 unix=1781526550415 bjt=2026-06-15T20:29:10.415+08:00 q=1 total=2 correct_index=0 correct_label=A
2026-06-15T20:29:18.392+08:00 MARKER sdk=1 host=1 enabled=1 sent=1 result=0 message=EVENT QUESTION_SUBMIT trial=T006 rel=576.896 unix=1781526558403 bjt=2026-06-15T20:29:18.403+08:00 q=1 option=A correct_index=0 correct_label=A is_correct=1
2026-06-15T20:29:18.392+08:00 MARKER sdk=1 host=1 enabled=1 sent=1 result=0 message=EVENT QUESTION_START trial=T006 rel=576.896 unix=1781526558403 bjt=2026-06-15T20:29:18.403+08:00 q=2 total=2 correct_index=2 correct_label=C
2026-06-15T20:29:22.512+08:00 MARKER sdk=1 host=1 enabled=1 sent=1 result=0 message=EVENT QUESTION_SUBMIT trial=T006 rel=581.012 unix=1781526562520 bjt=2026-06-15T20:29:22.519+08:00 q=2 option=C correct_index=2 correct_label=C is_correct=1
2026-06-15T20:29:25.077+08:00 MARKER sdk=1 host=1 enabled=1 sent=1 result=0 message=EVENT VIEWER_EXIT trial=T006 rel=583.597 unix=1781526565105 bjt=2026-06-15T20:29:25.104+08:00
2026-06-15T20:29:25.078+08:00 MARKER sdk=1 host=1 enabled=1 sent=1 result=0 message=EVENT TRIAL_RESULT trial=T006 rel=583.597 unix=1781526565105 bjt=2026-06-15T20:29:25.104+08:00 rows=2
2026-06-15T20:35:27.592+08:00 MARKER sdk=1 host=1 enabled=1 sent=1 result=0 message=TRIALID Exp2_001
2026-06-15T20:35:27.593+08:00 MARKER sdk=1 host=1 enabled=1 sent=1 result=0 message=EVENT EXP2_LOADING_START trial_id=Exp2_001 rel=946.111267 unix=1781526927619 bjt=2026-06-15T20:35:27.618+08:00 condition=E1_SPATIAL_PROGRESSIVE
2026-06-15T20:35:27.593+08:00 MARKER sdk=1 host=1 enabled=1 sent=1 result=0 message=TRIAL_META exp=EXP2 participant=A034 participant_output_id=A034_v2 trial_id=Exp2_001 condition=E1_SPATIAL_PROGRESSIVE spatial_continuity=1 progressive_availability=1
2026-06-15T20:35:27.593+08:00 MARKER sdk=1 host=1 enabled=1 sent=1 result=0 message=TRIAL_META_TASK trial_id=Exp2_001 target_index=1 target_display_index=1 target_content_index=1 target_label=左脸
2026-06-15T20:35:27.594+08:00 MARKER sdk=1 host=1 enabled=1 sent=1 result=0 message=TRIAL_META_SEQUENCE trial_id=Exp2_001 slot_permutation=1:1|2:2|3:3|4:4 sequence_group=1 sequence_index=1
2026-06-15T20:35:31.580+08:00 MARKER sdk=1 host=1 enabled=1 sent=1 result=0 message=EVENT EXP2_OBJECT_STAGE_CHANGED trial_id=Exp2_001 rel=950.100342 unix=1781526931608 bjt=2026-06-15T20:35:31.607+08:00 condition=E1_SPATIAL_PROGRESSIVE object_index=1 previous_stage=0 new_stage=1 progress=0.334223 object_stages=1:1|2:0|3:0|4
2026-06-15T20:35:31.581+08:00 MARKER sdk=1 host=1 enabled=1 sent=1 result=0 message=EVENT EXP2_STAGE_1_START trial_id=Exp2_001 rel=950.100342 unix=1781526931608 bjt=2026-06-15T20:35:31.607+08:00 condition=E1_SPATIAL_PROGRESSIVE stage=1 first_object_index=1 progress=0.334223 object_stages=1:1|2:0|3:0|4:0
2026-06-15T20:35:31.582+08:00 MARKER sdk=1 host=1 enabled=1 sent=1 result=0 message=EVENT EXP2_OBJECT_STAGE_CHANGED trial_id=Exp2_001 rel=950.100342 unix=1781526931608 bjt=2026-06-15T20:35:31.607+08:00 condition=E1_SPATIAL_PROGRESSIVE object_index=2 previous_stage=0 new_stage=1 progress=0.334223 object_stages=1:1|2:1|3:0|4
2026-06-15T20:35:31.583+08:00 MARKER sdk=1 host=1 enabled=1 sent=1 result=0 message=EVENT EXP2_OBJECT_STAGE_CHANGED trial_id=Exp2_001 rel=950.100342 unix=1781526931608 bjt=2026-06-15T20:35:31.607+08:00 condition=E1_SPATIAL_PROGRESSIVE object_index=3 previous_stage=0 new_stage=1 progress=0.334223 object_stages=1:1|2:1|3:1|4
2026-06-15T20:35:31.584+08:00 MARKER sdk=1 host=1 enabled=1 sent=1 result=0 message=EVENT EXP2_OBJECT_STAGE_CHANGED trial_id=Exp2_001 rel=950.100342 unix=1781526931608 bjt=2026-06-15T20:35:31.607+08:00 condition=E1_SPATIAL_PROGRESSIVE object_index=4 previous_stage=0 new_stage=1 progress=0.334223 object_stages=1:1|2:1|3:1|4
2026-06-15T20:35:33.589+08:00 MARKER sdk=1 host=1 enabled=1 sent=1 result=0 message=EVENT EXP2_OBJECT_STAGE_CHANGED trial_id=Exp2_001 rel=952.108643 unix=1781526933616 bjt=2026-06-15T20:35:33.616+08:00 condition=E1_SPATIAL_PROGRESSIVE object_index=1 previous_stage=1 new_stage=2 progress=0.501580 object_stages=1:2|2:1|3:1|4
2026-06-15T20:35:33.590+08:00 MARKER sdk=1 host=1 enabled=1 sent=1 result=0 message=EVENT EXP2_STAGE_2_START trial_id=Exp2_001 rel=952.108643 unix=1781526933616 bjt=2026-06-15T20:35:33.616+08:00 condition=E1_SPATIAL_PROGRESSIVE stage=2 first_object_index=1 progress=0.501580 object_stages=1:2|2:1|3:1|4:1
2026-06-15T20:35:33.590+08:00 MARKER sdk=1 host=1 enabled=1 sent=1 result=0 message=EVENT EXP2_PROGRESSIVE_USABLE trial_id=Exp2_001 rel=952.108643 unix=1781526933616 bjt=2026-06-15T20:35:33.616+08:00 condition=E1_SPATIAL_PROGRESSIVE target_display_index=1 target_content_index=1 target_label=左脸 stage=2 progress=0.501580
2026-06-15T20:35:33.591+08:00 MARKER sdk=1 host=1 enabled=1 sent=1 result=0 message=EVENT EXP2_OBJECT_STAGE_CHANGED trial_id=Exp2_001 rel=952.108643 unix=1781526933616 bjt=2026-06-15T20:35:33.616+08:00 condition=E1_SPATIAL_PROGRESSIVE object_index=2 previous_stage=1 new_stage=2 progress=0.501580 object_stages=1:2|2:2|3:1|4
2026-06-15T20:35:33.592+08:00 MARKER sdk=1 host=1 enabled=1 sent=1 result=0 message=EVENT EXP2_OBJECT_STAGE_CHANGED trial_id=Exp2_001 rel=952.108643 unix=1781526933616 bjt=2026-06-15T20:35:33.616+08:00 condition=E1_SPATIAL_PROGRESSIVE object_index=3 previous_stage=1 new_stage=2 progress=0.501580 object_stages=1:2|2:2|3:2|4
2026-06-15T20:35:33.592+08:00 MARKER sdk=1 host=1 enabled=1 sent=1 result=0 message=EVENT EXP2_OBJECT_STAGE_CHANGED trial_id=Exp2_001 rel=952.108643 unix=1781526933616 bjt=2026-06-15T20:35:33.616+08:00 condition=E1_SPATIAL_PROGRESSIVE object_index=4 previous_stage=1 new_stage=2 progress=0.501580 object_stages=1:2|2:2|3:2|4
2026-06-15T20:35:39.058+08:00 MARKER sdk=1 host=1 enabled=1 sent=1 result=0 message=EVENT EXP2_PREJUDGE trial_id=Exp2_001 rel=957.578796 unix=1781526939086 bjt=2026-06-15T20:35:39.086+08:00 condition=E1_SPATIAL_PROGRESSIVE selected=2 correct=0 confidence=-1 selected_content=2
2026-06-15T20:35:39.579+08:00 MARKER sdk=1 host=1 enabled=1 sent=1 result=0 message=EVENT EXP2_OBJECT_STAGE_CHANGED trial_id=Exp2_001 rel=958.098572 unix=1781526939606 bjt=2026-06-15T20:35:39.606+08:00 condition=E1_SPATIAL_PROGRESSIVE object_index=1 previous_stage=2 new_stage=3 progress=1.000000 object_stages=1:3|2:2|3:2|4
2026-06-15T20:35:39.579+08:00 MARKER sdk=1 host=1 enabled=1 sent=1 result=0 message=EVENT EXP2_STAGE_3_START trial_id=Exp2_001 rel=958.098572 unix=1781526939606 bjt=2026-06-15T20:35:39.606+08:00 condition=E1_SPATIAL_PROGRESSIVE stage=3 first_object_index=1 progress=1.000000 object_stages=1:3|2:2|3:2|4:2
2026-06-15T20:35:39.581+08:00 MARKER sdk=1 host=1 enabled=1 sent=1 result=0 message=EVENT EXP2_OBJECT_STAGE_CHANGED trial_id=Exp2_001 rel=958.098572 unix=1781526939606 bjt=2026-06-15T20:35:39.606+08:00 condition=E1_SPATIAL_PROGRESSIVE object_index=2 previous_stage=2 new_stage=3 progress=1.000000 object_stages=1:3|2:3|3:2|4
2026-06-15T20:35:39.581+08:00 MARKER sdk=1 host=1 enabled=1 sent=1 result=0 message=EVENT EXP2_OBJECT_STAGE_CHANGED trial_id=Exp2_001 rel=958.098572 unix=1781526939606 bjt=2026-06-15T20:35:39.606+08:00 condition=E1_SPATIAL_PROGRESSIVE object_index=3 previous_stage=2 new_stage=3 progress=1.000000 object_stages=1:3|2:3|3:3|4
2026-06-15T20:35:39.582+08:00 MARKER sdk=1 host=1 enabled=1 sent=1 result=0 message=EVENT EXP2_OBJECT_STAGE_CHANGED trial_id=Exp2_001 rel=958.098572 unix=1781526939606 bjt=2026-06-15T20:35:39.606+08:00 condition=E1_SPATIAL_PROGRESSIVE object_index=4 previous_stage=2 new_stage=3 progress=1.000000 object_stages=1:3|2:3|3:3|4
2026-06-15T20:35:39.583+08:00 MARKER sdk=1 host=1 enabled=1 sent=1 result=0 message=EVENT EXP2_LOADING_COMPLETE trial_id=Exp2_001 rel=958.098572 unix=1781526939606 bjt=2026-06-15T20:35:39.606+08:00 condition=E1_SPATIAL_PROGRESSIVE
2026-06-15T20:35:52.545+08:00 MARKER sdk=1 host=1 enabled=1 sent=1 result=0 message=EVENT EXP2_PENDING_SELECTION trial_id=Exp2_001 rel=971.064453 unix=1781526952572 bjt=2026-06-15T20:35:52.572+08:00 condition=E1_SPATIAL_PROGRESSIVE selected=1 selected_content=1 changes=1
2026-06-15T20:36:05.178+08:00 MARKER sdk=1 host=1 enabled=1 sent=1 result=0 message=EVENT EXP2_SUBMIT_SELECTION trial_id=Exp2_001 rel=983.696716 unix=1781526965204 bjt=2026-06-15T20:36:05.204+08:00 condition=E1_SPATIAL_PROGRESSIVE selected=1 selected_content=1 correct=1
2026-06-15T20:36:05.179+08:00 MARKER sdk=1 host=1 enabled=1 sent=1 result=0 message=TRIAL_RESULT Exp2_001 selected=1 correct=1
2026-06-15T20:37:13.977+08:00 MARKER sdk=1 host=1 enabled=1 sent=1 result=0 message=TRIALID Exp2_002
2026-06-15T20:37:13.978+08:00 MARKER sdk=1 host=1 enabled=1 sent=1 result=0 message=EVENT EXP2_LOADING_START trial_id=Exp2_002 rel=1052.468872 unix=1781527033976 bjt=2026-06-15T20:37:13.976+08:00 condition=E2_FIXED_PROGRESSIVE
2026-06-15T20:37:13.978+08:00 MARKER sdk=1 host=1 enabled=1 sent=1 result=0 message=TRIAL_META exp=EXP2 participant=A034 participant_output_id=A034_v2 trial_id=Exp2_002 condition=E2_FIXED_PROGRESSIVE spatial_continuity=0 progressive_availability=1
2026-06-15T20:37:13.978+08:00 MARKER sdk=1 host=1 enabled=1 sent=1 result=0 message=TRIAL_META_TASK trial_id=Exp2_002 target_index=2 target_display_index=2 target_content_index=2 target_label=右脸
2026-06-15T20:37:13.978+08:00 MARKER sdk=1 host=1 enabled=1 sent=1 result=0 message=TRIAL_META_SEQUENCE trial_id=Exp2_002 slot_permutation=1:3|2:2|3:4|4:1 sequence_group=1 sequence_index=2
2026-06-15T20:37:17.968+08:00 MARKER sdk=1 host=1 enabled=1 sent=1 result=0 message=EVENT EXP2_OBJECT_STAGE_CHANGED trial_id=Exp2_002 rel=1056.459717 unix=1781527037967 bjt=2026-06-15T20:37:17.967+08:00 condition=E2_FIXED_PROGRESSIVE object_index=1 previous_stage=0 new_stage=1 progress=0.334210 object_stages=1:1|2:0|3:0|4:
2026-06-15T20:37:17.968+08:00 MARKER sdk=1 host=1 enabled=1 sent=1 result=0 message=EVENT EXP2_STAGE_1_START trial_id=Exp2_002 rel=1056.459717 unix=1781527037967 bjt=2026-06-15T20:37:17.967+08:00 condition=E2_FIXED_PROGRESSIVE stage=1 first_object_index=1 progress=0.334210 object_stages=1:1|2:0|3:0|4:0
2026-06-15T20:37:17.968+08:00 MARKER sdk=1 host=1 enabled=1 sent=1 result=0 message=EVENT EXP2_OBJECT_STAGE_CHANGED trial_id=Exp2_002 rel=1056.459717 unix=1781527037967 bjt=2026-06-15T20:37:17.967+08:00 condition=E2_FIXED_PROGRESSIVE object_index=2 previous_stage=0 new_stage=1 progress=0.334210 object_stages=1:1|2:1|3:0|4:
2026-06-15T20:37:17.969+08:00 MARKER sdk=1 host=1 enabled=1 sent=1 result=0 message=EVENT EXP2_OBJECT_STAGE_CHANGED trial_id=Exp2_002 rel=1056.459717 unix=1781527037967 bjt=2026-06-15T20:37:17.967+08:00 condition=E2_FIXED_PROGRESSIVE object_index=3 previous_stage=0 new_stage=1 progress=0.334210 object_stages=1:1|2:1|3:1|4:
2026-06-15T20:37:17.969+08:00 MARKER sdk=1 host=1 enabled=1 sent=1 result=0 message=EVENT EXP2_OBJECT_STAGE_CHANGED trial_id=Exp2_002 rel=1056.459717 unix=1781527037967 bjt=2026-06-15T20:37:17.967+08:00 condition=E2_FIXED_PROGRESSIVE object_index=4 previous_stage=0 new_stage=1 progress=0.334210 object_stages=1:1|2:1|3:1|4:
2026-06-15T20:37:19.964+08:00 MARKER sdk=1 host=1 enabled=1 sent=1 result=0 message=EVENT EXP2_OBJECT_STAGE_CHANGED trial_id=Exp2_002 rel=1058.455444 unix=1781527039963 bjt=2026-06-15T20:37:19.963+08:00 condition=E2_FIXED_PROGRESSIVE object_index=1 previous_stage=1 new_stage=2 progress=0.500513 object_stages=1:2|2:1|3:1|4:
2026-06-15T20:37:19.965+08:00 MARKER sdk=1 host=1 enabled=1 sent=1 result=0 message=EVENT EXP2_STAGE_2_START trial_id=Exp2_002 rel=1058.455444 unix=1781527039963 bjt=2026-06-15T20:37:19.963+08:00 condition=E2_FIXED_PROGRESSIVE stage=2 first_object_index=1 progress=0.500513 object_stages=1:2|2:1|3:1|4:1
2026-06-15T20:37:19.966+08:00 MARKER sdk=1 host=1 enabled=1 sent=1 result=0 message=EVENT EXP2_OBJECT_STAGE_CHANGED trial_id=Exp2_002 rel=1058.455444 unix=1781527039963 bjt=2026-06-15T20:37:19.963+08:00 condition=E2_FIXED_PROGRESSIVE object_index=2 previous_stage=1 new_stage=2 progress=0.500513 object_stages=1:2|2:2|3:1|4:
2026-06-15T20:37:19.966+08:00 MARKER sdk=1 host=1 enabled=1 sent=1 result=0 message=EVENT EXP2_PROGRESSIVE_USABLE trial_id=Exp2_002 rel=1058.455444 unix=1781527039963 bjt=2026-06-15T20:37:19.963+08:00 condition=E2_FIXED_PROGRESSIVE target_display_index=2 target_content_index=2 target_label=右脸 stage=2 progress=0.500513
2026-06-15T20:37:19.967+08:00 MARKER sdk=1 host=1 enabled=1 sent=1 result=0 message=EVENT EXP2_OBJECT_STAGE_CHANGED trial_id=Exp2_002 rel=1058.455444 unix=1781527039963 bjt=2026-06-15T20:37:19.963+08:00 condition=E2_FIXED_PROGRESSIVE object_index=3 previous_stage=1 new_stage=2 progress=0.500513 object_stages=1:2|2:2|3:2|4:
2026-06-15T20:37:19.968+08:00 MARKER sdk=1 host=1 enabled=1 sent=1 result=0 message=EVENT EXP2_OBJECT_STAGE_CHANGED trial_id=Exp2_002 rel=1058.455444 unix=1781527039963 bjt=2026-06-15T20:37:19.963+08:00 condition=E2_FIXED_PROGRESSIVE object_index=4 previous_stage=1 new_stage=2 progress=0.500513 object_stages=1:2|2:2|3:2|4:
2026-06-15T20:37:23.665+08:00 MARKER sdk=1 host=1 enabled=1 sent=1 result=0 message=EVENT EXP2_PREJUDGE trial_id=Exp2_002 rel=1062.156860 unix=1781527043664 bjt=2026-06-15T20:37:23.664+08:00 condition=E2_FIXED_PROGRESSIVE selected=2 correct=1 confidence=-1 selected_content=2
2026-06-15T20:37:25.962+08:00 MARKER sdk=1 host=1 enabled=1 sent=1 result=0 message=EVENT EXP2_OBJECT_STAGE_CHANGED trial_id=Exp2_002 rel=1064.453613 unix=1781527045961 bjt=2026-06-15T20:37:25.961+08:00 condition=E2_FIXED_PROGRESSIVE object_index=1 previous_stage=2 new_stage=3 progress=1.000000 object_stages=1:3|2:2|3:2|4:
2026-06-15T20:37:25.962+08:00 MARKER sdk=1 host=1 enabled=1 sent=1 result=0 message=EVENT EXP2_STAGE_3_START trial_id=Exp2_002 rel=1064.453613 unix=1781527045961 bjt=2026-06-15T20:37:25.961+08:00 condition=E2_FIXED_PROGRESSIVE stage=3 first_object_index=1 progress=1.000000 object_stages=1:3|2:2|3:2|4:2
2026-06-15T20:37:25.963+08:00 MARKER sdk=1 host=1 enabled=1 sent=1 result=0 message=EVENT EXP2_OBJECT_STAGE_CHANGED trial_id=Exp2_002 rel=1064.453613 unix=1781527045961 bjt=2026-06-15T20:37:25.961+08:00 condition=E2_FIXED_PROGRESSIVE object_index=2 previous_stage=2 new_stage=3 progress=1.000000 object_stages=1:3|2:3|3:2|4:
2026-06-15T20:37:25.963+08:00 MARKER sdk=1 host=1 enabled=1 sent=1 result=0 message=EVENT EXP2_OBJECT_STAGE_CHANGED trial_id=Exp2_002 rel=1064.453613 unix=1781527045961 bjt=2026-06-15T20:37:25.961+08:00 condition=E2_FIXED_PROGRESSIVE object_index=3 previous_stage=2 new_stage=3 progress=1.000000 object_stages=1:3|2:3|3:3|4:
2026-06-15T20:37:25.964+08:00 MARKER sdk=1 host=1 enabled=1 sent=1 result=0 message=EVENT EXP2_OBJECT_STAGE_CHANGED trial_id=Exp2_002 rel=1064.453613 unix=1781527045961 bjt=2026-06-15T20:37:25.961+08:00 condition=E2_FIXED_PROGRESSIVE object_index=4 previous_stage=2 new_stage=3 progress=1.000000 object_stages=1:3|2:3|3:3|4:
2026-06-15T20:37:25.964+08:00 MARKER sdk=1 host=1 enabled=1 sent=1 result=0 message=EVENT EXP2_LOADING_COMPLETE trial_id=Exp2_002 rel=1064.453613 unix=1781527045961 bjt=2026-06-15T20:37:25.961+08:00 condition=E2_FIXED_PROGRESSIVE
2026-06-15T20:37:42.345+08:00 MARKER sdk=1 host=1 enabled=1 sent=1 result=0 message=EVENT EXP2_PENDING_SELECTION trial_id=Exp2_002 rel=1080.837036 unix=1781527062345 bjt=2026-06-15T20:37:42.344+08:00 condition=E2_FIXED_PROGRESSIVE selected=2 selected_content=2 changes=1
2026-06-15T20:37:48.512+08:00 MARKER sdk=1 host=1 enabled=1 sent=1 result=0 message=EVENT EXP2_SUBMIT_SELECTION trial_id=Exp2_002 rel=1087.003784 unix=1781527068511 bjt=2026-06-15T20:37:48.511+08:00 condition=E2_FIXED_PROGRESSIVE selected=2 selected_content=2 correct=1
2026-06-15T20:37:48.513+08:00 MARKER sdk=1 host=1 enabled=1 sent=1 result=0 message=TRIAL_RESULT Exp2_002 selected=2 correct=1
2026-06-15T20:38:43.632+08:00 MARKER sdk=1 host=1 enabled=1 sent=1 result=0 message=TRIALID Exp2_003
2026-06-15T20:38:43.632+08:00 MARKER sdk=1 host=1 enabled=1 sent=1 result=0 message=EVENT EXP2_LOADING_START trial_id=Exp2_003 rel=1142.121704 unix=1781527123629 bjt=2026-06-15T20:38:43.629+08:00 condition=E4_FIXED_NONPROGRESSIVE
2026-06-15T20:38:43.633+08:00 MARKER sdk=1 host=1 enabled=1 sent=1 result=0 message=TRIAL_META exp=EXP2 participant=A034 participant_output_id=A034_v2 trial_id=Exp2_003 condition=E4_FIXED_NONPROGRESSIVE spatial_continuity=0 progressive_availability=0
2026-06-15T20:38:43.634+08:00 MARKER sdk=1 host=1 enabled=1 sent=1 result=0 message=TRIAL_META_TASK trial_id=Exp2_003 target_index=3 target_display_index=3 target_content_index=3 target_label=脖子
2026-06-15T20:38:43.634+08:00 MARKER sdk=1 host=1 enabled=1 sent=1 result=0 message=TRIAL_META_SEQUENCE trial_id=Exp2_003 slot_permutation=1:4|2:1|3:3|4:2 sequence_group=1 sequence_index=3
2026-06-15T20:38:55.393+08:00 MARKER sdk=1 host=1 enabled=1 sent=1 result=0 message=EVENT EXP2_PREJUDGE trial_id=Exp2_003 rel=1153.885620 unix=1781527135393 bjt=2026-06-15T20:38:55.393+08:00 condition=E4_FIXED_NONPROGRESSIVE selected=3 correct=1 confidence=-1 selected_content=3
2026-06-15T20:38:55.621+08:00 MARKER sdk=1 host=1 enabled=1 sent=1 result=0 message=EVENT EXP2_OBJECT_STAGE_CHANGED trial_id=Exp2_003 rel=1154.113647 unix=1781527135621 bjt=2026-06-15T20:38:55.621+08:00 condition=E4_FIXED_NONPROGRESSIVE object_index=1 previous_stage=0 new_stage=3 progress=1.000000 object_stages=1:3|2:0|3:0
2026-06-15T20:38:55.622+08:00 MARKER sdk=1 host=1 enabled=1 sent=1 result=0 message=EVENT EXP2_STAGE_3_START trial_id=Exp2_003 rel=1154.113647 unix=1781527135621 bjt=2026-06-15T20:38:55.621+08:00 condition=E4_FIXED_NONPROGRESSIVE stage=3 first_object_index=1 progress=1.000000 object_stages=1:3|2:0|3:0|4:0
2026-06-15T20:38:55.622+08:00 MARKER sdk=1 host=1 enabled=1 sent=1 result=0 message=EVENT EXP2_OBJECT_STAGE_CHANGED trial_id=Exp2_003 rel=1154.113647 unix=1781527135621 bjt=2026-06-15T20:38:55.621+08:00 condition=E4_FIXED_NONPROGRESSIVE object_index=2 previous_stage=0 new_stage=3 progress=1.000000 object_stages=1:3|2:3|3:0
2026-06-15T20:38:55.623+08:00 MARKER sdk=1 host=1 enabled=1 sent=1 result=0 message=EVENT EXP2_OBJECT_STAGE_CHANGED trial_id=Exp2_003 rel=1154.113647 unix=1781527135621 bjt=2026-06-15T20:38:55.621+08:00 condition=E4_FIXED_NONPROGRESSIVE object_index=3 previous_stage=0 new_stage=3 progress=1.000000 object_stages=1:3|2:3|3:3
2026-06-15T20:38:55.623+08:00 MARKER sdk=1 host=1 enabled=1 sent=1 result=0 message=EVENT EXP2_OBJECT_STAGE_CHANGED trial_id=Exp2_003 rel=1154.113647 unix=1781527135621 bjt=2026-06-15T20:38:55.621+08:00 condition=E4_FIXED_NONPROGRESSIVE object_index=4 previous_stage=0 new_stage=3 progress=1.000000 object_stages=1:3|2:3|3:3
2026-06-15T20:38:55.624+08:00 MARKER sdk=1 host=1 enabled=1 sent=1 result=0 message=EVENT EXP2_LOADING_COMPLETE trial_id=Exp2_003 rel=1154.113647 unix=1781527135621 bjt=2026-06-15T20:38:55.621+08:00 condition=E4_FIXED_NONPROGRESSIVE
2026-06-15T20:39:00.758+08:00 MARKER sdk=1 host=1 enabled=1 sent=1 result=0 message=EVENT EXP2_PENDING_SELECTION trial_id=Exp2_003 rel=1159.249756 unix=1781527140757 bjt=2026-06-15T20:39:00.757+08:00 condition=E4_FIXED_NONPROGRESSIVE selected=3 selected_content=3 changes=1
2026-06-15T20:39:07.278+08:00 MARKER sdk=1 host=1 enabled=1 sent=1 result=0 message=EVENT EXP2_SUBMIT_SELECTION trial_id=Exp2_003 rel=1165.770630 unix=1781527147278 bjt=2026-06-15T20:39:07.278+08:00 condition=E4_FIXED_NONPROGRESSIVE selected=3 selected_content=3 correct=1
2026-06-15T20:39:07.279+08:00 MARKER sdk=1 host=1 enabled=1 sent=1 result=0 message=TRIAL_RESULT Exp2_003 selected=3 correct=1
2026-06-15T20:40:12.422+08:00 MARKER sdk=1 host=1 enabled=1 sent=1 result=0 message=TRIALID Exp2_004
2026-06-15T20:40:12.422+08:00 MARKER sdk=1 host=1 enabled=1 sent=1 result=0 message=EVENT EXP2_LOADING_START trial_id=Exp2_004 rel=1230.914062 unix=1781527212422 bjt=2026-06-15T20:40:12.421+08:00 condition=E3_SPATIAL_NONPROGRESSIVE
2026-06-15T20:40:12.422+08:00 MARKER sdk=1 host=1 enabled=1 sent=1 result=0 message=TRIAL_META exp=EXP2 participant=A034 participant_output_id=A034_v2 trial_id=Exp2_004 condition=E3_SPATIAL_NONPROGRESSIVE spatial_continuity=1 progressive_availability=0
2026-06-15T20:40:12.422+08:00 MARKER sdk=1 host=1 enabled=1 sent=1 result=0 message=TRIAL_META_TASK trial_id=Exp2_004 target_index=4 target_display_index=4 target_content_index=4 target_label=头顶
2026-06-15T20:40:12.423+08:00 MARKER sdk=1 host=1 enabled=1 sent=1 result=0 message=TRIAL_META_SEQUENCE trial_id=Exp2_004 slot_permutation=1:1|2:2|3:3|4:4 sequence_group=1 sequence_index=4
2026-06-15T20:40:18.307+08:00 MARKER sdk=1 host=1 enabled=1 sent=1 result=0 message=EVENT EXP2_PREJUDGE trial_id=Exp2_004 rel=1236.799072 unix=1781527218307 bjt=2026-06-15T20:40:18.306+08:00 condition=E3_SPATIAL_NONPROGRESSIVE selected=4 correct=1 confidence=-1 selected_content=4
2026-06-15T20:40:24.417+08:00 MARKER sdk=1 host=1 enabled=1 sent=1 result=0 message=EVENT EXP2_OBJECT_STAGE_CHANGED trial_id=Exp2_004 rel=1242.909180 unix=1781527224417 bjt=2026-06-15T20:40:24.416+08:00 condition=E3_SPATIAL_NONPROGRESSIVE object_index=1 previous_stage=0 new_stage=3 progress=1.000000 object_stages=1:3|2:0|3
2026-06-15T20:40:24.418+08:00 MARKER sdk=1 host=1 enabled=1 sent=1 result=0 message=EVENT EXP2_STAGE_3_START trial_id=Exp2_004 rel=1242.909180 unix=1781527224417 bjt=2026-06-15T20:40:24.416+08:00 condition=E3_SPATIAL_NONPROGRESSIVE stage=3 first_object_index=1 progress=1.000000 object_stages=1:3|2:0|3:0|4:0
2026-06-15T20:40:24.418+08:00 MARKER sdk=1 host=1 enabled=1 sent=1 result=0 message=EVENT EXP2_OBJECT_STAGE_CHANGED trial_id=Exp2_004 rel=1242.909180 unix=1781527224417 bjt=2026-06-15T20:40:24.416+08:00 condition=E3_SPATIAL_NONPROGRESSIVE object_index=2 previous_stage=0 new_stage=3 progress=1.000000 object_stages=1:3|2:3|3
2026-06-15T20:40:24.419+08:00 MARKER sdk=1 host=1 enabled=1 sent=1 result=0 message=EVENT EXP2_OBJECT_STAGE_CHANGED trial_id=Exp2_004 rel=1242.909180 unix=1781527224417 bjt=2026-06-15T20:40:24.416+08:00 condition=E3_SPATIAL_NONPROGRESSIVE object_index=3 previous_stage=0 new_stage=3 progress=1.000000 object_stages=1:3|2:3|3
2026-06-15T20:40:24.420+08:00 MARKER sdk=1 host=1 enabled=1 sent=1 result=0 message=EVENT EXP2_OBJECT_STAGE_CHANGED trial_id=Exp2_004 rel=1242.909180 unix=1781527224417 bjt=2026-06-15T20:40:24.416+08:00 condition=E3_SPATIAL_NONPROGRESSIVE object_index=4 previous_stage=0 new_stage=3 progress=1.000000 object_stages=1:3|2:3|3
2026-06-15T20:40:24.420+08:00 MARKER sdk=1 host=1 enabled=1 sent=1 result=0 message=EVENT EXP2_LOADING_COMPLETE trial_id=Exp2_004 rel=1242.909180 unix=1781527224417 bjt=2026-06-15T20:40:24.416+08:00 condition=E3_SPATIAL_NONPROGRESSIVE
2026-06-15T20:40:32.928+08:00 MARKER sdk=1 host=1 enabled=1 sent=1 result=0 message=EVENT EXP2_PENDING_SELECTION trial_id=Exp2_004 rel=1251.420532 unix=1781527232928 bjt=2026-06-15T20:40:32.928+08:00 condition=E3_SPATIAL_NONPROGRESSIVE selected=4 selected_content=4 changes=1
2026-06-15T20:40:38.812+08:00 MARKER sdk=1 host=1 enabled=1 sent=1 result=0 message=EVENT EXP2_SUBMIT_SELECTION trial_id=Exp2_004 rel=1257.302856 unix=1781527238810 bjt=2026-06-15T20:40:38.810+08:00 condition=E3_SPATIAL_NONPROGRESSIVE selected=4 selected_content=4 correct=1
2026-06-15T20:40:38.812+08:00 MARKER sdk=1 host=1 enabled=1 sent=1 result=0 message=TRIAL_RESULT Exp2_004 selected=4 correct=1
2026-06-15T20:41:24.643+08:00 MARKER sdk=1 host=1 enabled=1 sent=1 result=0 message=EVENT EXPERIMENT_END_SCREEN_SHOWN participant=A034 output_id=A034_v2 unix=1781527284643 bjt=2026-06-15_20:41:24.643
2026-06-15T20:41:24.643+08:00 FORMAL_RECORDING step=FINISH_REQUESTED success=1 reason=experiment_end_door edf=FM202053.EDF recording=1 opened=1
2026-06-15T20:41:24.643+08:00 MARKER sdk=1 host=1 enabled=1 sent=1 result=0 message=FORMAL_RECORDING_END participant=A034 rel=1303.135 unix=1781527284643 bjt=2026-06-15T20:41:24.643+08:00 edf=FM202053.EDF source=ue_formal reason=experiment_end_door
2026-06-15T20:41:24.844+08:00 FORMAL_RECORDING step=END_MARKER_FLUSH_WAIT success=1 duration_ms=200
2026-06-15T20:41:24.950+08:00 FORMAL_RECORDING step=RECORDING_STOPPED success=1 result=0
2026-06-15T20:41:24.950+08:00 FORMAL_RECORDING step=EDF_CLOSED success=1 edf=FM202053.EDF result=0
2026-06-15T20:41:27.370+08:00 EDF_RECEIVE_ATTEMPT source_tag=formal attempt=full_path source=FM202053.EDF dest=../../../../../../Project/UE5/Gallery/Saved/ExperimentData/EDF/FM202053.EDF dest_is_path=0 result=65946510 exists=1 size=65946510
2026-06-15T20:41:27.370+08:00 FORMAL_RECORDING step=EDF_RECEIVED_TO_DPC success=1 edf=FM202053.EDF local=../../../../../../Project/UE5/Gallery/Saved/ExperimentData/EDF/FM202053.EDF result=65946510 size=65946510
2026-06-15T20:41:27.370+08:00 FORMAL_RECORDING step=FINISHED success=1 reason=experiment_end_door edf=FM202053.EDF local=../../../../../../Project/UE5/Gallery/Saved/ExperimentData/EDF/FM202053.EDF
