2026-06-12T15:20:11.370+08:00 STATUS start_ui_status sdk=connected host=not_connected log=
2026-06-12T15:24:17.105+08:00 FORMAL_RECORDING step=EDF_OPEN_REQUESTED success=1 participant=A012 edf=FM152417.EDF source=calibration_button
2026-06-12T15:24:17.106+08:00 CONNECT method=open_eyelink_connection ip=100.1.1.1
2026-06-12T15:24:17.477+08:00 CONNECT_RESULT method=open_eyelink_connection result=0 connected=1
2026-06-12T15:24:17.477+08:00 STATUS host_connected=1 sdk_available=1 note=connection_opened_high_level
2026-06-12T15:24:17.477+08:00 FORMAL_RECORDING step=HOST_CONNECTED success=1 sdk=1 host=1 source=calibration_button
2026-06-12T15:24:17.581+08:00 FORMAL_RECORDING step=EDF_OPENED success=1 edf=FM152417.EDF result=0 source=calibration_button
2026-06-12T15:24:17.581+08:00 FORMAL_EDF_MARKER sdk=1 host=1 opened=1 sent=1 message=FORMAL_EDF_OPENED participant=A012 rel=245.878 unix=1781249057581 bjt=2026-06-12T15:24:17.581+08:00 edf=FM152417.EDF source=ue_formal open_result=0 source_tag=calibration_button
2026-06-12T15:24:17.581+08:00 FORMAL_EDF_MARKER sdk=1 host=1 opened=1 sent=1 message=FORMAL_SESSION_PREPARED participant=A012 rel=245.878 unix=1781249057581 bjt=2026-06-12T15:24:17.581+08:00 edf=FM152417.EDF source=ue_formal calibration_complete=0
2026-06-12T15:24:17.581+08:00 FORMAL_EDF_MARKER sdk=1 host=1 opened=1 sent=1 message=CALIBRATION_REQUESTED participant=A012 rel=245.878 unix=1781249057581 bjt=2026-06-12T15:24:17.581+08:00 edf=FM152417.EDF source=ue_formal open_result=0
2026-06-12T15:24:17.582+08:00 CALIBRATION step=REQUESTED success=1 note=run_eyelink_tracker_setup
2026-06-12T15:24:17.582+08:00 CALIBRATION step=HOST_CONNECTED success=1 sdk=1 host=1 graphics=1
2026-06-12T15:24:17.586+08:00 CALIBRATION_DISPLAY_INIT success=1 result=0 error=
2026-06-12T15:24:17.587+08:00 CALIBRATION_DISPLAY_LIST count=2 requested_index=1 explicit=1
2026-06-12T15:24:17.587+08:00 CALIBRATION_DISPLAY index=0 name=Dell XPS 15 SDC414D Display bounds_result=0 x=0 y=0 w=1920 h=1080 mode_result=0 mode_w=1920 mode_h=1080 refresh=60
2026-06-12T15:24:17.587+08:00 CALIBRATION_DISPLAY index=1 name=Acer GR235H bounds_result=0 x=0 y=-1080 w=1920 h=1080 mode_result=0 mode_w=1920 mode_h=1080 refresh=60
2026-06-12T15:24:17.707+08:00 CALIBRATION step=GRAPHICS_INITIALIZED success=1 result=0 explicit_request=1 display_index=1 window_ptr=0000024FEFD94888 width=1920 height=1080 bits=32 refresh=60.00
2026-06-12T15:24:17.722+08:00 CALIBRATION step=REGISTERED_WINDOW_MOVED success=1 requested_display=1 actual_display=1 requested_x=0 requested_y=-1080 requested_w=1920 requested_h=1080 actual_x=0 actual_y=-1080 actual_w=1920 actual_h=1080
2026-06-12T15:24:17.738+08:00 FORMAL_EDF_MARKER sdk=1 host=1 opened=1 sent=1 message=CALIBRATION_SETUP_START participant=A012 rel=245.878 unix=1781249057737 bjt=2026-06-12T15:24:17.737+08:00 edf=FM152417.EDF source=ue_formal calibration_type=HV9 width=1920 height=1080
2026-06-12T15:24:17.738+08:00 CALIBRATION step=TRACKER_SETUP_BEGIN success=1 detail=call_do_tracker_setup
2026-06-12T15:26:54.922+08:00 CALIBRATION step=TRACKER_SETUP_RETURNED success=1 result=0
2026-06-12T15:26:54.923+08:00 FORMAL_EDF_MARKER sdk=1 host=1 opened=1 sent=1 message=CALIBRATION_SETUP_END participant=A012 rel=245.878 unix=1781249214922 bjt=2026-06-12T15:26:54.922+08:00 edf=FM152417.EDF source=ue_formal setup_result=0
2026-06-12T15:26:56.964+08:00 CALIBRATION step=GRAPHICS_CLOSED success=1
2026-06-12T15:26:56.964+08:00 CALIBRATION step=CALIBRATION_WINDOW_DESTROYED success=1
2026-06-12T15:26:56.965+08:00 CALIBRATION step=FINISHED success=1 result=0
2026-06-12T15:26:56.965+08:00 FORMAL_EDF_MARKER sdk=1 host=1 opened=1 sent=1 message=CALIBRATION_STATUS participant=A012 rel=245.878 unix=1781249216965 bjt=2026-06-12T15:26:56.965+08:00 edf=FM152417.EDF source=ue_formal calibration_complete=1
2026-06-12T15:26:56.965+08:00 FORMAL_CALIBRATION step=FINISHED success=1 participant=A012 edf=FM152417.EDF open_result=0
2026-06-12T15:26:56.965+08:00 STATUS start_ui_status sdk=connected host=connected log=../../../../../../Project/UE5/Gallery/Saved/ExperimentLogs/EyeLinkMarkers_20260612_152011_370.log
2026-06-12T15:27:09.444+08:00 FORMAL_RECORDING step=EDF_ALREADY_OPEN success=1 participant=A012 edf=FM152417.EDF source=start_button_preopened calibration_complete=1
2026-06-12T15:27:09.454+08:00 FORMAL_RECORDING step=RECORDING_STARTED success=1 result=0 edf=FM152417.EDF preopened=1 calibration_complete=1
2026-06-12T15:27:09.454+08:00 MARKER sdk=1 host=1 enabled=1 sent=1 result=0 message=FORMAL_RECORDING_START participant=A012 rel=257.056 unix=1781249229454 bjt=2026-06-12T15:27:09.454+08:00 edf=FM152417.EDF source=ue_formal open_result=0 record_result=0 edf_preopened=1 calibration_complete=1
2026-06-12T15:27:09.454+08:00 STATUS formal_recording_start_requested participant=A012 success=1 edf=FM152417.EDF calibration_complete=1
2026-06-12T15:27:09.455+08:00 STATUS start_ui_status sdk=connected host=connected log=../../../../../../Project/UE5/Gallery/Saved/ExperimentLogs/EyeLinkMarkers_20260612_152011_370.log
2026-06-12T15:27:09.455+08:00 MARKER sdk=1 host=1 enabled=1 sent=1 result=0 message=RECORDING_TIME_REFERENCE participant=A012 rel=257.056 unix=1781249229455 bjt=2026-06-12T15:27:09.455+08:00 source=ue_session_start
2026-06-12T15:27:09.455+08:00 MARKER sdk=1 host=1 enabled=1 sent=1 result=0 message=SESSION_START participant=A012 rel=257.056 unix=1781249229455 bjt=2026-06-12T15:27:09.455+08:00
2026-06-12T15:27:09.455+08:00 MARKER sdk=1 host=1 enabled=1 sent=1 result=0 message=EXPERIMENT_RUN_MODE EXP1_THEN_EXP2
2026-06-12T15:27:09.455+08:00 MARKER sdk=1 host=1 enabled=1 sent=1 result=0 message=SCREEN_RECORDING_REQUEST enabled=0 started=0 participant=A012
2026-06-12T15:28:02.913+08:00 MARKER sdk=1 host=1 enabled=1 sent=1 result=0 message=TRIALID T001
2026-06-12T15:28:02.913+08:00 MARKER sdk=1 host=1 enabled=1 sent=1 result=0 message=EVENT LOADING_INTERACT trial=T001 rel=310.542 unix=1781249282941 bjt=2026-06-12T15:28:02.940+08:00
2026-06-12T15:28:02.914+08:00 MARKER sdk=1 host=1 enabled=1 sent=1 result=0 message=EVENT LOADING_START trial=T001 rel=310.542 unix=1781249282941 bjt=2026-06-12T15:28:02.940+08:00
2026-06-12T15:28:02.914+08:00 MARKER sdk=1 host=1 enabled=1 sent=1 result=0 message=!V TRIAL_VAR participant A012
2026-06-12T15:28:02.914+08:00 MARKER sdk=1 host=1 enabled=1 sent=1 result=0 message=!V TRIAL_VAR experiment EXP1
2026-06-12T15:28:02.914+08:00 MARKER sdk=1 host=1 enabled=1 sent=1 result=0 message=!V TRIAL_VAR exhibit_id Ex1_TEST
2026-06-12T15:28:02.914+08:00 MARKER sdk=1 host=1 enabled=1 sent=1 result=0 message=!V TRIAL_VAR exhibit_name 测试展品
2026-06-12T15:28:02.914+08:00 MARKER sdk=1 host=1 enabled=1 sent=1 result=0 message=!V TRIAL_VAR condition A
2026-06-12T15:28:02.914+08:00 MARKER sdk=1 host=1 enabled=1 sent=1 result=0 message=!V TRIAL_VAR latin_group NA
2026-06-12T15:28:02.914+08:00 MARKER sdk=1 host=1 enabled=1 sent=1 result=0 message=!V TRIAL_VAR sequence_index -1
2026-06-12T15:28:02.914+08:00 MARKER sdk=1 host=1 enabled=1 sent=1 result=0 message=!V TRIAL_VAR sequence_label NA
2026-06-12T15:28:04.897+08:00 MARKER sdk=1 host=1 enabled=1 sent=1 result=0 message=EVENT LOADING_COMPLETE trial=T001 rel=312.525 unix=1781249284924 bjt=2026-06-12T15:28:04.923+08:00
2026-06-12T15:28:09.965+08:00 MARKER sdk=1 host=1 enabled=1 sent=1 result=0 message=EVENT VIEWER_ENTER trial=T001 rel=317.592 unix=1781249289991 bjt=2026-06-12T15:28:09.990+08:00
2026-06-12T15:28:09.965+08:00 MARKER sdk=1 host=1 enabled=1 sent=1 result=0 message=EVENT QUESTION_START trial=T001 rel=317.592 unix=1781249289991 bjt=2026-06-12T15:28:09.990+08:00 q=1 total=2 correct_index=-1 correct_label=NotAnswered
2026-06-12T15:28:29.883+08:00 MARKER sdk=1 host=1 enabled=1 sent=1 result=0 message=EVENT QUESTION_SUBMIT trial=T001 rel=337.495 unix=1781249309894 bjt=2026-06-12T15:28:29.894+08:00 q=1 option=A correct_index=-1 correct_label=NotAnswered is_correct=-1
2026-06-12T15:28:29.883+08:00 MARKER sdk=1 host=1 enabled=1 sent=1 result=0 message=EVENT QUESTION_START trial=T001 rel=337.495 unix=1781249309894 bjt=2026-06-12T15:28:29.894+08:00 q=2 total=2 correct_index=-1 correct_label=NotAnswered
2026-06-12T15:28:36.133+08:00 MARKER sdk=1 host=1 enabled=1 sent=1 result=0 message=EVENT QUESTION_SUBMIT trial=T001 rel=343.746 unix=1781249316144 bjt=2026-06-12T15:28:36.144+08:00 q=2 option=B correct_index=-1 correct_label=NotAnswered is_correct=-1
2026-06-12T15:28:38.001+08:00 MARKER sdk=1 host=1 enabled=1 sent=1 result=0 message=EVENT VIEWER_EXIT trial=T001 rel=345.629 unix=1781249318028 bjt=2026-06-12T15:28:38.027+08:00
2026-06-12T15:28:38.001+08:00 MARKER sdk=1 host=1 enabled=1 sent=1 result=0 message=EVENT TRIAL_RESULT trial=T001 rel=345.629 unix=1781249318028 bjt=2026-06-12T15:28:38.027+08:00 rows=2
2026-06-12T15:29:08.585+08:00 MARKER sdk=1 host=1 enabled=1 sent=1 result=0 message=TRIALID T002
2026-06-12T15:29:08.586+08:00 MARKER sdk=1 host=1 enabled=1 sent=1 result=0 message=EVENT LOADING_INTERACT trial=T002 rel=376.213 unix=1781249348612 bjt=2026-06-12T15:29:08.612+08:00
2026-06-12T15:29:08.586+08:00 MARKER sdk=1 host=1 enabled=1 sent=1 result=0 message=EVENT LOADING_START trial=T002 rel=376.213 unix=1781249348612 bjt=2026-06-12T15:29:08.612+08:00
2026-06-12T15:29:08.586+08:00 MARKER sdk=1 host=1 enabled=1 sent=1 result=0 message=!V TRIAL_VAR participant A012
2026-06-12T15:29:08.587+08:00 MARKER sdk=1 host=1 enabled=1 sent=1 result=0 message=!V TRIAL_VAR experiment EXP1
2026-06-12T15:29:08.587+08:00 MARKER sdk=1 host=1 enabled=1 sent=1 result=0 message=!V TRIAL_VAR exhibit_id 01
2026-06-12T15:29:08.587+08:00 MARKER sdk=1 host=1 enabled=1 sent=1 result=0 message=!V TRIAL_VAR exhibit_name 半岛香炉
2026-06-12T15:29:08.587+08:00 MARKER sdk=1 host=1 enabled=1 sent=1 result=0 message=!V TRIAL_VAR condition C
2026-06-12T15:29:08.587+08:00 MARKER sdk=1 host=1 enabled=1 sent=1 result=0 message=!V TRIAL_VAR latin_group G5
2026-06-12T15:29:08.587+08:00 MARKER sdk=1 host=1 enabled=1 sent=1 result=0 message=!V TRIAL_VAR sequence_index 1
2026-06-12T15:29:08.588+08:00 MARKER sdk=1 host=1 enabled=1 sent=1 result=0 message=!V TRIAL_VAR sequence_label G5_T01
2026-06-12T15:29:08.588+08:00 MARKER sdk=1 host=1 enabled=1 sent=1 result=0 message=EVENT VIEWER_ENTER trial=T002 rel=376.213 unix=1781249348612 bjt=2026-06-12T15:29:08.612+08:00 mode=progressive
2026-06-12T15:29:14.571+08:00 MARKER sdk=1 host=1 enabled=1 sent=1 result=0 message=EVENT PROGRESSIVE_USABLE trial=T002 rel=382.200 unix=1781249354598 bjt=2026-06-12T15:29:14.598+08:00
2026-06-12T15:29:14.573+08:00 MARKER sdk=1 host=1 enabled=1 sent=1 result=0 message=EVENT QUESTION_START trial=T002 rel=382.200 unix=1781249354598 bjt=2026-06-12T15:29:14.598+08:00 q=1 total=2 correct_index=1 correct_label=B
2026-06-12T15:29:18.571+08:00 MARKER sdk=1 host=1 enabled=1 sent=1 result=0 message=EVENT LOADING_COMPLETE trial=T002 rel=386.200 unix=1781249358599 bjt=2026-06-12T15:29:18.598+08:00
2026-06-12T15:29:20.990+08:00 MARKER sdk=1 host=1 enabled=1 sent=1 result=0 message=EVENT QUESTION_SUBMIT trial=T002 rel=388.603 unix=1781249361002 bjt=2026-06-12T15:29:21.001+08:00 q=1 option=C correct_index=1 correct_label=B is_correct=0
2026-06-12T15:29:20.991+08:00 MARKER sdk=1 host=1 enabled=1 sent=1 result=0 message=EVENT QUESTION_START trial=T002 rel=388.603 unix=1781249361002 bjt=2026-06-12T15:29:21.001+08:00 q=2 total=2 correct_index=1 correct_label=B
2026-06-12T15:29:24.757+08:00 MARKER sdk=1 host=1 enabled=1 sent=1 result=0 message=EVENT QUESTION_SUBMIT trial=T002 rel=392.370 unix=1781249364768 bjt=2026-06-12T15:29:24.768+08:00 q=2 option=A correct_index=1 correct_label=B is_correct=0
2026-06-12T15:29:26.225+08:00 MARKER sdk=1 host=1 enabled=1 sent=1 result=0 message=EVENT VIEWER_EXIT trial=T002 rel=393.853 unix=1781249366252 bjt=2026-06-12T15:29:26.251+08:00
2026-06-12T15:29:26.225+08:00 MARKER sdk=1 host=1 enabled=1 sent=1 result=0 message=EVENT TRIAL_RESULT trial=T002 rel=393.853 unix=1781249366252 bjt=2026-06-12T15:29:26.251+08:00 rows=2
2026-06-12T15:29:29.243+08:00 MARKER sdk=1 host=1 enabled=1 sent=1 result=0 message=TRIALID T003
2026-06-12T15:29:29.244+08:00 MARKER sdk=1 host=1 enabled=1 sent=1 result=0 message=EVENT LOADING_INTERACT trial=T003 rel=396.872 unix=1781249369270 bjt=2026-06-12T15:29:29.270+08:00
2026-06-12T15:29:29.244+08:00 MARKER sdk=1 host=1 enabled=1 sent=1 result=0 message=EVENT LOADING_START trial=T003 rel=396.872 unix=1781249369270 bjt=2026-06-12T15:29:29.270+08:00
2026-06-12T15:29:29.244+08:00 MARKER sdk=1 host=1 enabled=1 sent=1 result=0 message=!V TRIAL_VAR participant A012
2026-06-12T15:29:29.244+08:00 MARKER sdk=1 host=1 enabled=1 sent=1 result=0 message=!V TRIAL_VAR experiment EXP1
2026-06-12T15:29:29.244+08:00 MARKER sdk=1 host=1 enabled=1 sent=1 result=0 message=!V TRIAL_VAR exhibit_id 02
2026-06-12T15:29:29.244+08:00 MARKER sdk=1 host=1 enabled=1 sent=1 result=0 message=!V TRIAL_VAR exhibit_name 中国青铜器
2026-06-12T15:29:29.245+08:00 MARKER sdk=1 host=1 enabled=1 sent=1 result=0 message=!V TRIAL_VAR condition A
2026-06-12T15:29:29.245+08:00 MARKER sdk=1 host=1 enabled=1 sent=1 result=0 message=!V TRIAL_VAR latin_group G5
2026-06-12T15:29:29.245+08:00 MARKER sdk=1 host=1 enabled=1 sent=1 result=0 message=!V TRIAL_VAR sequence_index 2
2026-06-12T15:29:29.245+08:00 MARKER sdk=1 host=1 enabled=1 sent=1 result=0 message=!V TRIAL_VAR sequence_label G5_T02
2026-06-12T15:29:39.227+08:00 MARKER sdk=1 host=1 enabled=1 sent=1 result=0 message=EVENT LOADING_COMPLETE trial=T003 rel=406.855 unix=1781249379254 bjt=2026-06-12T15:29:39.253+08:00
2026-06-12T15:29:41.848+08:00 MARKER sdk=1 host=1 enabled=1 sent=1 result=0 message=EVENT VIEWER_ENTER trial=T003 rel=409.476 unix=1781249381874 bjt=2026-06-12T15:29:41.874+08:00
2026-06-12T15:29:41.849+08:00 MARKER sdk=1 host=1 enabled=1 sent=1 result=0 message=EVENT QUESTION_START trial=T003 rel=409.476 unix=1781249381874 bjt=2026-06-12T15:29:41.874+08:00 q=1 total=2 correct_index=1 correct_label=B
2026-06-12T15:29:45.648+08:00 MARKER sdk=1 host=1 enabled=1 sent=1 result=0 message=EVENT QUESTION_SUBMIT trial=T003 rel=413.260 unix=1781249385658 bjt=2026-06-12T15:29:45.658+08:00 q=1 option=A correct_index=1 correct_label=B is_correct=0
2026-06-12T15:29:45.648+08:00 MARKER sdk=1 host=1 enabled=1 sent=1 result=0 message=EVENT QUESTION_START trial=T003 rel=413.260 unix=1781249385658 bjt=2026-06-12T15:29:45.658+08:00 q=2 total=2 correct_index=1 correct_label=B
2026-06-12T15:29:59.620+08:00 MARKER sdk=1 host=1 enabled=1 sent=1 result=0 message=EVENT QUESTION_SUBMIT trial=T003 rel=427.232 unix=1781249399631 bjt=2026-06-12T15:29:59.630+08:00 q=2 option=B correct_index=1 correct_label=B is_correct=1
2026-06-12T15:30:01.168+08:00 MARKER sdk=1 host=1 enabled=1 sent=1 result=0 message=EVENT VIEWER_EXIT trial=T003 rel=428.797 unix=1781249401195 bjt=2026-06-12T15:30:01.195+08:00
2026-06-12T15:30:01.169+08:00 MARKER sdk=1 host=1 enabled=1 sent=1 result=0 message=EVENT TRIAL_RESULT trial=T003 rel=428.797 unix=1781249401195 bjt=2026-06-12T15:30:01.195+08:00 rows=2
2026-06-12T15:31:51.504+08:00 MARKER sdk=1 host=1 enabled=1 sent=1 result=0 message=TRIALID T004
2026-06-12T15:31:51.504+08:00 MARKER sdk=1 host=1 enabled=1 sent=1 result=0 message=EVENT LOADING_INTERACT trial=T004 rel=539.133 unix=1781249511531 bjt=2026-06-12T15:31:51.531+08:00
2026-06-12T15:31:51.505+08:00 MARKER sdk=1 host=1 enabled=1 sent=1 result=0 message=EVENT LOADING_START trial=T004 rel=539.133 unix=1781249511531 bjt=2026-06-12T15:31:51.531+08:00
2026-06-12T15:31:51.505+08:00 MARKER sdk=1 host=1 enabled=1 sent=1 result=0 message=!V TRIAL_VAR participant A012
2026-06-12T15:31:51.505+08:00 MARKER sdk=1 host=1 enabled=1 sent=1 result=0 message=!V TRIAL_VAR experiment EXP1
2026-06-12T15:31:51.505+08:00 MARKER sdk=1 host=1 enabled=1 sent=1 result=0 message=!V TRIAL_VAR exhibit_id 03
2026-06-12T15:31:51.505+08:00 MARKER sdk=1 host=1 enabled=1 sent=1 result=0 message=!V TRIAL_VAR exhibit_name 希腊陶具
2026-06-12T15:31:51.505+08:00 MARKER sdk=1 host=1 enabled=1 sent=1 result=0 message=!V TRIAL_VAR condition A_PLUS
2026-06-12T15:31:51.505+08:00 MARKER sdk=1 host=1 enabled=1 sent=1 result=0 message=!V TRIAL_VAR latin_group G5
2026-06-12T15:31:51.505+08:00 MARKER sdk=1 host=1 enabled=1 sent=1 result=0 message=!V TRIAL_VAR sequence_index 3
2026-06-12T15:31:51.505+08:00 MARKER sdk=1 host=1 enabled=1 sent=1 result=0 message=!V TRIAL_VAR sequence_label G5_T03
2026-06-12T15:32:01.488+08:00 MARKER sdk=1 host=1 enabled=1 sent=1 result=0 message=EVENT LOADING_COMPLETE trial=T004 rel=549.117 unix=1781249521515 bjt=2026-06-12T15:32:01.515+08:00
2026-06-12T15:32:03.215+08:00 MARKER sdk=1 host=1 enabled=1 sent=1 result=0 message=EVENT VIEWER_ENTER trial=T004 rel=550.843 unix=1781249523241 bjt=2026-06-12T15:32:03.241+08:00
2026-06-12T15:32:03.216+08:00 MARKER sdk=1 host=1 enabled=1 sent=1 result=0 message=EVENT QUESTION_START trial=T004 rel=550.843 unix=1781249523241 bjt=2026-06-12T15:32:03.241+08:00 q=1 total=2 correct_index=0 correct_label=A
2026-06-12T15:32:12.382+08:00 MARKER sdk=1 host=1 enabled=1 sent=1 result=0 message=EVENT QUESTION_SUBMIT trial=T004 rel=559.995 unix=1781249532393 bjt=2026-06-12T15:32:12.393+08:00 q=1 option=A correct_index=0 correct_label=A is_correct=1
2026-06-12T15:32:12.383+08:00 MARKER sdk=1 host=1 enabled=1 sent=1 result=0 message=EVENT QUESTION_START trial=T004 rel=559.995 unix=1781249532393 bjt=2026-06-12T15:32:12.393+08:00 q=2 total=2 correct_index=2 correct_label=C
2026-06-12T15:32:15.818+08:00 MARKER sdk=1 host=1 enabled=1 sent=1 result=0 message=EVENT QUESTION_SUBMIT trial=T004 rel=563.431 unix=1781249535829 bjt=2026-06-12T15:32:15.829+08:00 q=2 option=C correct_index=2 correct_label=C is_correct=1
2026-06-12T15:32:17.136+08:00 MARKER sdk=1 host=1 enabled=1 sent=1 result=0 message=EVENT VIEWER_EXIT trial=T004 rel=564.764 unix=1781249537163 bjt=2026-06-12T15:32:17.162+08:00
2026-06-12T15:32:17.136+08:00 MARKER sdk=1 host=1 enabled=1 sent=1 result=0 message=EVENT TRIAL_RESULT trial=T004 rel=564.764 unix=1781249537163 bjt=2026-06-12T15:32:17.162+08:00 rows=2
2026-06-12T15:32:59.001+08:00 MARKER sdk=1 host=1 enabled=1 sent=1 result=0 message=TRIALID T005
2026-06-12T15:32:59.002+08:00 MARKER sdk=1 host=1 enabled=1 sent=1 result=0 message=EVENT LOADING_INTERACT trial=T005 rel=606.629 unix=1781249579028 bjt=2026-06-12T15:32:59.027+08:00
2026-06-12T15:32:59.002+08:00 MARKER sdk=1 host=1 enabled=1 sent=1 result=0 message=EVENT LOADING_START trial=T005 rel=606.629 unix=1781249579028 bjt=2026-06-12T15:32:59.027+08:00
2026-06-12T15:32:59.002+08:00 MARKER sdk=1 host=1 enabled=1 sent=1 result=0 message=!V TRIAL_VAR participant A012
2026-06-12T15:32:59.002+08:00 MARKER sdk=1 host=1 enabled=1 sent=1 result=0 message=!V TRIAL_VAR experiment EXP1
2026-06-12T15:32:59.003+08:00 MARKER sdk=1 host=1 enabled=1 sent=1 result=0 message=!V TRIAL_VAR exhibit_id 04
2026-06-12T15:32:59.003+08:00 MARKER sdk=1 host=1 enabled=1 sent=1 result=0 message=!V TRIAL_VAR exhibit_name 中国花瓶
2026-06-12T15:32:59.003+08:00 MARKER sdk=1 host=1 enabled=1 sent=1 result=0 message=!V TRIAL_VAR condition B
2026-06-12T15:32:59.003+08:00 MARKER sdk=1 host=1 enabled=1 sent=1 result=0 message=!V TRIAL_VAR latin_group G5
2026-06-12T15:32:59.003+08:00 MARKER sdk=1 host=1 enabled=1 sent=1 result=0 message=!V TRIAL_VAR sequence_index 4
2026-06-12T15:32:59.003+08:00 MARKER sdk=1 host=1 enabled=1 sent=1 result=0 message=!V TRIAL_VAR sequence_label G5_T04
2026-06-12T15:33:08.997+08:00 MARKER sdk=1 host=1 enabled=1 sent=1 result=0 message=EVENT LOADING_COMPLETE trial=T005 rel=616.625 unix=1781249589023 bjt=2026-06-12T15:33:09.023+08:00
2026-06-12T15:33:10.431+08:00 MARKER sdk=1 host=1 enabled=1 sent=1 result=0 message=EVENT VIEWER_ENTER trial=T005 rel=618.058 unix=1781249590457 bjt=2026-06-12T15:33:10.457+08:00
2026-06-12T15:33:10.431+08:00 MARKER sdk=1 host=1 enabled=1 sent=1 result=0 message=EVENT QUESTION_START trial=T005 rel=618.058 unix=1781249590457 bjt=2026-06-12T15:33:10.457+08:00 q=1 total=2 correct_index=2 correct_label=C
2026-06-12T15:33:18.472+08:00 MARKER sdk=1 host=1 enabled=1 sent=1 result=0 message=EVENT QUESTION_SUBMIT trial=T005 rel=626.085 unix=1781249598483 bjt=2026-06-12T15:33:18.483+08:00 q=1 option=C correct_index=2 correct_label=C is_correct=1
2026-06-12T15:33:18.473+08:00 MARKER sdk=1 host=1 enabled=1 sent=1 result=0 message=EVENT QUESTION_START trial=T005 rel=626.085 unix=1781249598483 bjt=2026-06-12T15:33:18.483+08:00 q=2 total=2 correct_index=3 correct_label=D
2026-06-12T15:33:21.426+08:00 MARKER sdk=1 host=1 enabled=1 sent=1 result=0 message=EVENT QUESTION_SUBMIT trial=T005 rel=629.039 unix=1781249601437 bjt=2026-06-12T15:33:21.437+08:00 q=2 option=D correct_index=3 correct_label=D is_correct=1
2026-06-12T15:33:22.461+08:00 MARKER sdk=1 host=1 enabled=1 sent=1 result=0 message=EVENT VIEWER_EXIT trial=T005 rel=630.089 unix=1781249602487 bjt=2026-06-12T15:33:22.487+08:00
2026-06-12T15:33:22.461+08:00 MARKER sdk=1 host=1 enabled=1 sent=1 result=0 message=EVENT TRIAL_RESULT trial=T005 rel=630.089 unix=1781249602487 bjt=2026-06-12T15:33:22.487+08:00 rows=2
2026-06-12T15:34:13.095+08:00 MARKER sdk=1 host=1 enabled=1 sent=1 result=0 message=TRIALID T006
2026-06-12T15:34:13.095+08:00 MARKER sdk=1 host=1 enabled=1 sent=1 result=0 message=EVENT LOADING_INTERACT trial=T006 rel=680.723 unix=1781249653122 bjt=2026-06-12T15:34:13.121+08:00
2026-06-12T15:34:13.095+08:00 MARKER sdk=1 host=1 enabled=1 sent=1 result=0 message=EVENT LOADING_START trial=T006 rel=680.723 unix=1781249653122 bjt=2026-06-12T15:34:13.121+08:00
2026-06-12T15:34:13.095+08:00 MARKER sdk=1 host=1 enabled=1 sent=1 result=0 message=!V TRIAL_VAR participant A012
2026-06-12T15:34:13.095+08:00 MARKER sdk=1 host=1 enabled=1 sent=1 result=0 message=!V TRIAL_VAR experiment EXP1
2026-06-12T15:34:13.095+08:00 MARKER sdk=1 host=1 enabled=1 sent=1 result=0 message=!V TRIAL_VAR exhibit_id 05
2026-06-12T15:34:13.095+08:00 MARKER sdk=1 host=1 enabled=1 sent=1 result=0 message=!V TRIAL_VAR exhibit_name 雅典双耳罐
2026-06-12T15:34:13.096+08:00 MARKER sdk=1 host=1 enabled=1 sent=1 result=0 message=!V TRIAL_VAR condition C_MINUS
2026-06-12T15:34:13.096+08:00 MARKER sdk=1 host=1 enabled=1 sent=1 result=0 message=!V TRIAL_VAR latin_group G5
2026-06-12T15:34:13.096+08:00 MARKER sdk=1 host=1 enabled=1 sent=1 result=0 message=!V TRIAL_VAR sequence_index 5
2026-06-12T15:34:13.096+08:00 MARKER sdk=1 host=1 enabled=1 sent=1 result=0 message=!V TRIAL_VAR sequence_label G5_T05
2026-06-12T15:34:13.096+08:00 MARKER sdk=1 host=1 enabled=1 sent=1 result=0 message=EVENT VIEWER_ENTER trial=T006 rel=680.723 unix=1781249653122 bjt=2026-06-12T15:34:13.121+08:00 mode=progressive_no_progress_bar
2026-06-12T15:34:19.083+08:00 MARKER sdk=1 host=1 enabled=1 sent=1 result=0 message=EVENT PROGRESSIVE_USABLE trial=T006 rel=686.707 unix=1781249659105 bjt=2026-06-12T15:34:19.105+08:00
2026-06-12T15:34:19.084+08:00 MARKER sdk=1 host=1 enabled=1 sent=1 result=0 message=EVENT QUESTION_START trial=T006 rel=686.707 unix=1781249659105 bjt=2026-06-12T15:34:19.105+08:00 q=1 total=2 correct_index=0 correct_label=A
2026-06-12T15:34:23.082+08:00 MARKER sdk=1 host=1 enabled=1 sent=1 result=0 message=EVENT LOADING_COMPLETE trial=T006 rel=690.711 unix=1781249663109 bjt=2026-06-12T15:34:23.109+08:00
2026-06-12T15:34:24.898+08:00 MARKER sdk=1 host=1 enabled=1 sent=1 result=0 message=EVENT QUESTION_SUBMIT trial=T006 rel=692.511 unix=1781249664909 bjt=2026-06-12T15:34:24.909+08:00 q=1 option=A correct_index=0 correct_label=A is_correct=1
2026-06-12T15:34:24.899+08:00 MARKER sdk=1 host=1 enabled=1 sent=1 result=0 message=EVENT QUESTION_START trial=T006 rel=692.511 unix=1781249664909 bjt=2026-06-12T15:34:24.909+08:00 q=2 total=2 correct_index=2 correct_label=C
2026-06-12T15:34:29.759+08:00 MARKER sdk=1 host=1 enabled=1 sent=1 result=0 message=EVENT QUESTION_SUBMIT trial=T006 rel=697.371 unix=1781249669770 bjt=2026-06-12T15:34:29.770+08:00 q=2 option=C correct_index=2 correct_label=C is_correct=1
2026-06-12T15:34:31.361+08:00 MARKER sdk=1 host=1 enabled=1 sent=1 result=0 message=EVENT VIEWER_EXIT trial=T006 rel=698.990 unix=1781249671389 bjt=2026-06-12T15:34:31.388+08:00
2026-06-12T15:34:31.361+08:00 MARKER sdk=1 host=1 enabled=1 sent=1 result=0 message=EVENT TRIAL_RESULT trial=T006 rel=698.990 unix=1781249671389 bjt=2026-06-12T15:34:31.388+08:00 rows=2
2026-06-12T15:40:28.714+08:00 MARKER sdk=1 host=1 enabled=1 sent=1 result=0 message=TRIALID Exp2_001
2026-06-12T15:40:28.715+08:00 MARKER sdk=1 host=1 enabled=1 sent=1 result=0 message=!V TRIAL_VAR participant A012
2026-06-12T15:40:28.715+08:00 MARKER sdk=1 host=1 enabled=1 sent=1 result=0 message=!V TRIAL_VAR experiment EXP2
2026-06-12T15:40:28.715+08:00 MARKER sdk=1 host=1 enabled=1 sent=1 result=0 message=!V TRIAL_VAR condition E2_FIXED_PROGRESSIVE
2026-06-12T15:40:28.715+08:00 MARKER sdk=1 host=1 enabled=1 sent=1 result=0 message=!V TRIAL_VAR spatial_continuity 0
2026-06-12T15:40:28.715+08:00 MARKER sdk=1 host=1 enabled=1 sent=1 result=0 message=!V TRIAL_VAR progressive_availability 1
2026-06-12T15:40:28.716+08:00 MARKER sdk=1 host=1 enabled=1 sent=1 result=0 message=!V TRIAL_VAR target_index 3
2026-06-12T15:40:28.716+08:00 MARKER sdk=1 host=1 enabled=1 sent=1 result=0 message=!V TRIAL_VAR target_display_index 3
2026-06-12T15:40:28.716+08:00 MARKER sdk=1 host=1 enabled=1 sent=1 result=0 message=!V TRIAL_VAR target_content_index 1
2026-06-12T15:40:28.716+08:00 MARKER sdk=1 host=1 enabled=1 sent=1 result=0 message=!V TRIAL_VAR target_label 左脸
2026-06-12T15:40:28.716+08:00 MARKER sdk=1 host=1 enabled=1 sent=1 result=0 message=!V TRIAL_VAR slot_permutation 1:3|2:4|3:1|4:2
2026-06-12T15:40:28.716+08:00 MARKER sdk=1 host=1 enabled=1 sent=1 result=0 message=!V TRIAL_VAR sequence_group 2
2026-06-12T15:40:28.716+08:00 MARKER sdk=1 host=1 enabled=1 sent=1 result=0 message=!V TRIAL_VAR sequence_index 1
2026-06-12T15:40:28.717+08:00 MARKER sdk=1 host=1 enabled=1 sent=1 result=0 message=EVENT EXP2_LOADING_START trial_id=Exp2_001 rel=1056.341553 unix=1781250028740 bjt=2026-06-12T15:40:28.740+08:00 condition=E2_FIXED_PROGRESSIVE
2026-06-12T15:40:32.710+08:00 MARKER sdk=1 host=1 enabled=1 sent=1 result=0 message=EVENT EXP2_OBJECT_STAGE_CHANGED trial_id=Exp2_001 rel=1060.338867 unix=1781250032737 bjt=2026-06-12T15:40:32.737+08:00 condition=E2_FIXED_PROGRESSIVE object_index=1 previous_stage=0 new_stage=1 progress=0.334503 object_stages=1:1|2:0|3:0|4:
2026-06-12T15:40:32.711+08:00 MARKER sdk=1 host=1 enabled=1 sent=1 result=0 message=EVENT EXP2_STAGE_1_START trial_id=Exp2_001 rel=1060.338867 unix=1781250032737 bjt=2026-06-12T15:40:32.737+08:00 condition=E2_FIXED_PROGRESSIVE stage=1 first_object_index=1 progress=0.334503 object_stages=1:1|2:0|3:0|4:0
2026-06-12T15:40:32.711+08:00 MARKER sdk=1 host=1 enabled=1 sent=1 result=0 message=EVENT EXP2_OBJECT_STAGE_CHANGED trial_id=Exp2_001 rel=1060.338867 unix=1781250032737 bjt=2026-06-12T15:40:32.737+08:00 condition=E2_FIXED_PROGRESSIVE object_index=2 previous_stage=0 new_stage=1 progress=0.334503 object_stages=1:1|2:1|3:0|4:
2026-06-12T15:40:32.712+08:00 MARKER sdk=1 host=1 enabled=1 sent=1 result=0 message=EVENT EXP2_OBJECT_STAGE_CHANGED trial_id=Exp2_001 rel=1060.338867 unix=1781250032737 bjt=2026-06-12T15:40:32.737+08:00 condition=E2_FIXED_PROGRESSIVE object_index=3 previous_stage=0 new_stage=1 progress=0.334503 object_stages=1:1|2:1|3:1|4:
2026-06-12T15:40:32.713+08:00 MARKER sdk=1 host=1 enabled=1 sent=1 result=0 message=EVENT EXP2_OBJECT_STAGE_CHANGED trial_id=Exp2_001 rel=1060.338867 unix=1781250032737 bjt=2026-06-12T15:40:32.737+08:00 condition=E2_FIXED_PROGRESSIVE object_index=4 previous_stage=0 new_stage=1 progress=0.334503 object_stages=1:1|2:1|3:1|4:
2026-06-12T15:40:34.707+08:00 MARKER sdk=1 host=1 enabled=1 sent=1 result=0 message=EVENT EXP2_OBJECT_STAGE_CHANGED trial_id=Exp2_001 rel=1062.335693 unix=1781250034734 bjt=2026-06-12T15:40:34.734+08:00 condition=E2_FIXED_PROGRESSIVE object_index=1 previous_stage=1 new_stage=2 progress=0.500908 object_stages=1:2|2:1|3:1|4:
2026-06-12T15:40:34.708+08:00 MARKER sdk=1 host=1 enabled=1 sent=1 result=0 message=EVENT EXP2_STAGE_2_START trial_id=Exp2_001 rel=1062.335693 unix=1781250034734 bjt=2026-06-12T15:40:34.734+08:00 condition=E2_FIXED_PROGRESSIVE stage=2 first_object_index=1 progress=0.500908 object_stages=1:2|2:1|3:1|4:1
2026-06-12T15:40:34.709+08:00 MARKER sdk=1 host=1 enabled=1 sent=1 result=0 message=EVENT EXP2_OBJECT_STAGE_CHANGED trial_id=Exp2_001 rel=1062.335693 unix=1781250034734 bjt=2026-06-12T15:40:34.734+08:00 condition=E2_FIXED_PROGRESSIVE object_index=2 previous_stage=1 new_stage=2 progress=0.500908 object_stages=1:2|2:2|3:1|4:
2026-06-12T15:40:34.709+08:00 MARKER sdk=1 host=1 enabled=1 sent=1 result=0 message=EVENT EXP2_OBJECT_STAGE_CHANGED trial_id=Exp2_001 rel=1062.335693 unix=1781250034734 bjt=2026-06-12T15:40:34.734+08:00 condition=E2_FIXED_PROGRESSIVE object_index=3 previous_stage=1 new_stage=2 progress=0.500908 object_stages=1:2|2:2|3:2|4:
2026-06-12T15:40:34.709+08:00 MARKER sdk=1 host=1 enabled=1 sent=1 result=0 message=EVENT EXP2_PROGRESSIVE_USABLE trial_id=Exp2_001 rel=1062.335693 unix=1781250034734 bjt=2026-06-12T15:40:34.734+08:00 condition=E2_FIXED_PROGRESSIVE target_display_index=3 target_content_index=1 target_label=左脸 stage=2 progress=0.500908
2026-06-12T15:40:34.710+08:00 MARKER sdk=1 host=1 enabled=1 sent=1 result=0 message=EVENT EXP2_OBJECT_STAGE_CHANGED trial_id=Exp2_001 rel=1062.335693 unix=1781250034734 bjt=2026-06-12T15:40:34.734+08:00 condition=E2_FIXED_PROGRESSIVE object_index=4 previous_stage=1 new_stage=2 progress=0.500908 object_stages=1:2|2:2|3:2|4:
2026-06-12T15:40:40.713+08:00 MARKER sdk=1 host=1 enabled=1 sent=1 result=0 message=EVENT EXP2_OBJECT_STAGE_CHANGED trial_id=Exp2_001 rel=1068.340820 unix=1781250040739 bjt=2026-06-12T15:40:40.739+08:00 condition=E2_FIXED_PROGRESSIVE object_index=1 previous_stage=2 new_stage=3 progress=1.000000 object_stages=1:3|2:2|3:2|4:
2026-06-12T15:40:40.713+08:00 MARKER sdk=1 host=1 enabled=1 sent=1 result=0 message=EVENT EXP2_STAGE_3_START trial_id=Exp2_001 rel=1068.340820 unix=1781250040739 bjt=2026-06-12T15:40:40.739+08:00 condition=E2_FIXED_PROGRESSIVE stage=3 first_object_index=1 progress=1.000000 object_stages=1:3|2:2|3:2|4:2
2026-06-12T15:40:40.714+08:00 MARKER sdk=1 host=1 enabled=1 sent=1 result=0 message=EVENT EXP2_OBJECT_STAGE_CHANGED trial_id=Exp2_001 rel=1068.340820 unix=1781250040739 bjt=2026-06-12T15:40:40.739+08:00 condition=E2_FIXED_PROGRESSIVE object_index=2 previous_stage=2 new_stage=3 progress=1.000000 object_stages=1:3|2:3|3:2|4:
2026-06-12T15:40:40.715+08:00 MARKER sdk=1 host=1 enabled=1 sent=1 result=0 message=EVENT EXP2_OBJECT_STAGE_CHANGED trial_id=Exp2_001 rel=1068.340820 unix=1781250040739 bjt=2026-06-12T15:40:40.739+08:00 condition=E2_FIXED_PROGRESSIVE object_index=3 previous_stage=2 new_stage=3 progress=1.000000 object_stages=1:3|2:3|3:3|4:
2026-06-12T15:40:40.715+08:00 MARKER sdk=1 host=1 enabled=1 sent=1 result=0 message=EVENT EXP2_OBJECT_STAGE_CHANGED trial_id=Exp2_001 rel=1068.340820 unix=1781250040739 bjt=2026-06-12T15:40:40.739+08:00 condition=E2_FIXED_PROGRESSIVE object_index=4 previous_stage=2 new_stage=3 progress=1.000000 object_stages=1:3|2:3|3:3|4:
2026-06-12T15:40:40.716+08:00 MARKER sdk=1 host=1 enabled=1 sent=1 result=0 message=EVENT EXP2_LOADING_COMPLETE trial_id=Exp2_001 rel=1068.340820 unix=1781250040739 bjt=2026-06-12T15:40:40.739+08:00 condition=E2_FIXED_PROGRESSIVE
2026-06-12T15:41:06.556+08:00 MARKER sdk=1 host=1 enabled=1 sent=1 result=0 message=EVENT EXP2_PENDING_SELECTION trial_id=Exp2_001 rel=1094.184448 unix=1781250066583 bjt=2026-06-12T15:41:06.583+08:00 condition=E2_FIXED_PROGRESSIVE selected=4 selected_content=2 changes=1
2026-06-12T15:41:32.192+08:00 MARKER sdk=1 host=1 enabled=1 sent=1 result=0 message=EVENT EXP2_SUBMIT_SELECTION trial_id=Exp2_001 rel=1119.820557 unix=1781250092219 bjt=2026-06-12T15:41:32.219+08:00 condition=E2_FIXED_PROGRESSIVE selected=4 selected_content=2 correct=0
2026-06-12T15:41:32.193+08:00 MARKER sdk=1 host=1 enabled=1 sent=1 result=0 message=TRIAL_RESULT Exp2_001 selected=4 correct=0
2026-06-12T15:43:17.568+08:00 MARKER sdk=1 host=1 enabled=1 sent=1 result=0 message=TRIALID Exp2_002
2026-06-12T15:43:17.569+08:00 MARKER sdk=1 host=1 enabled=1 sent=1 result=0 message=!V TRIAL_VAR participant A012
2026-06-12T15:43:17.569+08:00 MARKER sdk=1 host=1 enabled=1 sent=1 result=0 message=!V TRIAL_VAR experiment EXP2
2026-06-12T15:43:17.569+08:00 MARKER sdk=1 host=1 enabled=1 sent=1 result=0 message=!V TRIAL_VAR condition E3_SPATIAL_NONPROGRESSIVE
2026-06-12T15:43:17.569+08:00 MARKER sdk=1 host=1 enabled=1 sent=1 result=0 message=!V TRIAL_VAR spatial_continuity 1
2026-06-12T15:43:17.569+08:00 MARKER sdk=1 host=1 enabled=1 sent=1 result=0 message=!V TRIAL_VAR progressive_availability 0
2026-06-12T15:43:17.570+08:00 MARKER sdk=1 host=1 enabled=1 sent=1 result=0 message=!V TRIAL_VAR target_index 1
2026-06-12T15:43:17.570+08:00 MARKER sdk=1 host=1 enabled=1 sent=1 result=0 message=!V TRIAL_VAR target_display_index 1
2026-06-12T15:43:17.570+08:00 MARKER sdk=1 host=1 enabled=1 sent=1 result=0 message=!V TRIAL_VAR target_content_index 3
2026-06-12T15:43:17.570+08:00 MARKER sdk=1 host=1 enabled=1 sent=1 result=0 message=!V TRIAL_VAR target_label 脖子
2026-06-12T15:43:17.570+08:00 MARKER sdk=1 host=1 enabled=1 sent=1 result=0 message=!V TRIAL_VAR slot_permutation 1:3|2:1|3:2|4:4
2026-06-12T15:43:17.570+08:00 MARKER sdk=1 host=1 enabled=1 sent=1 result=0 message=!V TRIAL_VAR sequence_group 2
2026-06-12T15:43:17.570+08:00 MARKER sdk=1 host=1 enabled=1 sent=1 result=0 message=!V TRIAL_VAR sequence_index 2
2026-06-12T15:43:17.571+08:00 MARKER sdk=1 host=1 enabled=1 sent=1 result=0 message=EVENT EXP2_LOADING_START trial_id=Exp2_002 rel=1225.196411 unix=1781250197595 bjt=2026-06-12T15:43:17.594+08:00 condition=E3_SPATIAL_NONPROGRESSIVE
2026-06-12T15:43:29.565+08:00 MARKER sdk=1 host=1 enabled=1 sent=1 result=0 message=EVENT EXP2_OBJECT_STAGE_CHANGED trial_id=Exp2_002 rel=1237.192505 unix=1781250209591 bjt=2026-06-12T15:43:29.591+08:00 condition=E3_SPATIAL_NONPROGRESSIVE object_index=1 previous_stage=0 new_stage=3 progress=1.000000 object_stages=1:3|2:0|3
2026-06-12T15:43:29.565+08:00 MARKER sdk=1 host=1 enabled=1 sent=1 result=0 message=EVENT EXP2_STAGE_3_START trial_id=Exp2_002 rel=1237.192505 unix=1781250209591 bjt=2026-06-12T15:43:29.591+08:00 condition=E3_SPATIAL_NONPROGRESSIVE stage=3 first_object_index=1 progress=1.000000 object_stages=1:3|2:0|3:0|4:0
2026-06-12T15:43:29.565+08:00 MARKER sdk=1 host=1 enabled=1 sent=1 result=0 message=EVENT EXP2_OBJECT_STAGE_CHANGED trial_id=Exp2_002 rel=1237.192505 unix=1781250209591 bjt=2026-06-12T15:43:29.591+08:00 condition=E3_SPATIAL_NONPROGRESSIVE object_index=2 previous_stage=0 new_stage=3 progress=1.000000 object_stages=1:3|2:3|3
2026-06-12T15:43:29.566+08:00 MARKER sdk=1 host=1 enabled=1 sent=1 result=0 message=EVENT EXP2_OBJECT_STAGE_CHANGED trial_id=Exp2_002 rel=1237.192505 unix=1781250209591 bjt=2026-06-12T15:43:29.591+08:00 condition=E3_SPATIAL_NONPROGRESSIVE object_index=3 previous_stage=0 new_stage=3 progress=1.000000 object_stages=1:3|2:3|3
2026-06-12T15:43:29.566+08:00 MARKER sdk=1 host=1 enabled=1 sent=1 result=0 message=EVENT EXP2_OBJECT_STAGE_CHANGED trial_id=Exp2_002 rel=1237.192505 unix=1781250209591 bjt=2026-06-12T15:43:29.591+08:00 condition=E3_SPATIAL_NONPROGRESSIVE object_index=4 previous_stage=0 new_stage=3 progress=1.000000 object_stages=1:3|2:3|3
2026-06-12T15:43:29.567+08:00 MARKER sdk=1 host=1 enabled=1 sent=1 result=0 message=EVENT EXP2_LOADING_COMPLETE trial_id=Exp2_002 rel=1237.192505 unix=1781250209591 bjt=2026-06-12T15:43:29.591+08:00 condition=E3_SPATIAL_NONPROGRESSIVE
2026-06-12T15:43:40.345+08:00 MARKER sdk=1 host=1 enabled=1 sent=1 result=0 message=EVENT EXP2_PENDING_SELECTION trial_id=Exp2_002 rel=1247.973633 unix=1781250220372 bjt=2026-06-12T15:43:40.372+08:00 condition=E3_SPATIAL_NONPROGRESSIVE selected=1 selected_content=3 changes=1
2026-06-12T15:43:46.934+08:00 MARKER sdk=1 host=1 enabled=1 sent=1 result=0 message=EVENT EXP2_SUBMIT_SELECTION trial_id=Exp2_002 rel=1254.561890 unix=1781250226961 bjt=2026-06-12T15:43:46.960+08:00 condition=E3_SPATIAL_NONPROGRESSIVE selected=1 selected_content=3 correct=1
2026-06-12T15:43:46.934+08:00 MARKER sdk=1 host=1 enabled=1 sent=1 result=0 message=TRIAL_RESULT Exp2_002 selected=1 correct=1
2026-06-12T15:44:52.895+08:00 MARKER sdk=1 host=1 enabled=1 sent=1 result=0 message=TRIALID Exp2_003
2026-06-12T15:44:52.896+08:00 MARKER sdk=1 host=1 enabled=1 sent=1 result=0 message=!V TRIAL_VAR participant A012
2026-06-12T15:44:52.896+08:00 MARKER sdk=1 host=1 enabled=1 sent=1 result=0 message=!V TRIAL_VAR experiment EXP2
2026-06-12T15:44:52.896+08:00 MARKER sdk=1 host=1 enabled=1 sent=1 result=0 message=!V TRIAL_VAR condition E1_SPATIAL_PROGRESSIVE
2026-06-12T15:44:52.896+08:00 MARKER sdk=1 host=1 enabled=1 sent=1 result=0 message=!V TRIAL_VAR spatial_continuity 1
2026-06-12T15:44:52.896+08:00 MARKER sdk=1 host=1 enabled=1 sent=1 result=0 message=!V TRIAL_VAR progressive_availability 1
2026-06-12T15:44:52.896+08:00 MARKER sdk=1 host=1 enabled=1 sent=1 result=0 message=!V TRIAL_VAR target_index 4
2026-06-12T15:44:52.896+08:00 MARKER sdk=1 host=1 enabled=1 sent=1 result=0 message=!V TRIAL_VAR target_display_index 4
2026-06-12T15:44:52.896+08:00 MARKER sdk=1 host=1 enabled=1 sent=1 result=0 message=!V TRIAL_VAR target_content_index 2
2026-06-12T15:44:52.896+08:00 MARKER sdk=1 host=1 enabled=1 sent=1 result=0 message=!V TRIAL_VAR target_label 右脸
2026-06-12T15:44:52.897+08:00 MARKER sdk=1 host=1 enabled=1 sent=1 result=0 message=!V TRIAL_VAR slot_permutation 1:4|2:1|3:3|4:2
2026-06-12T15:44:52.897+08:00 MARKER sdk=1 host=1 enabled=1 sent=1 result=0 message=!V TRIAL_VAR sequence_group 2
2026-06-12T15:44:52.897+08:00 MARKER sdk=1 host=1 enabled=1 sent=1 result=0 message=!V TRIAL_VAR sequence_index 3
2026-06-12T15:44:52.897+08:00 MARKER sdk=1 host=1 enabled=1 sent=1 result=0 message=EVENT EXP2_LOADING_START trial_id=Exp2_003 rel=1320.523193 unix=1781250292922 bjt=2026-06-12T15:44:52.921+08:00 condition=E1_SPATIAL_PROGRESSIVE
2026-06-12T15:44:56.885+08:00 MARKER sdk=1 host=1 enabled=1 sent=1 result=0 message=EVENT EXP2_OBJECT_STAGE_CHANGED trial_id=Exp2_003 rel=1324.513306 unix=1781250296912 bjt=2026-06-12T15:44:56.911+08:00 condition=E1_SPATIAL_PROGRESSIVE object_index=1 previous_stage=0 new_stage=1 progress=0.333894 object_stages=1:1|2:0|3:0|
2026-06-12T15:44:56.886+08:00 MARKER sdk=1 host=1 enabled=1 sent=1 result=0 message=EVENT EXP2_STAGE_1_START trial_id=Exp2_003 rel=1324.513306 unix=1781250296912 bjt=2026-06-12T15:44:56.911+08:00 condition=E1_SPATIAL_PROGRESSIVE stage=1 first_object_index=1 progress=0.333894 object_stages=1:1|2:0|3:0|4:0
2026-06-12T15:44:56.886+08:00 MARKER sdk=1 host=1 enabled=1 sent=1 result=0 message=EVENT EXP2_OBJECT_STAGE_CHANGED trial_id=Exp2_003 rel=1324.513306 unix=1781250296912 bjt=2026-06-12T15:44:56.911+08:00 condition=E1_SPATIAL_PROGRESSIVE object_index=2 previous_stage=0 new_stage=1 progress=0.333894 object_stages=1:1|2:1|3:0|
2026-06-12T15:44:56.886+08:00 MARKER sdk=1 host=1 enabled=1 sent=1 result=0 message=EVENT EXP2_OBJECT_STAGE_CHANGED trial_id=Exp2_003 rel=1324.513306 unix=1781250296912 bjt=2026-06-12T15:44:56.911+08:00 condition=E1_SPATIAL_PROGRESSIVE object_index=3 previous_stage=0 new_stage=1 progress=0.333894 object_stages=1:1|2:1|3:1|
2026-06-12T15:44:56.887+08:00 MARKER sdk=1 host=1 enabled=1 sent=1 result=0 message=EVENT EXP2_OBJECT_STAGE_CHANGED trial_id=Exp2_003 rel=1324.513306 unix=1781250296912 bjt=2026-06-12T15:44:56.911+08:00 condition=E1_SPATIAL_PROGRESSIVE object_index=4 previous_stage=0 new_stage=1 progress=0.333894 object_stages=1:1|2:1|3:1|
2026-06-12T15:44:58.893+08:00 MARKER sdk=1 host=1 enabled=1 sent=1 result=0 message=EVENT EXP2_OBJECT_STAGE_CHANGED trial_id=Exp2_003 rel=1326.520508 unix=1781250298919 bjt=2026-06-12T15:44:58.919+08:00 condition=E1_SPATIAL_PROGRESSIVE object_index=1 previous_stage=1 new_stage=2 progress=0.501164 object_stages=1:2|2:1|3:1|
2026-06-12T15:44:58.894+08:00 MARKER sdk=1 host=1 enabled=1 sent=1 result=0 message=EVENT EXP2_STAGE_2_START trial_id=Exp2_003 rel=1326.520508 unix=1781250298919 bjt=2026-06-12T15:44:58.919+08:00 condition=E1_SPATIAL_PROGRESSIVE stage=2 first_object_index=1 progress=0.501164 object_stages=1:2|2:1|3:1|4:1
2026-06-12T15:44:58.894+08:00 MARKER sdk=1 host=1 enabled=1 sent=1 result=0 message=EVENT EXP2_OBJECT_STAGE_CHANGED trial_id=Exp2_003 rel=1326.520508 unix=1781250298919 bjt=2026-06-12T15:44:58.919+08:00 condition=E1_SPATIAL_PROGRESSIVE object_index=2 previous_stage=1 new_stage=2 progress=0.501164 object_stages=1:2|2:2|3:1|
2026-06-12T15:44:58.895+08:00 MARKER sdk=1 host=1 enabled=1 sent=1 result=0 message=EVENT EXP2_OBJECT_STAGE_CHANGED trial_id=Exp2_003 rel=1326.520508 unix=1781250298919 bjt=2026-06-12T15:44:58.919+08:00 condition=E1_SPATIAL_PROGRESSIVE object_index=3 previous_stage=1 new_stage=2 progress=0.501164 object_stages=1:2|2:2|3:2|
2026-06-12T15:44:58.895+08:00 MARKER sdk=1 host=1 enabled=1 sent=1 result=0 message=EVENT EXP2_OBJECT_STAGE_CHANGED trial_id=Exp2_003 rel=1326.520508 unix=1781250298919 bjt=2026-06-12T15:44:58.919+08:00 condition=E1_SPATIAL_PROGRESSIVE object_index=4 previous_stage=1 new_stage=2 progress=0.501164 object_stages=1:2|2:2|3:2|
2026-06-12T15:44:58.895+08:00 MARKER sdk=1 host=1 enabled=1 sent=1 result=0 message=EVENT EXP2_PROGRESSIVE_USABLE trial_id=Exp2_003 rel=1326.520508 unix=1781250298919 bjt=2026-06-12T15:44:58.919+08:00 condition=E1_SPATIAL_PROGRESSIVE target_display_index=4 target_content_index=2 target_label=右脸 stage=2 progress=0.501164
2026-06-12T15:45:04.887+08:00 MARKER sdk=1 host=1 enabled=1 sent=1 result=0 message=EVENT EXP2_OBJECT_STAGE_CHANGED trial_id=Exp2_003 rel=1332.515137 unix=1781250304914 bjt=2026-06-12T15:45:04.913+08:00 condition=E1_SPATIAL_PROGRESSIVE object_index=1 previous_stage=2 new_stage=3 progress=1.000000 object_stages=1:3|2:2|3:2|
2026-06-12T15:45:04.887+08:00 MARKER sdk=1 host=1 enabled=1 sent=1 result=0 message=EVENT EXP2_STAGE_3_START trial_id=Exp2_003 rel=1332.515137 unix=1781250304914 bjt=2026-06-12T15:45:04.913+08:00 condition=E1_SPATIAL_PROGRESSIVE stage=3 first_object_index=1 progress=1.000000 object_stages=1:3|2:2|3:2|4:2
2026-06-12T15:45:04.888+08:00 MARKER sdk=1 host=1 enabled=1 sent=1 result=0 message=EVENT EXP2_OBJECT_STAGE_CHANGED trial_id=Exp2_003 rel=1332.515137 unix=1781250304914 bjt=2026-06-12T15:45:04.913+08:00 condition=E1_SPATIAL_PROGRESSIVE object_index=2 previous_stage=2 new_stage=3 progress=1.000000 object_stages=1:3|2:3|3:2|
2026-06-12T15:45:04.888+08:00 MARKER sdk=1 host=1 enabled=1 sent=1 result=0 message=EVENT EXP2_OBJECT_STAGE_CHANGED trial_id=Exp2_003 rel=1332.515137 unix=1781250304914 bjt=2026-06-12T15:45:04.913+08:00 condition=E1_SPATIAL_PROGRESSIVE object_index=3 previous_stage=2 new_stage=3 progress=1.000000 object_stages=1:3|2:3|3:3|
2026-06-12T15:45:04.889+08:00 MARKER sdk=1 host=1 enabled=1 sent=1 result=0 message=EVENT EXP2_OBJECT_STAGE_CHANGED trial_id=Exp2_003 rel=1332.515137 unix=1781250304914 bjt=2026-06-12T15:45:04.913+08:00 condition=E1_SPATIAL_PROGRESSIVE object_index=4 previous_stage=2 new_stage=3 progress=1.000000 object_stages=1:3|2:3|3:3|
2026-06-12T15:45:04.889+08:00 MARKER sdk=1 host=1 enabled=1 sent=1 result=0 message=EVENT EXP2_LOADING_COMPLETE trial_id=Exp2_003 rel=1332.515137 unix=1781250304914 bjt=2026-06-12T15:45:04.913+08:00 condition=E1_SPATIAL_PROGRESSIVE
2026-06-12T15:45:13.165+08:00 MARKER sdk=1 host=1 enabled=1 sent=1 result=0 message=EVENT EXP2_PENDING_SELECTION trial_id=Exp2_003 rel=1340.793457 unix=1781250313192 bjt=2026-06-12T15:45:13.192+08:00 condition=E1_SPATIAL_PROGRESSIVE selected=4 selected_content=2 changes=1
2026-06-12T15:45:18.601+08:00 MARKER sdk=1 host=1 enabled=1 sent=1 result=0 message=EVENT EXP2_SUBMIT_SELECTION trial_id=Exp2_003 rel=1346.229980 unix=1781250318629 bjt=2026-06-12T15:45:18.628+08:00 condition=E1_SPATIAL_PROGRESSIVE selected=4 selected_content=2 correct=1
2026-06-12T15:45:18.603+08:00 MARKER sdk=1 host=1 enabled=1 sent=1 result=0 message=TRIAL_RESULT Exp2_003 selected=4 correct=1
2026-06-12T15:46:24.464+08:00 MARKER sdk=1 host=1 enabled=1 sent=1 result=0 message=TRIALID Exp2_004
2026-06-12T15:46:24.465+08:00 MARKER sdk=1 host=1 enabled=1 sent=1 result=0 message=!V TRIAL_VAR participant A012
2026-06-12T15:46:24.465+08:00 MARKER sdk=1 host=1 enabled=1 sent=1 result=0 message=!V TRIAL_VAR experiment EXP2
2026-06-12T15:46:24.465+08:00 MARKER sdk=1 host=1 enabled=1 sent=1 result=0 message=!V TRIAL_VAR condition E4_FIXED_NONPROGRESSIVE
2026-06-12T15:46:24.465+08:00 MARKER sdk=1 host=1 enabled=1 sent=1 result=0 message=!V TRIAL_VAR spatial_continuity 0
2026-06-12T15:46:24.465+08:00 MARKER sdk=1 host=1 enabled=1 sent=1 result=0 message=!V TRIAL_VAR progressive_availability 0
2026-06-12T15:46:24.466+08:00 MARKER sdk=1 host=1 enabled=1 sent=1 result=0 message=!V TRIAL_VAR target_index 2
2026-06-12T15:46:24.466+08:00 MARKER sdk=1 host=1 enabled=1 sent=1 result=0 message=!V TRIAL_VAR target_display_index 2
2026-06-12T15:46:24.466+08:00 MARKER sdk=1 host=1 enabled=1 sent=1 result=0 message=!V TRIAL_VAR target_content_index 4
2026-06-12T15:46:24.466+08:00 MARKER sdk=1 host=1 enabled=1 sent=1 result=0 message=!V TRIAL_VAR target_label 头顶
2026-06-12T15:46:24.466+08:00 MARKER sdk=1 host=1 enabled=1 sent=1 result=0 message=!V TRIAL_VAR slot_permutation 1:2|2:4|3:3|4:1
2026-06-12T15:46:24.466+08:00 MARKER sdk=1 host=1 enabled=1 sent=1 result=0 message=!V TRIAL_VAR sequence_group 2
2026-06-12T15:46:24.467+08:00 MARKER sdk=1 host=1 enabled=1 sent=1 result=0 message=!V TRIAL_VAR sequence_index 4
2026-06-12T15:46:24.467+08:00 MARKER sdk=1 host=1 enabled=1 sent=1 result=0 message=EVENT EXP2_LOADING_START trial_id=Exp2_004 rel=1412.091309 unix=1781250384490 bjt=2026-06-12T15:46:24.489+08:00 condition=E4_FIXED_NONPROGRESSIVE
2026-06-12T15:46:36.455+08:00 MARKER sdk=1 host=1 enabled=1 sent=1 result=0 message=EVENT EXP2_OBJECT_STAGE_CHANGED trial_id=Exp2_004 rel=1424.083130 unix=1781250396482 bjt=2026-06-12T15:46:36.481+08:00 condition=E4_FIXED_NONPROGRESSIVE object_index=1 previous_stage=0 new_stage=3 progress=1.000000 object_stages=1:3|2:0|3:0
2026-06-12T15:46:36.455+08:00 MARKER sdk=1 host=1 enabled=1 sent=1 result=0 message=EVENT EXP2_STAGE_3_START trial_id=Exp2_004 rel=1424.083130 unix=1781250396482 bjt=2026-06-12T15:46:36.481+08:00 condition=E4_FIXED_NONPROGRESSIVE stage=3 first_object_index=1 progress=1.000000 object_stages=1:3|2:0|3:0|4:0
2026-06-12T15:46:36.456+08:00 MARKER sdk=1 host=1 enabled=1 sent=1 result=0 message=EVENT EXP2_OBJECT_STAGE_CHANGED trial_id=Exp2_004 rel=1424.083130 unix=1781250396482 bjt=2026-06-12T15:46:36.481+08:00 condition=E4_FIXED_NONPROGRESSIVE object_index=2 previous_stage=0 new_stage=3 progress=1.000000 object_stages=1:3|2:3|3:0
2026-06-12T15:46:36.456+08:00 MARKER sdk=1 host=1 enabled=1 sent=1 result=0 message=EVENT EXP2_OBJECT_STAGE_CHANGED trial_id=Exp2_004 rel=1424.083130 unix=1781250396482 bjt=2026-06-12T15:46:36.481+08:00 condition=E4_FIXED_NONPROGRESSIVE object_index=3 previous_stage=0 new_stage=3 progress=1.000000 object_stages=1:3|2:3|3:3
2026-06-12T15:46:36.457+08:00 MARKER sdk=1 host=1 enabled=1 sent=1 result=0 message=EVENT EXP2_OBJECT_STAGE_CHANGED trial_id=Exp2_004 rel=1424.083130 unix=1781250396482 bjt=2026-06-12T15:46:36.481+08:00 condition=E4_FIXED_NONPROGRESSIVE object_index=4 previous_stage=0 new_stage=3 progress=1.000000 object_stages=1:3|2:3|3:3
2026-06-12T15:46:36.457+08:00 MARKER sdk=1 host=1 enabled=1 sent=1 result=0 message=EVENT EXP2_LOADING_COMPLETE trial_id=Exp2_004 rel=1424.083130 unix=1781250396482 bjt=2026-06-12T15:46:36.481+08:00 condition=E4_FIXED_NONPROGRESSIVE
2026-06-12T15:46:42.465+08:00 MARKER sdk=1 host=1 enabled=1 sent=1 result=0 message=EVENT EXP2_PENDING_SELECTION trial_id=Exp2_004 rel=1430.093994 unix=1781250402493 bjt=2026-06-12T15:46:42.492+08:00 condition=E4_FIXED_NONPROGRESSIVE selected=2 selected_content=4 changes=1
2026-06-12T15:46:47.248+08:00 MARKER sdk=1 host=1 enabled=1 sent=1 result=0 message=EVENT EXP2_SUBMIT_SELECTION trial_id=Exp2_004 rel=1434.876709 unix=1781250407275 bjt=2026-06-12T15:46:47.275+08:00 condition=E4_FIXED_NONPROGRESSIVE selected=2 selected_content=4 correct=1
2026-06-12T15:46:47.249+08:00 MARKER sdk=1 host=1 enabled=1 sent=1 result=0 message=TRIAL_RESULT Exp2_004 selected=2 correct=1
2026-06-12T15:48:00.466+08:00 MARKER sdk=1 host=1 enabled=1 sent=1 result=0 message=EVENT EXPERIMENT_END_SCREEN_SHOWN participant=A012 unix=1781250480466 bjt=2026-06-12_15:48:00.466
2026-06-12T15:48:00.466+08:00 FORMAL_RECORDING step=FINISH_REQUESTED success=1 reason=experiment_end_door edf=FM152417.EDF recording=1 opened=1
2026-06-12T15:48:00.467+08:00 MARKER sdk=1 host=1 enabled=1 sent=1 result=0 message=FORMAL_RECORDING_END participant=A012 rel=1508.094 unix=1781250480467 bjt=2026-06-12T15:48:00.467+08:00 edf=FM152417.EDF source=ue_formal reason=experiment_end_door
2026-06-12T15:48:00.573+08:00 FORMAL_RECORDING step=RECORDING_STOPPED success=1 result=0
2026-06-12T15:48:00.573+08:00 FORMAL_RECORDING step=EDF_CLOSED success=1 edf=FM152417.EDF result=0
2026-06-12T15:48:03.263+08:00 EDF_RECEIVE_ATTEMPT source_tag=formal attempt=full_path source=FM152417.EDF dest=../../../../../../Project/UE5/Gallery/Saved/ExperimentData/EDF/FM152417.EDF dest_is_path=0 result=69063290 exists=1 size=69063290
2026-06-12T15:48:03.263+08:00 FORMAL_RECORDING step=EDF_RECEIVED_TO_DPC success=1 edf=FM152417.EDF local=../../../../../../Project/UE5/Gallery/Saved/ExperimentData/EDF/FM152417.EDF result=69063290 size=69063290
2026-06-12T15:48:03.264+08:00 FORMAL_RECORDING step=FINISHED success=1 reason=experiment_end_door edf=FM152417.EDF local=../../../../../../Project/UE5/Gallery/Saved/ExperimentData/EDF/FM152417.EDF
