2026-06-16T13:30:52.932+08:00 STATUS start_ui_status sdk=connected host=not_connected log=
2026-06-16T13:33:06.259+08:00 FORMAL_RECORDING step=EDF_OPEN_REQUESTED success=1 participant=A010 edf=FM133306.EDF source=calibration_button
2026-06-16T13:33:06.261+08:00 CONNECT method=open_eyelink_connection ip=100.1.1.1
2026-06-16T13:33:06.629+08:00 CONNECT_RESULT method=open_eyelink_connection result=0 connected=1
2026-06-16T13:33:06.686+08:00 STATUS host_connected=1 sdk_available=1 note=connection_opened_high_level
2026-06-16T13:33:06.686+08:00 FORMAL_RECORDING step=HOST_CONNECTED success=1 sdk=1 host=1 source=calibration_button
2026-06-16T13:33:06.794+08:00 FORMAL_RECORDING step=EDF_OPENED success=1 edf=FM133306.EDF result=0 source=calibration_button
2026-06-16T13:33:06.794+08:00 FORMAL_EDF_MARKER sdk=1 host=1 opened=1 sent=1 message=FORMAL_EDF_OPENED participant=A010 rel=133.330 unix=1781587986794 bjt=2026-06-16T13:33:06.794+08:00 edf=FM133306.EDF source=ue_formal open_result=0 source_tag=calibration_button
2026-06-16T13:33:06.795+08:00 FORMAL_EDF_MARKER sdk=1 host=1 opened=1 sent=1 message=FORMAL_SESSION_PREPARED participant=A010 rel=133.330 unix=1781587986795 bjt=2026-06-16T13:33:06.795+08:00 edf=FM133306.EDF source=ue_formal calibration_complete=0
2026-06-16T13:33:06.795+08:00 FORMAL_EDF_MARKER sdk=1 host=1 opened=1 sent=1 message=CALIBRATION_REQUESTED participant=A010 rel=133.330 unix=1781587986795 bjt=2026-06-16T13:33:06.795+08:00 edf=FM133306.EDF source=ue_formal open_result=0
2026-06-16T13:33:06.795+08:00 CALIBRATION step=REQUESTED success=1 note=run_eyelink_tracker_setup
2026-06-16T13:33:06.796+08:00 CALIBRATION step=HOST_CONNECTED success=1 sdk=1 host=1 graphics=1
2026-06-16T13:33:06.804+08:00 CALIBRATION_DISPLAY_INIT success=1 result=0 error=
2026-06-16T13:33:06.804+08:00 CALIBRATION_DISPLAY_LIST count=2 requested_index=1 explicit=1
2026-06-16T13:33:06.804+08:00 CALIBRATION_DISPLAY index=0 name=Dell XPS 15 SDC414D Display bounds_result=0 x=0 y=0 w=1920 h=1080 mode_result=0 mode_w=1920 mode_h=1080 refresh=60
2026-06-16T13:33:06.804+08:00 CALIBRATION_DISPLAY index=1 name=Acer GR235H bounds_result=0 x=0 y=-1080 w=1920 h=1080 mode_result=0 mode_w=1920 mode_h=1080 refresh=60
2026-06-16T13:33:07.210+08:00 CALIBRATION step=GRAPHICS_INITIALIZED success=1 result=0 explicit_request=1 display_index=1 window_ptr=0000019A80501630 width=1920 height=1080 bits=32 refresh=60.00
2026-06-16T13:33:07.225+08:00 CALIBRATION step=REGISTERED_WINDOW_MOVED success=1 requested_display=1 actual_display=1 requested_x=0 requested_y=-1080 requested_w=1920 requested_h=1080 actual_x=0 actual_y=-1080 actual_w=1920 actual_h=1080
2026-06-16T13:33:07.257+08:00 FORMAL_EDF_MARKER sdk=1 host=1 opened=1 sent=1 message=CALIBRATION_SETUP_START participant=A010 rel=133.330 unix=1781587987257 bjt=2026-06-16T13:33:07.257+08:00 edf=FM133306.EDF source=ue_formal calibration_type=HV9 width=1920 height=1080
2026-06-16T13:33:07.257+08:00 CALIBRATION step=TRACKER_SETUP_BEGIN success=1 detail=call_do_tracker_setup
2026-06-16T13:33:35.591+08:00 CALIBRATION step=TRACKER_SETUP_RETURNED success=1 result=0
2026-06-16T13:33:35.592+08:00 FORMAL_EDF_MARKER sdk=1 host=1 opened=1 sent=1 message=CALIBRATION_SETUP_END participant=A010 rel=133.330 unix=1781588015592 bjt=2026-06-16T13:33:35.592+08:00 edf=FM133306.EDF source=ue_formal setup_result=0
2026-06-16T13:33:37.630+08:00 CALIBRATION step=GRAPHICS_CLOSED success=1
2026-06-16T13:33:37.630+08:00 CALIBRATION step=CALIBRATION_WINDOW_DESTROYED success=1
2026-06-16T13:33:37.630+08:00 CALIBRATION step=FINISHED success=1 result=0
2026-06-16T13:33:37.630+08:00 FORMAL_EDF_MARKER sdk=1 host=1 opened=1 sent=1 message=CALIBRATION_STATUS participant=A010 rel=133.330 unix=1781588017630 bjt=2026-06-16T13:33:37.630+08:00 edf=FM133306.EDF source=ue_formal calibration_complete=1
2026-06-16T13:33:37.630+08:00 FORMAL_CALIBRATION step=FINISHED success=1 participant=A010 edf=FM133306.EDF open_result=0
2026-06-16T13:33:37.631+08:00 STATUS start_ui_status sdk=connected host=connected log=../../../../../../Project/UE5/Gallery/Saved/ExperimentLogs/EyeLinkMarkers_20260616_133052_931.log
2026-06-16T13:33:48.286+08:00 FORMAL_RECORDING step=EDF_ALREADY_OPEN success=1 participant=A010 edf=FM133306.EDF source=start_button_preopened calibration_complete=1
2026-06-16T13:33:48.294+08:00 FORMAL_RECORDING step=RECORDING_STARTED success=1 result=0 edf=FM133306.EDF preopened=1 calibration_complete=1
2026-06-16T13:33:48.295+08:00 MARKER sdk=1 host=1 enabled=1 sent=1 result=0 message=FORMAL_RECORDING_START participant=A010 rel=143.870 unix=1781588028295 bjt=2026-06-16T13:33:48.295+08:00 edf=FM133306.EDF source=ue_formal open_result=0 record_result=0 edf_preopened=1 calibration_complete=1
2026-06-16T13:33:48.295+08:00 STATUS formal_recording_start_requested participant=A010 success=1 edf=FM133306.EDF calibration_complete=1
2026-06-16T13:33:48.295+08:00 STATUS start_ui_status sdk=connected host=connected log=../../../../../../Project/UE5/Gallery/Saved/ExperimentLogs/EyeLinkMarkers_20260616_133052_931.log
2026-06-16T13:33:48.295+08:00 MARKER sdk=1 host=1 enabled=1 sent=1 result=0 message=RECORDING_TIME_REFERENCE participant=A010 output_id=A010 rel=143.870 unix=1781588028295 bjt=2026-06-16T13:33:48.295+08:00 source=ue_session_start
2026-06-16T13:33:48.296+08:00 MARKER sdk=1 host=1 enabled=1 sent=1 result=0 message=SESSION_START participant=A010 output_id=A010 rel=143.870 unix=1781588028295 bjt=2026-06-16T13:33:48.295+08:00
2026-06-16T13:33:48.296+08:00 MARKER sdk=1 host=1 enabled=1 sent=1 result=0 message=EXPERIMENT_RUN_MODE EXP1_THEN_EXP2
2026-06-16T13:33:48.818+08:00 MARKER sdk=1 host=1 enabled=1 sent=1 result=0 message=SCREEN_RECORDING_REQUEST enabled=1 started=1 participant=A010 output_id=A010
2026-06-16T13:34:46.402+08:00 MARKER sdk=1 host=1 enabled=1 sent=1 result=0 message=TRIALID T001
2026-06-16T13:34:46.403+08:00 MARKER sdk=1 host=1 enabled=1 sent=1 result=0 message=EVENT LOADING_INTERACT trial=T001 rel=201.839 unix=1781588086264 bjt=2026-06-16T13:34:46.264+08:00
2026-06-16T13:34:46.403+08:00 MARKER sdk=1 host=1 enabled=1 sent=1 result=0 message=EVENT LOADING_START trial=T001 rel=201.839 unix=1781588086264 bjt=2026-06-16T13:34:46.264+08:00
2026-06-16T13:34:46.403+08:00 MARKER sdk=1 host=1 enabled=1 sent=1 result=0 message=TRIAL_META exp=EXP1 participant=A010 participant_output_id=A010 exhibit_id=Ex1_TEST exhibit_name=测试展品 condition=A latin_group=NA sequence_index=-1 sequence_label=NA
2026-06-16T13:34:48.385+08:00 MARKER sdk=1 host=1 enabled=1 sent=1 result=0 message=EVENT LOADING_COMPLETE trial=T001 rel=203.834 unix=1781588088259 bjt=2026-06-16T13:34:48.259+08:00
2026-06-16T13:34:52.913+08:00 MARKER sdk=1 host=1 enabled=1 sent=1 result=0 message=EVENT VIEWER_ENTER trial=T001 rel=208.346 unix=1781588092771 bjt=2026-06-16T13:34:52.771+08:00
2026-06-16T13:34:52.914+08:00 MARKER sdk=1 host=1 enabled=1 sent=1 result=0 message=EVENT QUESTION_START trial=T001 rel=208.346 unix=1781588092771 bjt=2026-06-16T13:34:52.771+08:00 q=1 total=2 correct_index=-1 correct_label=NotAnswered
2026-06-16T13:35:10.787+08:00 MARKER sdk=1 host=1 enabled=1 sent=1 result=0 message=EVENT QUESTION_SUBMIT trial=T001 rel=226.216 unix=1781588110642 bjt=2026-06-16T13:35:10.641+08:00 q=1 option=A correct_index=-1 correct_label=NotAnswered is_correct=-1
2026-06-16T13:35:10.798+08:00 MARKER sdk=1 host=1 enabled=1 sent=1 result=0 message=EVENT QUESTION_START trial=T001 rel=226.216 unix=1781588110642 bjt=2026-06-16T13:35:10.641+08:00 q=2 total=2 correct_index=-1 correct_label=NotAnswered
2026-06-16T13:35:14.956+08:00 MARKER sdk=1 host=1 enabled=1 sent=1 result=0 message=EVENT QUESTION_SUBMIT trial=T001 rel=230.386 unix=1781588114811 bjt=2026-06-16T13:35:14.810+08:00 q=2 option=A correct_index=-1 correct_label=NotAnswered is_correct=-1
2026-06-16T13:35:20.856+08:00 MARKER sdk=1 host=1 enabled=1 sent=1 result=0 message=EVENT VIEWER_EXIT trial=T001 rel=236.305 unix=1781588120730 bjt=2026-06-16T13:35:20.729+08:00
2026-06-16T13:35:20.857+08:00 MARKER sdk=1 host=1 enabled=1 sent=1 result=0 message=EVENT TRIAL_RESULT trial=T001 rel=236.305 unix=1781588120730 bjt=2026-06-16T13:35:20.729+08:00 rows=2
2026-06-16T13:36:11.789+08:00 MARKER sdk=1 host=1 enabled=1 sent=1 result=0 message=TRIALID T002
2026-06-16T13:36:11.789+08:00 MARKER sdk=1 host=1 enabled=1 sent=1 result=0 message=EVENT LOADING_INTERACT trial=T002 rel=287.237 unix=1781588171662 bjt=2026-06-16T13:36:11.662+08:00
2026-06-16T13:36:11.789+08:00 MARKER sdk=1 host=1 enabled=1 sent=1 result=0 message=EVENT LOADING_START trial=T002 rel=287.237 unix=1781588171662 bjt=2026-06-16T13:36:11.662+08:00
2026-06-16T13:36:11.790+08:00 MARKER sdk=1 host=1 enabled=1 sent=1 result=0 message=TRIAL_META exp=EXP1 participant=A010 participant_output_id=A010 exhibit_id=01 exhibit_name=半岛香炉 condition=A latin_group=G1 sequence_index=1 sequence_label=G1_T01
2026-06-16T13:36:21.767+08:00 MARKER sdk=1 host=1 enabled=1 sent=1 result=0 message=EVENT LOADING_COMPLETE trial=T002 rel=297.216 unix=1781588181641 bjt=2026-06-16T13:36:21.641+08:00
2026-06-16T13:36:24.811+08:00 MARKER sdk=1 host=1 enabled=1 sent=1 result=0 message=EVENT VIEWER_ENTER trial=T002 rel=300.259 unix=1781588184684 bjt=2026-06-16T13:36:24.684+08:00
2026-06-16T13:36:24.812+08:00 MARKER sdk=1 host=1 enabled=1 sent=1 result=0 message=EVENT QUESTION_START trial=T002 rel=300.259 unix=1781588184684 bjt=2026-06-16T13:36:24.684+08:00 q=1 total=2 correct_index=1 correct_label=B
2026-06-16T13:36:30.470+08:00 MARKER sdk=1 host=1 enabled=1 sent=1 result=0 message=EVENT QUESTION_SUBMIT trial=T002 rel=305.903 unix=1781588190328 bjt=2026-06-16T13:36:30.328+08:00 q=1 option=B correct_index=1 correct_label=B is_correct=1
2026-06-16T13:36:30.471+08:00 MARKER sdk=1 host=1 enabled=1 sent=1 result=0 message=EVENT QUESTION_START trial=T002 rel=305.903 unix=1781588190328 bjt=2026-06-16T13:36:30.328+08:00 q=2 total=2 correct_index=1 correct_label=B
2026-06-16T13:36:35.256+08:00 MARKER sdk=1 host=1 enabled=1 sent=1 result=0 message=EVENT QUESTION_SUBMIT trial=T002 rel=310.686 unix=1781588195112 bjt=2026-06-16T13:36:35.111+08:00 q=2 option=A correct_index=1 correct_label=B is_correct=0
2026-06-16T13:36:36.893+08:00 MARKER sdk=1 host=1 enabled=1 sent=1 result=0 message=EVENT VIEWER_EXIT trial=T002 rel=312.342 unix=1781588196767 bjt=2026-06-16T13:36:36.766+08:00
2026-06-16T13:36:36.894+08:00 MARKER sdk=1 host=1 enabled=1 sent=1 result=0 message=EVENT TRIAL_RESULT trial=T002 rel=312.342 unix=1781588196767 bjt=2026-06-16T13:36:36.766+08:00 rows=2
2026-06-16T13:38:19.391+08:00 MARKER sdk=1 host=1 enabled=1 sent=1 result=0 message=TRIALID T003
2026-06-16T13:38:19.392+08:00 MARKER sdk=1 host=1 enabled=1 sent=1 result=0 message=EVENT LOADING_INTERACT trial=T003 rel=414.840 unix=1781588299265 bjt=2026-06-16T13:38:19.265+08:00
2026-06-16T13:38:19.392+08:00 MARKER sdk=1 host=1 enabled=1 sent=1 result=0 message=EVENT LOADING_START trial=T003 rel=414.840 unix=1781588299265 bjt=2026-06-16T13:38:19.265+08:00
2026-06-16T13:38:19.392+08:00 MARKER sdk=1 host=1 enabled=1 sent=1 result=0 message=TRIAL_META exp=EXP1 participant=A010 participant_output_id=A010 exhibit_id=02 exhibit_name=中国青铜器 condition=A_PLUS latin_group=G1 sequence_index=2 sequence_label=G1_T02
2026-06-16T13:38:29.390+08:00 MARKER sdk=1 host=1 enabled=1 sent=1 result=0 message=EVENT LOADING_COMPLETE trial=T003 rel=424.839 unix=1781588309264 bjt=2026-06-16T13:38:29.264+08:00
2026-06-16T13:38:31.743+08:00 MARKER sdk=1 host=1 enabled=1 sent=1 result=0 message=EVENT VIEWER_ENTER trial=T003 rel=427.190 unix=1781588311616 bjt=2026-06-16T13:38:31.615+08:00
2026-06-16T13:38:31.743+08:00 MARKER sdk=1 host=1 enabled=1 sent=1 result=0 message=EVENT QUESTION_START trial=T003 rel=427.190 unix=1781588311616 bjt=2026-06-16T13:38:31.615+08:00 q=1 total=2 correct_index=1 correct_label=B
2026-06-16T13:38:36.609+08:00 MARKER sdk=1 host=1 enabled=1 sent=1 result=0 message=EVENT QUESTION_SUBMIT trial=T003 rel=432.043 unix=1781588316468 bjt=2026-06-16T13:38:36.467+08:00 q=1 option=B correct_index=1 correct_label=B is_correct=1
2026-06-16T13:38:36.610+08:00 MARKER sdk=1 host=1 enabled=1 sent=1 result=0 message=EVENT QUESTION_START trial=T003 rel=432.043 unix=1781588316468 bjt=2026-06-16T13:38:36.467+08:00 q=2 total=2 correct_index=1 correct_label=B
2026-06-16T13:38:51.847+08:00 MARKER sdk=1 host=1 enabled=1 sent=1 result=0 message=EVENT QUESTION_SUBMIT trial=T003 rel=447.280 unix=1781588331705 bjt=2026-06-16T13:38:51.705+08:00 q=2 option=B correct_index=1 correct_label=B is_correct=1
2026-06-16T13:38:53.668+08:00 MARKER sdk=1 host=1 enabled=1 sent=1 result=0 message=EVENT VIEWER_EXIT trial=T003 rel=449.117 unix=1781588333542 bjt=2026-06-16T13:38:53.541+08:00
2026-06-16T13:38:53.668+08:00 MARKER sdk=1 host=1 enabled=1 sent=1 result=0 message=EVENT TRIAL_RESULT trial=T003 rel=449.117 unix=1781588333542 bjt=2026-06-16T13:38:53.541+08:00 rows=2
2026-06-16T13:40:19.930+08:00 MARKER sdk=1 host=1 enabled=1 sent=1 result=0 message=TRIALID T004
2026-06-16T13:40:19.931+08:00 MARKER sdk=1 host=1 enabled=1 sent=1 result=0 message=EVENT LOADING_INTERACT trial=T004 rel=535.379 unix=1781588419804 bjt=2026-06-16T13:40:19.804+08:00
2026-06-16T13:40:19.931+08:00 MARKER sdk=1 host=1 enabled=1 sent=1 result=0 message=EVENT LOADING_START trial=T004 rel=535.379 unix=1781588419804 bjt=2026-06-16T13:40:19.804+08:00
2026-06-16T13:40:19.931+08:00 MARKER sdk=1 host=1 enabled=1 sent=1 result=0 message=TRIAL_META exp=EXP1 participant=A010 participant_output_id=A010 exhibit_id=03 exhibit_name=希腊陶具 condition=B latin_group=G1 sequence_index=3 sequence_label=G1_T03
2026-06-16T13:40:29.927+08:00 MARKER sdk=1 host=1 enabled=1 sent=1 result=0 message=EVENT LOADING_COMPLETE trial=T004 rel=545.376 unix=1781588429801 bjt=2026-06-16T13:40:29.800+08:00
2026-06-16T13:40:35.458+08:00 MARKER sdk=1 host=1 enabled=1 sent=1 result=0 message=EVENT VIEWER_ENTER trial=T004 rel=550.906 unix=1781588435331 bjt=2026-06-16T13:40:35.331+08:00
2026-06-16T13:40:35.458+08:00 MARKER sdk=1 host=1 enabled=1 sent=1 result=0 message=EVENT QUESTION_START trial=T004 rel=550.906 unix=1781588435331 bjt=2026-06-16T13:40:35.331+08:00 q=1 total=2 correct_index=0 correct_label=A
2026-06-16T13:40:45.949+08:00 MARKER sdk=1 host=1 enabled=1 sent=1 result=0 message=EVENT QUESTION_SUBMIT trial=T004 rel=561.382 unix=1781588445807 bjt=2026-06-16T13:40:45.807+08:00 q=1 option=A correct_index=0 correct_label=A is_correct=1
2026-06-16T13:40:45.950+08:00 MARKER sdk=1 host=1 enabled=1 sent=1 result=0 message=EVENT QUESTION_START trial=T004 rel=561.382 unix=1781588445807 bjt=2026-06-16T13:40:45.807+08:00 q=2 total=2 correct_index=2 correct_label=C
2026-06-16T13:40:49.041+08:00 MARKER sdk=1 host=1 enabled=1 sent=1 result=0 message=EVENT QUESTION_SUBMIT trial=T004 rel=564.474 unix=1781588448899 bjt=2026-06-16T13:40:48.899+08:00 q=2 option=C correct_index=2 correct_label=C is_correct=1
2026-06-16T13:40:50.336+08:00 MARKER sdk=1 host=1 enabled=1 sent=1 result=0 message=EVENT VIEWER_EXIT trial=T004 rel=565.785 unix=1781588450210 bjt=2026-06-16T13:40:50.209+08:00
2026-06-16T13:40:50.336+08:00 MARKER sdk=1 host=1 enabled=1 sent=1 result=0 message=EVENT TRIAL_RESULT trial=T004 rel=565.785 unix=1781588450210 bjt=2026-06-16T13:40:50.209+08:00 rows=2
2026-06-16T13:42:13.209+08:00 MARKER sdk=1 host=1 enabled=1 sent=1 result=0 message=TRIALID T005
2026-06-16T13:42:13.209+08:00 MARKER sdk=1 host=1 enabled=1 sent=1 result=0 message=EVENT LOADING_INTERACT trial=T005 rel=648.658 unix=1781588533083 bjt=2026-06-16T13:42:13.082+08:00
2026-06-16T13:42:13.210+08:00 MARKER sdk=1 host=1 enabled=1 sent=1 result=0 message=EVENT LOADING_START trial=T005 rel=648.658 unix=1781588533083 bjt=2026-06-16T13:42:13.082+08:00
2026-06-16T13:42:13.210+08:00 MARKER sdk=1 host=1 enabled=1 sent=1 result=0 message=EVENT VIEWER_ENTER trial=T005 rel=648.658 unix=1781588533083 bjt=2026-06-16T13:42:13.082+08:00 mode=progressive_no_progress_bar
2026-06-16T13:42:13.210+08:00 MARKER sdk=1 host=1 enabled=1 sent=1 result=0 message=TRIAL_META exp=EXP1 participant=A010 participant_output_id=A010 exhibit_id=04 exhibit_name=中国花瓶 condition=C_MINUS latin_group=G1 sequence_index=4 sequence_label=G1_T04
2026-06-16T13:42:19.203+08:00 MARKER sdk=1 host=1 enabled=1 sent=1 result=0 message=EVENT PROGRESSIVE_USABLE trial=T005 rel=654.651 unix=1781588539076 bjt=2026-06-16T13:42:19.076+08:00
2026-06-16T13:42:19.203+08:00 MARKER sdk=1 host=1 enabled=1 sent=1 result=0 message=EVENT QUESTION_START trial=T005 rel=654.651 unix=1781588539076 bjt=2026-06-16T13:42:19.076+08:00 q=1 total=2 correct_index=2 correct_label=C
2026-06-16T13:42:23.208+08:00 MARKER sdk=1 host=1 enabled=1 sent=1 result=0 message=EVENT LOADING_COMPLETE trial=T005 rel=658.657 unix=1781588543082 bjt=2026-06-16T13:42:23.081+08:00
2026-06-16T13:42:26.946+08:00 MARKER sdk=1 host=1 enabled=1 sent=1 result=0 message=EVENT QUESTION_SUBMIT trial=T005 rel=662.378 unix=1781588546804 bjt=2026-06-16T13:42:26.803+08:00 q=1 option=C correct_index=2 correct_label=C is_correct=1
2026-06-16T13:42:26.947+08:00 MARKER sdk=1 host=1 enabled=1 sent=1 result=0 message=EVENT QUESTION_START trial=T005 rel=662.378 unix=1781588546804 bjt=2026-06-16T13:42:26.803+08:00 q=2 total=2 correct_index=3 correct_label=D
2026-06-16T13:42:31.654+08:00 MARKER sdk=1 host=1 enabled=1 sent=1 result=0 message=EVENT QUESTION_SUBMIT trial=T005 rel=667.087 unix=1781588551512 bjt=2026-06-16T13:42:31.511+08:00 q=2 option=D correct_index=3 correct_label=D is_correct=1
2026-06-16T13:42:32.960+08:00 MARKER sdk=1 host=1 enabled=1 sent=1 result=0 message=EVENT VIEWER_EXIT trial=T005 rel=668.409 unix=1781588552834 bjt=2026-06-16T13:42:32.834+08:00
2026-06-16T13:42:32.960+08:00 MARKER sdk=1 host=1 enabled=1 sent=1 result=0 message=EVENT TRIAL_RESULT trial=T005 rel=668.409 unix=1781588552834 bjt=2026-06-16T13:42:32.834+08:00 rows=2
2026-06-16T13:44:16.573+08:00 MARKER sdk=1 host=1 enabled=1 sent=1 result=0 message=TRIALID T006
2026-06-16T13:44:16.573+08:00 MARKER sdk=1 host=1 enabled=1 sent=1 result=0 message=EVENT LOADING_INTERACT trial=T006 rel=772.021 unix=1781588656447 bjt=2026-06-16T13:44:16.446+08:00
2026-06-16T13:44:16.573+08:00 MARKER sdk=1 host=1 enabled=1 sent=1 result=0 message=EVENT LOADING_START trial=T006 rel=772.021 unix=1781588656447 bjt=2026-06-16T13:44:16.446+08:00
2026-06-16T13:44:16.573+08:00 MARKER sdk=1 host=1 enabled=1 sent=1 result=0 message=EVENT VIEWER_ENTER trial=T006 rel=772.021 unix=1781588656447 bjt=2026-06-16T13:44:16.446+08:00 mode=progressive
2026-06-16T13:44:16.573+08:00 MARKER sdk=1 host=1 enabled=1 sent=1 result=0 message=TRIAL_META exp=EXP1 participant=A010 participant_output_id=A010 exhibit_id=05 exhibit_name=雅典双耳罐 condition=C latin_group=G1 sequence_index=5 sequence_label=G1_T05
2026-06-16T13:44:22.557+08:00 MARKER sdk=1 host=1 enabled=1 sent=1 result=0 message=EVENT PROGRESSIVE_USABLE trial=T006 rel=778.005 unix=1781588662431 bjt=2026-06-16T13:44:22.430+08:00
2026-06-16T13:44:22.558+08:00 MARKER sdk=1 host=1 enabled=1 sent=1 result=0 message=EVENT QUESTION_START trial=T006 rel=778.005 unix=1781588662431 bjt=2026-06-16T13:44:22.430+08:00 q=1 total=2 correct_index=0 correct_label=A
2026-06-16T13:44:26.559+08:00 MARKER sdk=1 host=1 enabled=1 sent=1 result=0 message=EVENT LOADING_COMPLETE trial=T006 rel=782.007 unix=1781588666432 bjt=2026-06-16T13:44:26.431+08:00
2026-06-16T13:44:35.416+08:00 MARKER sdk=1 host=1 enabled=1 sent=1 result=0 message=EVENT QUESTION_SUBMIT trial=T006 rel=790.849 unix=1781588675275 bjt=2026-06-16T13:44:35.274+08:00 q=1 option=A correct_index=0 correct_label=A is_correct=1
2026-06-16T13:44:35.417+08:00 MARKER sdk=1 host=1 enabled=1 sent=1 result=0 message=EVENT QUESTION_START trial=T006 rel=790.849 unix=1781588675275 bjt=2026-06-16T13:44:35.274+08:00 q=2 total=2 correct_index=2 correct_label=C
2026-06-16T13:44:37.292+08:00 MARKER sdk=1 host=1 enabled=1 sent=1 result=0 message=EVENT QUESTION_SUBMIT trial=T006 rel=792.725 unix=1781588677150 bjt=2026-06-16T13:44:37.149+08:00 q=2 option=C correct_index=2 correct_label=C is_correct=1
2026-06-16T13:44:38.511+08:00 MARKER sdk=1 host=1 enabled=1 sent=1 result=0 message=EVENT VIEWER_EXIT trial=T006 rel=793.960 unix=1781588678385 bjt=2026-06-16T13:44:38.384+08:00
2026-06-16T13:44:38.511+08:00 MARKER sdk=1 host=1 enabled=1 sent=1 result=0 message=EVENT TRIAL_RESULT trial=T006 rel=793.960 unix=1781588678385 bjt=2026-06-16T13:44:38.384+08:00 rows=2
2026-06-16T13:53:34.858+08:00 MARKER sdk=1 host=1 enabled=1 sent=1 result=0 message=TRIALID Exp2_001
2026-06-16T13:53:34.858+08:00 MARKER sdk=1 host=1 enabled=1 sent=1 result=0 message=EVENT EXP2_LOADING_START trial_id=Exp2_001 rel=1330.292603 unix=1781589214718 bjt=2026-06-16T13:53:34.717+08:00 condition=E4_FIXED_NONPROGRESSIVE
2026-06-16T13:53:34.858+08:00 MARKER sdk=1 host=1 enabled=1 sent=1 result=0 message=TRIAL_META exp=EXP2 participant=A010 participant_output_id=A010 trial_id=Exp2_001 condition=E4_FIXED_NONPROGRESSIVE spatial_continuity=0 progressive_availability=0
2026-06-16T13:53:34.859+08:00 MARKER sdk=1 host=1 enabled=1 sent=1 result=0 message=TRIAL_META_TASK trial_id=Exp2_001 target_index=4 target_display_index=4 target_content_index=1 target_label=左脸
2026-06-16T13:53:34.859+08:00 MARKER sdk=1 host=1 enabled=1 sent=1 result=0 message=TRIAL_META_SEQUENCE trial_id=Exp2_001 slot_permutation=1:2|2:3|3:4|4:1 sequence_group=4 sequence_index=1
2026-06-16T13:53:46.829+08:00 MARKER sdk=1 host=1 enabled=1 sent=1 result=0 message=EVENT EXP2_OBJECT_STAGE_CHANGED trial_id=Exp2_001 rel=1342.278442 unix=1781589226704 bjt=2026-06-16T13:53:46.703+08:00 condition=E4_FIXED_NONPROGRESSIVE object_index=1 previous_stage=0 new_stage=3 progress=1.000000 object_stages=1:3|2:0|3:0
2026-06-16T13:53:46.830+08:00 MARKER sdk=1 host=1 enabled=1 sent=1 result=0 message=EVENT EXP2_STAGE_3_START trial_id=Exp2_001 rel=1342.278442 unix=1781589226704 bjt=2026-06-16T13:53:46.703+08:00 condition=E4_FIXED_NONPROGRESSIVE stage=3 first_object_index=1 progress=1.000000 object_stages=1:3|2:0|3:0|4:0
2026-06-16T13:53:46.831+08:00 MARKER sdk=1 host=1 enabled=1 sent=1 result=0 message=EVENT EXP2_OBJECT_STAGE_CHANGED trial_id=Exp2_001 rel=1342.278442 unix=1781589226704 bjt=2026-06-16T13:53:46.703+08:00 condition=E4_FIXED_NONPROGRESSIVE object_index=2 previous_stage=0 new_stage=3 progress=1.000000 object_stages=1:3|2:3|3:0
2026-06-16T13:53:46.832+08:00 MARKER sdk=1 host=1 enabled=1 sent=1 result=0 message=EVENT EXP2_OBJECT_STAGE_CHANGED trial_id=Exp2_001 rel=1342.278442 unix=1781589226704 bjt=2026-06-16T13:53:46.703+08:00 condition=E4_FIXED_NONPROGRESSIVE object_index=3 previous_stage=0 new_stage=3 progress=1.000000 object_stages=1:3|2:3|3:3
2026-06-16T13:53:46.832+08:00 MARKER sdk=1 host=1 enabled=1 sent=1 result=0 message=EVENT EXP2_OBJECT_STAGE_CHANGED trial_id=Exp2_001 rel=1342.278442 unix=1781589226704 bjt=2026-06-16T13:53:46.703+08:00 condition=E4_FIXED_NONPROGRESSIVE object_index=4 previous_stage=0 new_stage=3 progress=1.000000 object_stages=1:3|2:3|3:3
2026-06-16T13:53:46.844+08:00 MARKER sdk=1 host=1 enabled=1 sent=1 result=0 message=EVENT EXP2_LOADING_COMPLETE trial_id=Exp2_001 rel=1342.278442 unix=1781589226704 bjt=2026-06-16T13:53:46.703+08:00 condition=E4_FIXED_NONPROGRESSIVE
2026-06-16T13:54:08.148+08:00 MARKER sdk=1 host=1 enabled=1 sent=1 result=0 message=EVENT EXP2_PENDING_SELECTION trial_id=Exp2_001 rel=1363.596924 unix=1781589248022 bjt=2026-06-16T13:54:08.022+08:00 condition=E4_FIXED_NONPROGRESSIVE selected=4 selected_content=1 changes=1
2026-06-16T13:54:13.797+08:00 MARKER sdk=1 host=1 enabled=1 sent=1 result=0 message=EVENT EXP2_SUBMIT_SELECTION trial_id=Exp2_001 rel=1369.245483 unix=1781589253671 bjt=2026-06-16T13:54:13.670+08:00 condition=E4_FIXED_NONPROGRESSIVE selected=4 selected_content=1 correct=1
2026-06-16T13:54:13.798+08:00 MARKER sdk=1 host=1 enabled=1 sent=1 result=0 message=TRIAL_RESULT Exp2_001 selected=4 correct=1
2026-06-16T13:56:07.284+08:00 MARKER sdk=1 host=1 enabled=1 sent=1 result=0 message=TRIALID Exp2_002
2026-06-16T13:56:07.285+08:00 MARKER sdk=1 host=1 enabled=1 sent=1 result=0 message=EVENT EXP2_LOADING_START trial_id=Exp2_002 rel=1482.730347 unix=1781589367156 bjt=2026-06-16T13:56:07.155+08:00 condition=E1_SPATIAL_PROGRESSIVE
2026-06-16T13:56:07.286+08:00 MARKER sdk=1 host=1 enabled=1 sent=1 result=0 message=TRIAL_META exp=EXP2 participant=A010 participant_output_id=A010 trial_id=Exp2_002 condition=E1_SPATIAL_PROGRESSIVE spatial_continuity=1 progressive_availability=1
2026-06-16T13:56:07.286+08:00 MARKER sdk=1 host=1 enabled=1 sent=1 result=0 message=TRIAL_META_TASK trial_id=Exp2_002 target_index=2 target_display_index=2 target_content_index=3 target_label=脖子
2026-06-16T13:56:07.286+08:00 MARKER sdk=1 host=1 enabled=1 sent=1 result=0 message=TRIAL_META_SEQUENCE trial_id=Exp2_002 slot_permutation=1:4|2:3|3:1|4:2 sequence_group=4 sequence_index=2
2026-06-16T13:56:11.273+08:00 MARKER sdk=1 host=1 enabled=1 sent=1 result=0 message=EVENT EXP2_OBJECT_STAGE_CHANGED trial_id=Exp2_002 rel=1486.721802 unix=1781589371147 bjt=2026-06-16T13:56:11.147+08:00 condition=E1_SPATIAL_PROGRESSIVE object_index=1 previous_stage=0 new_stage=1 progress=0.334013 object_stages=1:1|2:0|3:0|
2026-06-16T13:56:11.274+08:00 MARKER sdk=1 host=1 enabled=1 sent=1 result=0 message=EVENT EXP2_STAGE_1_START trial_id=Exp2_002 rel=1486.721802 unix=1781589371147 bjt=2026-06-16T13:56:11.147+08:00 condition=E1_SPATIAL_PROGRESSIVE stage=1 first_object_index=1 progress=0.334013 object_stages=1:1|2:0|3:0|4:0
2026-06-16T13:56:11.274+08:00 MARKER sdk=1 host=1 enabled=1 sent=1 result=0 message=EVENT EXP2_OBJECT_STAGE_CHANGED trial_id=Exp2_002 rel=1486.721802 unix=1781589371147 bjt=2026-06-16T13:56:11.147+08:00 condition=E1_SPATIAL_PROGRESSIVE object_index=2 previous_stage=0 new_stage=1 progress=0.334013 object_stages=1:1|2:1|3:0|
2026-06-16T13:56:11.274+08:00 MARKER sdk=1 host=1 enabled=1 sent=1 result=0 message=EVENT EXP2_OBJECT_STAGE_CHANGED trial_id=Exp2_002 rel=1486.721802 unix=1781589371147 bjt=2026-06-16T13:56:11.147+08:00 condition=E1_SPATIAL_PROGRESSIVE object_index=3 previous_stage=0 new_stage=1 progress=0.334013 object_stages=1:1|2:1|3:1|
2026-06-16T13:56:11.275+08:00 MARKER sdk=1 host=1 enabled=1 sent=1 result=0 message=EVENT EXP2_OBJECT_STAGE_CHANGED trial_id=Exp2_002 rel=1486.721802 unix=1781589371147 bjt=2026-06-16T13:56:11.147+08:00 condition=E1_SPATIAL_PROGRESSIVE object_index=4 previous_stage=0 new_stage=1 progress=0.334013 object_stages=1:1|2:1|3:1|
2026-06-16T13:56:13.277+08:00 MARKER sdk=1 host=1 enabled=1 sent=1 result=0 message=EVENT EXP2_OBJECT_STAGE_CHANGED trial_id=Exp2_002 rel=1488.725708 unix=1781589373151 bjt=2026-06-16T13:56:13.150+08:00 condition=E1_SPATIAL_PROGRESSIVE object_index=1 previous_stage=1 new_stage=2 progress=0.501007 object_stages=1:2|2:1|3:1|
2026-06-16T13:56:13.278+08:00 MARKER sdk=1 host=1 enabled=1 sent=1 result=0 message=EVENT EXP2_STAGE_2_START trial_id=Exp2_002 rel=1488.725708 unix=1781589373151 bjt=2026-06-16T13:56:13.150+08:00 condition=E1_SPATIAL_PROGRESSIVE stage=2 first_object_index=1 progress=0.501007 object_stages=1:2|2:1|3:1|4:1
2026-06-16T13:56:13.279+08:00 MARKER sdk=1 host=1 enabled=1 sent=1 result=0 message=EVENT EXP2_OBJECT_STAGE_CHANGED trial_id=Exp2_002 rel=1488.725708 unix=1781589373151 bjt=2026-06-16T13:56:13.150+08:00 condition=E1_SPATIAL_PROGRESSIVE object_index=2 previous_stage=1 new_stage=2 progress=0.501007 object_stages=1:2|2:2|3:1|
2026-06-16T13:56:13.279+08:00 MARKER sdk=1 host=1 enabled=1 sent=1 result=0 message=EVENT EXP2_PROGRESSIVE_USABLE trial_id=Exp2_002 rel=1488.725708 unix=1781589373151 bjt=2026-06-16T13:56:13.150+08:00 condition=E1_SPATIAL_PROGRESSIVE target_display_index=2 target_content_index=3 target_label=脖子 stage=2 progress=0.501007
2026-06-16T13:56:13.279+08:00 MARKER sdk=1 host=1 enabled=1 sent=1 result=0 message=EVENT EXP2_OBJECT_STAGE_CHANGED trial_id=Exp2_002 rel=1488.725708 unix=1781589373151 bjt=2026-06-16T13:56:13.150+08:00 condition=E1_SPATIAL_PROGRESSIVE object_index=3 previous_stage=1 new_stage=2 progress=0.501007 object_stages=1:2|2:2|3:2|
2026-06-16T13:56:13.279+08:00 MARKER sdk=1 host=1 enabled=1 sent=1 result=0 message=EVENT EXP2_OBJECT_STAGE_CHANGED trial_id=Exp2_002 rel=1488.725708 unix=1781589373151 bjt=2026-06-16T13:56:13.150+08:00 condition=E1_SPATIAL_PROGRESSIVE object_index=4 previous_stage=1 new_stage=2 progress=0.501007 object_stages=1:2|2:2|3:2|
2026-06-16T13:56:18.209+08:00 MARKER sdk=1 host=1 enabled=1 sent=1 result=0 message=EVENT EXP2_PREJUDGE trial_id=Exp2_002 rel=1493.658936 unix=1781589378084 bjt=2026-06-16T13:56:18.084+08:00 condition=E1_SPATIAL_PROGRESSIVE selected=2 correct=1 confidence=-1 selected_content=3
2026-06-16T13:56:19.279+08:00 MARKER sdk=1 host=1 enabled=1 sent=1 result=0 message=EVENT EXP2_OBJECT_STAGE_CHANGED trial_id=Exp2_002 rel=1494.727051 unix=1781589379152 bjt=2026-06-16T13:56:19.152+08:00 condition=E1_SPATIAL_PROGRESSIVE object_index=1 previous_stage=2 new_stage=3 progress=1.000000 object_stages=1:3|2:2|3:2|
2026-06-16T13:56:19.279+08:00 MARKER sdk=1 host=1 enabled=1 sent=1 result=0 message=EVENT EXP2_STAGE_3_START trial_id=Exp2_002 rel=1494.727051 unix=1781589379152 bjt=2026-06-16T13:56:19.152+08:00 condition=E1_SPATIAL_PROGRESSIVE stage=3 first_object_index=1 progress=1.000000 object_stages=1:3|2:2|3:2|4:2
2026-06-16T13:56:19.279+08:00 MARKER sdk=1 host=1 enabled=1 sent=1 result=0 message=EVENT EXP2_OBJECT_STAGE_CHANGED trial_id=Exp2_002 rel=1494.727051 unix=1781589379152 bjt=2026-06-16T13:56:19.152+08:00 condition=E1_SPATIAL_PROGRESSIVE object_index=2 previous_stage=2 new_stage=3 progress=1.000000 object_stages=1:3|2:3|3:2|
2026-06-16T13:56:19.280+08:00 MARKER sdk=1 host=1 enabled=1 sent=1 result=0 message=EVENT EXP2_OBJECT_STAGE_CHANGED trial_id=Exp2_002 rel=1494.727051 unix=1781589379152 bjt=2026-06-16T13:56:19.152+08:00 condition=E1_SPATIAL_PROGRESSIVE object_index=3 previous_stage=2 new_stage=3 progress=1.000000 object_stages=1:3|2:3|3:3|
2026-06-16T13:56:19.281+08:00 MARKER sdk=1 host=1 enabled=1 sent=1 result=0 message=EVENT EXP2_OBJECT_STAGE_CHANGED trial_id=Exp2_002 rel=1494.727051 unix=1781589379152 bjt=2026-06-16T13:56:19.152+08:00 condition=E1_SPATIAL_PROGRESSIVE object_index=4 previous_stage=2 new_stage=3 progress=1.000000 object_stages=1:3|2:3|3:3|
2026-06-16T13:56:19.281+08:00 MARKER sdk=1 host=1 enabled=1 sent=1 result=0 message=EVENT EXP2_LOADING_COMPLETE trial_id=Exp2_002 rel=1494.727051 unix=1781589379152 bjt=2026-06-16T13:56:19.152+08:00 condition=E1_SPATIAL_PROGRESSIVE
2026-06-16T13:56:23.033+08:00 MARKER sdk=1 host=1 enabled=1 sent=1 result=0 message=EVENT EXP2_PENDING_SELECTION trial_id=Exp2_002 rel=1498.483032 unix=1781589382908 bjt=2026-06-16T13:56:22.908+08:00 condition=E1_SPATIAL_PROGRESSIVE selected=2 selected_content=3 changes=1
2026-06-16T13:56:26.765+08:00 MARKER sdk=1 host=1 enabled=1 sent=1 result=0 message=EVENT EXP2_SUBMIT_SELECTION trial_id=Exp2_002 rel=1502.213745 unix=1781589386639 bjt=2026-06-16T13:56:26.638+08:00 condition=E1_SPATIAL_PROGRESSIVE selected=2 selected_content=3 correct=1
2026-06-16T13:56:26.765+08:00 MARKER sdk=1 host=1 enabled=1 sent=1 result=0 message=TRIAL_RESULT Exp2_002 selected=2 correct=1
2026-06-16T13:58:26.796+08:00 MARKER sdk=1 host=1 enabled=1 sent=1 result=0 message=TRIALID Exp2_003
2026-06-16T13:58:26.797+08:00 MARKER sdk=1 host=1 enabled=1 sent=1 result=0 message=EVENT EXP2_LOADING_START trial_id=Exp2_003 rel=1622.244873 unix=1781589506670 bjt=2026-06-16T13:58:26.670+08:00 condition=E3_SPATIAL_NONPROGRESSIVE
2026-06-16T13:58:26.797+08:00 MARKER sdk=1 host=1 enabled=1 sent=1 result=0 message=TRIAL_META exp=EXP2 participant=A010 participant_output_id=A010 trial_id=Exp2_003 condition=E3_SPATIAL_NONPROGRESSIVE spatial_continuity=1 progressive_availability=0
2026-06-16T13:58:26.797+08:00 MARKER sdk=1 host=1 enabled=1 sent=1 result=0 message=TRIAL_META_TASK trial_id=Exp2_003 target_index=3 target_display_index=3 target_content_index=2 target_label=右脸
2026-06-16T13:58:26.797+08:00 MARKER sdk=1 host=1 enabled=1 sent=1 result=0 message=TRIAL_META_SEQUENCE trial_id=Exp2_003 slot_permutation=1:3|2:4|3:2|4:1 sequence_group=4 sequence_index=3
2026-06-16T13:58:38.781+08:00 MARKER sdk=1 host=1 enabled=1 sent=1 result=0 message=EVENT EXP2_OBJECT_STAGE_CHANGED trial_id=Exp2_003 rel=1634.229980 unix=1781589518655 bjt=2026-06-16T13:58:38.655+08:00 condition=E3_SPATIAL_NONPROGRESSIVE object_index=1 previous_stage=0 new_stage=3 progress=1.000000 object_stages=1:3|2:0|3
2026-06-16T13:58:38.781+08:00 MARKER sdk=1 host=1 enabled=1 sent=1 result=0 message=EVENT EXP2_STAGE_3_START trial_id=Exp2_003 rel=1634.229980 unix=1781589518655 bjt=2026-06-16T13:58:38.655+08:00 condition=E3_SPATIAL_NONPROGRESSIVE stage=3 first_object_index=1 progress=1.000000 object_stages=1:3|2:0|3:0|4:0
2026-06-16T13:58:38.782+08:00 MARKER sdk=1 host=1 enabled=1 sent=1 result=0 message=EVENT EXP2_OBJECT_STAGE_CHANGED trial_id=Exp2_003 rel=1634.229980 unix=1781589518655 bjt=2026-06-16T13:58:38.655+08:00 condition=E3_SPATIAL_NONPROGRESSIVE object_index=2 previous_stage=0 new_stage=3 progress=1.000000 object_stages=1:3|2:3|3
2026-06-16T13:58:38.783+08:00 MARKER sdk=1 host=1 enabled=1 sent=1 result=0 message=EVENT EXP2_OBJECT_STAGE_CHANGED trial_id=Exp2_003 rel=1634.229980 unix=1781589518655 bjt=2026-06-16T13:58:38.655+08:00 condition=E3_SPATIAL_NONPROGRESSIVE object_index=3 previous_stage=0 new_stage=3 progress=1.000000 object_stages=1:3|2:3|3
2026-06-16T13:58:38.783+08:00 MARKER sdk=1 host=1 enabled=1 sent=1 result=0 message=EVENT EXP2_OBJECT_STAGE_CHANGED trial_id=Exp2_003 rel=1634.229980 unix=1781589518655 bjt=2026-06-16T13:58:38.655+08:00 condition=E3_SPATIAL_NONPROGRESSIVE object_index=4 previous_stage=0 new_stage=3 progress=1.000000 object_stages=1:3|2:3|3
2026-06-16T13:58:38.783+08:00 MARKER sdk=1 host=1 enabled=1 sent=1 result=0 message=EVENT EXP2_LOADING_COMPLETE trial_id=Exp2_003 rel=1634.229980 unix=1781589518655 bjt=2026-06-16T13:58:38.655+08:00 condition=E3_SPATIAL_NONPROGRESSIVE
2026-06-16T13:58:44.403+08:00 MARKER sdk=1 host=1 enabled=1 sent=1 result=0 message=EVENT EXP2_PENDING_SELECTION trial_id=Exp2_003 rel=1639.852173 unix=1781589524277 bjt=2026-06-16T13:58:44.277+08:00 condition=E3_SPATIAL_NONPROGRESSIVE selected=3 selected_content=2 changes=1
2026-06-16T13:58:47.156+08:00 MARKER sdk=1 host=1 enabled=1 sent=1 result=0 message=EVENT EXP2_SUBMIT_SELECTION trial_id=Exp2_003 rel=1642.604614 unix=1781589527030 bjt=2026-06-16T13:58:47.029+08:00 condition=E3_SPATIAL_NONPROGRESSIVE selected=3 selected_content=2 correct=1
2026-06-16T13:58:47.156+08:00 MARKER sdk=1 host=1 enabled=1 sent=1 result=0 message=TRIAL_RESULT Exp2_003 selected=3 correct=1
2026-06-16T14:00:05.443+08:00 MARKER sdk=1 host=1 enabled=1 sent=1 result=0 message=TRIALID Exp2_004
2026-06-16T14:00:05.443+08:00 MARKER sdk=1 host=1 enabled=1 sent=1 result=0 message=EVENT EXP2_LOADING_START trial_id=Exp2_004 rel=1720.891357 unix=1781589605317 bjt=2026-06-16T14:00:05.316+08:00 condition=E2_FIXED_PROGRESSIVE
2026-06-16T14:00:05.444+08:00 MARKER sdk=1 host=1 enabled=1 sent=1 result=0 message=TRIAL_META exp=EXP2 participant=A010 participant_output_id=A010 trial_id=Exp2_004 condition=E2_FIXED_PROGRESSIVE spatial_continuity=0 progressive_availability=1
2026-06-16T14:00:05.444+08:00 MARKER sdk=1 host=1 enabled=1 sent=1 result=0 message=TRIAL_META_TASK trial_id=Exp2_004 target_index=1 target_display_index=1 target_content_index=4 target_label=头顶
2026-06-16T14:00:05.444+08:00 MARKER sdk=1 host=1 enabled=1 sent=1 result=0 message=TRIAL_META_SEQUENCE trial_id=Exp2_004 slot_permutation=1:4|2:1|3:2|4:3 sequence_group=4 sequence_index=4
2026-06-16T14:00:09.426+08:00 MARKER sdk=1 host=1 enabled=1 sent=1 result=0 message=EVENT EXP2_OBJECT_STAGE_CHANGED trial_id=Exp2_004 rel=1724.875000 unix=1781589609300 bjt=2026-06-16T14:00:09.300+08:00 condition=E2_FIXED_PROGRESSIVE object_index=1 previous_stage=0 new_stage=1 progress=0.333512 object_stages=1:1|2:0|3:0|4:
2026-06-16T14:00:09.427+08:00 MARKER sdk=1 host=1 enabled=1 sent=1 result=0 message=EVENT EXP2_STAGE_1_START trial_id=Exp2_004 rel=1724.875000 unix=1781589609300 bjt=2026-06-16T14:00:09.300+08:00 condition=E2_FIXED_PROGRESSIVE stage=1 first_object_index=1 progress=0.333512 object_stages=1:1|2:0|3:0|4:0
2026-06-16T14:00:09.427+08:00 MARKER sdk=1 host=1 enabled=1 sent=1 result=0 message=EVENT EXP2_OBJECT_STAGE_CHANGED trial_id=Exp2_004 rel=1724.875000 unix=1781589609300 bjt=2026-06-16T14:00:09.300+08:00 condition=E2_FIXED_PROGRESSIVE object_index=2 previous_stage=0 new_stage=1 progress=0.333512 object_stages=1:1|2:1|3:0|4:
2026-06-16T14:00:09.427+08:00 MARKER sdk=1 host=1 enabled=1 sent=1 result=0 message=EVENT EXP2_OBJECT_STAGE_CHANGED trial_id=Exp2_004 rel=1724.875000 unix=1781589609300 bjt=2026-06-16T14:00:09.300+08:00 condition=E2_FIXED_PROGRESSIVE object_index=3 previous_stage=0 new_stage=1 progress=0.333512 object_stages=1:1|2:1|3:1|4:
2026-06-16T14:00:09.428+08:00 MARKER sdk=1 host=1 enabled=1 sent=1 result=0 message=EVENT EXP2_OBJECT_STAGE_CHANGED trial_id=Exp2_004 rel=1724.875000 unix=1781589609300 bjt=2026-06-16T14:00:09.300+08:00 condition=E2_FIXED_PROGRESSIVE object_index=4 previous_stage=0 new_stage=1 progress=0.333512 object_stages=1:1|2:1|3:1|4:
2026-06-16T14:00:11.438+08:00 MARKER sdk=1 host=1 enabled=1 sent=1 result=0 message=EVENT EXP2_OBJECT_STAGE_CHANGED trial_id=Exp2_004 rel=1726.887573 unix=1781589611313 bjt=2026-06-16T14:00:11.312+08:00 condition=E2_FIXED_PROGRESSIVE object_index=1 previous_stage=1 new_stage=2 progress=0.501223 object_stages=1:2|2:1|3:1|4:
2026-06-16T14:00:11.439+08:00 MARKER sdk=1 host=1 enabled=1 sent=1 result=0 message=EVENT EXP2_STAGE_2_START trial_id=Exp2_004 rel=1726.887573 unix=1781589611313 bjt=2026-06-16T14:00:11.312+08:00 condition=E2_FIXED_PROGRESSIVE stage=2 first_object_index=1 progress=0.501223 object_stages=1:2|2:1|3:1|4:1
2026-06-16T14:00:11.439+08:00 MARKER sdk=1 host=1 enabled=1 sent=1 result=0 message=EVENT EXP2_PROGRESSIVE_USABLE trial_id=Exp2_004 rel=1726.887573 unix=1781589611313 bjt=2026-06-16T14:00:11.312+08:00 condition=E2_FIXED_PROGRESSIVE target_display_index=1 target_content_index=4 target_label=头顶 stage=2 progress=0.501223
2026-06-16T14:00:11.439+08:00 MARKER sdk=1 host=1 enabled=1 sent=1 result=0 message=EVENT EXP2_OBJECT_STAGE_CHANGED trial_id=Exp2_004 rel=1726.887573 unix=1781589611313 bjt=2026-06-16T14:00:11.312+08:00 condition=E2_FIXED_PROGRESSIVE object_index=2 previous_stage=1 new_stage=2 progress=0.501223 object_stages=1:2|2:2|3:1|4:
2026-06-16T14:00:11.440+08:00 MARKER sdk=1 host=1 enabled=1 sent=1 result=0 message=EVENT EXP2_OBJECT_STAGE_CHANGED trial_id=Exp2_004 rel=1726.887573 unix=1781589611313 bjt=2026-06-16T14:00:11.312+08:00 condition=E2_FIXED_PROGRESSIVE object_index=3 previous_stage=1 new_stage=2 progress=0.501223 object_stages=1:2|2:2|3:2|4:
2026-06-16T14:00:11.441+08:00 MARKER sdk=1 host=1 enabled=1 sent=1 result=0 message=EVENT EXP2_OBJECT_STAGE_CHANGED trial_id=Exp2_004 rel=1726.887573 unix=1781589611313 bjt=2026-06-16T14:00:11.312+08:00 condition=E2_FIXED_PROGRESSIVE object_index=4 previous_stage=1 new_stage=2 progress=0.501223 object_stages=1:2|2:2|3:2|4:
2026-06-16T14:00:17.437+08:00 MARKER sdk=1 host=1 enabled=1 sent=1 result=0 message=EVENT EXP2_OBJECT_STAGE_CHANGED trial_id=Exp2_004 rel=1732.886108 unix=1781589617311 bjt=2026-06-16T14:00:17.311+08:00 condition=E2_FIXED_PROGRESSIVE object_index=1 previous_stage=2 new_stage=3 progress=1.000000 object_stages=1:3|2:2|3:2|4:
2026-06-16T14:00:17.437+08:00 MARKER sdk=1 host=1 enabled=1 sent=1 result=0 message=EVENT EXP2_STAGE_3_START trial_id=Exp2_004 rel=1732.886108 unix=1781589617311 bjt=2026-06-16T14:00:17.311+08:00 condition=E2_FIXED_PROGRESSIVE stage=3 first_object_index=1 progress=1.000000 object_stages=1:3|2:2|3:2|4:2
2026-06-16T14:00:17.438+08:00 MARKER sdk=1 host=1 enabled=1 sent=1 result=0 message=EVENT EXP2_OBJECT_STAGE_CHANGED trial_id=Exp2_004 rel=1732.886108 unix=1781589617311 bjt=2026-06-16T14:00:17.311+08:00 condition=E2_FIXED_PROGRESSIVE object_index=2 previous_stage=2 new_stage=3 progress=1.000000 object_stages=1:3|2:3|3:2|4:
2026-06-16T14:00:17.438+08:00 MARKER sdk=1 host=1 enabled=1 sent=1 result=0 message=EVENT EXP2_OBJECT_STAGE_CHANGED trial_id=Exp2_004 rel=1732.886108 unix=1781589617311 bjt=2026-06-16T14:00:17.311+08:00 condition=E2_FIXED_PROGRESSIVE object_index=3 previous_stage=2 new_stage=3 progress=1.000000 object_stages=1:3|2:3|3:3|4:
2026-06-16T14:00:17.439+08:00 MARKER sdk=1 host=1 enabled=1 sent=1 result=0 message=EVENT EXP2_OBJECT_STAGE_CHANGED trial_id=Exp2_004 rel=1732.886108 unix=1781589617311 bjt=2026-06-16T14:00:17.311+08:00 condition=E2_FIXED_PROGRESSIVE object_index=4 previous_stage=2 new_stage=3 progress=1.000000 object_stages=1:3|2:3|3:3|4:
2026-06-16T14:00:17.439+08:00 MARKER sdk=1 host=1 enabled=1 sent=1 result=0 message=EVENT EXP2_LOADING_COMPLETE trial_id=Exp2_004 rel=1732.886108 unix=1781589617311 bjt=2026-06-16T14:00:17.311+08:00 condition=E2_FIXED_PROGRESSIVE
2026-06-16T14:00:22.806+08:00 MARKER sdk=1 host=1 enabled=1 sent=1 result=0 message=EVENT EXP2_PENDING_SELECTION trial_id=Exp2_004 rel=1738.255127 unix=1781589622680 bjt=2026-06-16T14:00:22.680+08:00 condition=E2_FIXED_PROGRESSIVE selected=1 selected_content=4 changes=1
2026-06-16T14:00:25.948+08:00 MARKER sdk=1 host=1 enabled=1 sent=1 result=0 message=EVENT EXP2_SUBMIT_SELECTION trial_id=Exp2_004 rel=1741.396729 unix=1781589625822 bjt=2026-06-16T14:00:25.821+08:00 condition=E2_FIXED_PROGRESSIVE selected=1 selected_content=4 correct=1
2026-06-16T14:00:25.948+08:00 MARKER sdk=1 host=1 enabled=1 sent=1 result=0 message=TRIAL_RESULT Exp2_004 selected=1 correct=1
2026-06-16T14:01:44.215+08:00 MARKER sdk=1 host=1 enabled=1 sent=1 result=0 message=EVENT EXPERIMENT_END_SCREEN_SHOWN participant=A010 output_id=A010 unix=1781589704215 bjt=2026-06-16_14:01:44.215
2026-06-16T14:01:44.216+08:00 FORMAL_RECORDING step=FINISH_REQUESTED success=1 reason=experiment_end_door edf=FM133306.EDF recording=1 opened=1
2026-06-16T14:01:44.216+08:00 MARKER sdk=1 host=1 enabled=1 sent=1 result=0 message=FORMAL_RECORDING_END participant=A010 rel=1819.664 unix=1781589704216 bjt=2026-06-16T14:01:44.216+08:00 edf=FM133306.EDF source=ue_formal reason=experiment_end_door
2026-06-16T14:01:44.416+08:00 FORMAL_RECORDING step=END_MARKER_FLUSH_WAIT success=1 duration_ms=200
2026-06-16T14:01:44.522+08:00 FORMAL_RECORDING step=RECORDING_STOPPED success=1 result=0
2026-06-16T14:01:44.522+08:00 FORMAL_RECORDING step=EDF_CLOSED success=1 edf=FM133306.EDF result=0
2026-06-16T14:01:48.866+08:00 EDF_RECEIVE_ATTEMPT source_tag=formal attempt=full_path source=FM133306.EDF dest=../../../../../../Project/UE5/Gallery/Saved/ExperimentData/EDF/FM133306.EDF dest_is_path=0 result=92576885 exists=1 size=92576885
2026-06-16T14:01:48.866+08:00 FORMAL_RECORDING step=EDF_RECEIVED_TO_DPC success=1 edf=FM133306.EDF local=../../../../../../Project/UE5/Gallery/Saved/ExperimentData/EDF/FM133306.EDF result=92576885 size=92576885
2026-06-16T14:01:48.867+08:00 FORMAL_RECORDING step=FINISHED success=1 reason=experiment_end_door edf=FM133306.EDF local=../../../../../../Project/UE5/Gallery/Saved/ExperimentData/EDF/FM133306.EDF
