2026-06-14T13:20:31.274+08:00 STATUS start_ui_status sdk=connected host=not_connected log=
2026-06-14T13:27:18.595+08:00 FORMAL_RECORDING step=EDF_OPEN_REQUESTED success=1 participant=A031 edf=FM132718.EDF source=calibration_button
2026-06-14T13:27:18.596+08:00 CONNECT method=open_eyelink_connection ip=100.1.1.1
2026-06-14T13:27:18.634+08:00 CONNECT_RESULT method=open_eyelink_connection result=0 connected=1
2026-06-14T13:27:18.716+08:00 STATUS host_connected=1 sdk_available=1 note=connection_opened_high_level
2026-06-14T13:27:18.717+08:00 FORMAL_RECORDING step=HOST_CONNECTED success=1 sdk=1 host=1 source=calibration_button
2026-06-14T13:27:18.828+08:00 FORMAL_RECORDING step=EDF_OPENED success=1 edf=FM132718.EDF result=0 source=calibration_button
2026-06-14T13:27:18.829+08:00 FORMAL_EDF_MARKER sdk=1 host=1 opened=1 sent=1 message=FORMAL_EDF_OPENED participant=A031 rel=407.354 unix=1781414838829 bjt=2026-06-14T13:27:18.829+08:00 edf=FM132718.EDF source=ue_formal open_result=0 source_tag=calibration_button
2026-06-14T13:27:18.829+08:00 FORMAL_EDF_MARKER sdk=1 host=1 opened=1 sent=1 message=FORMAL_SESSION_PREPARED participant=A031 rel=407.354 unix=1781414838829 bjt=2026-06-14T13:27:18.829+08:00 edf=FM132718.EDF source=ue_formal calibration_complete=0
2026-06-14T13:27:18.830+08:00 FORMAL_EDF_MARKER sdk=1 host=1 opened=1 sent=1 message=CALIBRATION_REQUESTED participant=A031 rel=407.354 unix=1781414838830 bjt=2026-06-14T13:27:18.830+08:00 edf=FM132718.EDF source=ue_formal open_result=0
2026-06-14T13:27:18.830+08:00 CALIBRATION step=REQUESTED success=1 note=run_eyelink_tracker_setup
2026-06-14T13:27:18.830+08:00 CALIBRATION step=HOST_CONNECTED success=1 sdk=1 host=1 graphics=1
2026-06-14T13:27:18.840+08:00 CALIBRATION_DISPLAY_INIT success=1 result=0 error=
2026-06-14T13:27:18.840+08:00 CALIBRATION_DISPLAY_LIST count=2 requested_index=1 explicit=1
2026-06-14T13:27:18.840+08:00 CALIBRATION_DISPLAY index=0 name=Dell XPS 15 SDC414D Display bounds_result=0 x=0 y=0 w=1920 h=1080 mode_result=0 mode_w=1920 mode_h=1080 refresh=60
2026-06-14T13:27:18.840+08:00 CALIBRATION_DISPLAY index=1 name=Acer GR235H bounds_result=0 x=0 y=-1080 w=1920 h=1080 mode_result=0 mode_w=1920 mode_h=1080 refresh=60
2026-06-14T13:27:19.340+08:00 CALIBRATION step=GRAPHICS_INITIALIZED success=1 result=0 explicit_request=1 display_index=1 window_ptr=000002A906311630 width=1920 height=1080 bits=32 refresh=60.00
2026-06-14T13:27:19.353+08:00 CALIBRATION step=REGISTERED_WINDOW_MOVED success=1 requested_display=1 actual_display=1 requested_x=0 requested_y=-1080 requested_w=1920 requested_h=1080 actual_x=0 actual_y=-1080 actual_w=1920 actual_h=1080
2026-06-14T13:27:19.371+08:00 FORMAL_EDF_MARKER sdk=1 host=1 opened=1 sent=1 message=CALIBRATION_SETUP_START participant=A031 rel=407.354 unix=1781414839371 bjt=2026-06-14T13:27:19.371+08:00 edf=FM132718.EDF source=ue_formal calibration_type=HV9 width=1920 height=1080
2026-06-14T13:27:19.372+08:00 CALIBRATION step=TRACKER_SETUP_BEGIN success=1 detail=call_do_tracker_setup
2026-06-14T13:27:50.911+08:00 CALIBRATION step=TRACKER_SETUP_RETURNED success=1 result=0
2026-06-14T13:27:50.911+08:00 FORMAL_EDF_MARKER sdk=1 host=1 opened=1 sent=1 message=CALIBRATION_SETUP_END participant=A031 rel=407.354 unix=1781414870911 bjt=2026-06-14T13:27:50.911+08:00 edf=FM132718.EDF source=ue_formal setup_result=0
2026-06-14T13:27:52.954+08:00 CALIBRATION step=GRAPHICS_CLOSED success=1
2026-06-14T13:27:52.954+08:00 CALIBRATION step=CALIBRATION_WINDOW_DESTROYED success=1
2026-06-14T13:27:52.955+08:00 CALIBRATION step=FINISHED success=1 result=0
2026-06-14T13:27:52.955+08:00 FORMAL_EDF_MARKER sdk=1 host=1 opened=1 sent=1 message=CALIBRATION_STATUS participant=A031 rel=407.354 unix=1781414872955 bjt=2026-06-14T13:27:52.955+08:00 edf=FM132718.EDF source=ue_formal calibration_complete=1
2026-06-14T13:27:52.955+08:00 FORMAL_CALIBRATION step=FINISHED success=1 participant=A031 edf=FM132718.EDF open_result=0
2026-06-14T13:27:52.955+08:00 STATUS start_ui_status sdk=connected host=connected log=../../../../../../Project/UE5/Gallery/Saved/ExperimentLogs/EyeLinkMarkers_20260614_132031_274.log
2026-06-14T13:28:20.258+08:00 FORMAL_RECORDING step=EDF_ALREADY_OPEN success=1 participant=A031 edf=FM132718.EDF source=start_button_preopened calibration_complete=1
2026-06-14T13:28:20.266+08:00 FORMAL_RECORDING step=RECORDING_STARTED success=1 result=0 edf=FM132718.EDF preopened=1 calibration_complete=1
2026-06-14T13:28:20.266+08:00 MARKER sdk=1 host=1 enabled=1 sent=1 result=0 message=FORMAL_RECORDING_START participant=A031 rel=433.625 unix=1781414900266 bjt=2026-06-14T13:28:20.266+08:00 edf=FM132718.EDF source=ue_formal open_result=0 record_result=0 edf_preopened=1 calibration_complete=1
2026-06-14T13:28:20.266+08:00 STATUS formal_recording_start_requested participant=A031 success=1 edf=FM132718.EDF calibration_complete=1
2026-06-14T13:28:20.266+08:00 STATUS start_ui_status sdk=connected host=connected log=../../../../../../Project/UE5/Gallery/Saved/ExperimentLogs/EyeLinkMarkers_20260614_132031_274.log
2026-06-14T13:28:20.267+08:00 MARKER sdk=1 host=1 enabled=1 sent=1 result=0 message=RECORDING_TIME_REFERENCE participant=A031 output_id=A031_v2 rel=433.625 unix=1781414900266 bjt=2026-06-14T13:28:20.266+08:00 source=ue_session_start
2026-06-14T13:28:20.267+08:00 MARKER sdk=1 host=1 enabled=1 sent=1 result=0 message=SESSION_START participant=A031 output_id=A031_v2 rel=433.625 unix=1781414900266 bjt=2026-06-14T13:28:20.266+08:00
2026-06-14T13:28:20.267+08:00 MARKER sdk=1 host=1 enabled=1 sent=1 result=0 message=EXPERIMENT_RUN_MODE EXP1_THEN_EXP2
2026-06-14T13:28:20.776+08:00 MARKER sdk=1 host=1 enabled=1 sent=1 result=0 message=SCREEN_RECORDING_REQUEST enabled=1 started=1 participant=A031 output_id=A031_v2
2026-06-14T13:28:48.188+08:00 MARKER sdk=1 host=1 enabled=1 sent=1 result=0 message=TRIALID T001
2026-06-14T13:28:48.189+08:00 MARKER sdk=1 host=1 enabled=1 sent=1 result=0 message=EVENT LOADING_INTERACT trial=T001 rel=461.427 unix=1781414928067 bjt=2026-06-14T13:28:48.067+08:00
2026-06-14T13:28:48.189+08:00 MARKER sdk=1 host=1 enabled=1 sent=1 result=0 message=EVENT LOADING_START trial=T001 rel=461.427 unix=1781414928067 bjt=2026-06-14T13:28:48.067+08:00
2026-06-14T13:28:48.189+08:00 MARKER sdk=1 host=1 enabled=1 sent=1 result=0 message=!V TRIAL_VAR participant A031
2026-06-14T13:28:48.189+08:00 MARKER sdk=1 host=1 enabled=1 sent=1 result=0 message=!V TRIAL_VAR participant_output_id A031_v2
2026-06-14T13:28:48.189+08:00 MARKER sdk=1 host=1 enabled=1 sent=1 result=0 message=!V TRIAL_VAR experiment EXP1
2026-06-14T13:28:48.189+08:00 MARKER sdk=1 host=1 enabled=1 sent=1 result=0 message=!V TRIAL_VAR exhibit_id Ex1_TEST
2026-06-14T13:28:48.190+08:00 MARKER sdk=1 host=1 enabled=1 sent=1 result=0 message=!V TRIAL_VAR exhibit_name 测试展品
2026-06-14T13:28:48.190+08:00 MARKER sdk=1 host=1 enabled=1 sent=1 result=0 message=!V TRIAL_VAR condition A
2026-06-14T13:28:48.190+08:00 MARKER sdk=1 host=1 enabled=1 sent=1 result=0 message=!V TRIAL_VAR latin_group NA
2026-06-14T13:28:48.190+08:00 MARKER sdk=1 host=1 enabled=1 sent=1 result=0 message=!V TRIAL_VAR sequence_index -1
2026-06-14T13:28:48.190+08:00 MARKER sdk=1 host=1 enabled=1 sent=1 result=0 message=!V TRIAL_VAR sequence_label NA
2026-06-14T13:28:50.171+08:00 MARKER sdk=1 host=1 enabled=1 sent=1 result=0 message=EVENT LOADING_COMPLETE trial=T001 rel=463.421 unix=1781414930062 bjt=2026-06-14T13:28:50.061+08:00
2026-06-14T13:28:53.947+08:00 MARKER sdk=1 host=1 enabled=1 sent=1 result=0 message=EVENT VIEWER_ENTER trial=T001 rel=467.181 unix=1781414933822 bjt=2026-06-14T13:28:53.822+08:00
2026-06-14T13:28:53.948+08:00 MARKER sdk=1 host=1 enabled=1 sent=1 result=0 message=EVENT QUESTION_START trial=T001 rel=467.181 unix=1781414933822 bjt=2026-06-14T13:28:53.822+08:00 q=1 total=2 correct_index=-1 correct_label=NotAnswered
2026-06-14T13:29:02.495+08:00 MARKER sdk=1 host=1 enabled=1 sent=1 result=0 message=EVENT QUESTION_SUBMIT trial=T001 rel=475.729 unix=1781414942370 bjt=2026-06-14T13:29:02.369+08:00 q=1 option=B correct_index=-1 correct_label=NotAnswered is_correct=-1
2026-06-14T13:29:02.507+08:00 MARKER sdk=1 host=1 enabled=1 sent=1 result=0 message=EVENT QUESTION_START trial=T001 rel=475.729 unix=1781414942370 bjt=2026-06-14T13:29:02.369+08:00 q=2 total=2 correct_index=-1 correct_label=NotAnswered
2026-06-14T13:29:07.362+08:00 MARKER sdk=1 host=1 enabled=1 sent=1 result=0 message=EVENT QUESTION_SUBMIT trial=T001 rel=480.596 unix=1781414947237 bjt=2026-06-14T13:29:07.236+08:00 q=2 option=C correct_index=-1 correct_label=NotAnswered is_correct=-1
2026-06-14T13:29:08.646+08:00 MARKER sdk=1 host=1 enabled=1 sent=1 result=0 message=EVENT VIEWER_EXIT trial=T001 rel=481.897 unix=1781414948537 bjt=2026-06-14T13:29:08.537+08:00
2026-06-14T13:29:08.647+08:00 MARKER sdk=1 host=1 enabled=1 sent=1 result=0 message=EVENT TRIAL_RESULT trial=T001 rel=481.897 unix=1781414948537 bjt=2026-06-14T13:29:08.537+08:00 rows=2
2026-06-14T13:29:13.061+08:00 MARKER sdk=1 host=1 enabled=1 sent=1 result=0 message=TRIALID T002
2026-06-14T13:29:13.061+08:00 MARKER sdk=1 host=1 enabled=1 sent=1 result=0 message=EVENT LOADING_INTERACT trial=T002 rel=461.427 unix=1781414928067 bjt=2026-06-14T13:28:48.067+08:00
2026-06-14T13:29:13.062+08:00 MARKER sdk=1 host=1 enabled=1 sent=1 result=0 message=!V TRIAL_VAR participant A031
2026-06-14T13:29:13.062+08:00 MARKER sdk=1 host=1 enabled=1 sent=1 result=0 message=!V TRIAL_VAR participant_output_id A031_v2
2026-06-14T13:29:13.062+08:00 MARKER sdk=1 host=1 enabled=1 sent=1 result=0 message=!V TRIAL_VAR experiment EXP1
2026-06-14T13:29:13.062+08:00 MARKER sdk=1 host=1 enabled=1 sent=1 result=0 message=!V TRIAL_VAR exhibit_id Ex1_TEST
2026-06-14T13:29:13.062+08:00 MARKER sdk=1 host=1 enabled=1 sent=1 result=0 message=!V TRIAL_VAR exhibit_name 测试展品
2026-06-14T13:29:13.063+08:00 MARKER sdk=1 host=1 enabled=1 sent=1 result=0 message=!V TRIAL_VAR condition A
2026-06-14T13:29:13.063+08:00 MARKER sdk=1 host=1 enabled=1 sent=1 result=0 message=!V TRIAL_VAR latin_group NA
2026-06-14T13:29:13.063+08:00 MARKER sdk=1 host=1 enabled=1 sent=1 result=0 message=!V TRIAL_VAR sequence_index -1
2026-06-14T13:29:13.063+08:00 MARKER sdk=1 host=1 enabled=1 sent=1 result=0 message=!V TRIAL_VAR sequence_label NA
2026-06-14T13:29:13.063+08:00 MARKER sdk=1 host=1 enabled=1 sent=1 result=0 message=EVENT VIEWER_ENTER trial=T002 rel=486.310 unix=1781414952950 bjt=2026-06-14T13:29:12.950+08:00
2026-06-14T13:29:13.064+08:00 MARKER sdk=1 host=1 enabled=1 sent=1 result=0 message=EVENT QUESTION_START trial=T002 rel=486.310 unix=1781414952950 bjt=2026-06-14T13:29:12.950+08:00 q=1 total=2 correct_index=-1 correct_label=NotAnswered
2026-06-14T13:29:20.571+08:00 MARKER sdk=1 host=1 enabled=1 sent=1 result=0 message=EVENT VIEWER_EXIT trial=T002 rel=493.821 unix=1781414960461 bjt=2026-06-14T13:29:20.461+08:00
2026-06-14T13:29:20.571+08:00 MARKER sdk=1 host=1 enabled=1 sent=1 result=0 message=EVENT TRIAL_RESULT trial=T002 rel=493.821 unix=1781414960461 bjt=2026-06-14T13:29:20.461+08:00 rows=2
2026-06-14T13:29:50.857+08:00 MARKER sdk=1 host=1 enabled=1 sent=1 result=0 message=TRIALID T003
2026-06-14T13:29:50.857+08:00 MARKER sdk=1 host=1 enabled=1 sent=1 result=0 message=EVENT LOADING_INTERACT trial=T003 rel=524.107 unix=1781414990748 bjt=2026-06-14T13:29:50.747+08:00
2026-06-14T13:29:50.857+08:00 MARKER sdk=1 host=1 enabled=1 sent=1 result=0 message=EVENT LOADING_START trial=T003 rel=524.107 unix=1781414990748 bjt=2026-06-14T13:29:50.747+08:00
2026-06-14T13:29:50.857+08:00 MARKER sdk=1 host=1 enabled=1 sent=1 result=0 message=!V TRIAL_VAR participant A031
2026-06-14T13:29:50.858+08:00 MARKER sdk=1 host=1 enabled=1 sent=1 result=0 message=!V TRIAL_VAR participant_output_id A031_v2
2026-06-14T13:29:50.858+08:00 MARKER sdk=1 host=1 enabled=1 sent=1 result=0 message=!V TRIAL_VAR experiment EXP1
2026-06-14T13:29:50.858+08:00 MARKER sdk=1 host=1 enabled=1 sent=1 result=0 message=!V TRIAL_VAR exhibit_id 01
2026-06-14T13:29:50.858+08:00 MARKER sdk=1 host=1 enabled=1 sent=1 result=0 message=!V TRIAL_VAR exhibit_name 半岛香炉
2026-06-14T13:29:50.858+08:00 MARKER sdk=1 host=1 enabled=1 sent=1 result=0 message=!V TRIAL_VAR condition C_MINUS
2026-06-14T13:29:50.858+08:00 MARKER sdk=1 host=1 enabled=1 sent=1 result=0 message=!V TRIAL_VAR latin_group G4
2026-06-14T13:29:50.859+08:00 MARKER sdk=1 host=1 enabled=1 sent=1 result=0 message=!V TRIAL_VAR sequence_index 1
2026-06-14T13:29:50.859+08:00 MARKER sdk=1 host=1 enabled=1 sent=1 result=0 message=!V TRIAL_VAR sequence_label G4_T01
2026-06-14T13:29:50.859+08:00 MARKER sdk=1 host=1 enabled=1 sent=1 result=0 message=EVENT VIEWER_ENTER trial=T003 rel=524.107 unix=1781414990748 bjt=2026-06-14T13:29:50.747+08:00 mode=progressive_no_progress_bar
2026-06-14T13:29:56.852+08:00 MARKER sdk=1 host=1 enabled=1 sent=1 result=0 message=EVENT PROGRESSIVE_USABLE trial=T003 rel=530.102 unix=1781414996742 bjt=2026-06-14T13:29:56.742+08:00
2026-06-14T13:29:56.853+08:00 MARKER sdk=1 host=1 enabled=1 sent=1 result=0 message=EVENT QUESTION_START trial=T003 rel=530.102 unix=1781414996742 bjt=2026-06-14T13:29:56.742+08:00 q=1 total=2 correct_index=1 correct_label=B
2026-06-14T13:30:00.849+08:00 MARKER sdk=1 host=1 enabled=1 sent=1 result=0 message=EVENT LOADING_COMPLETE trial=T003 rel=534.099 unix=1781415000740 bjt=2026-06-14T13:30:00.739+08:00
2026-06-14T13:30:04.828+08:00 MARKER sdk=1 host=1 enabled=1 sent=1 result=0 message=EVENT QUESTION_SUBMIT trial=T003 rel=538.063 unix=1781415004703 bjt=2026-06-14T13:30:04.703+08:00 q=1 option=A correct_index=1 correct_label=B is_correct=0
2026-06-14T13:30:04.829+08:00 MARKER sdk=1 host=1 enabled=1 sent=1 result=0 message=EVENT QUESTION_START trial=T003 rel=538.063 unix=1781415004703 bjt=2026-06-14T13:30:04.703+08:00 q=2 total=2 correct_index=1 correct_label=B
2026-06-14T13:30:14.943+08:00 MARKER sdk=1 host=1 enabled=1 sent=1 result=0 message=EVENT QUESTION_SUBMIT trial=T003 rel=548.178 unix=1781415014818 bjt=2026-06-14T13:30:14.818+08:00 q=2 option=A correct_index=1 correct_label=B is_correct=0
2026-06-14T13:30:16.030+08:00 MARKER sdk=1 host=1 enabled=1 sent=1 result=0 message=EVENT VIEWER_EXIT trial=T003 rel=549.280 unix=1781415015921 bjt=2026-06-14T13:30:15.920+08:00
2026-06-14T13:30:16.031+08:00 MARKER sdk=1 host=1 enabled=1 sent=1 result=0 message=EVENT TRIAL_RESULT trial=T003 rel=549.280 unix=1781415015921 bjt=2026-06-14T13:30:15.920+08:00 rows=2
2026-06-14T13:32:03.531+08:00 MARKER sdk=1 host=1 enabled=1 sent=1 result=0 message=TRIALID T004
2026-06-14T13:32:03.531+08:00 MARKER sdk=1 host=1 enabled=1 sent=1 result=0 message=EVENT LOADING_INTERACT trial=T004 rel=656.780 unix=1781415123421 bjt=2026-06-14T13:32:03.420+08:00
2026-06-14T13:32:03.531+08:00 MARKER sdk=1 host=1 enabled=1 sent=1 result=0 message=EVENT LOADING_START trial=T004 rel=656.780 unix=1781415123421 bjt=2026-06-14T13:32:03.420+08:00
2026-06-14T13:32:03.532+08:00 MARKER sdk=1 host=1 enabled=1 sent=1 result=0 message=!V TRIAL_VAR participant A031
2026-06-14T13:32:03.532+08:00 MARKER sdk=1 host=1 enabled=1 sent=1 result=0 message=!V TRIAL_VAR participant_output_id A031_v2
2026-06-14T13:32:03.532+08:00 MARKER sdk=1 host=1 enabled=1 sent=1 result=0 message=!V TRIAL_VAR experiment EXP1
2026-06-14T13:32:03.532+08:00 MARKER sdk=1 host=1 enabled=1 sent=1 result=0 message=!V TRIAL_VAR exhibit_id 02
2026-06-14T13:32:03.532+08:00 MARKER sdk=1 host=1 enabled=1 sent=1 result=0 message=!V TRIAL_VAR exhibit_name 中国青铜器
2026-06-14T13:32:03.532+08:00 MARKER sdk=1 host=1 enabled=1 sent=1 result=0 message=!V TRIAL_VAR condition C
2026-06-14T13:32:03.532+08:00 MARKER sdk=1 host=1 enabled=1 sent=1 result=0 message=!V TRIAL_VAR latin_group G4
2026-06-14T13:32:03.532+08:00 MARKER sdk=1 host=1 enabled=1 sent=1 result=0 message=!V TRIAL_VAR sequence_index 2
2026-06-14T13:32:03.532+08:00 MARKER sdk=1 host=1 enabled=1 sent=1 result=0 message=!V TRIAL_VAR sequence_label G4_T02
2026-06-14T13:32:03.533+08:00 MARKER sdk=1 host=1 enabled=1 sent=1 result=0 message=EVENT VIEWER_ENTER trial=T004 rel=656.780 unix=1781415123421 bjt=2026-06-14T13:32:03.420+08:00 mode=progressive
2026-06-14T13:32:09.516+08:00 MARKER sdk=1 host=1 enabled=1 sent=1 result=0 message=EVENT PROGRESSIVE_USABLE trial=T004 rel=662.765 unix=1781415129406 bjt=2026-06-14T13:32:09.405+08:00
2026-06-14T13:32:09.517+08:00 MARKER sdk=1 host=1 enabled=1 sent=1 result=0 message=EVENT QUESTION_START trial=T004 rel=662.765 unix=1781415129406 bjt=2026-06-14T13:32:09.405+08:00 q=1 total=2 correct_index=1 correct_label=B
2026-06-14T13:32:13.526+08:00 MARKER sdk=1 host=1 enabled=1 sent=1 result=0 message=EVENT LOADING_COMPLETE trial=T004 rel=666.777 unix=1781415133417 bjt=2026-06-14T13:32:13.417+08:00
2026-06-14T13:32:14.797+08:00 MARKER sdk=1 host=1 enabled=1 sent=1 result=0 message=EVENT QUESTION_SUBMIT trial=T004 rel=668.032 unix=1781415134672 bjt=2026-06-14T13:32:14.672+08:00 q=1 option=A correct_index=1 correct_label=B is_correct=0
2026-06-14T13:32:14.798+08:00 MARKER sdk=1 host=1 enabled=1 sent=1 result=0 message=EVENT QUESTION_START trial=T004 rel=668.032 unix=1781415134672 bjt=2026-06-14T13:32:14.672+08:00 q=2 total=2 correct_index=1 correct_label=B
2026-06-14T13:32:23.746+08:00 MARKER sdk=1 host=1 enabled=1 sent=1 result=0 message=EVENT QUESTION_SUBMIT trial=T004 rel=676.981 unix=1781415143621 bjt=2026-06-14T13:32:23.621+08:00 q=2 option=B correct_index=1 correct_label=B is_correct=1
2026-06-14T13:32:25.493+08:00 MARKER sdk=1 host=1 enabled=1 sent=1 result=0 message=EVENT VIEWER_EXIT trial=T004 rel=678.744 unix=1781415145384 bjt=2026-06-14T13:32:25.384+08:00
2026-06-14T13:32:25.494+08:00 MARKER sdk=1 host=1 enabled=1 sent=1 result=0 message=EVENT TRIAL_RESULT trial=T004 rel=678.744 unix=1781415145384 bjt=2026-06-14T13:32:25.384+08:00 rows=2
2026-06-14T13:33:31.500+08:00 MARKER sdk=1 host=1 enabled=1 sent=1 result=0 message=TRIALID T005
2026-06-14T13:33:31.501+08:00 MARKER sdk=1 host=1 enabled=1 sent=1 result=0 message=EVENT LOADING_INTERACT trial=T005 rel=744.750 unix=1781415211391 bjt=2026-06-14T13:33:31.390+08:00
2026-06-14T13:33:31.501+08:00 MARKER sdk=1 host=1 enabled=1 sent=1 result=0 message=EVENT LOADING_START trial=T005 rel=744.750 unix=1781415211391 bjt=2026-06-14T13:33:31.390+08:00
2026-06-14T13:33:31.501+08:00 MARKER sdk=1 host=1 enabled=1 sent=1 result=0 message=!V TRIAL_VAR participant A031
2026-06-14T13:33:31.501+08:00 MARKER sdk=1 host=1 enabled=1 sent=1 result=0 message=!V TRIAL_VAR participant_output_id A031_v2
2026-06-14T13:33:31.501+08:00 MARKER sdk=1 host=1 enabled=1 sent=1 result=0 message=!V TRIAL_VAR experiment EXP1
2026-06-14T13:33:31.501+08:00 MARKER sdk=1 host=1 enabled=1 sent=1 result=0 message=!V TRIAL_VAR exhibit_id 03
2026-06-14T13:33:31.502+08:00 MARKER sdk=1 host=1 enabled=1 sent=1 result=0 message=!V TRIAL_VAR exhibit_name 希腊陶具
2026-06-14T13:33:31.502+08:00 MARKER sdk=1 host=1 enabled=1 sent=1 result=0 message=!V TRIAL_VAR condition A
2026-06-14T13:33:31.502+08:00 MARKER sdk=1 host=1 enabled=1 sent=1 result=0 message=!V TRIAL_VAR latin_group G4
2026-06-14T13:33:31.502+08:00 MARKER sdk=1 host=1 enabled=1 sent=1 result=0 message=!V TRIAL_VAR sequence_index 3
2026-06-14T13:33:31.502+08:00 MARKER sdk=1 host=1 enabled=1 sent=1 result=0 message=!V TRIAL_VAR sequence_label G4_T03
2026-06-14T13:33:41.494+08:00 MARKER sdk=1 host=1 enabled=1 sent=1 result=0 message=EVENT LOADING_COMPLETE trial=T005 rel=754.744 unix=1781415221385 bjt=2026-06-14T13:33:41.384+08:00
2026-06-14T13:33:45.313+08:00 MARKER sdk=1 host=1 enabled=1 sent=1 result=0 message=EVENT VIEWER_ENTER trial=T005 rel=758.563 unix=1781415225204 bjt=2026-06-14T13:33:45.203+08:00
2026-06-14T13:33:45.313+08:00 MARKER sdk=1 host=1 enabled=1 sent=1 result=0 message=EVENT QUESTION_START trial=T005 rel=758.563 unix=1781415225204 bjt=2026-06-14T13:33:45.203+08:00 q=1 total=2 correct_index=0 correct_label=A
2026-06-14T13:33:49.478+08:00 MARKER sdk=1 host=1 enabled=1 sent=1 result=0 message=EVENT QUESTION_SUBMIT trial=T005 rel=762.711 unix=1781415229351 bjt=2026-06-14T13:33:49.351+08:00 q=1 option=C correct_index=0 correct_label=A is_correct=0
2026-06-14T13:33:49.479+08:00 MARKER sdk=1 host=1 enabled=1 sent=1 result=0 message=EVENT QUESTION_START trial=T005 rel=762.711 unix=1781415229351 bjt=2026-06-14T13:33:49.351+08:00 q=2 total=2 correct_index=2 correct_label=C
2026-06-14T13:33:52.039+08:00 MARKER sdk=1 host=1 enabled=1 sent=1 result=0 message=EVENT QUESTION_SUBMIT trial=T005 rel=765.268 unix=1781415231909 bjt=2026-06-14T13:33:51.908+08:00 q=2 option=C correct_index=2 correct_label=C is_correct=1
2026-06-14T13:33:53.242+08:00 MARKER sdk=1 host=1 enabled=1 sent=1 result=0 message=EVENT VIEWER_EXIT trial=T005 rel=766.492 unix=1781415233133 bjt=2026-06-14T13:33:53.133+08:00
2026-06-14T13:33:53.243+08:00 MARKER sdk=1 host=1 enabled=1 sent=1 result=0 message=EVENT TRIAL_RESULT trial=T005 rel=766.492 unix=1781415233133 bjt=2026-06-14T13:33:53.133+08:00 rows=2
2026-06-14T13:35:14.878+08:00 MARKER sdk=1 host=1 enabled=1 sent=1 result=0 message=TRIALID T006
2026-06-14T13:35:14.879+08:00 MARKER sdk=1 host=1 enabled=1 sent=1 result=0 message=EVENT LOADING_INTERACT trial=T006 rel=848.129 unix=1781415314769 bjt=2026-06-14T13:35:14.769+08:00
2026-06-14T13:35:14.879+08:00 MARKER sdk=1 host=1 enabled=1 sent=1 result=0 message=EVENT LOADING_START trial=T006 rel=848.129 unix=1781415314769 bjt=2026-06-14T13:35:14.769+08:00
2026-06-14T13:35:14.879+08:00 MARKER sdk=1 host=1 enabled=1 sent=1 result=0 message=!V TRIAL_VAR participant A031
2026-06-14T13:35:14.879+08:00 MARKER sdk=1 host=1 enabled=1 sent=1 result=0 message=!V TRIAL_VAR participant_output_id A031_v2
2026-06-14T13:35:14.879+08:00 MARKER sdk=1 host=1 enabled=1 sent=1 result=0 message=!V TRIAL_VAR experiment EXP1
2026-06-14T13:35:14.879+08:00 MARKER sdk=1 host=1 enabled=1 sent=1 result=0 message=!V TRIAL_VAR exhibit_id 04
2026-06-14T13:35:14.880+08:00 MARKER sdk=1 host=1 enabled=1 sent=1 result=0 message=!V TRIAL_VAR exhibit_name 中国花瓶
2026-06-14T13:35:14.880+08:00 MARKER sdk=1 host=1 enabled=1 sent=1 result=0 message=!V TRIAL_VAR condition A_PLUS
2026-06-14T13:35:14.880+08:00 MARKER sdk=1 host=1 enabled=1 sent=1 result=0 message=!V TRIAL_VAR latin_group G4
2026-06-14T13:35:14.880+08:00 MARKER sdk=1 host=1 enabled=1 sent=1 result=0 message=!V TRIAL_VAR sequence_index 4
2026-06-14T13:35:14.880+08:00 MARKER sdk=1 host=1 enabled=1 sent=1 result=0 message=!V TRIAL_VAR sequence_label G4_T04
2026-06-14T13:35:24.859+08:00 MARKER sdk=1 host=1 enabled=1 sent=1 result=0 message=EVENT LOADING_COMPLETE trial=T006 rel=858.110 unix=1781415324750 bjt=2026-06-14T13:35:24.750+08:00
2026-06-14T13:35:26.552+08:00 MARKER sdk=1 host=1 enabled=1 sent=1 result=0 message=EVENT VIEWER_ENTER trial=T006 rel=859.801 unix=1781415326441 bjt=2026-06-14T13:35:26.441+08:00
2026-06-14T13:35:26.553+08:00 MARKER sdk=1 host=1 enabled=1 sent=1 result=0 message=EVENT QUESTION_START trial=T006 rel=859.801 unix=1781415326441 bjt=2026-06-14T13:35:26.441+08:00 q=1 total=2 correct_index=2 correct_label=C
2026-06-14T13:35:30.060+08:00 MARKER sdk=1 host=1 enabled=1 sent=1 result=0 message=EVENT QUESTION_SUBMIT trial=T006 rel=863.295 unix=1781415329936 bjt=2026-06-14T13:35:29.935+08:00 q=1 option=C correct_index=2 correct_label=C is_correct=1
2026-06-14T13:35:30.061+08:00 MARKER sdk=1 host=1 enabled=1 sent=1 result=0 message=EVENT QUESTION_START trial=T006 rel=863.295 unix=1781415329936 bjt=2026-06-14T13:35:29.935+08:00 q=2 total=2 correct_index=3 correct_label=D
2026-06-14T13:35:32.256+08:00 MARKER sdk=1 host=1 enabled=1 sent=1 result=0 message=EVENT QUESTION_SUBMIT trial=T006 rel=865.491 unix=1781415332131 bjt=2026-06-14T13:35:32.131+08:00 q=2 option=D correct_index=3 correct_label=D is_correct=1
2026-06-14T13:35:33.338+08:00 MARKER sdk=1 host=1 enabled=1 sent=1 result=0 message=EVENT VIEWER_EXIT trial=T006 rel=866.588 unix=1781415333228 bjt=2026-06-14T13:35:33.228+08:00
2026-06-14T13:35:33.338+08:00 MARKER sdk=1 host=1 enabled=1 sent=1 result=0 message=EVENT TRIAL_RESULT trial=T006 rel=866.588 unix=1781415333228 bjt=2026-06-14T13:35:33.228+08:00 rows=2
2026-06-14T13:36:22.268+08:00 MARKER sdk=1 host=1 enabled=1 sent=1 result=0 message=TRIALID T007
2026-06-14T13:36:22.268+08:00 MARKER sdk=1 host=1 enabled=1 sent=1 result=0 message=EVENT LOADING_INTERACT trial=T007 rel=915.516 unix=1781415382156 bjt=2026-06-14T13:36:22.156+08:00
2026-06-14T13:36:22.268+08:00 MARKER sdk=1 host=1 enabled=1 sent=1 result=0 message=EVENT LOADING_START trial=T007 rel=915.516 unix=1781415382156 bjt=2026-06-14T13:36:22.156+08:00
2026-06-14T13:36:22.268+08:00 MARKER sdk=1 host=1 enabled=1 sent=1 result=0 message=!V TRIAL_VAR participant A031
2026-06-14T13:36:22.269+08:00 MARKER sdk=1 host=1 enabled=1 sent=1 result=0 message=!V TRIAL_VAR participant_output_id A031_v2
2026-06-14T13:36:22.269+08:00 MARKER sdk=1 host=1 enabled=1 sent=1 result=0 message=!V TRIAL_VAR experiment EXP1
2026-06-14T13:36:22.269+08:00 MARKER sdk=1 host=1 enabled=1 sent=1 result=0 message=!V TRIAL_VAR exhibit_id 05
2026-06-14T13:36:22.269+08:00 MARKER sdk=1 host=1 enabled=1 sent=1 result=0 message=!V TRIAL_VAR exhibit_name 雅典双耳罐
2026-06-14T13:36:22.269+08:00 MARKER sdk=1 host=1 enabled=1 sent=1 result=0 message=!V TRIAL_VAR condition B
2026-06-14T13:36:22.269+08:00 MARKER sdk=1 host=1 enabled=1 sent=1 result=0 message=!V TRIAL_VAR latin_group G4
2026-06-14T13:36:22.269+08:00 MARKER sdk=1 host=1 enabled=1 sent=1 result=0 message=!V TRIAL_VAR sequence_index 5
2026-06-14T13:36:22.270+08:00 MARKER sdk=1 host=1 enabled=1 sent=1 result=0 message=!V TRIAL_VAR sequence_label G4_T05
2026-06-14T13:36:32.266+08:00 MARKER sdk=1 host=1 enabled=1 sent=1 result=0 message=EVENT LOADING_COMPLETE trial=T007 rel=925.516 unix=1781415392156 bjt=2026-06-14T13:36:32.156+08:00
2026-06-14T13:36:35.582+08:00 MARKER sdk=1 host=1 enabled=1 sent=1 result=0 message=EVENT VIEWER_ENTER trial=T007 rel=928.832 unix=1781415395473 bjt=2026-06-14T13:36:35.472+08:00
2026-06-14T13:36:35.582+08:00 MARKER sdk=1 host=1 enabled=1 sent=1 result=0 message=EVENT QUESTION_START trial=T007 rel=928.832 unix=1781415395473 bjt=2026-06-14T13:36:35.472+08:00 q=1 total=2 correct_index=0 correct_label=A
2026-06-14T13:36:41.699+08:00 MARKER sdk=1 host=1 enabled=1 sent=1 result=0 message=EVENT QUESTION_SUBMIT trial=T007 rel=934.934 unix=1781415401574 bjt=2026-06-14T13:36:41.574+08:00 q=1 option=A correct_index=0 correct_label=A is_correct=1
2026-06-14T13:36:41.700+08:00 MARKER sdk=1 host=1 enabled=1 sent=1 result=0 message=EVENT QUESTION_START trial=T007 rel=934.934 unix=1781415401574 bjt=2026-06-14T13:36:41.574+08:00 q=2 total=2 correct_index=2 correct_label=C
2026-06-14T13:36:43.552+08:00 MARKER sdk=1 host=1 enabled=1 sent=1 result=0 message=EVENT QUESTION_SUBMIT trial=T007 rel=936.780 unix=1781415403421 bjt=2026-06-14T13:36:43.420+08:00 q=2 option=C correct_index=2 correct_label=C is_correct=1
2026-06-14T13:36:44.282+08:00 MARKER sdk=1 host=1 enabled=1 sent=1 result=0 message=EVENT VIEWER_EXIT trial=T007 rel=937.532 unix=1781415404173 bjt=2026-06-14T13:36:44.172+08:00
2026-06-14T13:36:44.282+08:00 MARKER sdk=1 host=1 enabled=1 sent=1 result=0 message=EVENT TRIAL_RESULT trial=T007 rel=937.532 unix=1781415404173 bjt=2026-06-14T13:36:44.172+08:00 rows=2
2026-06-14T13:43:46.213+08:00 MARKER sdk=1 host=1 enabled=1 sent=1 result=0 message=TRIALID Exp2_001
2026-06-14T13:43:46.213+08:00 MARKER sdk=1 host=1 enabled=1 sent=1 result=0 message=!V TRIAL_VAR participant A031
2026-06-14T13:43:46.213+08:00 MARKER sdk=1 host=1 enabled=1 sent=1 result=0 message=!V TRIAL_VAR participant_output_id A031_v2
2026-06-14T13:43:46.213+08:00 MARKER sdk=1 host=1 enabled=1 sent=1 result=0 message=!V TRIAL_VAR experiment EXP2
2026-06-14T13:43:46.214+08:00 MARKER sdk=1 host=1 enabled=1 sent=1 result=0 message=!V TRIAL_VAR condition E1_SPATIAL_PROGRESSIVE
2026-06-14T13:43:46.214+08:00 MARKER sdk=1 host=1 enabled=1 sent=1 result=0 message=!V TRIAL_VAR spatial_continuity 1
2026-06-14T13:43:46.214+08:00 MARKER sdk=1 host=1 enabled=1 sent=1 result=0 message=!V TRIAL_VAR progressive_availability 1
2026-06-14T13:43:46.214+08:00 MARKER sdk=1 host=1 enabled=1 sent=1 result=0 message=!V TRIAL_VAR target_index 1
2026-06-14T13:43:46.214+08:00 MARKER sdk=1 host=1 enabled=1 sent=1 result=0 message=!V TRIAL_VAR target_display_index 1
2026-06-14T13:43:46.214+08:00 MARKER sdk=1 host=1 enabled=1 sent=1 result=0 message=!V TRIAL_VAR target_content_index 1
2026-06-14T13:43:46.215+08:00 MARKER sdk=1 host=1 enabled=1 sent=1 result=0 message=!V TRIAL_VAR target_label 左脸
2026-06-14T13:43:46.215+08:00 MARKER sdk=1 host=1 enabled=1 sent=1 result=0 message=!V TRIAL_VAR slot_permutation 1:1|2:2|3:3|4:4
2026-06-14T13:43:46.215+08:00 MARKER sdk=1 host=1 enabled=1 sent=1 result=0 message=!V TRIAL_VAR sequence_group 1
2026-06-14T13:43:46.215+08:00 MARKER sdk=1 host=1 enabled=1 sent=1 result=0 message=!V TRIAL_VAR sequence_index 1
2026-06-14T13:43:46.215+08:00 MARKER sdk=1 host=1 enabled=1 sent=1 result=0 message=EVENT EXP2_LOADING_START trial_id=Exp2_001 rel=1359.448242 unix=1781415826089 bjt=2026-06-14T13:43:46.088+08:00 condition=E1_SPATIAL_PROGRESSIVE
2026-06-14T13:43:50.190+08:00 MARKER sdk=1 host=1 enabled=1 sent=1 result=0 message=EVENT EXP2_OBJECT_STAGE_CHANGED trial_id=Exp2_001 rel=1363.441284 unix=1781415830082 bjt=2026-06-14T13:43:50.081+08:00 condition=E1_SPATIAL_PROGRESSIVE object_index=1 previous_stage=0 new_stage=1 progress=0.334378 object_stages=1:1|2:0|3:0|
2026-06-14T13:43:50.191+08:00 MARKER sdk=1 host=1 enabled=1 sent=1 result=0 message=EVENT EXP2_STAGE_1_START trial_id=Exp2_001 rel=1363.441284 unix=1781415830082 bjt=2026-06-14T13:43:50.081+08:00 condition=E1_SPATIAL_PROGRESSIVE stage=1 first_object_index=1 progress=0.334378 object_stages=1:1|2:0|3:0|4:0
2026-06-14T13:43:50.192+08:00 MARKER sdk=1 host=1 enabled=1 sent=1 result=0 message=EVENT EXP2_OBJECT_STAGE_CHANGED trial_id=Exp2_001 rel=1363.441284 unix=1781415830082 bjt=2026-06-14T13:43:50.081+08:00 condition=E1_SPATIAL_PROGRESSIVE object_index=2 previous_stage=0 new_stage=1 progress=0.334378 object_stages=1:1|2:1|3:0|
2026-06-14T13:43:50.193+08:00 MARKER sdk=1 host=1 enabled=1 sent=1 result=0 message=EVENT EXP2_OBJECT_STAGE_CHANGED trial_id=Exp2_001 rel=1363.441284 unix=1781415830082 bjt=2026-06-14T13:43:50.081+08:00 condition=E1_SPATIAL_PROGRESSIVE object_index=3 previous_stage=0 new_stage=1 progress=0.334378 object_stages=1:1|2:1|3:1|
2026-06-14T13:43:50.193+08:00 MARKER sdk=1 host=1 enabled=1 sent=1 result=0 message=EVENT EXP2_OBJECT_STAGE_CHANGED trial_id=Exp2_001 rel=1363.441284 unix=1781415830082 bjt=2026-06-14T13:43:50.081+08:00 condition=E1_SPATIAL_PROGRESSIVE object_index=4 previous_stage=0 new_stage=1 progress=0.334378 object_stages=1:1|2:1|3:1|
2026-06-14T13:43:52.186+08:00 MARKER sdk=1 host=1 enabled=1 sent=1 result=0 message=EVENT EXP2_OBJECT_STAGE_CHANGED trial_id=Exp2_001 rel=1365.436523 unix=1781415832077 bjt=2026-06-14T13:43:52.077+08:00 condition=E1_SPATIAL_PROGRESSIVE object_index=1 previous_stage=1 new_stage=2 progress=0.500641 object_stages=1:2|2:1|3:1|
2026-06-14T13:43:52.198+08:00 MARKER sdk=1 host=1 enabled=1 sent=1 result=0 message=EVENT EXP2_STAGE_2_START trial_id=Exp2_001 rel=1365.436523 unix=1781415832077 bjt=2026-06-14T13:43:52.077+08:00 condition=E1_SPATIAL_PROGRESSIVE stage=2 first_object_index=1 progress=0.500641 object_stages=1:2|2:1|3:1|4:1
2026-06-14T13:43:52.199+08:00 MARKER sdk=1 host=1 enabled=1 sent=1 result=0 message=EVENT EXP2_PROGRESSIVE_USABLE trial_id=Exp2_001 rel=1365.436523 unix=1781415832077 bjt=2026-06-14T13:43:52.077+08:00 condition=E1_SPATIAL_PROGRESSIVE target_display_index=1 target_content_index=1 target_label=左脸 stage=2 progress=0.500641
2026-06-14T13:43:52.200+08:00 MARKER sdk=1 host=1 enabled=1 sent=1 result=0 message=EVENT EXP2_OBJECT_STAGE_CHANGED trial_id=Exp2_001 rel=1365.436523 unix=1781415832077 bjt=2026-06-14T13:43:52.077+08:00 condition=E1_SPATIAL_PROGRESSIVE object_index=2 previous_stage=1 new_stage=2 progress=0.500641 object_stages=1:2|2:2|3:1|
2026-06-14T13:43:52.201+08:00 MARKER sdk=1 host=1 enabled=1 sent=1 result=0 message=EVENT EXP2_OBJECT_STAGE_CHANGED trial_id=Exp2_001 rel=1365.436523 unix=1781415832077 bjt=2026-06-14T13:43:52.077+08:00 condition=E1_SPATIAL_PROGRESSIVE object_index=3 previous_stage=1 new_stage=2 progress=0.500641 object_stages=1:2|2:2|3:2|
2026-06-14T13:43:52.201+08:00 MARKER sdk=1 host=1 enabled=1 sent=1 result=0 message=EVENT EXP2_OBJECT_STAGE_CHANGED trial_id=Exp2_001 rel=1365.436523 unix=1781415832077 bjt=2026-06-14T13:43:52.077+08:00 condition=E1_SPATIAL_PROGRESSIVE object_index=4 previous_stage=1 new_stage=2 progress=0.500641 object_stages=1:2|2:2|3:2|
2026-06-14T13:43:58.195+08:00 MARKER sdk=1 host=1 enabled=1 sent=1 result=0 message=EVENT EXP2_OBJECT_STAGE_CHANGED trial_id=Exp2_001 rel=1371.445190 unix=1781415838086 bjt=2026-06-14T13:43:58.085+08:00 condition=E1_SPATIAL_PROGRESSIVE object_index=1 previous_stage=2 new_stage=3 progress=1.000000 object_stages=1:3|2:2|3:2|
2026-06-14T13:43:58.196+08:00 MARKER sdk=1 host=1 enabled=1 sent=1 result=0 message=EVENT EXP2_STAGE_3_START trial_id=Exp2_001 rel=1371.445190 unix=1781415838086 bjt=2026-06-14T13:43:58.085+08:00 condition=E1_SPATIAL_PROGRESSIVE stage=3 first_object_index=1 progress=1.000000 object_stages=1:3|2:2|3:2|4:2
2026-06-14T13:43:58.196+08:00 MARKER sdk=1 host=1 enabled=1 sent=1 result=0 message=EVENT EXP2_OBJECT_STAGE_CHANGED trial_id=Exp2_001 rel=1371.445190 unix=1781415838086 bjt=2026-06-14T13:43:58.085+08:00 condition=E1_SPATIAL_PROGRESSIVE object_index=2 previous_stage=2 new_stage=3 progress=1.000000 object_stages=1:3|2:3|3:2|
2026-06-14T13:43:58.197+08:00 MARKER sdk=1 host=1 enabled=1 sent=1 result=0 message=EVENT EXP2_OBJECT_STAGE_CHANGED trial_id=Exp2_001 rel=1371.445190 unix=1781415838086 bjt=2026-06-14T13:43:58.085+08:00 condition=E1_SPATIAL_PROGRESSIVE object_index=3 previous_stage=2 new_stage=3 progress=1.000000 object_stages=1:3|2:3|3:3|
2026-06-14T13:43:58.198+08:00 MARKER sdk=1 host=1 enabled=1 sent=1 result=0 message=EVENT EXP2_OBJECT_STAGE_CHANGED trial_id=Exp2_001 rel=1371.445190 unix=1781415838086 bjt=2026-06-14T13:43:58.085+08:00 condition=E1_SPATIAL_PROGRESSIVE object_index=4 previous_stage=2 new_stage=3 progress=1.000000 object_stages=1:3|2:3|3:3|
2026-06-14T13:43:58.198+08:00 MARKER sdk=1 host=1 enabled=1 sent=1 result=0 message=EVENT EXP2_LOADING_COMPLETE trial_id=Exp2_001 rel=1371.445190 unix=1781415838086 bjt=2026-06-14T13:43:58.085+08:00 condition=E1_SPATIAL_PROGRESSIVE
2026-06-14T13:44:14.777+08:00 MARKER sdk=1 host=1 enabled=1 sent=1 result=0 message=EVENT EXP2_PENDING_SELECTION trial_id=Exp2_001 rel=1388.027832 unix=1781415854668 bjt=2026-06-14T13:44:14.668+08:00 condition=E1_SPATIAL_PROGRESSIVE selected=1 selected_content=1 changes=1
2026-06-14T13:44:23.554+08:00 MARKER sdk=1 host=1 enabled=1 sent=1 result=0 message=EVENT EXP2_SUBMIT_SELECTION trial_id=Exp2_001 rel=1396.803955 unix=1781415863444 bjt=2026-06-14T13:44:23.444+08:00 condition=E1_SPATIAL_PROGRESSIVE selected=1 selected_content=1 correct=1
2026-06-14T13:44:23.555+08:00 MARKER sdk=1 host=1 enabled=1 sent=1 result=0 message=TRIAL_RESULT Exp2_001 selected=1 correct=1
2026-06-14T13:46:29.060+08:00 MARKER sdk=1 host=1 enabled=1 sent=1 result=0 message=TRIALID Exp2_002
2026-06-14T13:46:29.060+08:00 MARKER sdk=1 host=1 enabled=1 sent=1 result=0 message=!V TRIAL_VAR participant A031
2026-06-14T13:46:29.060+08:00 MARKER sdk=1 host=1 enabled=1 sent=1 result=0 message=!V TRIAL_VAR participant_output_id A031_v2
2026-06-14T13:46:29.060+08:00 MARKER sdk=1 host=1 enabled=1 sent=1 result=0 message=!V TRIAL_VAR experiment EXP2
2026-06-14T13:46:29.060+08:00 MARKER sdk=1 host=1 enabled=1 sent=1 result=0 message=!V TRIAL_VAR condition E2_FIXED_PROGRESSIVE
2026-06-14T13:46:29.061+08:00 MARKER sdk=1 host=1 enabled=1 sent=1 result=0 message=!V TRIAL_VAR spatial_continuity 0
2026-06-14T13:46:29.061+08:00 MARKER sdk=1 host=1 enabled=1 sent=1 result=0 message=!V TRIAL_VAR progressive_availability 1
2026-06-14T13:46:29.061+08:00 MARKER sdk=1 host=1 enabled=1 sent=1 result=0 message=!V TRIAL_VAR target_index 2
2026-06-14T13:46:29.061+08:00 MARKER sdk=1 host=1 enabled=1 sent=1 result=0 message=!V TRIAL_VAR target_display_index 2
2026-06-14T13:46:29.061+08:00 MARKER sdk=1 host=1 enabled=1 sent=1 result=0 message=!V TRIAL_VAR target_content_index 2
2026-06-14T13:46:29.061+08:00 MARKER sdk=1 host=1 enabled=1 sent=1 result=0 message=!V TRIAL_VAR target_label 右脸
2026-06-14T13:46:29.061+08:00 MARKER sdk=1 host=1 enabled=1 sent=1 result=0 message=!V TRIAL_VAR slot_permutation 1:3|2:2|3:4|4:1
2026-06-14T13:46:29.061+08:00 MARKER sdk=1 host=1 enabled=1 sent=1 result=0 message=!V TRIAL_VAR sequence_group 1
2026-06-14T13:46:29.061+08:00 MARKER sdk=1 host=1 enabled=1 sent=1 result=0 message=!V TRIAL_VAR sequence_index 2
2026-06-14T13:46:29.061+08:00 MARKER sdk=1 host=1 enabled=1 sent=1 result=0 message=EVENT EXP2_LOADING_START trial_id=Exp2_002 rel=1522.309937 unix=1781415988950 bjt=2026-06-14T13:46:28.950+08:00 condition=E2_FIXED_PROGRESSIVE
2026-06-14T13:46:33.049+08:00 MARKER sdk=1 host=1 enabled=1 sent=1 result=0 message=EVENT EXP2_OBJECT_STAGE_CHANGED trial_id=Exp2_002 rel=1526.300781 unix=1781415992941 bjt=2026-06-14T13:46:32.941+08:00 condition=E2_FIXED_PROGRESSIVE object_index=1 previous_stage=0 new_stage=1 progress=0.333953 object_stages=1:1|2:0|3:0|4:
2026-06-14T13:46:33.050+08:00 MARKER sdk=1 host=1 enabled=1 sent=1 result=0 message=EVENT EXP2_STAGE_1_START trial_id=Exp2_002 rel=1526.300781 unix=1781415992941 bjt=2026-06-14T13:46:32.941+08:00 condition=E2_FIXED_PROGRESSIVE stage=1 first_object_index=1 progress=0.333953 object_stages=1:1|2:0|3:0|4:0
2026-06-14T13:46:33.050+08:00 MARKER sdk=1 host=1 enabled=1 sent=1 result=0 message=EVENT EXP2_OBJECT_STAGE_CHANGED trial_id=Exp2_002 rel=1526.300781 unix=1781415992941 bjt=2026-06-14T13:46:32.941+08:00 condition=E2_FIXED_PROGRESSIVE object_index=2 previous_stage=0 new_stage=1 progress=0.333953 object_stages=1:1|2:1|3:0|4:
2026-06-14T13:46:33.051+08:00 MARKER sdk=1 host=1 enabled=1 sent=1 result=0 message=EVENT EXP2_OBJECT_STAGE_CHANGED trial_id=Exp2_002 rel=1526.300781 unix=1781415992941 bjt=2026-06-14T13:46:32.941+08:00 condition=E2_FIXED_PROGRESSIVE object_index=3 previous_stage=0 new_stage=1 progress=0.333953 object_stages=1:1|2:1|3:1|4:
2026-06-14T13:46:33.051+08:00 MARKER sdk=1 host=1 enabled=1 sent=1 result=0 message=EVENT EXP2_OBJECT_STAGE_CHANGED trial_id=Exp2_002 rel=1526.300781 unix=1781415992941 bjt=2026-06-14T13:46:32.941+08:00 condition=E2_FIXED_PROGRESSIVE object_index=4 previous_stage=0 new_stage=1 progress=0.333953 object_stages=1:1|2:1|3:1|4:
2026-06-14T13:46:35.056+08:00 MARKER sdk=1 host=1 enabled=1 sent=1 result=0 message=EVENT EXP2_OBJECT_STAGE_CHANGED trial_id=Exp2_002 rel=1528.305298 unix=1781415994946 bjt=2026-06-14T13:46:34.945+08:00 condition=E2_FIXED_PROGRESSIVE object_index=1 previous_stage=1 new_stage=2 progress=0.501004 object_stages=1:2|2:1|3:1|4:
2026-06-14T13:46:35.056+08:00 MARKER sdk=1 host=1 enabled=1 sent=1 result=0 message=EVENT EXP2_STAGE_2_START trial_id=Exp2_002 rel=1528.305298 unix=1781415994946 bjt=2026-06-14T13:46:34.945+08:00 condition=E2_FIXED_PROGRESSIVE stage=2 first_object_index=1 progress=0.501004 object_stages=1:2|2:1|3:1|4:1
2026-06-14T13:46:35.057+08:00 MARKER sdk=1 host=1 enabled=1 sent=1 result=0 message=EVENT EXP2_OBJECT_STAGE_CHANGED trial_id=Exp2_002 rel=1528.305298 unix=1781415994946 bjt=2026-06-14T13:46:34.945+08:00 condition=E2_FIXED_PROGRESSIVE object_index=2 previous_stage=1 new_stage=2 progress=0.501004 object_stages=1:2|2:2|3:1|4:
2026-06-14T13:46:35.057+08:00 MARKER sdk=1 host=1 enabled=1 sent=1 result=0 message=EVENT EXP2_PROGRESSIVE_USABLE trial_id=Exp2_002 rel=1528.305298 unix=1781415994946 bjt=2026-06-14T13:46:34.945+08:00 condition=E2_FIXED_PROGRESSIVE target_display_index=2 target_content_index=2 target_label=右脸 stage=2 progress=0.501004
2026-06-14T13:46:35.057+08:00 MARKER sdk=1 host=1 enabled=1 sent=1 result=0 message=EVENT EXP2_OBJECT_STAGE_CHANGED trial_id=Exp2_002 rel=1528.305298 unix=1781415994946 bjt=2026-06-14T13:46:34.945+08:00 condition=E2_FIXED_PROGRESSIVE object_index=3 previous_stage=1 new_stage=2 progress=0.501004 object_stages=1:2|2:2|3:2|4:
2026-06-14T13:46:35.058+08:00 MARKER sdk=1 host=1 enabled=1 sent=1 result=0 message=EVENT EXP2_OBJECT_STAGE_CHANGED trial_id=Exp2_002 rel=1528.305298 unix=1781415994946 bjt=2026-06-14T13:46:34.945+08:00 condition=E2_FIXED_PROGRESSIVE object_index=4 previous_stage=1 new_stage=2 progress=0.501004 object_stages=1:2|2:2|3:2|4:
2026-06-14T13:46:41.045+08:00 MARKER sdk=1 host=1 enabled=1 sent=1 result=0 message=EVENT EXP2_OBJECT_STAGE_CHANGED trial_id=Exp2_002 rel=1534.296143 unix=1781416000937 bjt=2026-06-14T13:46:40.936+08:00 condition=E2_FIXED_PROGRESSIVE object_index=1 previous_stage=2 new_stage=3 progress=1.000000 object_stages=1:3|2:2|3:2|4:
2026-06-14T13:46:41.046+08:00 MARKER sdk=1 host=1 enabled=1 sent=1 result=0 message=EVENT EXP2_STAGE_3_START trial_id=Exp2_002 rel=1534.296143 unix=1781416000937 bjt=2026-06-14T13:46:40.936+08:00 condition=E2_FIXED_PROGRESSIVE stage=3 first_object_index=1 progress=1.000000 object_stages=1:3|2:2|3:2|4:2
2026-06-14T13:46:41.047+08:00 MARKER sdk=1 host=1 enabled=1 sent=1 result=0 message=EVENT EXP2_OBJECT_STAGE_CHANGED trial_id=Exp2_002 rel=1534.296143 unix=1781416000937 bjt=2026-06-14T13:46:40.936+08:00 condition=E2_FIXED_PROGRESSIVE object_index=2 previous_stage=2 new_stage=3 progress=1.000000 object_stages=1:3|2:3|3:2|4:
2026-06-14T13:46:41.047+08:00 MARKER sdk=1 host=1 enabled=1 sent=1 result=0 message=EVENT EXP2_OBJECT_STAGE_CHANGED trial_id=Exp2_002 rel=1534.296143 unix=1781416000937 bjt=2026-06-14T13:46:40.936+08:00 condition=E2_FIXED_PROGRESSIVE object_index=3 previous_stage=2 new_stage=3 progress=1.000000 object_stages=1:3|2:3|3:3|4:
2026-06-14T13:46:41.048+08:00 MARKER sdk=1 host=1 enabled=1 sent=1 result=0 message=EVENT EXP2_OBJECT_STAGE_CHANGED trial_id=Exp2_002 rel=1534.296143 unix=1781416000937 bjt=2026-06-14T13:46:40.936+08:00 condition=E2_FIXED_PROGRESSIVE object_index=4 previous_stage=2 new_stage=3 progress=1.000000 object_stages=1:3|2:3|3:3|4:
2026-06-14T13:46:41.048+08:00 MARKER sdk=1 host=1 enabled=1 sent=1 result=0 message=EVENT EXP2_LOADING_COMPLETE trial_id=Exp2_002 rel=1534.296143 unix=1781416000937 bjt=2026-06-14T13:46:40.936+08:00 condition=E2_FIXED_PROGRESSIVE
2026-06-14T13:46:55.391+08:00 MARKER sdk=1 host=1 enabled=1 sent=1 result=0 message=EVENT EXP2_PENDING_SELECTION trial_id=Exp2_002 rel=1548.641113 unix=1781416015282 bjt=2026-06-14T13:46:55.281+08:00 condition=E2_FIXED_PROGRESSIVE selected=4 selected_content=1 changes=1
2026-06-14T13:47:04.741+08:00 MARKER sdk=1 host=1 enabled=1 sent=1 result=0 message=EVENT EXP2_SUBMIT_SELECTION trial_id=Exp2_002 rel=1557.990723 unix=1781416024631 bjt=2026-06-14T13:47:04.631+08:00 condition=E2_FIXED_PROGRESSIVE selected=4 selected_content=1 correct=0
2026-06-14T13:47:04.742+08:00 MARKER sdk=1 host=1 enabled=1 sent=1 result=0 message=TRIAL_RESULT Exp2_002 selected=4 correct=0
2026-06-14T13:48:22.278+08:00 MARKER sdk=1 host=1 enabled=1 sent=1 result=0 message=TRIALID Exp2_003
2026-06-14T13:48:22.279+08:00 MARKER sdk=1 host=1 enabled=1 sent=1 result=0 message=!V TRIAL_VAR participant A031
2026-06-14T13:48:22.279+08:00 MARKER sdk=1 host=1 enabled=1 sent=1 result=0 message=!V TRIAL_VAR participant_output_id A031_v2
2026-06-14T13:48:22.279+08:00 MARKER sdk=1 host=1 enabled=1 sent=1 result=0 message=!V TRIAL_VAR experiment EXP2
2026-06-14T13:48:22.279+08:00 MARKER sdk=1 host=1 enabled=1 sent=1 result=0 message=!V TRIAL_VAR condition E4_FIXED_NONPROGRESSIVE
2026-06-14T13:48:22.279+08:00 MARKER sdk=1 host=1 enabled=1 sent=1 result=0 message=!V TRIAL_VAR spatial_continuity 0
2026-06-14T13:48:22.279+08:00 MARKER sdk=1 host=1 enabled=1 sent=1 result=0 message=!V TRIAL_VAR progressive_availability 0
2026-06-14T13:48:22.280+08:00 MARKER sdk=1 host=1 enabled=1 sent=1 result=0 message=!V TRIAL_VAR target_index 3
2026-06-14T13:48:22.280+08:00 MARKER sdk=1 host=1 enabled=1 sent=1 result=0 message=!V TRIAL_VAR target_display_index 3
2026-06-14T13:48:22.280+08:00 MARKER sdk=1 host=1 enabled=1 sent=1 result=0 message=!V TRIAL_VAR target_content_index 3
2026-06-14T13:48:22.280+08:00 MARKER sdk=1 host=1 enabled=1 sent=1 result=0 message=!V TRIAL_VAR target_label 脖子
2026-06-14T13:48:22.280+08:00 MARKER sdk=1 host=1 enabled=1 sent=1 result=0 message=!V TRIAL_VAR slot_permutation 1:4|2:1|3:3|4:2
2026-06-14T13:48:22.280+08:00 MARKER sdk=1 host=1 enabled=1 sent=1 result=0 message=!V TRIAL_VAR sequence_group 1
2026-06-14T13:48:22.280+08:00 MARKER sdk=1 host=1 enabled=1 sent=1 result=0 message=!V TRIAL_VAR sequence_index 3
2026-06-14T13:48:22.280+08:00 MARKER sdk=1 host=1 enabled=1 sent=1 result=0 message=EVENT EXP2_LOADING_START trial_id=Exp2_003 rel=1635.526733 unix=1781416102167 bjt=2026-06-14T13:48:22.167+08:00 condition=E4_FIXED_NONPROGRESSIVE
2026-06-14T13:48:34.274+08:00 MARKER sdk=1 host=1 enabled=1 sent=1 result=0 message=EVENT EXP2_OBJECT_STAGE_CHANGED trial_id=Exp2_003 rel=1647.525513 unix=1781416114166 bjt=2026-06-14T13:48:34.165+08:00 condition=E4_FIXED_NONPROGRESSIVE object_index=1 previous_stage=0 new_stage=3 progress=1.000000 object_stages=1:3|2:0|3:0
2026-06-14T13:48:34.275+08:00 MARKER sdk=1 host=1 enabled=1 sent=1 result=0 message=EVENT EXP2_STAGE_3_START trial_id=Exp2_003 rel=1647.525513 unix=1781416114166 bjt=2026-06-14T13:48:34.165+08:00 condition=E4_FIXED_NONPROGRESSIVE stage=3 first_object_index=1 progress=1.000000 object_stages=1:3|2:0|3:0|4:0
2026-06-14T13:48:34.276+08:00 MARKER sdk=1 host=1 enabled=1 sent=1 result=0 message=EVENT EXP2_OBJECT_STAGE_CHANGED trial_id=Exp2_003 rel=1647.525513 unix=1781416114166 bjt=2026-06-14T13:48:34.165+08:00 condition=E4_FIXED_NONPROGRESSIVE object_index=2 previous_stage=0 new_stage=3 progress=1.000000 object_stages=1:3|2:3|3:0
2026-06-14T13:48:34.276+08:00 MARKER sdk=1 host=1 enabled=1 sent=1 result=0 message=EVENT EXP2_OBJECT_STAGE_CHANGED trial_id=Exp2_003 rel=1647.525513 unix=1781416114166 bjt=2026-06-14T13:48:34.165+08:00 condition=E4_FIXED_NONPROGRESSIVE object_index=3 previous_stage=0 new_stage=3 progress=1.000000 object_stages=1:3|2:3|3:3
2026-06-14T13:48:34.277+08:00 MARKER sdk=1 host=1 enabled=1 sent=1 result=0 message=EVENT EXP2_OBJECT_STAGE_CHANGED trial_id=Exp2_003 rel=1647.525513 unix=1781416114166 bjt=2026-06-14T13:48:34.165+08:00 condition=E4_FIXED_NONPROGRESSIVE object_index=4 previous_stage=0 new_stage=3 progress=1.000000 object_stages=1:3|2:3|3:3
2026-06-14T13:48:34.277+08:00 MARKER sdk=1 host=1 enabled=1 sent=1 result=0 message=EVENT EXP2_LOADING_COMPLETE trial_id=Exp2_003 rel=1647.525513 unix=1781416114166 bjt=2026-06-14T13:48:34.165+08:00 condition=E4_FIXED_NONPROGRESSIVE
2026-06-14T13:48:39.930+08:00 MARKER sdk=1 host=1 enabled=1 sent=1 result=0 message=EVENT EXP2_PENDING_SELECTION trial_id=Exp2_003 rel=1653.180664 unix=1781416119821 bjt=2026-06-14T13:48:39.821+08:00 condition=E4_FIXED_NONPROGRESSIVE selected=3 selected_content=3 changes=1
2026-06-14T13:48:44.086+08:00 MARKER sdk=1 host=1 enabled=1 sent=1 result=0 message=EVENT EXP2_SUBMIT_SELECTION trial_id=Exp2_003 rel=1657.336304 unix=1781416123977 bjt=2026-06-14T13:48:43.976+08:00 condition=E4_FIXED_NONPROGRESSIVE selected=3 selected_content=3 correct=1
2026-06-14T13:48:44.087+08:00 MARKER sdk=1 host=1 enabled=1 sent=1 result=0 message=TRIAL_RESULT Exp2_003 selected=3 correct=1
2026-06-14T13:49:57.504+08:00 MARKER sdk=1 host=1 enabled=1 sent=1 result=0 message=TRIALID Exp2_004
2026-06-14T13:49:57.504+08:00 MARKER sdk=1 host=1 enabled=1 sent=1 result=0 message=!V TRIAL_VAR participant A031
2026-06-14T13:49:57.504+08:00 MARKER sdk=1 host=1 enabled=1 sent=1 result=0 message=!V TRIAL_VAR participant_output_id A031_v2
2026-06-14T13:49:57.504+08:00 MARKER sdk=1 host=1 enabled=1 sent=1 result=0 message=!V TRIAL_VAR experiment EXP2
2026-06-14T13:49:57.505+08:00 MARKER sdk=1 host=1 enabled=1 sent=1 result=0 message=!V TRIAL_VAR condition E3_SPATIAL_NONPROGRESSIVE
2026-06-14T13:49:57.505+08:00 MARKER sdk=1 host=1 enabled=1 sent=1 result=0 message=!V TRIAL_VAR spatial_continuity 1
2026-06-14T13:49:57.505+08:00 MARKER sdk=1 host=1 enabled=1 sent=1 result=0 message=!V TRIAL_VAR progressive_availability 0
2026-06-14T13:49:57.505+08:00 MARKER sdk=1 host=1 enabled=1 sent=1 result=0 message=!V TRIAL_VAR target_index 4
2026-06-14T13:49:57.506+08:00 MARKER sdk=1 host=1 enabled=1 sent=1 result=0 message=!V TRIAL_VAR target_display_index 4
2026-06-14T13:49:57.506+08:00 MARKER sdk=1 host=1 enabled=1 sent=1 result=0 message=!V TRIAL_VAR target_content_index 4
2026-06-14T13:49:57.506+08:00 MARKER sdk=1 host=1 enabled=1 sent=1 result=0 message=!V TRIAL_VAR target_label 头顶
2026-06-14T13:49:57.506+08:00 MARKER sdk=1 host=1 enabled=1 sent=1 result=0 message=!V TRIAL_VAR slot_permutation 1:1|2:2|3:3|4:4
2026-06-14T13:49:57.506+08:00 MARKER sdk=1 host=1 enabled=1 sent=1 result=0 message=!V TRIAL_VAR sequence_group 1
2026-06-14T13:49:57.506+08:00 MARKER sdk=1 host=1 enabled=1 sent=1 result=0 message=!V TRIAL_VAR sequence_index 4
2026-06-14T13:49:57.506+08:00 MARKER sdk=1 host=1 enabled=1 sent=1 result=0 message=EVENT EXP2_LOADING_START trial_id=Exp2_004 rel=1730.754883 unix=1781416197395 bjt=2026-06-14T13:49:57.395+08:00 condition=E3_SPATIAL_NONPROGRESSIVE
2026-06-14T13:50:09.504+08:00 MARKER sdk=1 host=1 enabled=1 sent=1 result=0 message=EVENT EXP2_OBJECT_STAGE_CHANGED trial_id=Exp2_004 rel=1742.755249 unix=1781416209396 bjt=2026-06-14T13:50:09.395+08:00 condition=E3_SPATIAL_NONPROGRESSIVE object_index=1 previous_stage=0 new_stage=3 progress=1.000000 object_stages=1:3|2:0|3
2026-06-14T13:50:09.505+08:00 MARKER sdk=1 host=1 enabled=1 sent=1 result=0 message=EVENT EXP2_STAGE_3_START trial_id=Exp2_004 rel=1742.755249 unix=1781416209396 bjt=2026-06-14T13:50:09.395+08:00 condition=E3_SPATIAL_NONPROGRESSIVE stage=3 first_object_index=1 progress=1.000000 object_stages=1:3|2:0|3:0|4:0
2026-06-14T13:50:09.506+08:00 MARKER sdk=1 host=1 enabled=1 sent=1 result=0 message=EVENT EXP2_OBJECT_STAGE_CHANGED trial_id=Exp2_004 rel=1742.755249 unix=1781416209396 bjt=2026-06-14T13:50:09.395+08:00 condition=E3_SPATIAL_NONPROGRESSIVE object_index=2 previous_stage=0 new_stage=3 progress=1.000000 object_stages=1:3|2:3|3
2026-06-14T13:50:09.506+08:00 MARKER sdk=1 host=1 enabled=1 sent=1 result=0 message=EVENT EXP2_OBJECT_STAGE_CHANGED trial_id=Exp2_004 rel=1742.755249 unix=1781416209396 bjt=2026-06-14T13:50:09.395+08:00 condition=E3_SPATIAL_NONPROGRESSIVE object_index=3 previous_stage=0 new_stage=3 progress=1.000000 object_stages=1:3|2:3|3
2026-06-14T13:50:09.507+08:00 MARKER sdk=1 host=1 enabled=1 sent=1 result=0 message=EVENT EXP2_OBJECT_STAGE_CHANGED trial_id=Exp2_004 rel=1742.755249 unix=1781416209396 bjt=2026-06-14T13:50:09.395+08:00 condition=E3_SPATIAL_NONPROGRESSIVE object_index=4 previous_stage=0 new_stage=3 progress=1.000000 object_stages=1:3|2:3|3
2026-06-14T13:50:09.507+08:00 MARKER sdk=1 host=1 enabled=1 sent=1 result=0 message=EVENT EXP2_LOADING_COMPLETE trial_id=Exp2_004 rel=1742.755249 unix=1781416209396 bjt=2026-06-14T13:50:09.395+08:00 condition=E3_SPATIAL_NONPROGRESSIVE
2026-06-14T13:50:46.344+08:00 MARKER sdk=1 host=1 enabled=1 sent=1 result=0 message=EVENT EXP2_PENDING_SELECTION trial_id=Exp2_004 rel=1779.593018 unix=1781416246234 bjt=2026-06-14T13:50:46.233+08:00 condition=E3_SPATIAL_NONPROGRESSIVE selected=4 selected_content=4 changes=1
2026-06-14T13:50:51.129+08:00 MARKER sdk=1 host=1 enabled=1 sent=1 result=0 message=EVENT EXP2_SUBMIT_SELECTION trial_id=Exp2_004 rel=1784.379639 unix=1781416251020 bjt=2026-06-14T13:50:51.020+08:00 condition=E3_SPATIAL_NONPROGRESSIVE selected=4 selected_content=4 correct=1
2026-06-14T13:50:51.130+08:00 MARKER sdk=1 host=1 enabled=1 sent=1 result=0 message=TRIAL_RESULT Exp2_004 selected=4 correct=1
2026-06-14T13:51:57.492+08:00 MARKER sdk=1 host=1 enabled=1 sent=1 result=0 message=EVENT EXPERIMENT_END_SCREEN_SHOWN participant=A031 output_id=A031_v2 unix=1781416317492 bjt=2026-06-14_13:51:57.492
2026-06-14T13:51:57.493+08:00 FORMAL_RECORDING step=FINISH_REQUESTED success=1 reason=experiment_end_door edf=FM132718.EDF recording=1 opened=1
2026-06-14T13:51:57.493+08:00 MARKER sdk=1 host=1 enabled=1 sent=1 result=0 message=FORMAL_RECORDING_END participant=A031 rel=1850.742 unix=1781416317493 bjt=2026-06-14T13:51:57.493+08:00 edf=FM132718.EDF source=ue_formal reason=experiment_end_door
2026-06-14T13:51:57.599+08:00 FORMAL_RECORDING step=RECORDING_STOPPED success=1 result=0
2026-06-14T13:51:57.599+08:00 FORMAL_RECORDING step=EDF_CLOSED success=1 edf=FM132718.EDF result=0
2026-06-14T13:52:00.532+08:00 EDF_RECEIVE_ATTEMPT source_tag=formal attempt=full_path source=FM132718.EDF dest=../../../../../../Project/UE5/Gallery/Saved/ExperimentData/EDF/FM132718.EDF dest_is_path=0 result=78268800 exists=1 size=78268800
2026-06-14T13:52:00.532+08:00 FORMAL_RECORDING step=EDF_RECEIVED_TO_DPC success=1 edf=FM132718.EDF local=../../../../../../Project/UE5/Gallery/Saved/ExperimentData/EDF/FM132718.EDF result=78268800 size=78268800
2026-06-14T13:52:00.533+08:00 FORMAL_RECORDING step=FINISHED success=1 reason=experiment_end_door edf=FM132718.EDF local=../../../../../../Project/UE5/Gallery/Saved/ExperimentData/EDF/FM132718.EDF
