2026-06-15T21:34:18.413+08:00 STATUS start_ui_status sdk=connected host=not_connected log=
2026-06-15T21:37:01.960+08:00 FORMAL_RECORDING step=EDF_OPEN_REQUESTED success=1 participant=A036 edf=FM213701.EDF source=calibration_button
2026-06-15T21:37:01.961+08:00 CONNECT method=open_eyelink_connection ip=100.1.1.1
2026-06-15T21:37:01.996+08:00 CONNECT_RESULT method=open_eyelink_connection result=0 connected=1
2026-06-15T21:37:01.996+08:00 STATUS host_connected=1 sdk_available=1 note=connection_opened_high_level
2026-06-15T21:37:01.997+08:00 FORMAL_RECORDING step=HOST_CONNECTED success=1 sdk=1 host=1 source=calibration_button
2026-06-15T21:37:02.102+08:00 FORMAL_RECORDING step=EDF_OPENED success=1 edf=FM213701.EDF result=0 source=calibration_button
2026-06-15T21:37:02.146+08:00 FORMAL_EDF_MARKER sdk=1 host=1 opened=1 sent=1 message=FORMAL_EDF_OPENED participant=A036 rel=163.661 unix=1781530622146 bjt=2026-06-15T21:37:02.146+08:00 edf=FM213701.EDF source=ue_formal open_result=0 source_tag=calibration_button
2026-06-15T21:37:02.147+08:00 FORMAL_EDF_MARKER sdk=1 host=1 opened=1 sent=1 message=FORMAL_SESSION_PREPARED participant=A036 rel=163.661 unix=1781530622147 bjt=2026-06-15T21:37:02.147+08:00 edf=FM213701.EDF source=ue_formal calibration_complete=0
2026-06-15T21:37:02.147+08:00 FORMAL_EDF_MARKER sdk=1 host=1 opened=1 sent=1 message=CALIBRATION_REQUESTED participant=A036 rel=163.661 unix=1781530622147 bjt=2026-06-15T21:37:02.147+08:00 edf=FM213701.EDF source=ue_formal open_result=0
2026-06-15T21:37:02.147+08:00 CALIBRATION step=REQUESTED success=1 note=run_eyelink_tracker_setup
2026-06-15T21:37:02.147+08:00 CALIBRATION step=HOST_CONNECTED success=1 sdk=1 host=1 graphics=1
2026-06-15T21:37:02.154+08:00 CALIBRATION_DISPLAY_INIT success=1 result=0 error=
2026-06-15T21:37:02.154+08:00 CALIBRATION_DISPLAY_LIST count=2 requested_index=1 explicit=1
2026-06-15T21:37:02.154+08:00 CALIBRATION_DISPLAY index=0 name=Dell XPS 15 SDC414D Display bounds_result=0 x=0 y=0 w=1920 h=1080 mode_result=0 mode_w=1920 mode_h=1080 refresh=60
2026-06-15T21:37:02.154+08:00 CALIBRATION_DISPLAY index=1 name=Acer GR235H bounds_result=0 x=0 y=-1080 w=1920 h=1080 mode_result=0 mode_w=1920 mode_h=1080 refresh=60
2026-06-15T21:37:02.289+08:00 CALIBRATION step=GRAPHICS_INITIALIZED success=1 result=0 explicit_request=1 display_index=1 window_ptr=000001E481B02798 width=1920 height=1080 bits=32 refresh=60.00
2026-06-15T21:37:02.304+08:00 CALIBRATION step=REGISTERED_WINDOW_MOVED success=1 requested_display=1 actual_display=1 requested_x=0 requested_y=-1080 requested_w=1920 requested_h=1080 actual_x=0 actual_y=-1080 actual_w=1920 actual_h=1080
2026-06-15T21:37:02.319+08:00 FORMAL_EDF_MARKER sdk=1 host=1 opened=1 sent=1 message=CALIBRATION_SETUP_START participant=A036 rel=163.661 unix=1781530622319 bjt=2026-06-15T21:37:02.319+08:00 edf=FM213701.EDF source=ue_formal calibration_type=HV9 width=1920 height=1080
2026-06-15T21:37:02.319+08:00 CALIBRATION step=TRACKER_SETUP_BEGIN success=1 detail=call_do_tracker_setup
2026-06-15T21:37:36.600+08:00 CALIBRATION step=TRACKER_SETUP_RETURNED success=1 result=0
2026-06-15T21:37:36.601+08:00 FORMAL_EDF_MARKER sdk=1 host=1 opened=1 sent=1 message=CALIBRATION_SETUP_END participant=A036 rel=163.661 unix=1781530656601 bjt=2026-06-15T21:37:36.601+08:00 edf=FM213701.EDF source=ue_formal setup_result=0
2026-06-15T21:37:38.644+08:00 CALIBRATION step=GRAPHICS_CLOSED success=1
2026-06-15T21:37:38.644+08:00 CALIBRATION step=CALIBRATION_WINDOW_DESTROYED success=1
2026-06-15T21:37:38.645+08:00 CALIBRATION step=FINISHED success=1 result=0
2026-06-15T21:37:38.645+08:00 FORMAL_EDF_MARKER sdk=1 host=1 opened=1 sent=1 message=CALIBRATION_STATUS participant=A036 rel=163.661 unix=1781530658645 bjt=2026-06-15T21:37:38.645+08:00 edf=FM213701.EDF source=ue_formal calibration_complete=1
2026-06-15T21:37:38.645+08:00 FORMAL_CALIBRATION step=FINISHED success=1 participant=A036 edf=FM213701.EDF open_result=0
2026-06-15T21:37:38.645+08:00 STATUS start_ui_status sdk=connected host=connected log=../../../../../../Project/UE5/Gallery/Saved/ExperimentLogs/EyeLinkMarkers_20260615_213418_413.log
2026-06-15T21:38:29.008+08:00 FORMAL_RECORDING step=EDF_ALREADY_OPEN success=1 participant=A036 edf=FM213701.EDF source=start_button_preopened calibration_complete=1
2026-06-15T21:38:29.016+08:00 FORMAL_RECORDING step=RECORDING_STARTED success=1 result=0 edf=FM213701.EDF preopened=1 calibration_complete=1
2026-06-15T21:38:29.016+08:00 MARKER sdk=1 host=1 enabled=1 sent=1 result=0 message=FORMAL_RECORDING_START participant=A036 rel=213.364 unix=1781530709016 bjt=2026-06-15T21:38:29.016+08:00 edf=FM213701.EDF source=ue_formal open_result=0 record_result=0 edf_preopened=1 calibration_complete=1
2026-06-15T21:38:29.017+08:00 STATUS formal_recording_start_requested participant=A036 success=1 edf=FM213701.EDF calibration_complete=1
2026-06-15T21:38:29.017+08:00 STATUS start_ui_status sdk=connected host=connected log=../../../../../../Project/UE5/Gallery/Saved/ExperimentLogs/EyeLinkMarkers_20260615_213418_413.log
2026-06-15T21:38:29.017+08:00 MARKER sdk=1 host=1 enabled=1 sent=1 result=0 message=RECORDING_TIME_REFERENCE participant=A036 output_id=A036 rel=213.364 unix=1781530709017 bjt=2026-06-15T21:38:29.017+08:00 source=ue_session_start
2026-06-15T21:38:29.017+08:00 MARKER sdk=1 host=1 enabled=1 sent=1 result=0 message=SESSION_START participant=A036 output_id=A036 rel=213.364 unix=1781530709017 bjt=2026-06-15T21:38:29.017+08:00
2026-06-15T21:38:29.017+08:00 MARKER sdk=1 host=1 enabled=1 sent=1 result=0 message=EXPERIMENT_RUN_MODE EXP1_THEN_EXP2
2026-06-15T21:38:29.021+08:00 MARKER sdk=1 host=1 enabled=1 sent=1 result=0 message=SCREEN_RECORDING_REQUEST enabled=1 started=1 participant=A036 output_id=A036
2026-06-15T21:39:22.051+08:00 MARKER sdk=1 host=1 enabled=1 sent=1 result=0 message=TRIALID T001
2026-06-15T21:39:22.051+08:00 MARKER sdk=1 host=1 enabled=1 sent=1 result=0 message=EVENT LOADING_INTERACT trial=T001 rel=266.424 unix=1781530762077 bjt=2026-06-15T21:39:22.076+08:00
2026-06-15T21:39:22.052+08:00 MARKER sdk=1 host=1 enabled=1 sent=1 result=0 message=EVENT LOADING_START trial=T001 rel=266.424 unix=1781530762077 bjt=2026-06-15T21:39:22.076+08:00
2026-06-15T21:39:22.052+08:00 MARKER sdk=1 host=1 enabled=1 sent=1 result=0 message=TRIAL_META exp=EXP1 participant=A036 participant_output_id=A036 exhibit_id=Ex1_TEST exhibit_name=测试展品 condition=A latin_group=NA sequence_index=-1 sequence_label=NA
2026-06-15T21:39:24.041+08:00 MARKER sdk=1 host=1 enabled=1 sent=1 result=0 message=EVENT LOADING_COMPLETE trial=T001 rel=268.414 unix=1781530764067 bjt=2026-06-15T21:39:24.067+08:00
2026-06-15T21:39:28.284+08:00 MARKER sdk=1 host=1 enabled=1 sent=1 result=0 message=EVENT VIEWER_ENTER trial=T001 rel=272.653 unix=1781530768307 bjt=2026-06-15T21:39:28.306+08:00
2026-06-15T21:39:28.284+08:00 MARKER sdk=1 host=1 enabled=1 sent=1 result=0 message=EVENT QUESTION_START trial=T001 rel=272.653 unix=1781530768307 bjt=2026-06-15T21:39:28.306+08:00 q=1 total=2 correct_index=-1 correct_label=NotAnswered
2026-06-15T21:39:42.588+08:00 MARKER sdk=1 host=1 enabled=1 sent=1 result=0 message=EVENT QUESTION_SUBMIT trial=T001 rel=286.945 unix=1781530782598 bjt=2026-06-15T21:39:42.598+08:00 q=1 option=A correct_index=-1 correct_label=NotAnswered is_correct=-1
2026-06-15T21:39:42.588+08:00 MARKER sdk=1 host=1 enabled=1 sent=1 result=0 message=EVENT QUESTION_START trial=T001 rel=286.945 unix=1781530782598 bjt=2026-06-15T21:39:42.598+08:00 q=2 total=2 correct_index=-1 correct_label=NotAnswered
2026-06-15T21:39:59.592+08:00 MARKER sdk=1 host=1 enabled=1 sent=1 result=0 message=EVENT QUESTION_SUBMIT trial=T001 rel=303.948 unix=1781530799602 bjt=2026-06-15T21:39:59.601+08:00 q=2 option=A correct_index=-1 correct_label=NotAnswered is_correct=-1
2026-06-15T21:40:01.350+08:00 MARKER sdk=1 host=1 enabled=1 sent=1 result=0 message=EVENT VIEWER_EXIT trial=T001 rel=305.722 unix=1781530801375 bjt=2026-06-15T21:40:01.375+08:00
2026-06-15T21:40:01.351+08:00 MARKER sdk=1 host=1 enabled=1 sent=1 result=0 message=EVENT TRIAL_RESULT trial=T001 rel=305.722 unix=1781530801375 bjt=2026-06-15T21:40:01.375+08:00 rows=2
2026-06-15T21:40:43.065+08:00 MARKER sdk=1 host=1 enabled=1 sent=1 result=0 message=TRIALID T002
2026-06-15T21:40:43.066+08:00 MARKER sdk=1 host=1 enabled=1 sent=1 result=0 message=EVENT LOADING_INTERACT trial=T002 rel=347.438 unix=1781530843091 bjt=2026-06-15T21:40:43.091+08:00
2026-06-15T21:40:43.066+08:00 MARKER sdk=1 host=1 enabled=1 sent=1 result=0 message=EVENT LOADING_START trial=T002 rel=347.438 unix=1781530843091 bjt=2026-06-15T21:40:43.091+08:00
2026-06-15T21:40:43.066+08:00 MARKER sdk=1 host=1 enabled=1 sent=1 result=0 message=EVENT VIEWER_ENTER trial=T002 rel=347.438 unix=1781530843091 bjt=2026-06-15T21:40:43.091+08:00 mode=progressive
2026-06-15T21:40:43.066+08:00 MARKER sdk=1 host=1 enabled=1 sent=1 result=0 message=TRIAL_META exp=EXP1 participant=A036 participant_output_id=A036 exhibit_id=01 exhibit_name=半岛香炉 condition=C latin_group=G5 sequence_index=1 sequence_label=G5_T01
2026-06-15T21:40:49.067+08:00 MARKER sdk=1 host=1 enabled=1 sent=1 result=0 message=EVENT PROGRESSIVE_USABLE trial=T002 rel=353.438 unix=1781530849091 bjt=2026-06-15T21:40:49.091+08:00
2026-06-15T21:40:49.068+08:00 MARKER sdk=1 host=1 enabled=1 sent=1 result=0 message=EVENT QUESTION_START trial=T002 rel=353.438 unix=1781530849091 bjt=2026-06-15T21:40:49.091+08:00 q=1 total=2 correct_index=1 correct_label=B
2026-06-15T21:40:53.050+08:00 MARKER sdk=1 host=1 enabled=1 sent=1 result=0 message=EVENT LOADING_COMPLETE trial=T002 rel=357.423 unix=1781530853076 bjt=2026-06-15T21:40:53.076+08:00
2026-06-15T21:40:55.900+08:00 MARKER sdk=1 host=1 enabled=1 sent=1 result=0 message=EVENT QUESTION_SUBMIT trial=T002 rel=360.257 unix=1781530855911 bjt=2026-06-15T21:40:55.910+08:00 q=1 option=C correct_index=1 correct_label=B is_correct=0
2026-06-15T21:40:55.901+08:00 MARKER sdk=1 host=1 enabled=1 sent=1 result=0 message=EVENT QUESTION_START trial=T002 rel=360.257 unix=1781530855911 bjt=2026-06-15T21:40:55.910+08:00 q=2 total=2 correct_index=1 correct_label=B
2026-06-15T21:41:00.922+08:00 MARKER sdk=1 host=1 enabled=1 sent=1 result=0 message=EVENT QUESTION_SUBMIT trial=T002 rel=365.279 unix=1781530860932 bjt=2026-06-15T21:41:00.932+08:00 q=2 option=A correct_index=1 correct_label=B is_correct=0
2026-06-15T21:41:02.964+08:00 MARKER sdk=1 host=1 enabled=1 sent=1 result=0 message=EVENT VIEWER_EXIT trial=T002 rel=367.336 unix=1781530862990 bjt=2026-06-15T21:41:02.989+08:00
2026-06-15T21:41:02.964+08:00 MARKER sdk=1 host=1 enabled=1 sent=1 result=0 message=EVENT TRIAL_RESULT trial=T002 rel=367.336 unix=1781530862990 bjt=2026-06-15T21:41:02.989+08:00 rows=2
2026-06-15T21:42:52.237+08:00 MARKER sdk=1 host=1 enabled=1 sent=1 result=0 message=TRIALID T003
2026-06-15T21:42:52.238+08:00 MARKER sdk=1 host=1 enabled=1 sent=1 result=0 message=EVENT LOADING_INTERACT trial=T003 rel=476.611 unix=1781530972264 bjt=2026-06-15T21:42:52.264+08:00
2026-06-15T21:42:52.238+08:00 MARKER sdk=1 host=1 enabled=1 sent=1 result=0 message=EVENT LOADING_START trial=T003 rel=476.611 unix=1781530972264 bjt=2026-06-15T21:42:52.264+08:00
2026-06-15T21:42:52.238+08:00 MARKER sdk=1 host=1 enabled=1 sent=1 result=0 message=TRIAL_META exp=EXP1 participant=A036 participant_output_id=A036 exhibit_id=02 exhibit_name=中国青铜器 condition=A latin_group=G5 sequence_index=2 sequence_label=G5_T02
2026-06-15T21:43:02.233+08:00 MARKER sdk=1 host=1 enabled=1 sent=1 result=0 message=EVENT LOADING_COMPLETE trial=T003 rel=486.606 unix=1781530982260 bjt=2026-06-15T21:43:02.259+08:00
2026-06-15T21:43:05.208+08:00 MARKER sdk=1 host=1 enabled=1 sent=1 result=0 message=EVENT VIEWER_ENTER trial=T003 rel=489.581 unix=1781530985234 bjt=2026-06-15T21:43:05.234+08:00
2026-06-15T21:43:05.209+08:00 MARKER sdk=1 host=1 enabled=1 sent=1 result=0 message=EVENT QUESTION_START trial=T003 rel=489.581 unix=1781530985234 bjt=2026-06-15T21:43:05.234+08:00 q=1 total=2 correct_index=1 correct_label=B
2026-06-15T21:43:20.303+08:00 MARKER sdk=1 host=1 enabled=1 sent=1 result=0 message=EVENT QUESTION_SUBMIT trial=T003 rel=504.660 unix=1781531000314 bjt=2026-06-15T21:43:20.313+08:00 q=1 option=B correct_index=1 correct_label=B is_correct=1
2026-06-15T21:43:20.303+08:00 MARKER sdk=1 host=1 enabled=1 sent=1 result=0 message=EVENT QUESTION_START trial=T003 rel=504.660 unix=1781531000314 bjt=2026-06-15T21:43:20.313+08:00 q=2 total=2 correct_index=1 correct_label=B
2026-06-15T21:43:30.037+08:00 MARKER sdk=1 host=1 enabled=1 sent=1 result=0 message=EVENT QUESTION_SUBMIT trial=T003 rel=514.390 unix=1781531010044 bjt=2026-06-15T21:43:30.043+08:00 q=2 option=B correct_index=1 correct_label=B is_correct=1
2026-06-15T21:43:31.541+08:00 MARKER sdk=1 host=1 enabled=1 sent=1 result=0 message=EVENT VIEWER_EXIT trial=T003 rel=515.913 unix=1781531011567 bjt=2026-06-15T21:43:31.566+08:00
2026-06-15T21:43:31.542+08:00 MARKER sdk=1 host=1 enabled=1 sent=1 result=0 message=EVENT TRIAL_RESULT trial=T003 rel=515.913 unix=1781531011567 bjt=2026-06-15T21:43:31.566+08:00 rows=2
2026-06-15T21:44:33.267+08:00 MARKER sdk=1 host=1 enabled=1 sent=1 result=0 message=TRIALID T004
2026-06-15T21:44:33.268+08:00 MARKER sdk=1 host=1 enabled=1 sent=1 result=0 message=EVENT LOADING_INTERACT trial=T004 rel=577.641 unix=1781531073294 bjt=2026-06-15T21:44:33.293+08:00
2026-06-15T21:44:33.268+08:00 MARKER sdk=1 host=1 enabled=1 sent=1 result=0 message=EVENT LOADING_START trial=T004 rel=577.641 unix=1781531073294 bjt=2026-06-15T21:44:33.293+08:00
2026-06-15T21:44:33.268+08:00 MARKER sdk=1 host=1 enabled=1 sent=1 result=0 message=TRIAL_META exp=EXP1 participant=A036 participant_output_id=A036 exhibit_id=03 exhibit_name=希腊陶具 condition=A_PLUS latin_group=G5 sequence_index=3 sequence_label=G5_T03
2026-06-15T21:44:43.261+08:00 MARKER sdk=1 host=1 enabled=1 sent=1 result=0 message=EVENT LOADING_COMPLETE trial=T004 rel=587.635 unix=1781531083288 bjt=2026-06-15T21:44:43.287+08:00
2026-06-15T21:44:44.220+08:00 MARKER sdk=1 host=1 enabled=1 sent=1 result=0 message=EVENT VIEWER_ENTER trial=T004 rel=588.593 unix=1781531084246 bjt=2026-06-15T21:44:44.245+08:00
2026-06-15T21:44:44.220+08:00 MARKER sdk=1 host=1 enabled=1 sent=1 result=0 message=EVENT QUESTION_START trial=T004 rel=588.593 unix=1781531084246 bjt=2026-06-15T21:44:44.245+08:00 q=1 total=2 correct_index=0 correct_label=A
2026-06-15T21:44:54.885+08:00 MARKER sdk=1 host=1 enabled=1 sent=1 result=0 message=EVENT QUESTION_SUBMIT trial=T004 rel=599.240 unix=1781531094894 bjt=2026-06-15T21:44:54.893+08:00 q=1 option=A correct_index=0 correct_label=A is_correct=1
2026-06-15T21:44:54.886+08:00 MARKER sdk=1 host=1 enabled=1 sent=1 result=0 message=EVENT QUESTION_START trial=T004 rel=599.240 unix=1781531094894 bjt=2026-06-15T21:44:54.893+08:00 q=2 total=2 correct_index=2 correct_label=C
2026-06-15T21:44:57.775+08:00 MARKER sdk=1 host=1 enabled=1 sent=1 result=0 message=EVENT QUESTION_SUBMIT trial=T004 rel=602.133 unix=1781531097786 bjt=2026-06-15T21:44:57.785+08:00 q=2 option=C correct_index=2 correct_label=C is_correct=1
2026-06-15T21:44:58.888+08:00 MARKER sdk=1 host=1 enabled=1 sent=1 result=0 message=EVENT VIEWER_EXIT trial=T004 rel=603.261 unix=1781531098914 bjt=2026-06-15T21:44:58.914+08:00
2026-06-15T21:44:58.888+08:00 MARKER sdk=1 host=1 enabled=1 sent=1 result=0 message=EVENT TRIAL_RESULT trial=T004 rel=603.261 unix=1781531098914 bjt=2026-06-15T21:44:58.914+08:00 rows=2
2026-06-15T21:46:01.397+08:00 MARKER sdk=1 host=1 enabled=1 sent=1 result=0 message=TRIALID T005
2026-06-15T21:46:01.398+08:00 MARKER sdk=1 host=1 enabled=1 sent=1 result=0 message=EVENT LOADING_INTERACT trial=T005 rel=665.770 unix=1781531161424 bjt=2026-06-15T21:46:01.423+08:00
2026-06-15T21:46:01.398+08:00 MARKER sdk=1 host=1 enabled=1 sent=1 result=0 message=EVENT LOADING_START trial=T005 rel=665.770 unix=1781531161424 bjt=2026-06-15T21:46:01.423+08:00
2026-06-15T21:46:01.398+08:00 MARKER sdk=1 host=1 enabled=1 sent=1 result=0 message=TRIAL_META exp=EXP1 participant=A036 participant_output_id=A036 exhibit_id=04 exhibit_name=中国花瓶 condition=B latin_group=G5 sequence_index=4 sequence_label=G5_T04
2026-06-15T21:46:11.383+08:00 MARKER sdk=1 host=1 enabled=1 sent=1 result=0 message=EVENT LOADING_COMPLETE trial=T005 rel=675.756 unix=1781531171410 bjt=2026-06-15T21:46:11.409+08:00
2026-06-15T21:46:16.735+08:00 MARKER sdk=1 host=1 enabled=1 sent=1 result=0 message=EVENT VIEWER_ENTER trial=T005 rel=681.108 unix=1781531176761 bjt=2026-06-15T21:46:16.761+08:00
2026-06-15T21:46:16.736+08:00 MARKER sdk=1 host=1 enabled=1 sent=1 result=0 message=EVENT QUESTION_START trial=T005 rel=681.108 unix=1781531176761 bjt=2026-06-15T21:46:16.761+08:00 q=1 total=2 correct_index=2 correct_label=C
2026-06-15T21:46:32.628+08:00 MARKER sdk=1 host=1 enabled=1 sent=1 result=0 message=EVENT QUESTION_SUBMIT trial=T005 rel=696.985 unix=1781531192638 bjt=2026-06-15T21:46:32.638+08:00 q=1 option=C correct_index=2 correct_label=C is_correct=1
2026-06-15T21:46:32.628+08:00 MARKER sdk=1 host=1 enabled=1 sent=1 result=0 message=EVENT QUESTION_START trial=T005 rel=696.985 unix=1781531192638 bjt=2026-06-15T21:46:32.638+08:00 q=2 total=2 correct_index=3 correct_label=D
2026-06-15T21:46:36.608+08:00 MARKER sdk=1 host=1 enabled=1 sent=1 result=0 message=EVENT QUESTION_SUBMIT trial=T005 rel=700.964 unix=1781531196618 bjt=2026-06-15T21:46:36.617+08:00 q=2 option=D correct_index=3 correct_label=D is_correct=1
2026-06-15T21:46:38.132+08:00 MARKER sdk=1 host=1 enabled=1 sent=1 result=0 message=EVENT VIEWER_EXIT trial=T005 rel=702.505 unix=1781531198158 bjt=2026-06-15T21:46:38.157+08:00
2026-06-15T21:46:38.132+08:00 MARKER sdk=1 host=1 enabled=1 sent=1 result=0 message=EVENT TRIAL_RESULT trial=T005 rel=702.505 unix=1781531198158 bjt=2026-06-15T21:46:38.157+08:00 rows=2
2026-06-15T21:47:46.446+08:00 MARKER sdk=1 host=1 enabled=1 sent=1 result=0 message=TRIALID T006
2026-06-15T21:47:46.446+08:00 MARKER sdk=1 host=1 enabled=1 sent=1 result=0 message=EVENT LOADING_INTERACT trial=T006 rel=770.818 unix=1781531266471 bjt=2026-06-15T21:47:46.471+08:00
2026-06-15T21:47:46.446+08:00 MARKER sdk=1 host=1 enabled=1 sent=1 result=0 message=EVENT LOADING_START trial=T006 rel=770.818 unix=1781531266471 bjt=2026-06-15T21:47:46.471+08:00
2026-06-15T21:47:46.446+08:00 MARKER sdk=1 host=1 enabled=1 sent=1 result=0 message=EVENT VIEWER_ENTER trial=T006 rel=770.818 unix=1781531266471 bjt=2026-06-15T21:47:46.471+08:00 mode=progressive_no_progress_bar
2026-06-15T21:47:46.446+08:00 MARKER sdk=1 host=1 enabled=1 sent=1 result=0 message=TRIAL_META exp=EXP1 participant=A036 participant_output_id=A036 exhibit_id=05 exhibit_name=雅典双耳罐 condition=C_MINUS latin_group=G5 sequence_index=5 sequence_label=G5_T05
2026-06-15T21:47:52.437+08:00 MARKER sdk=1 host=1 enabled=1 sent=1 result=0 message=EVENT PROGRESSIVE_USABLE trial=T006 rel=776.810 unix=1781531272463 bjt=2026-06-15T21:47:52.463+08:00
2026-06-15T21:47:52.438+08:00 MARKER sdk=1 host=1 enabled=1 sent=1 result=0 message=EVENT QUESTION_START trial=T006 rel=776.810 unix=1781531272463 bjt=2026-06-15T21:47:52.463+08:00 q=1 total=2 correct_index=0 correct_label=A
2026-06-15T21:47:56.428+08:00 MARKER sdk=1 host=1 enabled=1 sent=1 result=0 message=EVENT LOADING_COMPLETE trial=T006 rel=780.802 unix=1781531276455 bjt=2026-06-15T21:47:56.454+08:00
2026-06-15T21:48:11.678+08:00 MARKER sdk=1 host=1 enabled=1 sent=1 result=0 message=EVENT QUESTION_SUBMIT trial=T006 rel=796.035 unix=1781531291688 bjt=2026-06-15T21:48:11.687+08:00 q=1 option=A correct_index=0 correct_label=A is_correct=1
2026-06-15T21:48:11.679+08:00 MARKER sdk=1 host=1 enabled=1 sent=1 result=0 message=EVENT QUESTION_START trial=T006 rel=796.035 unix=1781531291688 bjt=2026-06-15T21:48:11.687+08:00 q=2 total=2 correct_index=2 correct_label=C
2026-06-15T21:48:15.940+08:00 MARKER sdk=1 host=1 enabled=1 sent=1 result=0 message=EVENT QUESTION_SUBMIT trial=T006 rel=800.298 unix=1781531295951 bjt=2026-06-15T21:48:15.951+08:00 q=2 option=C correct_index=2 correct_label=C is_correct=1
2026-06-15T21:48:17.486+08:00 MARKER sdk=1 host=1 enabled=1 sent=1 result=0 message=EVENT VIEWER_EXIT trial=T006 rel=801.859 unix=1781531297513 bjt=2026-06-15T21:48:17.512+08:00
2026-06-15T21:48:17.487+08:00 MARKER sdk=1 host=1 enabled=1 sent=1 result=0 message=EVENT TRIAL_RESULT trial=T006 rel=801.859 unix=1781531297513 bjt=2026-06-15T21:48:17.512+08:00 rows=2
2026-06-15T21:56:04.679+08:00 MARKER sdk=1 host=1 enabled=1 sent=1 result=0 message=TRIALID Exp2_001
2026-06-15T21:56:04.679+08:00 MARKER sdk=1 host=1 enabled=1 sent=1 result=0 message=EVENT EXP2_LOADING_START trial_id=Exp2_001 rel=1269.050537 unix=1781531764704 bjt=2026-06-15T21:56:04.703+08:00 condition=E3_SPATIAL_NONPROGRESSIVE
2026-06-15T21:56:04.680+08:00 MARKER sdk=1 host=1 enabled=1 sent=1 result=0 message=TRIAL_META exp=EXP2 participant=A036 participant_output_id=A036 trial_id=Exp2_001 condition=E3_SPATIAL_NONPROGRESSIVE spatial_continuity=1 progressive_availability=0
2026-06-15T21:56:04.680+08:00 MARKER sdk=1 host=1 enabled=1 sent=1 result=0 message=TRIAL_META_TASK trial_id=Exp2_001 target_index=2 target_display_index=2 target_content_index=1 target_label=左脸
2026-06-15T21:56:04.680+08:00 MARKER sdk=1 host=1 enabled=1 sent=1 result=0 message=TRIAL_META_SEQUENCE trial_id=Exp2_001 slot_permutation=1:4|2:1|3:2|4:3 sequence_group=3 sequence_index=1
2026-06-15T21:56:16.665+08:00 MARKER sdk=1 host=1 enabled=1 sent=1 result=0 message=EVENT EXP2_OBJECT_STAGE_CHANGED trial_id=Exp2_001 rel=1281.038086 unix=1781531776691 bjt=2026-06-15T21:56:16.691+08:00 condition=E3_SPATIAL_NONPROGRESSIVE object_index=1 previous_stage=0 new_stage=3 progress=1.000000 object_stages=1:3|2:0|3
2026-06-15T21:56:16.667+08:00 MARKER sdk=1 host=1 enabled=1 sent=1 result=0 message=EVENT EXP2_STAGE_3_START trial_id=Exp2_001 rel=1281.038086 unix=1781531776691 bjt=2026-06-15T21:56:16.691+08:00 condition=E3_SPATIAL_NONPROGRESSIVE stage=3 first_object_index=1 progress=1.000000 object_stages=1:3|2:0|3:0|4:0
2026-06-15T21:56:16.668+08:00 MARKER sdk=1 host=1 enabled=1 sent=1 result=0 message=EVENT EXP2_OBJECT_STAGE_CHANGED trial_id=Exp2_001 rel=1281.038086 unix=1781531776691 bjt=2026-06-15T21:56:16.691+08:00 condition=E3_SPATIAL_NONPROGRESSIVE object_index=2 previous_stage=0 new_stage=3 progress=1.000000 object_stages=1:3|2:3|3
2026-06-15T21:56:16.669+08:00 MARKER sdk=1 host=1 enabled=1 sent=1 result=0 message=EVENT EXP2_OBJECT_STAGE_CHANGED trial_id=Exp2_001 rel=1281.038086 unix=1781531776691 bjt=2026-06-15T21:56:16.691+08:00 condition=E3_SPATIAL_NONPROGRESSIVE object_index=3 previous_stage=0 new_stage=3 progress=1.000000 object_stages=1:3|2:3|3
2026-06-15T21:56:16.671+08:00 MARKER sdk=1 host=1 enabled=1 sent=1 result=0 message=EVENT EXP2_OBJECT_STAGE_CHANGED trial_id=Exp2_001 rel=1281.038086 unix=1781531776691 bjt=2026-06-15T21:56:16.691+08:00 condition=E3_SPATIAL_NONPROGRESSIVE object_index=4 previous_stage=0 new_stage=3 progress=1.000000 object_stages=1:3|2:3|3
2026-06-15T21:56:16.671+08:00 MARKER sdk=1 host=1 enabled=1 sent=1 result=0 message=EVENT EXP2_LOADING_COMPLETE trial_id=Exp2_001 rel=1281.038086 unix=1781531776691 bjt=2026-06-15T21:56:16.691+08:00 condition=E3_SPATIAL_NONPROGRESSIVE
2026-06-15T21:56:33.297+08:00 MARKER sdk=1 host=1 enabled=1 sent=1 result=0 message=EVENT EXP2_PENDING_SELECTION trial_id=Exp2_001 rel=1297.670288 unix=1781531793324 bjt=2026-06-15T21:56:33.323+08:00 condition=E3_SPATIAL_NONPROGRESSIVE selected=2 selected_content=1 changes=1
2026-06-15T21:56:41.662+08:00 MARKER sdk=1 host=1 enabled=1 sent=1 result=0 message=EVENT EXP2_SUBMIT_SELECTION trial_id=Exp2_001 rel=1306.035034 unix=1781531801688 bjt=2026-06-15T21:56:41.688+08:00 condition=E3_SPATIAL_NONPROGRESSIVE selected=2 selected_content=1 correct=1
2026-06-15T21:56:41.663+08:00 MARKER sdk=1 host=1 enabled=1 sent=1 result=0 message=TRIAL_RESULT Exp2_001 selected=2 correct=1
2026-06-15T21:57:52.124+08:00 MARKER sdk=1 host=1 enabled=1 sent=1 result=0 message=TRIALID Exp2_002
2026-06-15T21:57:52.124+08:00 MARKER sdk=1 host=1 enabled=1 sent=1 result=0 message=EVENT EXP2_LOADING_START trial_id=Exp2_002 rel=1376.463989 unix=1781531872117 bjt=2026-06-15T21:57:52.117+08:00 condition=E4_FIXED_NONPROGRESSIVE
2026-06-15T21:57:52.125+08:00 MARKER sdk=1 host=1 enabled=1 sent=1 result=0 message=TRIAL_META exp=EXP2 participant=A036 participant_output_id=A036 trial_id=Exp2_002 condition=E4_FIXED_NONPROGRESSIVE spatial_continuity=0 progressive_availability=0
2026-06-15T21:57:52.125+08:00 MARKER sdk=1 host=1 enabled=1 sent=1 result=0 message=TRIAL_META_TASK trial_id=Exp2_002 target_index=1 target_display_index=1 target_content_index=2 target_label=右脸
2026-06-15T21:57:52.125+08:00 MARKER sdk=1 host=1 enabled=1 sent=1 result=0 message=TRIAL_META_SEQUENCE trial_id=Exp2_002 slot_permutation=1:2|2:1|3:3|4:4 sequence_group=3 sequence_index=2
2026-06-15T21:58:04.116+08:00 MARKER sdk=1 host=1 enabled=1 sent=1 result=0 message=EVENT EXP2_OBJECT_STAGE_CHANGED trial_id=Exp2_002 rel=1388.456909 unix=1781531884110 bjt=2026-06-15T21:58:04.110+08:00 condition=E4_FIXED_NONPROGRESSIVE object_index=1 previous_stage=0 new_stage=3 progress=1.000000 object_stages=1:3|2:0|3:0
2026-06-15T21:58:04.117+08:00 MARKER sdk=1 host=1 enabled=1 sent=1 result=0 message=EVENT EXP2_STAGE_3_START trial_id=Exp2_002 rel=1388.456909 unix=1781531884110 bjt=2026-06-15T21:58:04.110+08:00 condition=E4_FIXED_NONPROGRESSIVE stage=3 first_object_index=1 progress=1.000000 object_stages=1:3|2:0|3:0|4:0
2026-06-15T21:58:04.118+08:00 MARKER sdk=1 host=1 enabled=1 sent=1 result=0 message=EVENT EXP2_OBJECT_STAGE_CHANGED trial_id=Exp2_002 rel=1388.456909 unix=1781531884110 bjt=2026-06-15T21:58:04.110+08:00 condition=E4_FIXED_NONPROGRESSIVE object_index=2 previous_stage=0 new_stage=3 progress=1.000000 object_stages=1:3|2:3|3:0
2026-06-15T21:58:04.118+08:00 MARKER sdk=1 host=1 enabled=1 sent=1 result=0 message=EVENT EXP2_OBJECT_STAGE_CHANGED trial_id=Exp2_002 rel=1388.456909 unix=1781531884110 bjt=2026-06-15T21:58:04.110+08:00 condition=E4_FIXED_NONPROGRESSIVE object_index=3 previous_stage=0 new_stage=3 progress=1.000000 object_stages=1:3|2:3|3:3
2026-06-15T21:58:04.119+08:00 MARKER sdk=1 host=1 enabled=1 sent=1 result=0 message=EVENT EXP2_OBJECT_STAGE_CHANGED trial_id=Exp2_002 rel=1388.456909 unix=1781531884110 bjt=2026-06-15T21:58:04.110+08:00 condition=E4_FIXED_NONPROGRESSIVE object_index=4 previous_stage=0 new_stage=3 progress=1.000000 object_stages=1:3|2:3|3:3
2026-06-15T21:58:04.119+08:00 MARKER sdk=1 host=1 enabled=1 sent=1 result=0 message=EVENT EXP2_LOADING_COMPLETE trial_id=Exp2_002 rel=1388.456909 unix=1781531884110 bjt=2026-06-15T21:58:04.110+08:00 condition=E4_FIXED_NONPROGRESSIVE
2026-06-15T21:58:23.594+08:00 MARKER sdk=1 host=1 enabled=1 sent=1 result=0 message=EVENT EXP2_PENDING_SELECTION trial_id=Exp2_002 rel=1407.934937 unix=1781531903588 bjt=2026-06-15T21:58:23.588+08:00 condition=E4_FIXED_NONPROGRESSIVE selected=1 selected_content=2 changes=1
2026-06-15T21:58:30.003+08:00 MARKER sdk=1 host=1 enabled=1 sent=1 result=0 message=EVENT EXP2_SUBMIT_SELECTION trial_id=Exp2_002 rel=1414.342896 unix=1781531909996 bjt=2026-06-15T21:58:29.996+08:00 condition=E4_FIXED_NONPROGRESSIVE selected=1 selected_content=2 correct=1
2026-06-15T21:58:30.004+08:00 MARKER sdk=1 host=1 enabled=1 sent=1 result=0 message=TRIAL_RESULT Exp2_002 selected=1 correct=1
2026-06-15T21:59:46.117+08:00 MARKER sdk=1 host=1 enabled=1 sent=1 result=0 message=TRIALID Exp2_003
2026-06-15T21:59:46.117+08:00 MARKER sdk=1 host=1 enabled=1 sent=1 result=0 message=EVENT EXP2_LOADING_START trial_id=Exp2_003 rel=1490.457031 unix=1781531986110 bjt=2026-06-15T21:59:46.110+08:00 condition=E2_FIXED_PROGRESSIVE
2026-06-15T21:59:46.118+08:00 MARKER sdk=1 host=1 enabled=1 sent=1 result=0 message=TRIAL_META exp=EXP2 participant=A036 participant_output_id=A036 trial_id=Exp2_003 condition=E2_FIXED_PROGRESSIVE spatial_continuity=0 progressive_availability=1
2026-06-15T21:59:46.118+08:00 MARKER sdk=1 host=1 enabled=1 sent=1 result=0 message=TRIAL_META_TASK trial_id=Exp2_003 target_index=4 target_display_index=4 target_content_index=3 target_label=脖子
2026-06-15T21:59:46.118+08:00 MARKER sdk=1 host=1 enabled=1 sent=1 result=0 message=TRIAL_META_SEQUENCE trial_id=Exp2_003 slot_permutation=1:2|2:4|3:1|4:3 sequence_group=3 sequence_index=3
2026-06-15T21:59:50.101+08:00 MARKER sdk=1 host=1 enabled=1 sent=1 result=0 message=EVENT EXP2_OBJECT_STAGE_CHANGED trial_id=Exp2_003 rel=1494.442383 unix=1781531990096 bjt=2026-06-15T21:59:50.095+08:00 condition=E2_FIXED_PROGRESSIVE object_index=1 previous_stage=0 new_stage=1 progress=0.333573 object_stages=1:1|2:0|3:0|4:
2026-06-15T21:59:50.103+08:00 MARKER sdk=1 host=1 enabled=1 sent=1 result=0 message=EVENT EXP2_STAGE_1_START trial_id=Exp2_003 rel=1494.442383 unix=1781531990096 bjt=2026-06-15T21:59:50.095+08:00 condition=E2_FIXED_PROGRESSIVE stage=1 first_object_index=1 progress=0.333573 object_stages=1:1|2:0|3:0|4:0
2026-06-15T21:59:50.103+08:00 MARKER sdk=1 host=1 enabled=1 sent=1 result=0 message=EVENT EXP2_OBJECT_STAGE_CHANGED trial_id=Exp2_003 rel=1494.442383 unix=1781531990096 bjt=2026-06-15T21:59:50.095+08:00 condition=E2_FIXED_PROGRESSIVE object_index=2 previous_stage=0 new_stage=1 progress=0.333573 object_stages=1:1|2:1|3:0|4:
2026-06-15T21:59:50.103+08:00 MARKER sdk=1 host=1 enabled=1 sent=1 result=0 message=EVENT EXP2_OBJECT_STAGE_CHANGED trial_id=Exp2_003 rel=1494.442383 unix=1781531990096 bjt=2026-06-15T21:59:50.095+08:00 condition=E2_FIXED_PROGRESSIVE object_index=3 previous_stage=0 new_stage=1 progress=0.333573 object_stages=1:1|2:1|3:1|4:
2026-06-15T21:59:50.104+08:00 MARKER sdk=1 host=1 enabled=1 sent=1 result=0 message=EVENT EXP2_OBJECT_STAGE_CHANGED trial_id=Exp2_003 rel=1494.442383 unix=1781531990096 bjt=2026-06-15T21:59:50.095+08:00 condition=E2_FIXED_PROGRESSIVE object_index=4 previous_stage=0 new_stage=1 progress=0.333573 object_stages=1:1|2:1|3:1|4:
2026-06-15T21:59:52.113+08:00 MARKER sdk=1 host=1 enabled=1 sent=1 result=0 message=EVENT EXP2_OBJECT_STAGE_CHANGED trial_id=Exp2_003 rel=1496.453491 unix=1781531992107 bjt=2026-06-15T21:59:52.106+08:00 condition=E2_FIXED_PROGRESSIVE object_index=1 previous_stage=1 new_stage=2 progress=0.501167 object_stages=1:2|2:1|3:1|4:
2026-06-15T21:59:52.115+08:00 MARKER sdk=1 host=1 enabled=1 sent=1 result=0 message=EVENT EXP2_STAGE_2_START trial_id=Exp2_003 rel=1496.453491 unix=1781531992107 bjt=2026-06-15T21:59:52.106+08:00 condition=E2_FIXED_PROGRESSIVE stage=2 first_object_index=1 progress=0.501167 object_stages=1:2|2:1|3:1|4:1
2026-06-15T21:59:52.115+08:00 MARKER sdk=1 host=1 enabled=1 sent=1 result=0 message=EVENT EXP2_OBJECT_STAGE_CHANGED trial_id=Exp2_003 rel=1496.453491 unix=1781531992107 bjt=2026-06-15T21:59:52.106+08:00 condition=E2_FIXED_PROGRESSIVE object_index=2 previous_stage=1 new_stage=2 progress=0.501167 object_stages=1:2|2:2|3:1|4:
2026-06-15T21:59:52.116+08:00 MARKER sdk=1 host=1 enabled=1 sent=1 result=0 message=EVENT EXP2_OBJECT_STAGE_CHANGED trial_id=Exp2_003 rel=1496.453491 unix=1781531992107 bjt=2026-06-15T21:59:52.106+08:00 condition=E2_FIXED_PROGRESSIVE object_index=3 previous_stage=1 new_stage=2 progress=0.501167 object_stages=1:2|2:2|3:2|4:
2026-06-15T21:59:52.116+08:00 MARKER sdk=1 host=1 enabled=1 sent=1 result=0 message=EVENT EXP2_OBJECT_STAGE_CHANGED trial_id=Exp2_003 rel=1496.453491 unix=1781531992107 bjt=2026-06-15T21:59:52.106+08:00 condition=E2_FIXED_PROGRESSIVE object_index=4 previous_stage=1 new_stage=2 progress=0.501167 object_stages=1:2|2:2|3:2|4:
2026-06-15T21:59:52.117+08:00 MARKER sdk=1 host=1 enabled=1 sent=1 result=0 message=EVENT EXP2_PROGRESSIVE_USABLE trial_id=Exp2_003 rel=1496.453491 unix=1781531992107 bjt=2026-06-15T21:59:52.106+08:00 condition=E2_FIXED_PROGRESSIVE target_display_index=4 target_content_index=3 target_label=脖子 stage=2 progress=0.501167
2026-06-15T21:59:58.108+08:00 MARKER sdk=1 host=1 enabled=1 sent=1 result=0 message=EVENT EXP2_OBJECT_STAGE_CHANGED trial_id=Exp2_003 rel=1502.448364 unix=1781531998102 bjt=2026-06-15T21:59:58.101+08:00 condition=E2_FIXED_PROGRESSIVE object_index=1 previous_stage=2 new_stage=3 progress=1.000000 object_stages=1:3|2:2|3:2|4:
2026-06-15T21:59:58.109+08:00 MARKER sdk=1 host=1 enabled=1 sent=1 result=0 message=EVENT EXP2_STAGE_3_START trial_id=Exp2_003 rel=1502.448364 unix=1781531998102 bjt=2026-06-15T21:59:58.101+08:00 condition=E2_FIXED_PROGRESSIVE stage=3 first_object_index=1 progress=1.000000 object_stages=1:3|2:2|3:2|4:2
2026-06-15T21:59:58.109+08:00 MARKER sdk=1 host=1 enabled=1 sent=1 result=0 message=EVENT EXP2_OBJECT_STAGE_CHANGED trial_id=Exp2_003 rel=1502.448364 unix=1781531998102 bjt=2026-06-15T21:59:58.101+08:00 condition=E2_FIXED_PROGRESSIVE object_index=2 previous_stage=2 new_stage=3 progress=1.000000 object_stages=1:3|2:3|3:2|4:
2026-06-15T21:59:58.110+08:00 MARKER sdk=1 host=1 enabled=1 sent=1 result=0 message=EVENT EXP2_OBJECT_STAGE_CHANGED trial_id=Exp2_003 rel=1502.448364 unix=1781531998102 bjt=2026-06-15T21:59:58.101+08:00 condition=E2_FIXED_PROGRESSIVE object_index=3 previous_stage=2 new_stage=3 progress=1.000000 object_stages=1:3|2:3|3:3|4:
2026-06-15T21:59:58.110+08:00 MARKER sdk=1 host=1 enabled=1 sent=1 result=0 message=EVENT EXP2_OBJECT_STAGE_CHANGED trial_id=Exp2_003 rel=1502.448364 unix=1781531998102 bjt=2026-06-15T21:59:58.101+08:00 condition=E2_FIXED_PROGRESSIVE object_index=4 previous_stage=2 new_stage=3 progress=1.000000 object_stages=1:3|2:3|3:3|4:
2026-06-15T21:59:58.111+08:00 MARKER sdk=1 host=1 enabled=1 sent=1 result=0 message=EVENT EXP2_LOADING_COMPLETE trial_id=Exp2_003 rel=1502.448364 unix=1781531998102 bjt=2026-06-15T21:59:58.101+08:00 condition=E2_FIXED_PROGRESSIVE
2026-06-15T22:00:01.155+08:00 MARKER sdk=1 host=1 enabled=1 sent=1 result=0 message=EVENT EXP2_PENDING_SELECTION trial_id=Exp2_003 rel=1505.495239 unix=1781532001148 bjt=2026-06-15T22:00:01.148+08:00 condition=E2_FIXED_PROGRESSIVE selected=4 selected_content=3 changes=1
2026-06-15T22:00:05.702+08:00 MARKER sdk=1 host=1 enabled=1 sent=1 result=0 message=EVENT EXP2_SUBMIT_SELECTION trial_id=Exp2_003 rel=1510.042847 unix=1781532005696 bjt=2026-06-15T22:00:05.696+08:00 condition=E2_FIXED_PROGRESSIVE selected=4 selected_content=3 correct=1
2026-06-15T22:00:05.703+08:00 MARKER sdk=1 host=1 enabled=1 sent=1 result=0 message=TRIAL_RESULT Exp2_003 selected=4 correct=1
2026-06-15T22:01:03.280+08:00 MARKER sdk=1 host=1 enabled=1 sent=1 result=0 message=TRIALID Exp2_004
2026-06-15T22:01:03.280+08:00 MARKER sdk=1 host=1 enabled=1 sent=1 result=0 message=EVENT EXP2_LOADING_START trial_id=Exp2_004 rel=1567.619751 unix=1781532063273 bjt=2026-06-15T22:01:03.272+08:00 condition=E1_SPATIAL_PROGRESSIVE
2026-06-15T22:01:03.281+08:00 MARKER sdk=1 host=1 enabled=1 sent=1 result=0 message=TRIAL_META exp=EXP2 participant=A036 participant_output_id=A036 trial_id=Exp2_004 condition=E1_SPATIAL_PROGRESSIVE spatial_continuity=1 progressive_availability=1
2026-06-15T22:01:03.281+08:00 MARKER sdk=1 host=1 enabled=1 sent=1 result=0 message=TRIAL_META_TASK trial_id=Exp2_004 target_index=3 target_display_index=3 target_content_index=4 target_label=头顶
2026-06-15T22:01:03.281+08:00 MARKER sdk=1 host=1 enabled=1 sent=1 result=0 message=TRIAL_META_SEQUENCE trial_id=Exp2_004 slot_permutation=1:3|2:1|3:4|4:2 sequence_group=3 sequence_index=4
2026-06-15T22:01:07.271+08:00 MARKER sdk=1 host=1 enabled=1 sent=1 result=0 message=EVENT EXP2_OBJECT_STAGE_CHANGED trial_id=Exp2_004 rel=1571.612793 unix=1781532067266 bjt=2026-06-15T22:01:07.266+08:00 condition=E1_SPATIAL_PROGRESSIVE object_index=1 previous_stage=0 new_stage=1 progress=0.334285 object_stages=1:1|2:0|3:0|
2026-06-15T22:01:07.273+08:00 MARKER sdk=1 host=1 enabled=1 sent=1 result=0 message=EVENT EXP2_STAGE_1_START trial_id=Exp2_004 rel=1571.612793 unix=1781532067266 bjt=2026-06-15T22:01:07.266+08:00 condition=E1_SPATIAL_PROGRESSIVE stage=1 first_object_index=1 progress=0.334285 object_stages=1:1|2:0|3:0|4:0
2026-06-15T22:01:07.273+08:00 MARKER sdk=1 host=1 enabled=1 sent=1 result=0 message=EVENT EXP2_OBJECT_STAGE_CHANGED trial_id=Exp2_004 rel=1571.612793 unix=1781532067266 bjt=2026-06-15T22:01:07.266+08:00 condition=E1_SPATIAL_PROGRESSIVE object_index=2 previous_stage=0 new_stage=1 progress=0.334285 object_stages=1:1|2:1|3:0|
2026-06-15T22:01:07.273+08:00 MARKER sdk=1 host=1 enabled=1 sent=1 result=0 message=EVENT EXP2_OBJECT_STAGE_CHANGED trial_id=Exp2_004 rel=1571.612793 unix=1781532067266 bjt=2026-06-15T22:01:07.266+08:00 condition=E1_SPATIAL_PROGRESSIVE object_index=3 previous_stage=0 new_stage=1 progress=0.334285 object_stages=1:1|2:1|3:1|
2026-06-15T22:01:07.274+08:00 MARKER sdk=1 host=1 enabled=1 sent=1 result=0 message=EVENT EXP2_OBJECT_STAGE_CHANGED trial_id=Exp2_004 rel=1571.612793 unix=1781532067266 bjt=2026-06-15T22:01:07.266+08:00 condition=E1_SPATIAL_PROGRESSIVE object_index=4 previous_stage=0 new_stage=1 progress=0.334285 object_stages=1:1|2:1|3:1|
2026-06-15T22:01:09.265+08:00 MARKER sdk=1 host=1 enabled=1 sent=1 result=0 message=EVENT EXP2_OBJECT_STAGE_CHANGED trial_id=Exp2_004 rel=1573.605835 unix=1781532069259 bjt=2026-06-15T22:01:09.259+08:00 condition=E1_SPATIAL_PROGRESSIVE object_index=1 previous_stage=1 new_stage=2 progress=0.500374 object_stages=1:2|2:1|3:1|
2026-06-15T22:01:09.266+08:00 MARKER sdk=1 host=1 enabled=1 sent=1 result=0 message=EVENT EXP2_STAGE_2_START trial_id=Exp2_004 rel=1573.605835 unix=1781532069259 bjt=2026-06-15T22:01:09.259+08:00 condition=E1_SPATIAL_PROGRESSIVE stage=2 first_object_index=1 progress=0.500374 object_stages=1:2|2:1|3:1|4:1
2026-06-15T22:01:09.267+08:00 MARKER sdk=1 host=1 enabled=1 sent=1 result=0 message=EVENT EXP2_OBJECT_STAGE_CHANGED trial_id=Exp2_004 rel=1573.605835 unix=1781532069259 bjt=2026-06-15T22:01:09.259+08:00 condition=E1_SPATIAL_PROGRESSIVE object_index=2 previous_stage=1 new_stage=2 progress=0.500374 object_stages=1:2|2:2|3:1|
2026-06-15T22:01:09.268+08:00 MARKER sdk=1 host=1 enabled=1 sent=1 result=0 message=EVENT EXP2_OBJECT_STAGE_CHANGED trial_id=Exp2_004 rel=1573.605835 unix=1781532069259 bjt=2026-06-15T22:01:09.259+08:00 condition=E1_SPATIAL_PROGRESSIVE object_index=3 previous_stage=1 new_stage=2 progress=0.500374 object_stages=1:2|2:2|3:2|
2026-06-15T22:01:09.268+08:00 MARKER sdk=1 host=1 enabled=1 sent=1 result=0 message=EVENT EXP2_PROGRESSIVE_USABLE trial_id=Exp2_004 rel=1573.605835 unix=1781532069259 bjt=2026-06-15T22:01:09.259+08:00 condition=E1_SPATIAL_PROGRESSIVE target_display_index=3 target_content_index=4 target_label=头顶 stage=2 progress=0.500374
2026-06-15T22:01:09.268+08:00 MARKER sdk=1 host=1 enabled=1 sent=1 result=0 message=EVENT EXP2_OBJECT_STAGE_CHANGED trial_id=Exp2_004 rel=1573.605835 unix=1781532069259 bjt=2026-06-15T22:01:09.259+08:00 condition=E1_SPATIAL_PROGRESSIVE object_index=4 previous_stage=1 new_stage=2 progress=0.500374 object_stages=1:2|2:2|3:2|
2026-06-15T22:01:14.934+08:00 MARKER sdk=1 host=1 enabled=1 sent=1 result=0 message=EVENT EXP2_PREJUDGE trial_id=Exp2_004 rel=1579.274292 unix=1781532074928 bjt=2026-06-15T22:01:14.927+08:00 condition=E1_SPATIAL_PROGRESSIVE selected=3 correct=1 confidence=-1 selected_content=4
2026-06-15T22:01:15.268+08:00 MARKER sdk=1 host=1 enabled=1 sent=1 result=0 message=EVENT EXP2_OBJECT_STAGE_CHANGED trial_id=Exp2_004 rel=1579.608887 unix=1781532075262 bjt=2026-06-15T22:01:15.262+08:00 condition=E1_SPATIAL_PROGRESSIVE object_index=1 previous_stage=2 new_stage=3 progress=1.000000 object_stages=1:3|2:2|3:2|
2026-06-15T22:01:15.268+08:00 MARKER sdk=1 host=1 enabled=1 sent=1 result=0 message=EVENT EXP2_STAGE_3_START trial_id=Exp2_004 rel=1579.608887 unix=1781532075262 bjt=2026-06-15T22:01:15.262+08:00 condition=E1_SPATIAL_PROGRESSIVE stage=3 first_object_index=1 progress=1.000000 object_stages=1:3|2:2|3:2|4:2
2026-06-15T22:01:15.269+08:00 MARKER sdk=1 host=1 enabled=1 sent=1 result=0 message=EVENT EXP2_OBJECT_STAGE_CHANGED trial_id=Exp2_004 rel=1579.608887 unix=1781532075262 bjt=2026-06-15T22:01:15.262+08:00 condition=E1_SPATIAL_PROGRESSIVE object_index=2 previous_stage=2 new_stage=3 progress=1.000000 object_stages=1:3|2:3|3:2|
2026-06-15T22:01:15.270+08:00 MARKER sdk=1 host=1 enabled=1 sent=1 result=0 message=EVENT EXP2_OBJECT_STAGE_CHANGED trial_id=Exp2_004 rel=1579.608887 unix=1781532075262 bjt=2026-06-15T22:01:15.262+08:00 condition=E1_SPATIAL_PROGRESSIVE object_index=3 previous_stage=2 new_stage=3 progress=1.000000 object_stages=1:3|2:3|3:3|
2026-06-15T22:01:15.270+08:00 MARKER sdk=1 host=1 enabled=1 sent=1 result=0 message=EVENT EXP2_OBJECT_STAGE_CHANGED trial_id=Exp2_004 rel=1579.608887 unix=1781532075262 bjt=2026-06-15T22:01:15.262+08:00 condition=E1_SPATIAL_PROGRESSIVE object_index=4 previous_stage=2 new_stage=3 progress=1.000000 object_stages=1:3|2:3|3:3|
2026-06-15T22:01:15.270+08:00 MARKER sdk=1 host=1 enabled=1 sent=1 result=0 message=EVENT EXP2_LOADING_COMPLETE trial_id=Exp2_004 rel=1579.608887 unix=1781532075262 bjt=2026-06-15T22:01:15.262+08:00 condition=E1_SPATIAL_PROGRESSIVE
2026-06-15T22:01:17.519+08:00 MARKER sdk=1 host=1 enabled=1 sent=1 result=0 message=EVENT EXP2_PENDING_SELECTION trial_id=Exp2_004 rel=1581.859863 unix=1781532077513 bjt=2026-06-15T22:01:17.513+08:00 condition=E1_SPATIAL_PROGRESSIVE selected=3 selected_content=4 changes=1
2026-06-15T22:01:22.235+08:00 MARKER sdk=1 host=1 enabled=1 sent=1 result=0 message=EVENT EXP2_SUBMIT_SELECTION trial_id=Exp2_004 rel=1586.575073 unix=1781532082228 bjt=2026-06-15T22:01:22.228+08:00 condition=E1_SPATIAL_PROGRESSIVE selected=3 selected_content=4 correct=1
2026-06-15T22:01:22.236+08:00 MARKER sdk=1 host=1 enabled=1 sent=1 result=0 message=TRIAL_RESULT Exp2_004 selected=3 correct=1
2026-06-15T22:02:07.022+08:00 MARKER sdk=1 host=1 enabled=1 sent=1 result=0 message=EVENT EXPERIMENT_END_SCREEN_SHOWN participant=A036 output_id=A036 unix=1781532127022 bjt=2026-06-15_22:02:07.022
2026-06-15T22:02:07.023+08:00 FORMAL_RECORDING step=FINISH_REQUESTED success=1 reason=experiment_end_door edf=FM213701.EDF recording=1 opened=1
2026-06-15T22:02:07.023+08:00 MARKER sdk=1 host=1 enabled=1 sent=1 result=0 message=FORMAL_RECORDING_END participant=A036 rel=1631.362 unix=1781532127023 bjt=2026-06-15T22:02:07.023+08:00 edf=FM213701.EDF source=ue_formal reason=experiment_end_door
2026-06-15T22:02:07.224+08:00 FORMAL_RECORDING step=END_MARKER_FLUSH_WAIT success=1 duration_ms=200
2026-06-15T22:02:07.331+08:00 FORMAL_RECORDING step=RECORDING_STOPPED success=1 result=0
2026-06-15T22:02:07.331+08:00 FORMAL_RECORDING step=EDF_CLOSED success=1 edf=FM213701.EDF result=0
2026-06-15T22:02:10.161+08:00 EDF_RECEIVE_ATTEMPT source_tag=formal attempt=full_path source=FM213701.EDF dest=../../../../../../Project/UE5/Gallery/Saved/ExperimentData/EDF/FM213701.EDF dest_is_path=0 result=78380549 exists=1 size=78380549
2026-06-15T22:02:10.161+08:00 FORMAL_RECORDING step=EDF_RECEIVED_TO_DPC success=1 edf=FM213701.EDF local=../../../../../../Project/UE5/Gallery/Saved/ExperimentData/EDF/FM213701.EDF result=78380549 size=78380549
2026-06-15T22:02:10.161+08:00 FORMAL_RECORDING step=FINISHED success=1 reason=experiment_end_door edf=FM213701.EDF local=../../../../../../Project/UE5/Gallery/Saved/ExperimentData/EDF/FM213701.EDF
