2026-06-15T19:31:48.408+08:00 STATUS start_ui_status sdk=connected host=not_connected log=
2026-06-15T19:32:03.914+08:00 FORMAL_RECORDING step=EDF_OPEN_REQUESTED success=1 participant=A033 edf=FM193203.EDF source=calibration_button
2026-06-15T19:32:03.927+08:00 CONNECT method=open_eyelink_connection ip=100.1.1.1
2026-06-15T19:32:03.963+08:00 CONNECT_RESULT method=open_eyelink_connection result=0 connected=1
2026-06-15T19:32:03.963+08:00 STATUS host_connected=1 sdk_available=1 note=connection_opened_high_level
2026-06-15T19:32:03.963+08:00 FORMAL_RECORDING step=HOST_CONNECTED success=1 sdk=1 host=1 source=calibration_button
2026-06-15T19:32:04.011+08:00 FORMAL_RECORDING step=EDF_OPENED success=1 edf=FM193203.EDF result=0 source=calibration_button
2026-06-15T19:32:04.012+08:00 FORMAL_EDF_MARKER sdk=1 host=1 opened=1 sent=1 message=FORMAL_EDF_OPENED participant=A033 rel=15.613 unix=1781523124011 bjt=2026-06-15T19:32:04.011+08:00 edf=FM193203.EDF source=ue_formal open_result=0 source_tag=calibration_button
2026-06-15T19:32:04.012+08:00 FORMAL_EDF_MARKER sdk=1 host=1 opened=1 sent=1 message=FORMAL_SESSION_PREPARED participant=A033 rel=15.613 unix=1781523124012 bjt=2026-06-15T19:32:04.012+08:00 edf=FM193203.EDF source=ue_formal calibration_complete=0
2026-06-15T19:32:04.012+08:00 FORMAL_EDF_MARKER sdk=1 host=1 opened=1 sent=1 message=CALIBRATION_REQUESTED participant=A033 rel=15.613 unix=1781523124012 bjt=2026-06-15T19:32:04.012+08:00 edf=FM193203.EDF source=ue_formal open_result=0
2026-06-15T19:32:04.012+08:00 CALIBRATION step=REQUESTED success=1 note=run_eyelink_tracker_setup
2026-06-15T19:32:04.013+08:00 CALIBRATION step=HOST_CONNECTED success=1 sdk=1 host=1 graphics=1
2026-06-15T19:32:04.059+08:00 CALIBRATION_DISPLAY_INIT success=1 result=0 error=
2026-06-15T19:32:04.059+08:00 CALIBRATION_DISPLAY_LIST count=2 requested_index=1 explicit=1
2026-06-15T19:32:04.059+08:00 CALIBRATION_DISPLAY index=0 name=Dell XPS 15 SDC414D Display bounds_result=0 x=0 y=0 w=1920 h=1080 mode_result=0 mode_w=1920 mode_h=1080 refresh=60
2026-06-15T19:32:04.059+08:00 CALIBRATION_DISPLAY index=1 name=Acer GR235H bounds_result=0 x=0 y=-1080 w=1920 h=1080 mode_result=0 mode_w=1920 mode_h=1080 refresh=60
2026-06-15T19:32:04.254+08:00 CALIBRATION step=GRAPHICS_INITIALIZED success=1 result=0 explicit_request=1 display_index=1 window_ptr=000001E481B02A28 width=1920 height=1080 bits=32 refresh=60.00
2026-06-15T19:32:04.267+08:00 CALIBRATION step=REGISTERED_WINDOW_MOVED success=1 requested_display=1 actual_display=1 requested_x=0 requested_y=-1080 requested_w=1920 requested_h=1080 actual_x=0 actual_y=-1080 actual_w=1920 actual_h=1080
2026-06-15T19:32:04.289+08:00 FORMAL_EDF_MARKER sdk=1 host=1 opened=1 sent=1 message=CALIBRATION_SETUP_START participant=A033 rel=15.613 unix=1781523124289 bjt=2026-06-15T19:32:04.289+08:00 edf=FM193203.EDF source=ue_formal calibration_type=HV9 width=1920 height=1080
2026-06-15T19:32:04.290+08:00 CALIBRATION step=TRACKER_SETUP_BEGIN success=1 detail=call_do_tracker_setup
2026-06-15T19:34:49.155+08:00 CALIBRATION step=TRACKER_SETUP_RETURNED success=1 result=0
2026-06-15T19:34:49.155+08:00 FORMAL_EDF_MARKER sdk=1 host=1 opened=1 sent=1 message=CALIBRATION_SETUP_END participant=A033 rel=15.613 unix=1781523289155 bjt=2026-06-15T19:34:49.155+08:00 edf=FM193203.EDF source=ue_formal setup_result=0
2026-06-15T19:34:51.210+08:00 CALIBRATION step=GRAPHICS_CLOSED success=1
2026-06-15T19:34:51.210+08:00 CALIBRATION step=CALIBRATION_WINDOW_DESTROYED success=1
2026-06-15T19:34:51.210+08:00 CALIBRATION step=FINISHED success=1 result=0
2026-06-15T19:34:51.210+08:00 FORMAL_EDF_MARKER sdk=1 host=1 opened=1 sent=1 message=CALIBRATION_STATUS participant=A033 rel=15.613 unix=1781523291210 bjt=2026-06-15T19:34:51.210+08:00 edf=FM193203.EDF source=ue_formal calibration_complete=1
2026-06-15T19:34:51.210+08:00 FORMAL_CALIBRATION step=FINISHED success=1 participant=A033 edf=FM193203.EDF open_result=0
2026-06-15T19:34:51.210+08:00 STATUS start_ui_status sdk=connected host=connected log=../../../../../../Project/UE5/Gallery/Saved/ExperimentLogs/EyeLinkMarkers_20260615_193148_408.log
2026-06-15T19:35:06.075+08:00 FORMAL_RECORDING step=EDF_ALREADY_OPEN success=1 participant=A033 edf=FM193203.EDF source=start_button_preopened calibration_complete=1
2026-06-15T19:35:06.084+08:00 FORMAL_RECORDING step=RECORDING_STARTED success=1 result=0 edf=FM193203.EDF preopened=1 calibration_complete=1
2026-06-15T19:35:06.084+08:00 MARKER sdk=1 host=1 enabled=1 sent=1 result=0 message=FORMAL_RECORDING_START participant=A033 rel=29.858 unix=1781523306084 bjt=2026-06-15T19:35:06.084+08:00 edf=FM193203.EDF source=ue_formal open_result=0 record_result=0 edf_preopened=1 calibration_complete=1
2026-06-15T19:35:06.085+08:00 STATUS formal_recording_start_requested participant=A033 success=1 edf=FM193203.EDF calibration_complete=1
2026-06-15T19:35:06.085+08:00 STATUS start_ui_status sdk=connected host=connected log=../../../../../../Project/UE5/Gallery/Saved/ExperimentLogs/EyeLinkMarkers_20260615_193148_408.log
2026-06-15T19:35:06.085+08:00 MARKER sdk=1 host=1 enabled=1 sent=1 result=0 message=RECORDING_TIME_REFERENCE participant=A033 output_id=A033 rel=29.858 unix=1781523306085 bjt=2026-06-15T19:35:06.085+08:00 source=ue_session_start
2026-06-15T19:35:06.085+08:00 MARKER sdk=1 host=1 enabled=1 sent=1 result=0 message=SESSION_START participant=A033 output_id=A033 rel=29.858 unix=1781523306085 bjt=2026-06-15T19:35:06.085+08:00
2026-06-15T19:35:06.085+08:00 MARKER sdk=1 host=1 enabled=1 sent=1 result=0 message=EXPERIMENT_RUN_MODE EXP1_THEN_EXP2
2026-06-15T19:35:06.093+08:00 MARKER sdk=1 host=1 enabled=1 sent=1 result=0 message=SCREEN_RECORDING_REQUEST enabled=1 started=1 participant=A033 output_id=A033
2026-06-15T19:36:00.221+08:00 MARKER sdk=1 host=1 enabled=1 sent=1 result=0 message=TRIALID T001
2026-06-15T19:36:00.222+08:00 MARKER sdk=1 host=1 enabled=1 sent=1 result=0 message=EVENT LOADING_INTERACT trial=T001 rel=84.043 unix=1781523360270 bjt=2026-06-15T19:36:00.269+08:00
2026-06-15T19:36:00.222+08:00 MARKER sdk=1 host=1 enabled=1 sent=1 result=0 message=EVENT LOADING_START trial=T001 rel=84.043 unix=1781523360270 bjt=2026-06-15T19:36:00.269+08:00
2026-06-15T19:36:00.222+08:00 MARKER sdk=1 host=1 enabled=1 sent=1 result=0 message=TRIAL_META exp=EXP1 participant=A033 participant_output_id=A033 exhibit_id=Ex1_TEST exhibit_name=测试展品 condition=A latin_group=NA sequence_index=-1 sequence_label=NA
2026-06-15T19:36:02.216+08:00 MARKER sdk=1 host=1 enabled=1 sent=1 result=0 message=EVENT LOADING_COMPLETE trial=T001 rel=86.038 unix=1781523362265 bjt=2026-06-15T19:36:02.265+08:00
2026-06-15T19:36:04.640+08:00 MARKER sdk=1 host=1 enabled=1 sent=1 result=0 message=EVENT VIEWER_ENTER trial=T001 rel=88.446 unix=1781523364674 bjt=2026-06-15T19:36:04.673+08:00
2026-06-15T19:36:04.640+08:00 MARKER sdk=1 host=1 enabled=1 sent=1 result=0 message=EVENT QUESTION_START trial=T001 rel=88.446 unix=1781523364674 bjt=2026-06-15T19:36:04.673+08:00 q=1 total=2 correct_index=-1 correct_label=NotAnswered
2026-06-15T19:36:34.544+08:00 MARKER sdk=1 host=1 enabled=1 sent=1 result=0 message=EVENT QUESTION_SUBMIT trial=T001 rel=118.350 unix=1781523394577 bjt=2026-06-15T19:36:34.576+08:00 q=1 option=A correct_index=-1 correct_label=NotAnswered is_correct=-1
2026-06-15T19:36:34.545+08:00 MARKER sdk=1 host=1 enabled=1 sent=1 result=0 message=EVENT QUESTION_START trial=T001 rel=118.350 unix=1781523394577 bjt=2026-06-15T19:36:34.576+08:00 q=2 total=2 correct_index=-1 correct_label=NotAnswered
2026-06-15T19:36:49.779+08:00 MARKER sdk=1 host=1 enabled=1 sent=1 result=0 message=EVENT QUESTION_SUBMIT trial=T001 rel=133.585 unix=1781523409812 bjt=2026-06-15T19:36:49.812+08:00 q=2 option=B correct_index=-1 correct_label=NotAnswered is_correct=-1
2026-06-15T19:36:51.960+08:00 MARKER sdk=1 host=1 enabled=1 sent=1 result=0 message=EVENT VIEWER_EXIT trial=T001 rel=135.782 unix=1781523412009 bjt=2026-06-15T19:36:52.008+08:00
2026-06-15T19:36:51.961+08:00 MARKER sdk=1 host=1 enabled=1 sent=1 result=0 message=EVENT TRIAL_RESULT trial=T001 rel=135.782 unix=1781523412009 bjt=2026-06-15T19:36:52.008+08:00 rows=2
2026-06-15T19:37:55.543+08:00 MARKER sdk=1 host=1 enabled=1 sent=1 result=0 message=TRIALID T002
2026-06-15T19:37:55.544+08:00 MARKER sdk=1 host=1 enabled=1 sent=1 result=0 message=EVENT LOADING_INTERACT trial=T002 rel=199.365 unix=1781523475592 bjt=2026-06-15T19:37:55.592+08:00
2026-06-15T19:37:55.544+08:00 MARKER sdk=1 host=1 enabled=1 sent=1 result=0 message=EVENT LOADING_START trial=T002 rel=199.365 unix=1781523475592 bjt=2026-06-15T19:37:55.592+08:00
2026-06-15T19:37:55.544+08:00 MARKER sdk=1 host=1 enabled=1 sent=1 result=0 message=TRIAL_META exp=EXP1 participant=A033 participant_output_id=A033 exhibit_id=01 exhibit_name=半岛香炉 condition=A_PLUS latin_group=G2 sequence_index=1 sequence_label=G2_T01
2026-06-15T19:38:05.530+08:00 MARKER sdk=1 host=1 enabled=1 sent=1 result=0 message=EVENT LOADING_COMPLETE trial=T002 rel=209.351 unix=1781523485578 bjt=2026-06-15T19:38:05.577+08:00
2026-06-15T19:38:11.991+08:00 MARKER sdk=1 host=1 enabled=1 sent=1 result=0 message=EVENT VIEWER_ENTER trial=T002 rel=215.812 unix=1781523492039 bjt=2026-06-15T19:38:12.039+08:00
2026-06-15T19:38:11.992+08:00 MARKER sdk=1 host=1 enabled=1 sent=1 result=0 message=EVENT QUESTION_START trial=T002 rel=215.812 unix=1781523492039 bjt=2026-06-15T19:38:12.039+08:00 q=1 total=2 correct_index=1 correct_label=B
2026-06-15T19:38:19.964+08:00 MARKER sdk=1 host=1 enabled=1 sent=1 result=0 message=EVENT QUESTION_SUBMIT trial=T002 rel=223.770 unix=1781523499997 bjt=2026-06-15T19:38:19.997+08:00 q=1 option=B correct_index=1 correct_label=B is_correct=1
2026-06-15T19:38:19.965+08:00 MARKER sdk=1 host=1 enabled=1 sent=1 result=0 message=EVENT QUESTION_START trial=T002 rel=223.770 unix=1781523499997 bjt=2026-06-15T19:38:19.997+08:00 q=2 total=2 correct_index=1 correct_label=B
2026-06-15T19:38:46.425+08:00 MARKER sdk=1 host=1 enabled=1 sent=1 result=0 message=EVENT QUESTION_SUBMIT trial=T002 rel=250.230 unix=1781523526458 bjt=2026-06-15T19:38:46.457+08:00 q=2 option=A correct_index=1 correct_label=B is_correct=0
2026-06-15T19:38:47.358+08:00 MARKER sdk=1 host=1 enabled=1 sent=1 result=0 message=EVENT VIEWER_EXIT trial=T002 rel=251.178 unix=1781523527406 bjt=2026-06-15T19:38:47.405+08:00
2026-06-15T19:38:47.358+08:00 MARKER sdk=1 host=1 enabled=1 sent=1 result=0 message=EVENT TRIAL_RESULT trial=T002 rel=251.178 unix=1781523527406 bjt=2026-06-15T19:38:47.405+08:00 rows=2
2026-06-15T19:41:01.495+08:00 MARKER sdk=1 host=1 enabled=1 sent=1 result=0 message=TRIALID T003
2026-06-15T19:41:01.495+08:00 MARKER sdk=1 host=1 enabled=1 sent=1 result=0 message=EVENT LOADING_INTERACT trial=T003 rel=385.222 unix=1781523661450 bjt=2026-06-15T19:41:01.449+08:00
2026-06-15T19:41:01.495+08:00 MARKER sdk=1 host=1 enabled=1 sent=1 result=0 message=EVENT LOADING_START trial=T003 rel=385.222 unix=1781523661450 bjt=2026-06-15T19:41:01.449+08:00
2026-06-15T19:41:01.496+08:00 MARKER sdk=1 host=1 enabled=1 sent=1 result=0 message=TRIAL_META exp=EXP1 participant=A033 participant_output_id=A033 exhibit_id=02 exhibit_name=中国青铜器 condition=B latin_group=G2 sequence_index=2 sequence_label=G2_T02
2026-06-15T19:41:11.496+08:00 MARKER sdk=1 host=1 enabled=1 sent=1 result=0 message=EVENT LOADING_COMPLETE trial=T003 rel=395.223 unix=1781523671450 bjt=2026-06-15T19:41:11.450+08:00
2026-06-15T19:41:13.085+08:00 MARKER sdk=1 host=1 enabled=1 sent=1 result=0 message=EVENT VIEWER_ENTER trial=T003 rel=396.812 unix=1781523673039 bjt=2026-06-15T19:41:13.039+08:00
2026-06-15T19:41:13.085+08:00 MARKER sdk=1 host=1 enabled=1 sent=1 result=0 message=EVENT QUESTION_START trial=T003 rel=396.812 unix=1781523673039 bjt=2026-06-15T19:41:13.039+08:00 q=1 total=2 correct_index=1 correct_label=B
2026-06-15T19:41:21.205+08:00 MARKER sdk=1 host=1 enabled=1 sent=1 result=0 message=EVENT QUESTION_SUBMIT trial=T003 rel=404.917 unix=1781523681144 bjt=2026-06-15T19:41:21.143+08:00 q=1 option=C correct_index=1 correct_label=B is_correct=0
2026-06-15T19:41:21.205+08:00 MARKER sdk=1 host=1 enabled=1 sent=1 result=0 message=EVENT QUESTION_START trial=T003 rel=404.917 unix=1781523681144 bjt=2026-06-15T19:41:21.143+08:00 q=2 total=2 correct_index=1 correct_label=B
2026-06-15T19:41:42.217+08:00 MARKER sdk=1 host=1 enabled=1 sent=1 result=0 message=EVENT QUESTION_SUBMIT trial=T003 rel=425.929 unix=1781523702156 bjt=2026-06-15T19:41:42.155+08:00 q=2 option=B correct_index=1 correct_label=B is_correct=1
2026-06-15T19:41:43.441+08:00 MARKER sdk=1 host=1 enabled=1 sent=1 result=0 message=EVENT VIEWER_EXIT trial=T003 rel=427.168 unix=1781523703396 bjt=2026-06-15T19:41:43.395+08:00
2026-06-15T19:41:43.441+08:00 MARKER sdk=1 host=1 enabled=1 sent=1 result=0 message=EVENT TRIAL_RESULT trial=T003 rel=427.168 unix=1781523703396 bjt=2026-06-15T19:41:43.395+08:00 rows=2
2026-06-15T19:43:13.139+08:00 MARKER sdk=1 host=1 enabled=1 sent=1 result=0 message=TRIALID T004
2026-06-15T19:43:13.139+08:00 MARKER sdk=1 host=1 enabled=1 sent=1 result=0 message=EVENT LOADING_INTERACT trial=T004 rel=516.867 unix=1781523793094 bjt=2026-06-15T19:43:13.094+08:00
2026-06-15T19:43:13.139+08:00 MARKER sdk=1 host=1 enabled=1 sent=1 result=0 message=EVENT LOADING_START trial=T004 rel=516.867 unix=1781523793094 bjt=2026-06-15T19:43:13.094+08:00
2026-06-15T19:43:13.140+08:00 MARKER sdk=1 host=1 enabled=1 sent=1 result=0 message=EVENT VIEWER_ENTER trial=T004 rel=516.867 unix=1781523793094 bjt=2026-06-15T19:43:13.094+08:00 mode=progressive_no_progress_bar
2026-06-15T19:43:13.140+08:00 MARKER sdk=1 host=1 enabled=1 sent=1 result=0 message=TRIAL_META exp=EXP1 participant=A033 participant_output_id=A033 exhibit_id=03 exhibit_name=希腊陶具 condition=C_MINUS latin_group=G2 sequence_index=3 sequence_label=G2_T03
2026-06-15T19:43:19.132+08:00 MARKER sdk=1 host=1 enabled=1 sent=1 result=0 message=EVENT PROGRESSIVE_USABLE trial=T004 rel=522.852 unix=1781523799080 bjt=2026-06-15T19:43:19.079+08:00
2026-06-15T19:43:19.133+08:00 MARKER sdk=1 host=1 enabled=1 sent=1 result=0 message=EVENT QUESTION_START trial=T004 rel=522.852 unix=1781523799080 bjt=2026-06-15T19:43:19.079+08:00 q=1 total=2 correct_index=0 correct_label=A
2026-06-15T19:43:23.138+08:00 MARKER sdk=1 host=1 enabled=1 sent=1 result=0 message=EVENT LOADING_COMPLETE trial=T004 rel=526.865 unix=1781523803092 bjt=2026-06-15T19:43:23.092+08:00
2026-06-15T19:43:32.935+08:00 MARKER sdk=1 host=1 enabled=1 sent=1 result=0 message=EVENT QUESTION_SUBMIT trial=T004 rel=536.640 unix=1781523812867 bjt=2026-06-15T19:43:32.867+08:00 q=1 option=A correct_index=0 correct_label=A is_correct=1
2026-06-15T19:43:32.936+08:00 MARKER sdk=1 host=1 enabled=1 sent=1 result=0 message=EVENT QUESTION_START trial=T004 rel=536.640 unix=1781523812867 bjt=2026-06-15T19:43:32.867+08:00 q=2 total=2 correct_index=2 correct_label=C
2026-06-15T19:43:35.218+08:00 MARKER sdk=1 host=1 enabled=1 sent=1 result=0 message=EVENT QUESTION_SUBMIT trial=T004 rel=538.929 unix=1781523815156 bjt=2026-06-15T19:43:35.156+08:00 q=2 option=C correct_index=2 correct_label=C is_correct=1
2026-06-15T19:43:36.339+08:00 MARKER sdk=1 host=1 enabled=1 sent=1 result=0 message=EVENT VIEWER_EXIT trial=T004 rel=540.065 unix=1781523816292 bjt=2026-06-15T19:43:36.292+08:00
2026-06-15T19:43:36.339+08:00 MARKER sdk=1 host=1 enabled=1 sent=1 result=0 message=EVENT TRIAL_RESULT trial=T004 rel=540.065 unix=1781523816292 bjt=2026-06-15T19:43:36.292+08:00 rows=2
2026-06-15T19:44:44.964+08:00 MARKER sdk=1 host=1 enabled=1 sent=1 result=0 message=TRIALID T005
2026-06-15T19:44:44.964+08:00 MARKER sdk=1 host=1 enabled=1 sent=1 result=0 message=EVENT LOADING_INTERACT trial=T005 rel=608.691 unix=1781523884918 bjt=2026-06-15T19:44:44.918+08:00
2026-06-15T19:44:44.964+08:00 MARKER sdk=1 host=1 enabled=1 sent=1 result=0 message=EVENT LOADING_START trial=T005 rel=608.691 unix=1781523884918 bjt=2026-06-15T19:44:44.918+08:00
2026-06-15T19:44:44.964+08:00 MARKER sdk=1 host=1 enabled=1 sent=1 result=0 message=EVENT VIEWER_ENTER trial=T005 rel=608.691 unix=1781523884918 bjt=2026-06-15T19:44:44.918+08:00 mode=progressive
2026-06-15T19:44:44.965+08:00 MARKER sdk=1 host=1 enabled=1 sent=1 result=0 message=TRIAL_META exp=EXP1 participant=A033 participant_output_id=A033 exhibit_id=04 exhibit_name=中国花瓶 condition=C latin_group=G2 sequence_index=4 sequence_label=G2_T04
2026-06-15T19:44:50.958+08:00 MARKER sdk=1 host=1 enabled=1 sent=1 result=0 message=EVENT PROGRESSIVE_USABLE trial=T005 rel=614.686 unix=1781523890913 bjt=2026-06-15T19:44:50.912+08:00
2026-06-15T19:44:50.959+08:00 MARKER sdk=1 host=1 enabled=1 sent=1 result=0 message=EVENT QUESTION_START trial=T005 rel=614.686 unix=1781523890913 bjt=2026-06-15T19:44:50.912+08:00 q=1 total=2 correct_index=2 correct_label=C
2026-06-15T19:44:54.960+08:00 MARKER sdk=1 host=1 enabled=1 sent=1 result=0 message=EVENT LOADING_COMPLETE trial=T005 rel=618.687 unix=1781523894915 bjt=2026-06-15T19:44:54.914+08:00
2026-06-15T19:45:00.041+08:00 MARKER sdk=1 host=1 enabled=1 sent=1 result=0 message=EVENT QUESTION_SUBMIT trial=T005 rel=623.747 unix=1781523899975 bjt=2026-06-15T19:44:59.974+08:00 q=1 option=C correct_index=2 correct_label=C is_correct=1
2026-06-15T19:45:00.042+08:00 MARKER sdk=1 host=1 enabled=1 sent=1 result=0 message=EVENT QUESTION_START trial=T005 rel=623.747 unix=1781523899975 bjt=2026-06-15T19:44:59.974+08:00 q=2 total=2 correct_index=3 correct_label=D
2026-06-15T19:45:04.347+08:00 MARKER sdk=1 host=1 enabled=1 sent=1 result=0 message=EVENT QUESTION_SUBMIT trial=T005 rel=628.057 unix=1781523904285 bjt=2026-06-15T19:45:04.284+08:00 q=2 option=D correct_index=3 correct_label=D is_correct=1
2026-06-15T19:45:05.490+08:00 MARKER sdk=1 host=1 enabled=1 sent=1 result=0 message=EVENT VIEWER_EXIT trial=T005 rel=629.217 unix=1781523905444 bjt=2026-06-15T19:45:05.444+08:00
2026-06-15T19:45:05.491+08:00 MARKER sdk=1 host=1 enabled=1 sent=1 result=0 message=EVENT TRIAL_RESULT trial=T005 rel=629.217 unix=1781523905444 bjt=2026-06-15T19:45:05.444+08:00 rows=2
2026-06-15T19:46:18.851+08:00 MARKER sdk=1 host=1 enabled=1 sent=1 result=0 message=TRIALID T006
2026-06-15T19:46:18.851+08:00 MARKER sdk=1 host=1 enabled=1 sent=1 result=0 message=EVENT LOADING_INTERACT trial=T006 rel=702.579 unix=1781523978806 bjt=2026-06-15T19:46:18.805+08:00
2026-06-15T19:46:18.851+08:00 MARKER sdk=1 host=1 enabled=1 sent=1 result=0 message=EVENT LOADING_START trial=T006 rel=702.579 unix=1781523978806 bjt=2026-06-15T19:46:18.805+08:00
2026-06-15T19:46:18.852+08:00 MARKER sdk=1 host=1 enabled=1 sent=1 result=0 message=TRIAL_META exp=EXP1 participant=A033 participant_output_id=A033 exhibit_id=05 exhibit_name=雅典双耳罐 condition=A latin_group=G2 sequence_index=5 sequence_label=G2_T05
2026-06-15T19:46:28.848+08:00 MARKER sdk=1 host=1 enabled=1 sent=1 result=0 message=EVENT LOADING_COMPLETE trial=T006 rel=712.576 unix=1781523988803 bjt=2026-06-15T19:46:28.802+08:00
2026-06-15T19:46:32.902+08:00 MARKER sdk=1 host=1 enabled=1 sent=1 result=0 message=EVENT VIEWER_ENTER trial=T006 rel=716.629 unix=1781523992857 bjt=2026-06-15T19:46:32.856+08:00
2026-06-15T19:46:32.903+08:00 MARKER sdk=1 host=1 enabled=1 sent=1 result=0 message=EVENT QUESTION_START trial=T006 rel=716.629 unix=1781523992857 bjt=2026-06-15T19:46:32.856+08:00 q=1 total=2 correct_index=0 correct_label=A
2026-06-15T19:46:55.790+08:00 MARKER sdk=1 host=1 enabled=1 sent=1 result=0 message=EVENT QUESTION_SUBMIT trial=T006 rel=739.501 unix=1781524015728 bjt=2026-06-15T19:46:55.728+08:00 q=1 option=A correct_index=0 correct_label=A is_correct=1
2026-06-15T19:46:55.790+08:00 MARKER sdk=1 host=1 enabled=1 sent=1 result=0 message=EVENT QUESTION_START trial=T006 rel=739.501 unix=1781524015728 bjt=2026-06-15T19:46:55.728+08:00 q=2 total=2 correct_index=2 correct_label=C
2026-06-15T19:46:59.751+08:00 MARKER sdk=1 host=1 enabled=1 sent=1 result=0 message=EVENT QUESTION_SUBMIT trial=T006 rel=743.463 unix=1781524019690 bjt=2026-06-15T19:46:59.690+08:00 q=2 option=C correct_index=2 correct_label=C is_correct=1
2026-06-15T19:47:00.726+08:00 MARKER sdk=1 host=1 enabled=1 sent=1 result=0 message=EVENT VIEWER_EXIT trial=T006 rel=744.454 unix=1781524020681 bjt=2026-06-15T19:47:00.681+08:00
2026-06-15T19:47:00.727+08:00 MARKER sdk=1 host=1 enabled=1 sent=1 result=0 message=EVENT TRIAL_RESULT trial=T006 rel=744.454 unix=1781524020681 bjt=2026-06-15T19:47:00.681+08:00 rows=2
2026-06-15T19:55:34.469+08:00 MARKER sdk=1 host=1 enabled=1 sent=1 result=0 message=TRIALID Exp2_001
2026-06-15T19:55:34.470+08:00 MARKER sdk=1 host=1 enabled=1 sent=1 result=0 message=EVENT EXP2_LOADING_START trial_id=Exp2_001 rel=1258.195557 unix=1781524534423 bjt=2026-06-15T19:55:34.422+08:00 condition=E4_FIXED_NONPROGRESSIVE
2026-06-15T19:55:34.470+08:00 MARKER sdk=1 host=1 enabled=1 sent=1 result=0 message=TRIAL_META exp=EXP2 participant=A033 participant_output_id=A033 trial_id=Exp2_001 condition=E4_FIXED_NONPROGRESSIVE spatial_continuity=0 progressive_availability=0
2026-06-15T19:55:34.470+08:00 MARKER sdk=1 host=1 enabled=1 sent=1 result=0 message=TRIAL_META_TASK trial_id=Exp2_001 target_index=4 target_display_index=4 target_content_index=1 target_label=左脸
2026-06-15T19:55:34.471+08:00 MARKER sdk=1 host=1 enabled=1 sent=1 result=0 message=TRIAL_META_SEQUENCE trial_id=Exp2_001 slot_permutation=1:2|2:3|3:4|4:1 sequence_group=4 sequence_index=1
2026-06-15T19:55:46.466+08:00 MARKER sdk=1 host=1 enabled=1 sent=1 result=0 message=EVENT EXP2_OBJECT_STAGE_CHANGED trial_id=Exp2_001 rel=1270.188477 unix=1781524546416 bjt=2026-06-15T19:55:46.415+08:00 condition=E4_FIXED_NONPROGRESSIVE object_index=1 previous_stage=0 new_stage=3 progress=1.000000 object_stages=1:3|2:0|3:0
2026-06-15T19:55:46.468+08:00 MARKER sdk=1 host=1 enabled=1 sent=1 result=0 message=EVENT EXP2_STAGE_3_START trial_id=Exp2_001 rel=1270.188477 unix=1781524546416 bjt=2026-06-15T19:55:46.415+08:00 condition=E4_FIXED_NONPROGRESSIVE stage=3 first_object_index=1 progress=1.000000 object_stages=1:3|2:0|3:0|4:0
2026-06-15T19:55:46.468+08:00 MARKER sdk=1 host=1 enabled=1 sent=1 result=0 message=EVENT EXP2_OBJECT_STAGE_CHANGED trial_id=Exp2_001 rel=1270.188477 unix=1781524546416 bjt=2026-06-15T19:55:46.415+08:00 condition=E4_FIXED_NONPROGRESSIVE object_index=2 previous_stage=0 new_stage=3 progress=1.000000 object_stages=1:3|2:3|3:0
2026-06-15T19:55:46.469+08:00 MARKER sdk=1 host=1 enabled=1 sent=1 result=0 message=EVENT EXP2_OBJECT_STAGE_CHANGED trial_id=Exp2_001 rel=1270.188477 unix=1781524546416 bjt=2026-06-15T19:55:46.415+08:00 condition=E4_FIXED_NONPROGRESSIVE object_index=3 previous_stage=0 new_stage=3 progress=1.000000 object_stages=1:3|2:3|3:3
2026-06-15T19:55:46.469+08:00 MARKER sdk=1 host=1 enabled=1 sent=1 result=0 message=EVENT EXP2_OBJECT_STAGE_CHANGED trial_id=Exp2_001 rel=1270.188477 unix=1781524546416 bjt=2026-06-15T19:55:46.415+08:00 condition=E4_FIXED_NONPROGRESSIVE object_index=4 previous_stage=0 new_stage=3 progress=1.000000 object_stages=1:3|2:3|3:3
2026-06-15T19:55:46.469+08:00 MARKER sdk=1 host=1 enabled=1 sent=1 result=0 message=EVENT EXP2_LOADING_COMPLETE trial_id=Exp2_001 rel=1270.188477 unix=1781524546416 bjt=2026-06-15T19:55:46.415+08:00 condition=E4_FIXED_NONPROGRESSIVE
2026-06-15T19:56:19.111+08:00 MARKER sdk=1 host=1 enabled=1 sent=1 result=0 message=EVENT EXP2_PENDING_SELECTION trial_id=Exp2_001 rel=1302.838257 unix=1781524579065 bjt=2026-06-15T19:56:19.065+08:00 condition=E4_FIXED_NONPROGRESSIVE selected=4 selected_content=1 changes=1
2026-06-15T19:56:26.856+08:00 MARKER sdk=1 host=1 enabled=1 sent=1 result=0 message=EVENT EXP2_SUBMIT_SELECTION trial_id=Exp2_001 rel=1310.583130 unix=1781524586810 bjt=2026-06-15T19:56:26.810+08:00 condition=E4_FIXED_NONPROGRESSIVE selected=4 selected_content=1 correct=1
2026-06-15T19:56:26.856+08:00 MARKER sdk=1 host=1 enabled=1 sent=1 result=0 message=TRIAL_RESULT Exp2_001 selected=4 correct=1
2026-06-15T19:57:56.862+08:00 MARKER sdk=1 host=1 enabled=1 sent=1 result=0 message=TRIALID Exp2_002
2026-06-15T19:57:56.863+08:00 MARKER sdk=1 host=1 enabled=1 sent=1 result=0 message=EVENT EXP2_LOADING_START trial_id=Exp2_002 rel=1400.515625 unix=1781524676743 bjt=2026-06-15T19:57:56.742+08:00 condition=E1_SPATIAL_PROGRESSIVE
2026-06-15T19:57:56.863+08:00 MARKER sdk=1 host=1 enabled=1 sent=1 result=0 message=TRIAL_META exp=EXP2 participant=A033 participant_output_id=A033 trial_id=Exp2_002 condition=E1_SPATIAL_PROGRESSIVE spatial_continuity=1 progressive_availability=1
2026-06-15T19:57:56.864+08:00 MARKER sdk=1 host=1 enabled=1 sent=1 result=0 message=TRIAL_META_TASK trial_id=Exp2_002 target_index=2 target_display_index=2 target_content_index=3 target_label=脖子
2026-06-15T19:57:56.864+08:00 MARKER sdk=1 host=1 enabled=1 sent=1 result=0 message=TRIAL_META_SEQUENCE trial_id=Exp2_002 slot_permutation=1:4|2:3|3:1|4:2 sequence_group=4 sequence_index=2
2026-06-15T19:58:00.861+08:00 MARKER sdk=1 host=1 enabled=1 sent=1 result=0 message=EVENT EXP2_OBJECT_STAGE_CHANGED trial_id=Exp2_002 rel=1404.515137 unix=1781524680742 bjt=2026-06-15T19:58:00.742+08:00 condition=E1_SPATIAL_PROGRESSIVE object_index=1 previous_stage=0 new_stage=1 progress=0.334794 object_stages=1:1|2:0|3:0|
2026-06-15T19:58:00.862+08:00 MARKER sdk=1 host=1 enabled=1 sent=1 result=0 message=EVENT EXP2_STAGE_1_START trial_id=Exp2_002 rel=1404.515137 unix=1781524680742 bjt=2026-06-15T19:58:00.742+08:00 condition=E1_SPATIAL_PROGRESSIVE stage=1 first_object_index=1 progress=0.334794 object_stages=1:1|2:0|3:0|4:0
2026-06-15T19:58:00.863+08:00 MARKER sdk=1 host=1 enabled=1 sent=1 result=0 message=EVENT EXP2_OBJECT_STAGE_CHANGED trial_id=Exp2_002 rel=1404.515137 unix=1781524680742 bjt=2026-06-15T19:58:00.742+08:00 condition=E1_SPATIAL_PROGRESSIVE object_index=2 previous_stage=0 new_stage=1 progress=0.334794 object_stages=1:1|2:1|3:0|
2026-06-15T19:58:00.863+08:00 MARKER sdk=1 host=1 enabled=1 sent=1 result=0 message=EVENT EXP2_OBJECT_STAGE_CHANGED trial_id=Exp2_002 rel=1404.515137 unix=1781524680742 bjt=2026-06-15T19:58:00.742+08:00 condition=E1_SPATIAL_PROGRESSIVE object_index=3 previous_stage=0 new_stage=1 progress=0.334794 object_stages=1:1|2:1|3:1|
2026-06-15T19:58:00.864+08:00 MARKER sdk=1 host=1 enabled=1 sent=1 result=0 message=EVENT EXP2_OBJECT_STAGE_CHANGED trial_id=Exp2_002 rel=1404.515137 unix=1781524680742 bjt=2026-06-15T19:58:00.742+08:00 condition=E1_SPATIAL_PROGRESSIVE object_index=4 previous_stage=0 new_stage=1 progress=0.334794 object_stages=1:1|2:1|3:1|
2026-06-15T19:58:02.851+08:00 MARKER sdk=1 host=1 enabled=1 sent=1 result=0 message=EVENT EXP2_OBJECT_STAGE_CHANGED trial_id=Exp2_002 rel=1406.504883 unix=1781524682732 bjt=2026-06-15T19:58:02.732+08:00 condition=E1_SPATIAL_PROGRESSIVE object_index=1 previous_stage=1 new_stage=2 progress=0.500606 object_stages=1:2|2:1|3:1|
2026-06-15T19:58:02.852+08:00 MARKER sdk=1 host=1 enabled=1 sent=1 result=0 message=EVENT EXP2_STAGE_2_START trial_id=Exp2_002 rel=1406.504883 unix=1781524682732 bjt=2026-06-15T19:58:02.732+08:00 condition=E1_SPATIAL_PROGRESSIVE stage=2 first_object_index=1 progress=0.500606 object_stages=1:2|2:1|3:1|4:1
2026-06-15T19:58:02.853+08:00 MARKER sdk=1 host=1 enabled=1 sent=1 result=0 message=EVENT EXP2_OBJECT_STAGE_CHANGED trial_id=Exp2_002 rel=1406.504883 unix=1781524682732 bjt=2026-06-15T19:58:02.732+08:00 condition=E1_SPATIAL_PROGRESSIVE object_index=2 previous_stage=1 new_stage=2 progress=0.500606 object_stages=1:2|2:2|3:1|
2026-06-15T19:58:02.853+08:00 MARKER sdk=1 host=1 enabled=1 sent=1 result=0 message=EVENT EXP2_PROGRESSIVE_USABLE trial_id=Exp2_002 rel=1406.504883 unix=1781524682732 bjt=2026-06-15T19:58:02.732+08:00 condition=E1_SPATIAL_PROGRESSIVE target_display_index=2 target_content_index=3 target_label=脖子 stage=2 progress=0.500606
2026-06-15T19:58:02.854+08:00 MARKER sdk=1 host=1 enabled=1 sent=1 result=0 message=EVENT EXP2_OBJECT_STAGE_CHANGED trial_id=Exp2_002 rel=1406.504883 unix=1781524682732 bjt=2026-06-15T19:58:02.732+08:00 condition=E1_SPATIAL_PROGRESSIVE object_index=3 previous_stage=1 new_stage=2 progress=0.500606 object_stages=1:2|2:2|3:2|
2026-06-15T19:58:02.854+08:00 MARKER sdk=1 host=1 enabled=1 sent=1 result=0 message=EVENT EXP2_OBJECT_STAGE_CHANGED trial_id=Exp2_002 rel=1406.504883 unix=1781524682732 bjt=2026-06-15T19:58:02.732+08:00 condition=E1_SPATIAL_PROGRESSIVE object_index=4 previous_stage=1 new_stage=2 progress=0.500606 object_stages=1:2|2:2|3:2|
2026-06-15T19:58:08.844+08:00 MARKER sdk=1 host=1 enabled=1 sent=1 result=0 message=EVENT EXP2_OBJECT_STAGE_CHANGED trial_id=Exp2_002 rel=1412.498291 unix=1781524688726 bjt=2026-06-15T19:58:08.725+08:00 condition=E1_SPATIAL_PROGRESSIVE object_index=1 previous_stage=2 new_stage=3 progress=1.000000 object_stages=1:3|2:2|3:2|
2026-06-15T19:58:08.845+08:00 MARKER sdk=1 host=1 enabled=1 sent=1 result=0 message=EVENT EXP2_STAGE_3_START trial_id=Exp2_002 rel=1412.498291 unix=1781524688726 bjt=2026-06-15T19:58:08.725+08:00 condition=E1_SPATIAL_PROGRESSIVE stage=3 first_object_index=1 progress=1.000000 object_stages=1:3|2:2|3:2|4:2
2026-06-15T19:58:08.845+08:00 MARKER sdk=1 host=1 enabled=1 sent=1 result=0 message=EVENT EXP2_OBJECT_STAGE_CHANGED trial_id=Exp2_002 rel=1412.498291 unix=1781524688726 bjt=2026-06-15T19:58:08.725+08:00 condition=E1_SPATIAL_PROGRESSIVE object_index=2 previous_stage=2 new_stage=3 progress=1.000000 object_stages=1:3|2:3|3:2|
2026-06-15T19:58:08.846+08:00 MARKER sdk=1 host=1 enabled=1 sent=1 result=0 message=EVENT EXP2_OBJECT_STAGE_CHANGED trial_id=Exp2_002 rel=1412.498291 unix=1781524688726 bjt=2026-06-15T19:58:08.725+08:00 condition=E1_SPATIAL_PROGRESSIVE object_index=3 previous_stage=2 new_stage=3 progress=1.000000 object_stages=1:3|2:3|3:3|
2026-06-15T19:58:08.846+08:00 MARKER sdk=1 host=1 enabled=1 sent=1 result=0 message=EVENT EXP2_OBJECT_STAGE_CHANGED trial_id=Exp2_002 rel=1412.498291 unix=1781524688726 bjt=2026-06-15T19:58:08.725+08:00 condition=E1_SPATIAL_PROGRESSIVE object_index=4 previous_stage=2 new_stage=3 progress=1.000000 object_stages=1:3|2:3|3:3|
2026-06-15T19:58:08.846+08:00 MARKER sdk=1 host=1 enabled=1 sent=1 result=0 message=EVENT EXP2_LOADING_COMPLETE trial_id=Exp2_002 rel=1412.498291 unix=1781524688726 bjt=2026-06-15T19:58:08.725+08:00 condition=E1_SPATIAL_PROGRESSIVE
2026-06-15T19:58:09.784+08:00 MARKER sdk=1 host=1 enabled=1 sent=1 result=0 message=EVENT EXP2_PENDING_SELECTION trial_id=Exp2_002 rel=1413.438110 unix=1781524689665 bjt=2026-06-15T19:58:09.665+08:00 condition=E1_SPATIAL_PROGRESSIVE selected=2 selected_content=3 changes=1
2026-06-15T19:58:15.890+08:00 MARKER sdk=1 host=1 enabled=1 sent=1 result=0 message=EVENT EXP2_SUBMIT_SELECTION trial_id=Exp2_002 rel=1419.543579 unix=1781524695771 bjt=2026-06-15T19:58:15.770+08:00 condition=E1_SPATIAL_PROGRESSIVE selected=2 selected_content=3 correct=1
2026-06-15T19:58:15.890+08:00 MARKER sdk=1 host=1 enabled=1 sent=1 result=0 message=TRIAL_RESULT Exp2_002 selected=2 correct=1
2026-06-15T19:59:53.744+08:00 MARKER sdk=1 host=1 enabled=1 sent=1 result=0 message=TRIALID Exp2_003
2026-06-15T19:59:53.745+08:00 MARKER sdk=1 host=1 enabled=1 sent=1 result=0 message=EVENT EXP2_LOADING_START trial_id=Exp2_003 rel=1517.398071 unix=1781524793625 bjt=2026-06-15T19:59:53.625+08:00 condition=E3_SPATIAL_NONPROGRESSIVE
2026-06-15T19:59:53.745+08:00 MARKER sdk=1 host=1 enabled=1 sent=1 result=0 message=TRIAL_META exp=EXP2 participant=A033 participant_output_id=A033 trial_id=Exp2_003 condition=E3_SPATIAL_NONPROGRESSIVE spatial_continuity=1 progressive_availability=0
2026-06-15T19:59:53.745+08:00 MARKER sdk=1 host=1 enabled=1 sent=1 result=0 message=TRIAL_META_TASK trial_id=Exp2_003 target_index=3 target_display_index=3 target_content_index=2 target_label=右脸
2026-06-15T19:59:53.745+08:00 MARKER sdk=1 host=1 enabled=1 sent=1 result=0 message=TRIAL_META_SEQUENCE trial_id=Exp2_003 slot_permutation=1:3|2:4|3:2|4:1 sequence_group=4 sequence_index=3
2026-06-15T20:00:05.744+08:00 MARKER sdk=1 host=1 enabled=1 sent=1 result=0 message=EVENT EXP2_OBJECT_STAGE_CHANGED trial_id=Exp2_003 rel=1529.397461 unix=1781524805625 bjt=2026-06-15T20:00:05.624+08:00 condition=E3_SPATIAL_NONPROGRESSIVE object_index=1 previous_stage=0 new_stage=3 progress=1.000000 object_stages=1:3|2:0|3
2026-06-15T20:00:05.745+08:00 MARKER sdk=1 host=1 enabled=1 sent=1 result=0 message=EVENT EXP2_STAGE_3_START trial_id=Exp2_003 rel=1529.397461 unix=1781524805625 bjt=2026-06-15T20:00:05.624+08:00 condition=E3_SPATIAL_NONPROGRESSIVE stage=3 first_object_index=1 progress=1.000000 object_stages=1:3|2:0|3:0|4:0
2026-06-15T20:00:05.746+08:00 MARKER sdk=1 host=1 enabled=1 sent=1 result=0 message=EVENT EXP2_OBJECT_STAGE_CHANGED trial_id=Exp2_003 rel=1529.397461 unix=1781524805625 bjt=2026-06-15T20:00:05.624+08:00 condition=E3_SPATIAL_NONPROGRESSIVE object_index=2 previous_stage=0 new_stage=3 progress=1.000000 object_stages=1:3|2:3|3
2026-06-15T20:00:05.746+08:00 MARKER sdk=1 host=1 enabled=1 sent=1 result=0 message=EVENT EXP2_OBJECT_STAGE_CHANGED trial_id=Exp2_003 rel=1529.397461 unix=1781524805625 bjt=2026-06-15T20:00:05.624+08:00 condition=E3_SPATIAL_NONPROGRESSIVE object_index=3 previous_stage=0 new_stage=3 progress=1.000000 object_stages=1:3|2:3|3
2026-06-15T20:00:05.747+08:00 MARKER sdk=1 host=1 enabled=1 sent=1 result=0 message=EVENT EXP2_OBJECT_STAGE_CHANGED trial_id=Exp2_003 rel=1529.397461 unix=1781524805625 bjt=2026-06-15T20:00:05.624+08:00 condition=E3_SPATIAL_NONPROGRESSIVE object_index=4 previous_stage=0 new_stage=3 progress=1.000000 object_stages=1:3|2:3|3
2026-06-15T20:00:05.748+08:00 MARKER sdk=1 host=1 enabled=1 sent=1 result=0 message=EVENT EXP2_LOADING_COMPLETE trial_id=Exp2_003 rel=1529.397461 unix=1781524805625 bjt=2026-06-15T20:00:05.624+08:00 condition=E3_SPATIAL_NONPROGRESSIVE
2026-06-15T20:00:13.324+08:00 MARKER sdk=1 host=1 enabled=1 sent=1 result=0 message=EVENT EXP2_PENDING_SELECTION trial_id=Exp2_003 rel=1536.977539 unix=1781524813205 bjt=2026-06-15T20:00:13.204+08:00 condition=E3_SPATIAL_NONPROGRESSIVE selected=3 selected_content=2 changes=1
2026-06-15T20:00:17.674+08:00 MARKER sdk=1 host=1 enabled=1 sent=1 result=0 message=EVENT EXP2_SUBMIT_SELECTION trial_id=Exp2_003 rel=1541.328613 unix=1781524817556 bjt=2026-06-15T20:00:17.555+08:00 condition=E3_SPATIAL_NONPROGRESSIVE selected=3 selected_content=2 correct=1
2026-06-15T20:00:17.675+08:00 MARKER sdk=1 host=1 enabled=1 sent=1 result=0 message=TRIAL_RESULT Exp2_003 selected=3 correct=1
2026-06-15T20:01:33.966+08:00 MARKER sdk=1 host=1 enabled=1 sent=1 result=0 message=TRIALID Exp2_004
2026-06-15T20:01:33.966+08:00 MARKER sdk=1 host=1 enabled=1 sent=1 result=0 message=EVENT EXP2_LOADING_START trial_id=Exp2_004 rel=1617.619141 unix=1781524893846 bjt=2026-06-15T20:01:33.846+08:00 condition=E2_FIXED_PROGRESSIVE
2026-06-15T20:01:33.966+08:00 MARKER sdk=1 host=1 enabled=1 sent=1 result=0 message=TRIAL_META exp=EXP2 participant=A033 participant_output_id=A033 trial_id=Exp2_004 condition=E2_FIXED_PROGRESSIVE spatial_continuity=0 progressive_availability=1
2026-06-15T20:01:33.966+08:00 MARKER sdk=1 host=1 enabled=1 sent=1 result=0 message=TRIAL_META_TASK trial_id=Exp2_004 target_index=1 target_display_index=1 target_content_index=4 target_label=头顶
2026-06-15T20:01:33.966+08:00 MARKER sdk=1 host=1 enabled=1 sent=1 result=0 message=TRIAL_META_SEQUENCE trial_id=Exp2_004 slot_permutation=1:4|2:1|3:2|4:3 sequence_group=4 sequence_index=4
2026-06-15T20:01:37.958+08:00 MARKER sdk=1 host=1 enabled=1 sent=1 result=0 message=EVENT EXP2_OBJECT_STAGE_CHANGED trial_id=Exp2_004 rel=1621.611938 unix=1781524897839 bjt=2026-06-15T20:01:37.839+08:00 condition=E2_FIXED_PROGRESSIVE object_index=1 previous_stage=0 new_stage=1 progress=0.334471 object_stages=1:1|2:0|3:0|4:
2026-06-15T20:01:37.959+08:00 MARKER sdk=1 host=1 enabled=1 sent=1 result=0 message=EVENT EXP2_STAGE_1_START trial_id=Exp2_004 rel=1621.611938 unix=1781524897839 bjt=2026-06-15T20:01:37.839+08:00 condition=E2_FIXED_PROGRESSIVE stage=1 first_object_index=1 progress=0.334471 object_stages=1:1|2:0|3:0|4:0
2026-06-15T20:01:37.959+08:00 MARKER sdk=1 host=1 enabled=1 sent=1 result=0 message=EVENT EXP2_OBJECT_STAGE_CHANGED trial_id=Exp2_004 rel=1621.611938 unix=1781524897839 bjt=2026-06-15T20:01:37.839+08:00 condition=E2_FIXED_PROGRESSIVE object_index=2 previous_stage=0 new_stage=1 progress=0.334471 object_stages=1:1|2:1|3:0|4:
2026-06-15T20:01:37.959+08:00 MARKER sdk=1 host=1 enabled=1 sent=1 result=0 message=EVENT EXP2_OBJECT_STAGE_CHANGED trial_id=Exp2_004 rel=1621.611938 unix=1781524897839 bjt=2026-06-15T20:01:37.839+08:00 condition=E2_FIXED_PROGRESSIVE object_index=3 previous_stage=0 new_stage=1 progress=0.334471 object_stages=1:1|2:1|3:1|4:
2026-06-15T20:01:37.960+08:00 MARKER sdk=1 host=1 enabled=1 sent=1 result=0 message=EVENT EXP2_OBJECT_STAGE_CHANGED trial_id=Exp2_004 rel=1621.611938 unix=1781524897839 bjt=2026-06-15T20:01:37.839+08:00 condition=E2_FIXED_PROGRESSIVE object_index=4 previous_stage=0 new_stage=1 progress=0.334471 object_stages=1:1|2:1|3:1|4:
2026-06-15T20:01:39.946+08:00 MARKER sdk=1 host=1 enabled=1 sent=1 result=0 message=EVENT EXP2_OBJECT_STAGE_CHANGED trial_id=Exp2_004 rel=1623.599976 unix=1781524899827 bjt=2026-06-15T20:01:39.827+08:00 condition=E2_FIXED_PROGRESSIVE object_index=1 previous_stage=1 new_stage=2 progress=0.500136 object_stages=1:2|2:1|3:1|4:
2026-06-15T20:01:39.946+08:00 MARKER sdk=1 host=1 enabled=1 sent=1 result=0 message=EVENT EXP2_STAGE_2_START trial_id=Exp2_004 rel=1623.599976 unix=1781524899827 bjt=2026-06-15T20:01:39.827+08:00 condition=E2_FIXED_PROGRESSIVE stage=2 first_object_index=1 progress=0.500136 object_stages=1:2|2:1|3:1|4:1
2026-06-15T20:01:39.947+08:00 MARKER sdk=1 host=1 enabled=1 sent=1 result=0 message=EVENT EXP2_PROGRESSIVE_USABLE trial_id=Exp2_004 rel=1623.599976 unix=1781524899827 bjt=2026-06-15T20:01:39.827+08:00 condition=E2_FIXED_PROGRESSIVE target_display_index=1 target_content_index=4 target_label=头顶 stage=2 progress=0.500136
2026-06-15T20:01:39.949+08:00 MARKER sdk=1 host=1 enabled=1 sent=1 result=0 message=EVENT EXP2_OBJECT_STAGE_CHANGED trial_id=Exp2_004 rel=1623.599976 unix=1781524899827 bjt=2026-06-15T20:01:39.827+08:00 condition=E2_FIXED_PROGRESSIVE object_index=2 previous_stage=1 new_stage=2 progress=0.500136 object_stages=1:2|2:2|3:1|4:
2026-06-15T20:01:39.950+08:00 MARKER sdk=1 host=1 enabled=1 sent=1 result=0 message=EVENT EXP2_OBJECT_STAGE_CHANGED trial_id=Exp2_004 rel=1623.599976 unix=1781524899827 bjt=2026-06-15T20:01:39.827+08:00 condition=E2_FIXED_PROGRESSIVE object_index=3 previous_stage=1 new_stage=2 progress=0.500136 object_stages=1:2|2:2|3:2|4:
2026-06-15T20:01:39.950+08:00 MARKER sdk=1 host=1 enabled=1 sent=1 result=0 message=EVENT EXP2_OBJECT_STAGE_CHANGED trial_id=Exp2_004 rel=1623.599976 unix=1781524899827 bjt=2026-06-15T20:01:39.827+08:00 condition=E2_FIXED_PROGRESSIVE object_index=4 previous_stage=1 new_stage=2 progress=0.500136 object_stages=1:2|2:2|3:2|4:
2026-06-15T20:01:45.959+08:00 MARKER sdk=1 host=1 enabled=1 sent=1 result=0 message=EVENT EXP2_OBJECT_STAGE_CHANGED trial_id=Exp2_004 rel=1629.613647 unix=1781524905841 bjt=2026-06-15T20:01:45.840+08:00 condition=E2_FIXED_PROGRESSIVE object_index=1 previous_stage=2 new_stage=3 progress=1.000000 object_stages=1:3|2:2|3:2|4:
2026-06-15T20:01:45.960+08:00 MARKER sdk=1 host=1 enabled=1 sent=1 result=0 message=EVENT EXP2_STAGE_3_START trial_id=Exp2_004 rel=1629.613647 unix=1781524905841 bjt=2026-06-15T20:01:45.840+08:00 condition=E2_FIXED_PROGRESSIVE stage=3 first_object_index=1 progress=1.000000 object_stages=1:3|2:2|3:2|4:2
2026-06-15T20:01:45.961+08:00 MARKER sdk=1 host=1 enabled=1 sent=1 result=0 message=EVENT EXP2_OBJECT_STAGE_CHANGED trial_id=Exp2_004 rel=1629.613647 unix=1781524905841 bjt=2026-06-15T20:01:45.840+08:00 condition=E2_FIXED_PROGRESSIVE object_index=2 previous_stage=2 new_stage=3 progress=1.000000 object_stages=1:3|2:3|3:2|4:
2026-06-15T20:01:45.961+08:00 MARKER sdk=1 host=1 enabled=1 sent=1 result=0 message=EVENT EXP2_OBJECT_STAGE_CHANGED trial_id=Exp2_004 rel=1629.613647 unix=1781524905841 bjt=2026-06-15T20:01:45.840+08:00 condition=E2_FIXED_PROGRESSIVE object_index=3 previous_stage=2 new_stage=3 progress=1.000000 object_stages=1:3|2:3|3:3|4:
2026-06-15T20:01:45.962+08:00 MARKER sdk=1 host=1 enabled=1 sent=1 result=0 message=EVENT EXP2_OBJECT_STAGE_CHANGED trial_id=Exp2_004 rel=1629.613647 unix=1781524905841 bjt=2026-06-15T20:01:45.840+08:00 condition=E2_FIXED_PROGRESSIVE object_index=4 previous_stage=2 new_stage=3 progress=1.000000 object_stages=1:3|2:3|3:3|4:
2026-06-15T20:01:45.962+08:00 MARKER sdk=1 host=1 enabled=1 sent=1 result=0 message=EVENT EXP2_LOADING_COMPLETE trial_id=Exp2_004 rel=1629.613647 unix=1781524905841 bjt=2026-06-15T20:01:45.840+08:00 condition=E2_FIXED_PROGRESSIVE
2026-06-15T20:01:56.220+08:00 MARKER sdk=1 host=1 enabled=1 sent=1 result=0 message=EVENT EXP2_PENDING_SELECTION trial_id=Exp2_004 rel=1639.874268 unix=1781524916101 bjt=2026-06-15T20:01:56.101+08:00 condition=E2_FIXED_PROGRESSIVE selected=1 selected_content=4 changes=1
2026-06-15T20:02:02.272+08:00 MARKER sdk=1 host=1 enabled=1 sent=1 result=0 message=EVENT EXP2_SUBMIT_SELECTION trial_id=Exp2_004 rel=1645.925781 unix=1781524922153 bjt=2026-06-15T20:02:02.152+08:00 condition=E2_FIXED_PROGRESSIVE selected=1 selected_content=4 correct=1
2026-06-15T20:02:02.272+08:00 MARKER sdk=1 host=1 enabled=1 sent=1 result=0 message=TRIAL_RESULT Exp2_004 selected=1 correct=1
2026-06-15T20:03:20.143+08:00 MARKER sdk=1 host=1 enabled=1 sent=1 result=0 message=EVENT EXPERIMENT_END_SCREEN_SHOWN participant=A033 output_id=A033 unix=1781525000143 bjt=2026-06-15_20:03:20.143
2026-06-15T20:03:20.144+08:00 FORMAL_RECORDING step=FINISH_REQUESTED success=1 reason=experiment_end_door edf=FM193203.EDF recording=1 opened=1
2026-06-15T20:03:20.144+08:00 MARKER sdk=1 host=1 enabled=1 sent=1 result=0 message=FORMAL_RECORDING_END participant=A033 rel=1723.797 unix=1781525000144 bjt=2026-06-15T20:03:20.144+08:00 edf=FM193203.EDF source=ue_formal reason=experiment_end_door
2026-06-15T20:03:20.345+08:00 FORMAL_RECORDING step=END_MARKER_FLUSH_WAIT success=1 duration_ms=200
2026-06-15T20:03:20.451+08:00 FORMAL_RECORDING step=RECORDING_STOPPED success=1 result=0
2026-06-15T20:03:20.451+08:00 FORMAL_RECORDING step=EDF_CLOSED success=1 edf=FM193203.EDF result=0
2026-06-15T20:03:23.836+08:00 EDF_RECEIVE_ATTEMPT source_tag=formal attempt=full_path source=FM193203.EDF dest=../../../../../../Project/UE5/Gallery/Saved/ExperimentData/EDF/FM193203.EDF dest_is_path=0 result=93624712 exists=1 size=93624712
2026-06-15T20:03:23.836+08:00 FORMAL_RECORDING step=EDF_RECEIVED_TO_DPC success=1 edf=FM193203.EDF local=../../../../../../Project/UE5/Gallery/Saved/ExperimentData/EDF/FM193203.EDF result=93624712 size=93624712
2026-06-15T20:03:23.837+08:00 FORMAL_RECORDING step=FINISHED success=1 reason=experiment_end_door edf=FM193203.EDF local=../../../../../../Project/UE5/Gallery/Saved/ExperimentData/EDF/FM193203.EDF
