2026-06-13T11:54:25.006+08:00 STATUS start_ui_status sdk=connected host=not_connected log=
2026-06-13T12:03:21.738+08:00 FORMAL_RECORDING step=EDF_OPEN_REQUESTED success=1 participant=A024 edf=FM120321.EDF source=calibration_button
2026-06-13T12:03:21.739+08:00 CONNECT method=open_eyelink_connection ip=100.1.1.1
2026-06-13T12:03:21.774+08:00 CONNECT_RESULT method=open_eyelink_connection result=0 connected=1
2026-06-13T12:03:21.774+08:00 STATUS host_connected=1 sdk_available=1 note=connection_opened_high_level
2026-06-13T12:03:21.774+08:00 FORMAL_RECORDING step=HOST_CONNECTED success=1 sdk=1 host=1 source=calibration_button
2026-06-13T12:03:21.791+08:00 FORMAL_RECORDING step=EDF_OPENED success=1 edf=FM120321.EDF result=0 source=calibration_button
2026-06-13T12:03:21.836+08:00 FORMAL_EDF_MARKER sdk=1 host=1 opened=1 sent=1 message=FORMAL_EDF_OPENED participant=A024 rel=536.911 unix=1781323401836 bjt=2026-06-13T12:03:21.836+08:00 edf=FM120321.EDF source=ue_formal open_result=0 source_tag=calibration_button
2026-06-13T12:03:21.836+08:00 FORMAL_EDF_MARKER sdk=1 host=1 opened=1 sent=1 message=FORMAL_SESSION_PREPARED participant=A024 rel=536.911 unix=1781323401836 bjt=2026-06-13T12:03:21.836+08:00 edf=FM120321.EDF source=ue_formal calibration_complete=0
2026-06-13T12:03:21.836+08:00 FORMAL_EDF_MARKER sdk=1 host=1 opened=1 sent=1 message=CALIBRATION_REQUESTED participant=A024 rel=536.911 unix=1781323401836 bjt=2026-06-13T12:03:21.836+08:00 edf=FM120321.EDF source=ue_formal open_result=0
2026-06-13T12:03:21.836+08:00 CALIBRATION step=REQUESTED success=1 note=run_eyelink_tracker_setup
2026-06-13T12:03:21.836+08:00 CALIBRATION step=HOST_CONNECTED success=1 sdk=1 host=1 graphics=1
2026-06-13T12:03:21.844+08:00 CALIBRATION_DISPLAY_INIT success=1 result=0 error=
2026-06-13T12:03:21.844+08:00 CALIBRATION_DISPLAY_LIST count=2 requested_index=1 explicit=1
2026-06-13T12:03:21.844+08:00 CALIBRATION_DISPLAY index=0 name=Dell XPS 15 SDC414D Display bounds_result=0 x=0 y=0 w=1920 h=1080 mode_result=0 mode_w=1920 mode_h=1080 refresh=60
2026-06-13T12:03:21.844+08:00 CALIBRATION_DISPLAY index=1 name=Acer GR235H bounds_result=0 x=0 y=-1080 w=1920 h=1080 mode_result=0 mode_w=1920 mode_h=1080 refresh=60
2026-06-13T12:03:21.962+08:00 CALIBRATION step=GRAPHICS_INITIALIZED success=1 result=0 explicit_request=1 display_index=1 window_ptr=000001D094024E68 width=1920 height=1080 bits=32 refresh=60.00
2026-06-13T12:03:21.975+08:00 CALIBRATION step=REGISTERED_WINDOW_MOVED success=1 requested_display=1 actual_display=1 requested_x=0 requested_y=-1080 requested_w=1920 requested_h=1080 actual_x=0 actual_y=-1080 actual_w=1920 actual_h=1080
2026-06-13T12:03:21.996+08:00 FORMAL_EDF_MARKER sdk=1 host=1 opened=1 sent=1 message=CALIBRATION_SETUP_START participant=A024 rel=536.911 unix=1781323401996 bjt=2026-06-13T12:03:21.996+08:00 edf=FM120321.EDF source=ue_formal calibration_type=HV9 width=1920 height=1080
2026-06-13T12:03:21.997+08:00 CALIBRATION step=TRACKER_SETUP_BEGIN success=1 detail=call_do_tracker_setup
2026-06-13T12:12:26.452+08:00 CALIBRATION step=TRACKER_SETUP_RETURNED success=1 result=0
2026-06-13T12:12:26.452+08:00 FORMAL_EDF_MARKER sdk=1 host=1 opened=1 sent=1 message=CALIBRATION_SETUP_END participant=A024 rel=536.911 unix=1781323946452 bjt=2026-06-13T12:12:26.452+08:00 edf=FM120321.EDF source=ue_formal setup_result=0
2026-06-13T12:12:28.493+08:00 CALIBRATION step=GRAPHICS_CLOSED success=1
2026-06-13T12:12:28.494+08:00 CALIBRATION step=CALIBRATION_WINDOW_DESTROYED success=1
2026-06-13T12:12:28.494+08:00 CALIBRATION step=FINISHED success=1 result=0
2026-06-13T12:12:28.494+08:00 FORMAL_EDF_MARKER sdk=1 host=1 opened=1 sent=1 message=CALIBRATION_STATUS participant=A024 rel=536.911 unix=1781323948494 bjt=2026-06-13T12:12:28.494+08:00 edf=FM120321.EDF source=ue_formal calibration_complete=1
2026-06-13T12:12:28.494+08:00 FORMAL_CALIBRATION step=FINISHED success=1 participant=A024 edf=FM120321.EDF open_result=0
2026-06-13T12:12:28.494+08:00 STATUS start_ui_status sdk=connected host=connected log=../../../../../../Project/UE5/Gallery/Saved/ExperimentLogs/EyeLinkMarkers_20260613_115425_006.log
2026-06-13T12:12:37.993+08:00 FORMAL_RECORDING step=EDF_ALREADY_OPEN success=1 participant=A024 edf=FM120321.EDF source=start_button_preopened calibration_complete=1
2026-06-13T12:12:38.003+08:00 FORMAL_RECORDING step=RECORDING_STARTED success=1 result=0 edf=FM120321.EDF preopened=1 calibration_complete=1
2026-06-13T12:12:38.003+08:00 MARKER sdk=1 host=1 enabled=1 sent=1 result=0 message=FORMAL_RECORDING_START participant=A024 rel=545.814 unix=1781323958003 bjt=2026-06-13T12:12:38.003+08:00 edf=FM120321.EDF source=ue_formal open_result=0 record_result=0 edf_preopened=1 calibration_complete=1
2026-06-13T12:12:38.003+08:00 STATUS formal_recording_start_requested participant=A024 success=1 edf=FM120321.EDF calibration_complete=1
2026-06-13T12:12:38.004+08:00 STATUS start_ui_status sdk=connected host=connected log=../../../../../../Project/UE5/Gallery/Saved/ExperimentLogs/EyeLinkMarkers_20260613_115425_006.log
2026-06-13T12:12:38.004+08:00 MARKER sdk=1 host=1 enabled=1 sent=1 result=0 message=RECORDING_TIME_REFERENCE participant=A024 rel=545.814 unix=1781323958004 bjt=2026-06-13T12:12:38.004+08:00 source=ue_session_start
2026-06-13T12:12:38.004+08:00 MARKER sdk=1 host=1 enabled=1 sent=1 result=0 message=SESSION_START participant=A024 rel=545.814 unix=1781323958004 bjt=2026-06-13T12:12:38.004+08:00
2026-06-13T12:12:38.004+08:00 MARKER sdk=1 host=1 enabled=1 sent=1 result=0 message=EXPERIMENT_RUN_MODE EXP1_THEN_EXP2
2026-06-13T12:12:38.008+08:00 MARKER sdk=1 host=1 enabled=1 sent=1 result=0 message=SCREEN_RECORDING_REQUEST enabled=1 started=1 participant=A024
2026-06-13T12:14:30.749+08:00 MARKER sdk=1 host=1 enabled=1 sent=1 result=0 message=TRIALID T001
2026-06-13T12:14:30.749+08:00 MARKER sdk=1 host=1 enabled=1 sent=1 result=0 message=EVENT LOADING_INTERACT trial=T001 rel=658.585 unix=1781324070775 bjt=2026-06-13T12:14:30.774+08:00
2026-06-13T12:14:30.750+08:00 MARKER sdk=1 host=1 enabled=1 sent=1 result=0 message=EVENT LOADING_START trial=T001 rel=658.585 unix=1781324070775 bjt=2026-06-13T12:14:30.774+08:00
2026-06-13T12:14:30.750+08:00 MARKER sdk=1 host=1 enabled=1 sent=1 result=0 message=!V TRIAL_VAR participant A024
2026-06-13T12:14:30.750+08:00 MARKER sdk=1 host=1 enabled=1 sent=1 result=0 message=!V TRIAL_VAR experiment EXP1
2026-06-13T12:14:30.750+08:00 MARKER sdk=1 host=1 enabled=1 sent=1 result=0 message=!V TRIAL_VAR exhibit_id Ex1_TEST
2026-06-13T12:14:30.750+08:00 MARKER sdk=1 host=1 enabled=1 sent=1 result=0 message=!V TRIAL_VAR exhibit_name 测试展品
2026-06-13T12:14:30.751+08:00 MARKER sdk=1 host=1 enabled=1 sent=1 result=0 message=!V TRIAL_VAR condition A
2026-06-13T12:14:30.751+08:00 MARKER sdk=1 host=1 enabled=1 sent=1 result=0 message=!V TRIAL_VAR latin_group NA
2026-06-13T12:14:30.751+08:00 MARKER sdk=1 host=1 enabled=1 sent=1 result=0 message=!V TRIAL_VAR sequence_index -1
2026-06-13T12:14:30.751+08:00 MARKER sdk=1 host=1 enabled=1 sent=1 result=0 message=!V TRIAL_VAR sequence_label NA
2026-06-13T12:14:32.737+08:00 MARKER sdk=1 host=1 enabled=1 sent=1 result=0 message=EVENT LOADING_COMPLETE trial=T001 rel=660.572 unix=1781324072762 bjt=2026-06-13T12:14:32.762+08:00
2026-06-13T12:14:34.758+08:00 MARKER sdk=1 host=1 enabled=1 sent=1 result=0 message=EVENT VIEWER_ENTER trial=T001 rel=662.591 unix=1781324074781 bjt=2026-06-13T12:14:34.780+08:00
2026-06-13T12:14:34.759+08:00 MARKER sdk=1 host=1 enabled=1 sent=1 result=0 message=EVENT QUESTION_START trial=T001 rel=662.591 unix=1781324074781 bjt=2026-06-13T12:14:34.780+08:00 q=1 total=2 correct_index=-1 correct_label=NotAnswered
2026-06-13T12:14:47.898+08:00 MARKER sdk=1 host=1 enabled=1 sent=1 result=0 message=EVENT QUESTION_SUBMIT trial=T001 rel=675.718 unix=1781324087909 bjt=2026-06-13T12:14:47.908+08:00 q=1 option=A correct_index=-1 correct_label=NotAnswered is_correct=-1
2026-06-13T12:14:47.899+08:00 MARKER sdk=1 host=1 enabled=1 sent=1 result=0 message=EVENT QUESTION_START trial=T001 rel=675.718 unix=1781324087909 bjt=2026-06-13T12:14:47.908+08:00 q=2 total=2 correct_index=-1 correct_label=NotAnswered
2026-06-13T12:14:51.534+08:00 MARKER sdk=1 host=1 enabled=1 sent=1 result=0 message=EVENT VIEWER_EXIT trial=T001 rel=679.370 unix=1781324091560 bjt=2026-06-13T12:14:51.559+08:00
2026-06-13T12:14:51.534+08:00 MARKER sdk=1 host=1 enabled=1 sent=1 result=0 message=EVENT TRIAL_RESULT trial=T001 rel=679.370 unix=1781324091560 bjt=2026-06-13T12:14:51.559+08:00 rows=2
2026-06-13T12:14:55.595+08:00 MARKER sdk=1 host=1 enabled=1 sent=1 result=0 message=TRIALID T002
2026-06-13T12:14:55.595+08:00 MARKER sdk=1 host=1 enabled=1 sent=1 result=0 message=EVENT LOADING_INTERACT trial=T002 rel=658.585 unix=1781324070775 bjt=2026-06-13T12:14:30.774+08:00
2026-06-13T12:14:55.595+08:00 MARKER sdk=1 host=1 enabled=1 sent=1 result=0 message=!V TRIAL_VAR participant A024
2026-06-13T12:14:55.596+08:00 MARKER sdk=1 host=1 enabled=1 sent=1 result=0 message=!V TRIAL_VAR experiment EXP1
2026-06-13T12:14:55.596+08:00 MARKER sdk=1 host=1 enabled=1 sent=1 result=0 message=!V TRIAL_VAR exhibit_id Ex1_TEST
2026-06-13T12:14:55.597+08:00 MARKER sdk=1 host=1 enabled=1 sent=1 result=0 message=!V TRIAL_VAR exhibit_name 测试展品
2026-06-13T12:14:55.597+08:00 MARKER sdk=1 host=1 enabled=1 sent=1 result=0 message=!V TRIAL_VAR condition A
2026-06-13T12:14:55.597+08:00 MARKER sdk=1 host=1 enabled=1 sent=1 result=0 message=!V TRIAL_VAR latin_group NA
2026-06-13T12:14:55.597+08:00 MARKER sdk=1 host=1 enabled=1 sent=1 result=0 message=!V TRIAL_VAR sequence_index -1
2026-06-13T12:14:55.597+08:00 MARKER sdk=1 host=1 enabled=1 sent=1 result=0 message=!V TRIAL_VAR sequence_label NA
2026-06-13T12:14:55.598+08:00 MARKER sdk=1 host=1 enabled=1 sent=1 result=0 message=EVENT VIEWER_ENTER trial=T002 rel=683.430 unix=1781324095620 bjt=2026-06-13T12:14:55.620+08:00
2026-06-13T12:14:55.598+08:00 MARKER sdk=1 host=1 enabled=1 sent=1 result=0 message=EVENT QUESTION_START trial=T002 rel=683.430 unix=1781324095620 bjt=2026-06-13T12:14:55.620+08:00 q=1 total=2 correct_index=-1 correct_label=NotAnswered
2026-06-13T12:15:01.440+08:00 MARKER sdk=1 host=1 enabled=1 sent=1 result=0 message=EVENT QUESTION_SUBMIT trial=T002 rel=689.260 unix=1781324101451 bjt=2026-06-13T12:15:01.450+08:00 q=1 option=A correct_index=-1 correct_label=NotAnswered is_correct=-1
2026-06-13T12:15:01.441+08:00 MARKER sdk=1 host=1 enabled=1 sent=1 result=0 message=EVENT QUESTION_START trial=T002 rel=689.260 unix=1781324101451 bjt=2026-06-13T12:15:01.450+08:00 q=2 total=2 correct_index=-1 correct_label=NotAnswered
2026-06-13T12:15:17.402+08:00 MARKER sdk=1 host=1 enabled=1 sent=1 result=0 message=EVENT QUESTION_SUBMIT trial=T002 rel=705.222 unix=1781324117413 bjt=2026-06-13T12:15:17.412+08:00 q=2 option=B correct_index=-1 correct_label=NotAnswered is_correct=-1
2026-06-13T12:15:19.190+08:00 MARKER sdk=1 host=1 enabled=1 sent=1 result=0 message=EVENT VIEWER_EXIT trial=T002 rel=707.025 unix=1781324119216 bjt=2026-06-13T12:15:19.215+08:00
2026-06-13T12:15:19.190+08:00 MARKER sdk=1 host=1 enabled=1 sent=1 result=0 message=EVENT TRIAL_RESULT trial=T002 rel=707.025 unix=1781324119216 bjt=2026-06-13T12:15:19.215+08:00 rows=2
2026-06-13T12:15:24.225+08:00 MARKER sdk=1 host=1 enabled=1 sent=1 result=0 message=TRIALID T003
2026-06-13T12:15:24.226+08:00 MARKER sdk=1 host=1 enabled=1 sent=1 result=0 message=EVENT LOADING_INTERACT trial=T003 rel=658.585 unix=1781324070775 bjt=2026-06-13T12:14:30.774+08:00
2026-06-13T12:15:24.226+08:00 MARKER sdk=1 host=1 enabled=1 sent=1 result=0 message=!V TRIAL_VAR participant A024
2026-06-13T12:15:24.226+08:00 MARKER sdk=1 host=1 enabled=1 sent=1 result=0 message=!V TRIAL_VAR experiment EXP1
2026-06-13T12:15:24.226+08:00 MARKER sdk=1 host=1 enabled=1 sent=1 result=0 message=!V TRIAL_VAR exhibit_id Ex1_TEST
2026-06-13T12:15:24.226+08:00 MARKER sdk=1 host=1 enabled=1 sent=1 result=0 message=!V TRIAL_VAR exhibit_name 测试展品
2026-06-13T12:15:24.227+08:00 MARKER sdk=1 host=1 enabled=1 sent=1 result=0 message=!V TRIAL_VAR condition A
2026-06-13T12:15:24.227+08:00 MARKER sdk=1 host=1 enabled=1 sent=1 result=0 message=!V TRIAL_VAR latin_group NA
2026-06-13T12:15:24.227+08:00 MARKER sdk=1 host=1 enabled=1 sent=1 result=0 message=!V TRIAL_VAR sequence_index -1
2026-06-13T12:15:24.227+08:00 MARKER sdk=1 host=1 enabled=1 sent=1 result=0 message=!V TRIAL_VAR sequence_label NA
2026-06-13T12:15:24.228+08:00 MARKER sdk=1 host=1 enabled=1 sent=1 result=0 message=EVENT VIEWER_ENTER trial=T003 rel=712.060 unix=1781324124251 bjt=2026-06-13T12:15:24.250+08:00
2026-06-13T12:15:24.228+08:00 MARKER sdk=1 host=1 enabled=1 sent=1 result=0 message=EVENT QUESTION_START trial=T003 rel=712.060 unix=1781324124251 bjt=2026-06-13T12:15:24.250+08:00 q=1 total=2 correct_index=-1 correct_label=NotAnswered
2026-06-13T12:15:53.097+08:00 MARKER sdk=1 host=1 enabled=1 sent=1 result=0 message=EVENT QUESTION_SUBMIT trial=T003 rel=740.916 unix=1781324153107 bjt=2026-06-13T12:15:53.106+08:00 q=1 option=A correct_index=-1 correct_label=NotAnswered is_correct=-1
2026-06-13T12:15:53.097+08:00 MARKER sdk=1 host=1 enabled=1 sent=1 result=0 message=EVENT QUESTION_START trial=T003 rel=740.916 unix=1781324153107 bjt=2026-06-13T12:15:53.106+08:00 q=2 total=2 correct_index=-1 correct_label=NotAnswered
2026-06-13T12:15:55.630+08:00 MARKER sdk=1 host=1 enabled=1 sent=1 result=0 message=EVENT QUESTION_SUBMIT trial=T003 rel=743.451 unix=1781324155641 bjt=2026-06-13T12:15:55.640+08:00 q=2 option=B correct_index=-1 correct_label=NotAnswered is_correct=-1
2026-06-13T12:15:57.251+08:00 MARKER sdk=1 host=1 enabled=1 sent=1 result=0 message=EVENT VIEWER_EXIT trial=T003 rel=745.086 unix=1781324157276 bjt=2026-06-13T12:15:57.276+08:00
2026-06-13T12:15:57.251+08:00 MARKER sdk=1 host=1 enabled=1 sent=1 result=0 message=EVENT TRIAL_RESULT trial=T003 rel=745.086 unix=1781324157276 bjt=2026-06-13T12:15:57.276+08:00 rows=2
2026-06-13T12:16:44.836+08:00 MARKER sdk=1 host=1 enabled=1 sent=1 result=0 message=TRIALID T004
2026-06-13T12:16:44.837+08:00 MARKER sdk=1 host=1 enabled=1 sent=1 result=0 message=EVENT LOADING_INTERACT trial=T004 rel=792.672 unix=1781324204862 bjt=2026-06-13T12:16:44.861+08:00
2026-06-13T12:16:44.837+08:00 MARKER sdk=1 host=1 enabled=1 sent=1 result=0 message=EVENT LOADING_START trial=T004 rel=792.672 unix=1781324204862 bjt=2026-06-13T12:16:44.861+08:00
2026-06-13T12:16:44.837+08:00 MARKER sdk=1 host=1 enabled=1 sent=1 result=0 message=!V TRIAL_VAR participant A024
2026-06-13T12:16:44.837+08:00 MARKER sdk=1 host=1 enabled=1 sent=1 result=0 message=!V TRIAL_VAR experiment EXP1
2026-06-13T12:16:44.838+08:00 MARKER sdk=1 host=1 enabled=1 sent=1 result=0 message=!V TRIAL_VAR exhibit_id 01
2026-06-13T12:16:44.838+08:00 MARKER sdk=1 host=1 enabled=1 sent=1 result=0 message=!V TRIAL_VAR exhibit_name 半岛香炉
2026-06-13T12:16:44.838+08:00 MARKER sdk=1 host=1 enabled=1 sent=1 result=0 message=!V TRIAL_VAR condition A
2026-06-13T12:16:44.838+08:00 MARKER sdk=1 host=1 enabled=1 sent=1 result=0 message=!V TRIAL_VAR latin_group G1
2026-06-13T12:16:44.838+08:00 MARKER sdk=1 host=1 enabled=1 sent=1 result=0 message=!V TRIAL_VAR sequence_index 1
2026-06-13T12:16:44.839+08:00 MARKER sdk=1 host=1 enabled=1 sent=1 result=0 message=!V TRIAL_VAR sequence_label G1_T01
2026-06-13T12:16:54.825+08:00 MARKER sdk=1 host=1 enabled=1 sent=1 result=0 message=EVENT LOADING_COMPLETE trial=T004 rel=802.661 unix=1781324214852 bjt=2026-06-13T12:16:54.851+08:00
2026-06-13T12:17:00.314+08:00 MARKER sdk=1 host=1 enabled=1 sent=1 result=0 message=EVENT VIEWER_ENTER trial=T004 rel=808.148 unix=1781324220339 bjt=2026-06-13T12:17:00.338+08:00
2026-06-13T12:17:00.315+08:00 MARKER sdk=1 host=1 enabled=1 sent=1 result=0 message=EVENT QUESTION_START trial=T004 rel=808.148 unix=1781324220339 bjt=2026-06-13T12:17:00.338+08:00 q=1 total=2 correct_index=1 correct_label=B
2026-06-13T12:17:24.069+08:00 MARKER sdk=1 host=1 enabled=1 sent=1 result=0 message=EVENT QUESTION_SUBMIT trial=T004 rel=831.889 unix=1781324244079 bjt=2026-06-13T12:17:24.079+08:00 q=1 option=A correct_index=1 correct_label=B is_correct=0
2026-06-13T12:17:24.070+08:00 MARKER sdk=1 host=1 enabled=1 sent=1 result=0 message=EVENT QUESTION_START trial=T004 rel=831.889 unix=1781324244079 bjt=2026-06-13T12:17:24.079+08:00 q=2 total=2 correct_index=1 correct_label=B
2026-06-13T12:17:31.085+08:00 MARKER sdk=1 host=1 enabled=1 sent=1 result=0 message=EVENT QUESTION_SUBMIT trial=T004 rel=838.904 unix=1781324251095 bjt=2026-06-13T12:17:31.094+08:00 q=2 option=A correct_index=1 correct_label=B is_correct=0
2026-06-13T12:17:32.593+08:00 MARKER sdk=1 host=1 enabled=1 sent=1 result=0 message=EVENT VIEWER_EXIT trial=T004 rel=840.429 unix=1781324252619 bjt=2026-06-13T12:17:32.618+08:00
2026-06-13T12:17:32.594+08:00 MARKER sdk=1 host=1 enabled=1 sent=1 result=0 message=EVENT TRIAL_RESULT trial=T004 rel=840.429 unix=1781324252619 bjt=2026-06-13T12:17:32.618+08:00 rows=2
2026-06-13T12:19:51.063+08:00 MARKER sdk=1 host=1 enabled=1 sent=1 result=0 message=TRIALID T005
2026-06-13T12:19:51.063+08:00 MARKER sdk=1 host=1 enabled=1 sent=1 result=0 message=EVENT LOADING_INTERACT trial=T005 rel=978.898 unix=1781324391089 bjt=2026-06-13T12:19:51.088+08:00
2026-06-13T12:19:51.063+08:00 MARKER sdk=1 host=1 enabled=1 sent=1 result=0 message=EVENT LOADING_START trial=T005 rel=978.898 unix=1781324391089 bjt=2026-06-13T12:19:51.088+08:00
2026-06-13T12:19:51.063+08:00 MARKER sdk=1 host=1 enabled=1 sent=1 result=0 message=!V TRIAL_VAR participant A024
2026-06-13T12:19:51.063+08:00 MARKER sdk=1 host=1 enabled=1 sent=1 result=0 message=!V TRIAL_VAR experiment EXP1
2026-06-13T12:19:51.063+08:00 MARKER sdk=1 host=1 enabled=1 sent=1 result=0 message=!V TRIAL_VAR exhibit_id 02
2026-06-13T12:19:51.063+08:00 MARKER sdk=1 host=1 enabled=1 sent=1 result=0 message=!V TRIAL_VAR exhibit_name 中国青铜器
2026-06-13T12:19:51.064+08:00 MARKER sdk=1 host=1 enabled=1 sent=1 result=0 message=!V TRIAL_VAR condition A_PLUS
2026-06-13T12:19:51.064+08:00 MARKER sdk=1 host=1 enabled=1 sent=1 result=0 message=!V TRIAL_VAR latin_group G1
2026-06-13T12:19:51.064+08:00 MARKER sdk=1 host=1 enabled=1 sent=1 result=0 message=!V TRIAL_VAR sequence_index 2
2026-06-13T12:19:51.064+08:00 MARKER sdk=1 host=1 enabled=1 sent=1 result=0 message=!V TRIAL_VAR sequence_label G1_T02
2026-06-13T12:20:01.055+08:00 MARKER sdk=1 host=1 enabled=1 sent=1 result=0 message=EVENT LOADING_COMPLETE trial=T005 rel=988.892 unix=1781324401082 bjt=2026-06-13T12:20:01.082+08:00
2026-06-13T12:20:06.405+08:00 MARKER sdk=1 host=1 enabled=1 sent=1 result=0 message=EVENT VIEWER_ENTER trial=T005 rel=994.241 unix=1781324406431 bjt=2026-06-13T12:20:06.430+08:00
2026-06-13T12:20:06.405+08:00 MARKER sdk=1 host=1 enabled=1 sent=1 result=0 message=EVENT QUESTION_START trial=T005 rel=994.241 unix=1781324406431 bjt=2026-06-13T12:20:06.430+08:00 q=1 total=2 correct_index=1 correct_label=B
2026-06-13T12:20:16.310+08:00 MARKER sdk=1 host=1 enabled=1 sent=1 result=0 message=EVENT QUESTION_SUBMIT trial=T005 rel=1004.129 unix=1781324416320 bjt=2026-06-13T12:20:16.319+08:00 q=1 option=A correct_index=1 correct_label=B is_correct=0
2026-06-13T12:20:16.310+08:00 MARKER sdk=1 host=1 enabled=1 sent=1 result=0 message=EVENT QUESTION_START trial=T005 rel=1004.129 unix=1781324416320 bjt=2026-06-13T12:20:16.319+08:00 q=2 total=2 correct_index=1 correct_label=B
2026-06-13T12:20:51.397+08:00 MARKER sdk=1 host=1 enabled=1 sent=1 result=0 message=EVENT QUESTION_SUBMIT trial=T005 rel=1039.217 unix=1781324451407 bjt=2026-06-13T12:20:51.407+08:00 q=2 option=D correct_index=1 correct_label=B is_correct=0
2026-06-13T12:20:53.739+08:00 MARKER sdk=1 host=1 enabled=1 sent=1 result=0 message=EVENT VIEWER_EXIT trial=T005 rel=1041.575 unix=1781324453765 bjt=2026-06-13T12:20:53.765+08:00
2026-06-13T12:20:53.740+08:00 MARKER sdk=1 host=1 enabled=1 sent=1 result=0 message=EVENT TRIAL_RESULT trial=T005 rel=1041.575 unix=1781324453765 bjt=2026-06-13T12:20:53.765+08:00 rows=2
2026-06-13T12:22:26.998+08:00 MARKER sdk=1 host=1 enabled=1 sent=1 result=0 message=TRIALID T006
2026-06-13T12:22:26.998+08:00 MARKER sdk=1 host=1 enabled=1 sent=1 result=0 message=EVENT LOADING_INTERACT trial=T006 rel=1134.833 unix=1781324547024 bjt=2026-06-13T12:22:27.023+08:00
2026-06-13T12:22:26.998+08:00 MARKER sdk=1 host=1 enabled=1 sent=1 result=0 message=EVENT LOADING_START trial=T006 rel=1134.833 unix=1781324547024 bjt=2026-06-13T12:22:27.023+08:00
2026-06-13T12:22:26.998+08:00 MARKER sdk=1 host=1 enabled=1 sent=1 result=0 message=!V TRIAL_VAR participant A024
2026-06-13T12:22:26.999+08:00 MARKER sdk=1 host=1 enabled=1 sent=1 result=0 message=!V TRIAL_VAR experiment EXP1
2026-06-13T12:22:26.999+08:00 MARKER sdk=1 host=1 enabled=1 sent=1 result=0 message=!V TRIAL_VAR exhibit_id 03
2026-06-13T12:22:26.999+08:00 MARKER sdk=1 host=1 enabled=1 sent=1 result=0 message=!V TRIAL_VAR exhibit_name 希腊陶具
2026-06-13T12:22:26.999+08:00 MARKER sdk=1 host=1 enabled=1 sent=1 result=0 message=!V TRIAL_VAR condition B
2026-06-13T12:22:26.999+08:00 MARKER sdk=1 host=1 enabled=1 sent=1 result=0 message=!V TRIAL_VAR latin_group G1
2026-06-13T12:22:26.999+08:00 MARKER sdk=1 host=1 enabled=1 sent=1 result=0 message=!V TRIAL_VAR sequence_index 3
2026-06-13T12:22:26.999+08:00 MARKER sdk=1 host=1 enabled=1 sent=1 result=0 message=!V TRIAL_VAR sequence_label G1_T03
2026-06-13T12:22:36.995+08:00 MARKER sdk=1 host=1 enabled=1 sent=1 result=0 message=EVENT LOADING_COMPLETE trial=T006 rel=1144.831 unix=1781324557022 bjt=2026-06-13T12:22:37.021+08:00
2026-06-13T12:22:39.705+08:00 MARKER sdk=1 host=1 enabled=1 sent=1 result=0 message=EVENT VIEWER_ENTER trial=T006 rel=1147.539 unix=1781324559729 bjt=2026-06-13T12:22:39.729+08:00
2026-06-13T12:22:39.705+08:00 MARKER sdk=1 host=1 enabled=1 sent=1 result=0 message=EVENT QUESTION_START trial=T006 rel=1147.539 unix=1781324559729 bjt=2026-06-13T12:22:39.729+08:00 q=1 total=2 correct_index=0 correct_label=A
2026-06-13T12:22:44.694+08:00 MARKER sdk=1 host=1 enabled=1 sent=1 result=0 message=EVENT QUESTION_SUBMIT trial=T006 rel=1152.514 unix=1781324564705 bjt=2026-06-13T12:22:44.704+08:00 q=1 option=A correct_index=0 correct_label=A is_correct=1
2026-06-13T12:22:44.695+08:00 MARKER sdk=1 host=1 enabled=1 sent=1 result=0 message=EVENT QUESTION_START trial=T006 rel=1152.514 unix=1781324564705 bjt=2026-06-13T12:22:44.704+08:00 q=2 total=2 correct_index=2 correct_label=C
2026-06-13T12:22:48.163+08:00 MARKER sdk=1 host=1 enabled=1 sent=1 result=0 message=EVENT QUESTION_SUBMIT trial=T006 rel=1155.983 unix=1781324568173 bjt=2026-06-13T12:22:48.173+08:00 q=2 option=C correct_index=2 correct_label=C is_correct=1
2026-06-13T12:22:49.481+08:00 MARKER sdk=1 host=1 enabled=1 sent=1 result=0 message=EVENT VIEWER_EXIT trial=T006 rel=1157.317 unix=1781324569508 bjt=2026-06-13T12:22:49.507+08:00
2026-06-13T12:22:49.482+08:00 MARKER sdk=1 host=1 enabled=1 sent=1 result=0 message=EVENT TRIAL_RESULT trial=T006 rel=1157.317 unix=1781324569508 bjt=2026-06-13T12:22:49.507+08:00 rows=2
2026-06-13T12:24:38.545+08:00 MARKER sdk=1 host=1 enabled=1 sent=1 result=0 message=TRIALID T007
2026-06-13T12:24:38.546+08:00 MARKER sdk=1 host=1 enabled=1 sent=1 result=0 message=EVENT LOADING_INTERACT trial=T007 rel=1266.381 unix=1781324678572 bjt=2026-06-13T12:24:38.571+08:00
2026-06-13T12:24:38.546+08:00 MARKER sdk=1 host=1 enabled=1 sent=1 result=0 message=EVENT LOADING_START trial=T007 rel=1266.381 unix=1781324678572 bjt=2026-06-13T12:24:38.571+08:00
2026-06-13T12:24:38.546+08:00 MARKER sdk=1 host=1 enabled=1 sent=1 result=0 message=!V TRIAL_VAR participant A024
2026-06-13T12:24:38.546+08:00 MARKER sdk=1 host=1 enabled=1 sent=1 result=0 message=!V TRIAL_VAR experiment EXP1
2026-06-13T12:24:38.547+08:00 MARKER sdk=1 host=1 enabled=1 sent=1 result=0 message=!V TRIAL_VAR exhibit_id 04
2026-06-13T12:24:38.547+08:00 MARKER sdk=1 host=1 enabled=1 sent=1 result=0 message=!V TRIAL_VAR exhibit_name 中国花瓶
2026-06-13T12:24:38.547+08:00 MARKER sdk=1 host=1 enabled=1 sent=1 result=0 message=!V TRIAL_VAR condition C_MINUS
2026-06-13T12:24:38.547+08:00 MARKER sdk=1 host=1 enabled=1 sent=1 result=0 message=!V TRIAL_VAR latin_group G1
2026-06-13T12:24:38.547+08:00 MARKER sdk=1 host=1 enabled=1 sent=1 result=0 message=!V TRIAL_VAR sequence_index 4
2026-06-13T12:24:38.547+08:00 MARKER sdk=1 host=1 enabled=1 sent=1 result=0 message=!V TRIAL_VAR sequence_label G1_T04
2026-06-13T12:24:38.547+08:00 MARKER sdk=1 host=1 enabled=1 sent=1 result=0 message=EVENT VIEWER_ENTER trial=T007 rel=1266.381 unix=1781324678572 bjt=2026-06-13T12:24:38.571+08:00 mode=progressive_no_progress_bar
2026-06-13T12:24:44.539+08:00 MARKER sdk=1 host=1 enabled=1 sent=1 result=0 message=EVENT PROGRESSIVE_USABLE trial=T007 rel=1272.375 unix=1781324684566 bjt=2026-06-13T12:24:44.565+08:00
2026-06-13T12:24:44.540+08:00 MARKER sdk=1 host=1 enabled=1 sent=1 result=0 message=EVENT QUESTION_START trial=T007 rel=1272.375 unix=1781324684566 bjt=2026-06-13T12:24:44.565+08:00 q=1 total=2 correct_index=2 correct_label=C
2026-06-13T12:24:48.538+08:00 MARKER sdk=1 host=1 enabled=1 sent=1 result=0 message=EVENT LOADING_COMPLETE trial=T007 rel=1276.374 unix=1781324688564 bjt=2026-06-13T12:24:48.564+08:00
2026-06-13T12:24:54.275+08:00 MARKER sdk=1 host=1 enabled=1 sent=1 result=0 message=EVENT QUESTION_SUBMIT trial=T007 rel=1282.096 unix=1781324694287 bjt=2026-06-13T12:24:54.286+08:00 q=1 option=C correct_index=2 correct_label=C is_correct=1
2026-06-13T12:24:54.276+08:00 MARKER sdk=1 host=1 enabled=1 sent=1 result=0 message=EVENT QUESTION_START trial=T007 rel=1282.096 unix=1781324694287 bjt=2026-06-13T12:24:54.286+08:00 q=2 total=2 correct_index=3 correct_label=D
2026-06-13T12:24:57.720+08:00 MARKER sdk=1 host=1 enabled=1 sent=1 result=0 message=EVENT QUESTION_SUBMIT trial=T007 rel=1285.540 unix=1781324697730 bjt=2026-06-13T12:24:57.730+08:00 q=2 option=D correct_index=3 correct_label=D is_correct=1
2026-06-13T12:24:59.705+08:00 MARKER sdk=1 host=1 enabled=1 sent=1 result=0 message=EVENT VIEWER_EXIT trial=T007 rel=1287.541 unix=1781324699731 bjt=2026-06-13T12:24:59.730+08:00
2026-06-13T12:24:59.705+08:00 MARKER sdk=1 host=1 enabled=1 sent=1 result=0 message=EVENT TRIAL_RESULT trial=T007 rel=1287.541 unix=1781324699731 bjt=2026-06-13T12:24:59.730+08:00 rows=2
2026-06-13T12:26:44.779+08:00 MARKER sdk=1 host=1 enabled=1 sent=1 result=0 message=TRIALID T008
2026-06-13T12:26:44.779+08:00 MARKER sdk=1 host=1 enabled=1 sent=1 result=0 message=EVENT LOADING_INTERACT trial=T008 rel=1392.614 unix=1781324804805 bjt=2026-06-13T12:26:44.804+08:00
2026-06-13T12:26:44.780+08:00 MARKER sdk=1 host=1 enabled=1 sent=1 result=0 message=EVENT LOADING_START trial=T008 rel=1392.614 unix=1781324804805 bjt=2026-06-13T12:26:44.804+08:00
2026-06-13T12:26:44.780+08:00 MARKER sdk=1 host=1 enabled=1 sent=1 result=0 message=!V TRIAL_VAR participant A024
2026-06-13T12:26:44.780+08:00 MARKER sdk=1 host=1 enabled=1 sent=1 result=0 message=!V TRIAL_VAR experiment EXP1
2026-06-13T12:26:44.780+08:00 MARKER sdk=1 host=1 enabled=1 sent=1 result=0 message=!V TRIAL_VAR exhibit_id 05
2026-06-13T12:26:44.780+08:00 MARKER sdk=1 host=1 enabled=1 sent=1 result=0 message=!V TRIAL_VAR exhibit_name 雅典双耳罐
2026-06-13T12:26:44.780+08:00 MARKER sdk=1 host=1 enabled=1 sent=1 result=0 message=!V TRIAL_VAR condition C
2026-06-13T12:26:44.780+08:00 MARKER sdk=1 host=1 enabled=1 sent=1 result=0 message=!V TRIAL_VAR latin_group G1
2026-06-13T12:26:44.780+08:00 MARKER sdk=1 host=1 enabled=1 sent=1 result=0 message=!V TRIAL_VAR sequence_index 5
2026-06-13T12:26:44.780+08:00 MARKER sdk=1 host=1 enabled=1 sent=1 result=0 message=!V TRIAL_VAR sequence_label G1_T05
2026-06-13T12:26:44.781+08:00 MARKER sdk=1 host=1 enabled=1 sent=1 result=0 message=EVENT VIEWER_ENTER trial=T008 rel=1392.614 unix=1781324804805 bjt=2026-06-13T12:26:44.804+08:00 mode=progressive
2026-06-13T12:26:50.768+08:00 MARKER sdk=1 host=1 enabled=1 sent=1 result=0 message=EVENT PROGRESSIVE_USABLE trial=T008 rel=1398.602 unix=1781324810793 bjt=2026-06-13T12:26:50.792+08:00
2026-06-13T12:26:50.770+08:00 MARKER sdk=1 host=1 enabled=1 sent=1 result=0 message=EVENT QUESTION_START trial=T008 rel=1398.602 unix=1781324810793 bjt=2026-06-13T12:26:50.792+08:00 q=1 total=2 correct_index=0 correct_label=A
2026-06-13T12:26:54.774+08:00 MARKER sdk=1 host=1 enabled=1 sent=1 result=0 message=EVENT LOADING_COMPLETE trial=T008 rel=1402.609 unix=1781324814800 bjt=2026-06-13T12:26:54.799+08:00
2026-06-13T12:27:01.405+08:00 MARKER sdk=1 host=1 enabled=1 sent=1 result=0 message=EVENT QUESTION_SUBMIT trial=T008 rel=1409.226 unix=1781324821416 bjt=2026-06-13T12:27:01.416+08:00 q=1 option=A correct_index=0 correct_label=A is_correct=1
2026-06-13T12:27:01.406+08:00 MARKER sdk=1 host=1 enabled=1 sent=1 result=0 message=EVENT QUESTION_START trial=T008 rel=1409.226 unix=1781324821416 bjt=2026-06-13T12:27:01.416+08:00 q=2 total=2 correct_index=2 correct_label=C
2026-06-13T12:27:06.401+08:00 MARKER sdk=1 host=1 enabled=1 sent=1 result=0 message=EVENT QUESTION_SUBMIT trial=T008 rel=1414.221 unix=1781324826411 bjt=2026-06-13T12:27:06.411+08:00 q=2 option=C correct_index=2 correct_label=C is_correct=1
2026-06-13T12:27:11.776+08:00 MARKER sdk=1 host=1 enabled=1 sent=1 result=0 message=EVENT VIEWER_EXIT trial=T008 rel=1419.612 unix=1781324831802 bjt=2026-06-13T12:27:11.802+08:00
2026-06-13T12:27:11.777+08:00 MARKER sdk=1 host=1 enabled=1 sent=1 result=0 message=EVENT TRIAL_RESULT trial=T008 rel=1419.612 unix=1781324831802 bjt=2026-06-13T12:27:11.802+08:00 rows=2
2026-06-13T12:34:56.135+08:00 MARKER sdk=1 host=1 enabled=1 sent=1 result=0 message=TRIALID Exp2_001
2026-06-13T12:34:56.135+08:00 MARKER sdk=1 host=1 enabled=1 sent=1 result=0 message=!V TRIAL_VAR participant A024
2026-06-13T12:34:56.135+08:00 MARKER sdk=1 host=1 enabled=1 sent=1 result=0 message=!V TRIAL_VAR experiment EXP2
2026-06-13T12:34:56.136+08:00 MARKER sdk=1 host=1 enabled=1 sent=1 result=0 message=!V TRIAL_VAR condition E1_SPATIAL_PROGRESSIVE
2026-06-13T12:34:56.136+08:00 MARKER sdk=1 host=1 enabled=1 sent=1 result=0 message=!V TRIAL_VAR spatial_continuity 1
2026-06-13T12:34:56.136+08:00 MARKER sdk=1 host=1 enabled=1 sent=1 result=0 message=!V TRIAL_VAR progressive_availability 1
2026-06-13T12:34:56.136+08:00 MARKER sdk=1 host=1 enabled=1 sent=1 result=0 message=!V TRIAL_VAR target_index 1
2026-06-13T12:34:56.136+08:00 MARKER sdk=1 host=1 enabled=1 sent=1 result=0 message=!V TRIAL_VAR target_display_index 1
2026-06-13T12:34:56.136+08:00 MARKER sdk=1 host=1 enabled=1 sent=1 result=0 message=!V TRIAL_VAR target_content_index 1
2026-06-13T12:34:56.137+08:00 MARKER sdk=1 host=1 enabled=1 sent=1 result=0 message=!V TRIAL_VAR target_label 左脸
2026-06-13T12:34:56.137+08:00 MARKER sdk=1 host=1 enabled=1 sent=1 result=0 message=!V TRIAL_VAR slot_permutation 1:1|2:2|3:3|4:4
2026-06-13T12:34:56.137+08:00 MARKER sdk=1 host=1 enabled=1 sent=1 result=0 message=!V TRIAL_VAR sequence_group 1
2026-06-13T12:34:56.137+08:00 MARKER sdk=1 host=1 enabled=1 sent=1 result=0 message=!V TRIAL_VAR sequence_index 1
2026-06-13T12:34:56.137+08:00 MARKER sdk=1 host=1 enabled=1 sent=1 result=0 message=EVENT EXP2_LOADING_START trial_id=Exp2_001 rel=1883.969727 unix=1781325296160 bjt=2026-06-13T12:34:56.160+08:00 condition=E1_SPATIAL_PROGRESSIVE
2026-06-13T12:35:00.117+08:00 MARKER sdk=1 host=1 enabled=1 sent=1 result=0 message=EVENT EXP2_OBJECT_STAGE_CHANGED trial_id=Exp2_001 rel=1887.952637 unix=1781325300143 bjt=2026-06-13T12:35:00.142+08:00 condition=E1_SPATIAL_PROGRESSIVE object_index=1 previous_stage=0 new_stage=1 progress=0.333341 object_stages=1:1|2:0|3:0|
2026-06-13T12:35:00.119+08:00 MARKER sdk=1 host=1 enabled=1 sent=1 result=0 message=EVENT EXP2_STAGE_1_START trial_id=Exp2_001 rel=1887.952637 unix=1781325300143 bjt=2026-06-13T12:35:00.142+08:00 condition=E1_SPATIAL_PROGRESSIVE stage=1 first_object_index=1 progress=0.333341 object_stages=1:1|2:0|3:0|4:0
2026-06-13T12:35:00.119+08:00 MARKER sdk=1 host=1 enabled=1 sent=1 result=0 message=EVENT EXP2_OBJECT_STAGE_CHANGED trial_id=Exp2_001 rel=1887.952637 unix=1781325300143 bjt=2026-06-13T12:35:00.142+08:00 condition=E1_SPATIAL_PROGRESSIVE object_index=2 previous_stage=0 new_stage=1 progress=0.333341 object_stages=1:1|2:1|3:0|
2026-06-13T12:35:00.120+08:00 MARKER sdk=1 host=1 enabled=1 sent=1 result=0 message=EVENT EXP2_OBJECT_STAGE_CHANGED trial_id=Exp2_001 rel=1887.952637 unix=1781325300143 bjt=2026-06-13T12:35:00.142+08:00 condition=E1_SPATIAL_PROGRESSIVE object_index=3 previous_stage=0 new_stage=1 progress=0.333341 object_stages=1:1|2:1|3:1|
2026-06-13T12:35:00.121+08:00 MARKER sdk=1 host=1 enabled=1 sent=1 result=0 message=EVENT EXP2_OBJECT_STAGE_CHANGED trial_id=Exp2_001 rel=1887.952637 unix=1781325300143 bjt=2026-06-13T12:35:00.142+08:00 condition=E1_SPATIAL_PROGRESSIVE object_index=4 previous_stage=0 new_stage=1 progress=0.333341 object_stages=1:1|2:1|3:1|
2026-06-13T12:35:02.120+08:00 MARKER sdk=1 host=1 enabled=1 sent=1 result=0 message=EVENT EXP2_OBJECT_STAGE_CHANGED trial_id=Exp2_001 rel=1889.955811 unix=1781325302146 bjt=2026-06-13T12:35:02.146+08:00 condition=E1_SPATIAL_PROGRESSIVE object_index=1 previous_stage=1 new_stage=2 progress=0.500269 object_stages=1:2|2:1|3:1|
2026-06-13T12:35:02.121+08:00 MARKER sdk=1 host=1 enabled=1 sent=1 result=0 message=EVENT EXP2_STAGE_2_START trial_id=Exp2_001 rel=1889.955811 unix=1781325302146 bjt=2026-06-13T12:35:02.146+08:00 condition=E1_SPATIAL_PROGRESSIVE stage=2 first_object_index=1 progress=0.500269 object_stages=1:2|2:1|3:1|4:1
2026-06-13T12:35:02.122+08:00 MARKER sdk=1 host=1 enabled=1 sent=1 result=0 message=EVENT EXP2_PROGRESSIVE_USABLE trial_id=Exp2_001 rel=1889.955811 unix=1781325302146 bjt=2026-06-13T12:35:02.146+08:00 condition=E1_SPATIAL_PROGRESSIVE target_display_index=1 target_content_index=1 target_label=左脸 stage=2 progress=0.500269
2026-06-13T12:35:02.123+08:00 MARKER sdk=1 host=1 enabled=1 sent=1 result=0 message=EVENT EXP2_OBJECT_STAGE_CHANGED trial_id=Exp2_001 rel=1889.955811 unix=1781325302146 bjt=2026-06-13T12:35:02.146+08:00 condition=E1_SPATIAL_PROGRESSIVE object_index=2 previous_stage=1 new_stage=2 progress=0.500269 object_stages=1:2|2:2|3:1|
2026-06-13T12:35:02.123+08:00 MARKER sdk=1 host=1 enabled=1 sent=1 result=0 message=EVENT EXP2_OBJECT_STAGE_CHANGED trial_id=Exp2_001 rel=1889.955811 unix=1781325302146 bjt=2026-06-13T12:35:02.146+08:00 condition=E1_SPATIAL_PROGRESSIVE object_index=3 previous_stage=1 new_stage=2 progress=0.500269 object_stages=1:2|2:2|3:2|
2026-06-13T12:35:02.125+08:00 MARKER sdk=1 host=1 enabled=1 sent=1 result=0 message=EVENT EXP2_OBJECT_STAGE_CHANGED trial_id=Exp2_001 rel=1889.955811 unix=1781325302146 bjt=2026-06-13T12:35:02.146+08:00 condition=E1_SPATIAL_PROGRESSIVE object_index=4 previous_stage=1 new_stage=2 progress=0.500269 object_stages=1:2|2:2|3:2|
2026-06-13T12:35:08.126+08:00 MARKER sdk=1 host=1 enabled=1 sent=1 result=0 message=EVENT EXP2_OBJECT_STAGE_CHANGED trial_id=Exp2_001 rel=1895.960815 unix=1781325308151 bjt=2026-06-13T12:35:08.151+08:00 condition=E1_SPATIAL_PROGRESSIVE object_index=1 previous_stage=2 new_stage=3 progress=1.000000 object_stages=1:3|2:2|3:2|
2026-06-13T12:35:08.126+08:00 MARKER sdk=1 host=1 enabled=1 sent=1 result=0 message=EVENT EXP2_STAGE_3_START trial_id=Exp2_001 rel=1895.960815 unix=1781325308151 bjt=2026-06-13T12:35:08.151+08:00 condition=E1_SPATIAL_PROGRESSIVE stage=3 first_object_index=1 progress=1.000000 object_stages=1:3|2:2|3:2|4:2
2026-06-13T12:35:08.127+08:00 MARKER sdk=1 host=1 enabled=1 sent=1 result=0 message=EVENT EXP2_OBJECT_STAGE_CHANGED trial_id=Exp2_001 rel=1895.960815 unix=1781325308151 bjt=2026-06-13T12:35:08.151+08:00 condition=E1_SPATIAL_PROGRESSIVE object_index=2 previous_stage=2 new_stage=3 progress=1.000000 object_stages=1:3|2:3|3:2|
2026-06-13T12:35:08.128+08:00 MARKER sdk=1 host=1 enabled=1 sent=1 result=0 message=EVENT EXP2_OBJECT_STAGE_CHANGED trial_id=Exp2_001 rel=1895.960815 unix=1781325308151 bjt=2026-06-13T12:35:08.151+08:00 condition=E1_SPATIAL_PROGRESSIVE object_index=3 previous_stage=2 new_stage=3 progress=1.000000 object_stages=1:3|2:3|3:3|
2026-06-13T12:35:08.129+08:00 MARKER sdk=1 host=1 enabled=1 sent=1 result=0 message=EVENT EXP2_OBJECT_STAGE_CHANGED trial_id=Exp2_001 rel=1895.960815 unix=1781325308151 bjt=2026-06-13T12:35:08.151+08:00 condition=E1_SPATIAL_PROGRESSIVE object_index=4 previous_stage=2 new_stage=3 progress=1.000000 object_stages=1:3|2:3|3:3|
2026-06-13T12:35:08.129+08:00 MARKER sdk=1 host=1 enabled=1 sent=1 result=0 message=EVENT EXP2_LOADING_COMPLETE trial_id=Exp2_001 rel=1895.960815 unix=1781325308151 bjt=2026-06-13T12:35:08.151+08:00 condition=E1_SPATIAL_PROGRESSIVE
2026-06-13T12:35:21.173+08:00 MARKER sdk=1 host=1 enabled=1 sent=1 result=0 message=EVENT EXP2_PENDING_SELECTION trial_id=Exp2_001 rel=1909.008789 unix=1781325321199 bjt=2026-06-13T12:35:21.199+08:00 condition=E1_SPATIAL_PROGRESSIVE selected=2 selected_content=2 changes=1
2026-06-13T12:35:35.748+08:00 MARKER sdk=1 host=1 enabled=1 sent=1 result=0 message=EVENT EXP2_PENDING_SELECTION trial_id=Exp2_001 rel=1923.584351 unix=1781325335775 bjt=2026-06-13T12:35:35.774+08:00 condition=E1_SPATIAL_PROGRESSIVE selected=1 selected_content=1 changes=2
2026-06-13T12:35:47.181+08:00 MARKER sdk=1 host=1 enabled=1 sent=1 result=0 message=EVENT EXP2_SUBMIT_SELECTION trial_id=Exp2_001 rel=1935.016602 unix=1781325347207 bjt=2026-06-13T12:35:47.206+08:00 condition=E1_SPATIAL_PROGRESSIVE selected=1 selected_content=1 correct=1
2026-06-13T12:35:47.182+08:00 MARKER sdk=1 host=1 enabled=1 sent=1 result=0 message=TRIAL_RESULT Exp2_001 selected=1 correct=1
2026-06-13T12:37:16.866+08:00 MARKER sdk=1 host=1 enabled=1 sent=1 result=0 message=TRIALID Exp2_002
2026-06-13T12:37:16.866+08:00 MARKER sdk=1 host=1 enabled=1 sent=1 result=0 message=!V TRIAL_VAR participant A024
2026-06-13T12:37:16.866+08:00 MARKER sdk=1 host=1 enabled=1 sent=1 result=0 message=!V TRIAL_VAR experiment EXP2
2026-06-13T12:37:16.866+08:00 MARKER sdk=1 host=1 enabled=1 sent=1 result=0 message=!V TRIAL_VAR condition E2_FIXED_PROGRESSIVE
2026-06-13T12:37:16.866+08:00 MARKER sdk=1 host=1 enabled=1 sent=1 result=0 message=!V TRIAL_VAR spatial_continuity 0
2026-06-13T12:37:16.867+08:00 MARKER sdk=1 host=1 enabled=1 sent=1 result=0 message=!V TRIAL_VAR progressive_availability 1
2026-06-13T12:37:16.867+08:00 MARKER sdk=1 host=1 enabled=1 sent=1 result=0 message=!V TRIAL_VAR target_index 2
2026-06-13T12:37:16.867+08:00 MARKER sdk=1 host=1 enabled=1 sent=1 result=0 message=!V TRIAL_VAR target_display_index 2
2026-06-13T12:37:16.867+08:00 MARKER sdk=1 host=1 enabled=1 sent=1 result=0 message=!V TRIAL_VAR target_content_index 2
2026-06-13T12:37:16.867+08:00 MARKER sdk=1 host=1 enabled=1 sent=1 result=0 message=!V TRIAL_VAR target_label 右脸
2026-06-13T12:37:16.867+08:00 MARKER sdk=1 host=1 enabled=1 sent=1 result=0 message=!V TRIAL_VAR slot_permutation 1:3|2:2|3:4|4:1
2026-06-13T12:37:16.868+08:00 MARKER sdk=1 host=1 enabled=1 sent=1 result=0 message=!V TRIAL_VAR sequence_group 1
2026-06-13T12:37:16.868+08:00 MARKER sdk=1 host=1 enabled=1 sent=1 result=0 message=!V TRIAL_VAR sequence_index 2
2026-06-13T12:37:16.868+08:00 MARKER sdk=1 host=1 enabled=1 sent=1 result=0 message=EVENT EXP2_LOADING_START trial_id=Exp2_002 rel=2024.674316 unix=1781325436865 bjt=2026-06-13T12:37:16.864+08:00 condition=E2_FIXED_PROGRESSIVE
2026-06-13T12:37:20.856+08:00 MARKER sdk=1 host=1 enabled=1 sent=1 result=0 message=EVENT EXP2_OBJECT_STAGE_CHANGED trial_id=Exp2_002 rel=2028.665771 unix=1781325440856 bjt=2026-06-13T12:37:20.856+08:00 condition=E2_FIXED_PROGRESSIVE object_index=1 previous_stage=0 new_stage=1 progress=0.334469 object_stages=1:1|2:0|3:0|4:
2026-06-13T12:37:20.857+08:00 MARKER sdk=1 host=1 enabled=1 sent=1 result=0 message=EVENT EXP2_STAGE_1_START trial_id=Exp2_002 rel=2028.665771 unix=1781325440856 bjt=2026-06-13T12:37:20.856+08:00 condition=E2_FIXED_PROGRESSIVE stage=1 first_object_index=1 progress=0.334469 object_stages=1:1|2:0|3:0|4:0
2026-06-13T12:37:20.858+08:00 MARKER sdk=1 host=1 enabled=1 sent=1 result=0 message=EVENT EXP2_OBJECT_STAGE_CHANGED trial_id=Exp2_002 rel=2028.665771 unix=1781325440856 bjt=2026-06-13T12:37:20.856+08:00 condition=E2_FIXED_PROGRESSIVE object_index=2 previous_stage=0 new_stage=1 progress=0.334469 object_stages=1:1|2:1|3:0|4:
2026-06-13T12:37:20.859+08:00 MARKER sdk=1 host=1 enabled=1 sent=1 result=0 message=EVENT EXP2_OBJECT_STAGE_CHANGED trial_id=Exp2_002 rel=2028.665771 unix=1781325440856 bjt=2026-06-13T12:37:20.856+08:00 condition=E2_FIXED_PROGRESSIVE object_index=3 previous_stage=0 new_stage=1 progress=0.334469 object_stages=1:1|2:1|3:1|4:
2026-06-13T12:37:20.859+08:00 MARKER sdk=1 host=1 enabled=1 sent=1 result=0 message=EVENT EXP2_OBJECT_STAGE_CHANGED trial_id=Exp2_002 rel=2028.665771 unix=1781325440856 bjt=2026-06-13T12:37:20.856+08:00 condition=E2_FIXED_PROGRESSIVE object_index=4 previous_stage=0 new_stage=1 progress=0.334469 object_stages=1:1|2:1|3:1|4:
2026-06-13T12:37:22.858+08:00 MARKER sdk=1 host=1 enabled=1 sent=1 result=0 message=EVENT EXP2_OBJECT_STAGE_CHANGED trial_id=Exp2_002 rel=2030.666016 unix=1781325442856 bjt=2026-06-13T12:37:22.856+08:00 condition=E2_FIXED_PROGRESSIVE object_index=1 previous_stage=1 new_stage=2 progress=0.501156 object_stages=1:2|2:1|3:1|4:
2026-06-13T12:37:22.859+08:00 MARKER sdk=1 host=1 enabled=1 sent=1 result=0 message=EVENT EXP2_STAGE_2_START trial_id=Exp2_002 rel=2030.666016 unix=1781325442856 bjt=2026-06-13T12:37:22.856+08:00 condition=E2_FIXED_PROGRESSIVE stage=2 first_object_index=1 progress=0.501156 object_stages=1:2|2:1|3:1|4:1
2026-06-13T12:37:22.860+08:00 MARKER sdk=1 host=1 enabled=1 sent=1 result=0 message=EVENT EXP2_OBJECT_STAGE_CHANGED trial_id=Exp2_002 rel=2030.666016 unix=1781325442856 bjt=2026-06-13T12:37:22.856+08:00 condition=E2_FIXED_PROGRESSIVE object_index=2 previous_stage=1 new_stage=2 progress=0.501156 object_stages=1:2|2:2|3:1|4:
2026-06-13T12:37:22.861+08:00 MARKER sdk=1 host=1 enabled=1 sent=1 result=0 message=EVENT EXP2_PROGRESSIVE_USABLE trial_id=Exp2_002 rel=2030.666016 unix=1781325442856 bjt=2026-06-13T12:37:22.856+08:00 condition=E2_FIXED_PROGRESSIVE target_display_index=2 target_content_index=2 target_label=右脸 stage=2 progress=0.501156
2026-06-13T12:37:22.861+08:00 MARKER sdk=1 host=1 enabled=1 sent=1 result=0 message=EVENT EXP2_OBJECT_STAGE_CHANGED trial_id=Exp2_002 rel=2030.666016 unix=1781325442856 bjt=2026-06-13T12:37:22.856+08:00 condition=E2_FIXED_PROGRESSIVE object_index=3 previous_stage=1 new_stage=2 progress=0.501156 object_stages=1:2|2:2|3:2|4:
2026-06-13T12:37:22.862+08:00 MARKER sdk=1 host=1 enabled=1 sent=1 result=0 message=EVENT EXP2_OBJECT_STAGE_CHANGED trial_id=Exp2_002 rel=2030.666016 unix=1781325442856 bjt=2026-06-13T12:37:22.856+08:00 condition=E2_FIXED_PROGRESSIVE object_index=4 previous_stage=1 new_stage=2 progress=0.501156 object_stages=1:2|2:2|3:2|4:
2026-06-13T12:37:28.854+08:00 MARKER sdk=1 host=1 enabled=1 sent=1 result=0 message=EVENT EXP2_OBJECT_STAGE_CHANGED trial_id=Exp2_002 rel=2036.663696 unix=1781325448854 bjt=2026-06-13T12:37:28.854+08:00 condition=E2_FIXED_PROGRESSIVE object_index=1 previous_stage=2 new_stage=3 progress=1.000000 object_stages=1:3|2:2|3:2|4:
2026-06-13T12:37:28.855+08:00 MARKER sdk=1 host=1 enabled=1 sent=1 result=0 message=EVENT EXP2_STAGE_3_START trial_id=Exp2_002 rel=2036.663696 unix=1781325448854 bjt=2026-06-13T12:37:28.854+08:00 condition=E2_FIXED_PROGRESSIVE stage=3 first_object_index=1 progress=1.000000 object_stages=1:3|2:2|3:2|4:2
2026-06-13T12:37:28.856+08:00 MARKER sdk=1 host=1 enabled=1 sent=1 result=0 message=EVENT EXP2_OBJECT_STAGE_CHANGED trial_id=Exp2_002 rel=2036.663696 unix=1781325448854 bjt=2026-06-13T12:37:28.854+08:00 condition=E2_FIXED_PROGRESSIVE object_index=2 previous_stage=2 new_stage=3 progress=1.000000 object_stages=1:3|2:3|3:2|4:
2026-06-13T12:37:28.857+08:00 MARKER sdk=1 host=1 enabled=1 sent=1 result=0 message=EVENT EXP2_OBJECT_STAGE_CHANGED trial_id=Exp2_002 rel=2036.663696 unix=1781325448854 bjt=2026-06-13T12:37:28.854+08:00 condition=E2_FIXED_PROGRESSIVE object_index=3 previous_stage=2 new_stage=3 progress=1.000000 object_stages=1:3|2:3|3:3|4:
2026-06-13T12:37:28.857+08:00 MARKER sdk=1 host=1 enabled=1 sent=1 result=0 message=EVENT EXP2_OBJECT_STAGE_CHANGED trial_id=Exp2_002 rel=2036.663696 unix=1781325448854 bjt=2026-06-13T12:37:28.854+08:00 condition=E2_FIXED_PROGRESSIVE object_index=4 previous_stage=2 new_stage=3 progress=1.000000 object_stages=1:3|2:3|3:3|4:
2026-06-13T12:37:28.857+08:00 MARKER sdk=1 host=1 enabled=1 sent=1 result=0 message=EVENT EXP2_LOADING_COMPLETE trial_id=Exp2_002 rel=2036.663696 unix=1781325448854 bjt=2026-06-13T12:37:28.854+08:00 condition=E2_FIXED_PROGRESSIVE
2026-06-13T12:37:30.903+08:00 MARKER sdk=1 host=1 enabled=1 sent=1 result=0 message=EVENT EXP2_PENDING_SELECTION trial_id=Exp2_002 rel=2038.711548 unix=1781325450902 bjt=2026-06-13T12:37:30.901+08:00 condition=E2_FIXED_PROGRESSIVE selected=2 selected_content=2 changes=1
2026-06-13T12:37:42.843+08:00 MARKER sdk=1 host=1 enabled=1 sent=1 result=0 message=EVENT EXP2_SUBMIT_SELECTION trial_id=Exp2_002 rel=2050.652344 unix=1781325462843 bjt=2026-06-13T12:37:42.842+08:00 condition=E2_FIXED_PROGRESSIVE selected=2 selected_content=2 correct=1
2026-06-13T12:37:42.844+08:00 MARKER sdk=1 host=1 enabled=1 sent=1 result=0 message=TRIAL_RESULT Exp2_002 selected=2 correct=1
2026-06-13T12:39:08.673+08:00 MARKER sdk=1 host=1 enabled=1 sent=1 result=0 message=TRIALID Exp2_003
2026-06-13T12:39:08.673+08:00 MARKER sdk=1 host=1 enabled=1 sent=1 result=0 message=!V TRIAL_VAR participant A024
2026-06-13T12:39:08.673+08:00 MARKER sdk=1 host=1 enabled=1 sent=1 result=0 message=!V TRIAL_VAR experiment EXP2
2026-06-13T12:39:08.673+08:00 MARKER sdk=1 host=1 enabled=1 sent=1 result=0 message=!V TRIAL_VAR condition E4_FIXED_NONPROGRESSIVE
2026-06-13T12:39:08.674+08:00 MARKER sdk=1 host=1 enabled=1 sent=1 result=0 message=!V TRIAL_VAR spatial_continuity 0
2026-06-13T12:39:08.674+08:00 MARKER sdk=1 host=1 enabled=1 sent=1 result=0 message=!V TRIAL_VAR progressive_availability 0
2026-06-13T12:39:08.674+08:00 MARKER sdk=1 host=1 enabled=1 sent=1 result=0 message=!V TRIAL_VAR target_index 3
2026-06-13T12:39:08.674+08:00 MARKER sdk=1 host=1 enabled=1 sent=1 result=0 message=!V TRIAL_VAR target_display_index 3
2026-06-13T12:39:08.674+08:00 MARKER sdk=1 host=1 enabled=1 sent=1 result=0 message=!V TRIAL_VAR target_content_index 3
2026-06-13T12:39:08.674+08:00 MARKER sdk=1 host=1 enabled=1 sent=1 result=0 message=!V TRIAL_VAR target_label 脖子
2026-06-13T12:39:08.674+08:00 MARKER sdk=1 host=1 enabled=1 sent=1 result=0 message=!V TRIAL_VAR slot_permutation 1:4|2:1|3:3|4:2
2026-06-13T12:39:08.674+08:00 MARKER sdk=1 host=1 enabled=1 sent=1 result=0 message=!V TRIAL_VAR sequence_group 1
2026-06-13T12:39:08.675+08:00 MARKER sdk=1 host=1 enabled=1 sent=1 result=0 message=!V TRIAL_VAR sequence_index 3
2026-06-13T12:39:08.675+08:00 MARKER sdk=1 host=1 enabled=1 sent=1 result=0 message=EVENT EXP2_LOADING_START trial_id=Exp2_003 rel=2136.481201 unix=1781325548671 bjt=2026-06-13T12:39:08.671+08:00 condition=E4_FIXED_NONPROGRESSIVE
2026-06-13T12:39:20.660+08:00 MARKER sdk=1 host=1 enabled=1 sent=1 result=0 message=EVENT EXP2_OBJECT_STAGE_CHANGED trial_id=Exp2_003 rel=2148.469727 unix=1781325560660 bjt=2026-06-13T12:39:20.660+08:00 condition=E4_FIXED_NONPROGRESSIVE object_index=1 previous_stage=0 new_stage=3 progress=1.000000 object_stages=1:3|2:0|3:0
2026-06-13T12:39:20.661+08:00 MARKER sdk=1 host=1 enabled=1 sent=1 result=0 message=EVENT EXP2_STAGE_3_START trial_id=Exp2_003 rel=2148.469727 unix=1781325560660 bjt=2026-06-13T12:39:20.660+08:00 condition=E4_FIXED_NONPROGRESSIVE stage=3 first_object_index=1 progress=1.000000 object_stages=1:3|2:0|3:0|4:0
2026-06-13T12:39:20.661+08:00 MARKER sdk=1 host=1 enabled=1 sent=1 result=0 message=EVENT EXP2_OBJECT_STAGE_CHANGED trial_id=Exp2_003 rel=2148.469727 unix=1781325560660 bjt=2026-06-13T12:39:20.660+08:00 condition=E4_FIXED_NONPROGRESSIVE object_index=2 previous_stage=0 new_stage=3 progress=1.000000 object_stages=1:3|2:3|3:0
2026-06-13T12:39:20.662+08:00 MARKER sdk=1 host=1 enabled=1 sent=1 result=0 message=EVENT EXP2_OBJECT_STAGE_CHANGED trial_id=Exp2_003 rel=2148.469727 unix=1781325560660 bjt=2026-06-13T12:39:20.660+08:00 condition=E4_FIXED_NONPROGRESSIVE object_index=3 previous_stage=0 new_stage=3 progress=1.000000 object_stages=1:3|2:3|3:3
2026-06-13T12:39:20.662+08:00 MARKER sdk=1 host=1 enabled=1 sent=1 result=0 message=EVENT EXP2_OBJECT_STAGE_CHANGED trial_id=Exp2_003 rel=2148.469727 unix=1781325560660 bjt=2026-06-13T12:39:20.660+08:00 condition=E4_FIXED_NONPROGRESSIVE object_index=4 previous_stage=0 new_stage=3 progress=1.000000 object_stages=1:3|2:3|3:3
2026-06-13T12:39:20.663+08:00 MARKER sdk=1 host=1 enabled=1 sent=1 result=0 message=EVENT EXP2_LOADING_COMPLETE trial_id=Exp2_003 rel=2148.469727 unix=1781325560660 bjt=2026-06-13T12:39:20.660+08:00 condition=E4_FIXED_NONPROGRESSIVE
2026-06-13T12:39:26.505+08:00 MARKER sdk=1 host=1 enabled=1 sent=1 result=0 message=EVENT EXP2_PENDING_SELECTION trial_id=Exp2_003 rel=2154.314941 unix=1781325566505 bjt=2026-06-13T12:39:26.505+08:00 condition=E4_FIXED_NONPROGRESSIVE selected=3 selected_content=3 changes=1
2026-06-13T12:39:33.665+08:00 MARKER sdk=1 host=1 enabled=1 sent=1 result=0 message=EVENT EXP2_SUBMIT_SELECTION trial_id=Exp2_003 rel=2161.473633 unix=1781325573664 bjt=2026-06-13T12:39:33.663+08:00 condition=E4_FIXED_NONPROGRESSIVE selected=3 selected_content=3 correct=1
2026-06-13T12:39:33.666+08:00 MARKER sdk=1 host=1 enabled=1 sent=1 result=0 message=TRIAL_RESULT Exp2_003 selected=3 correct=1
2026-06-13T12:41:14.964+08:00 MARKER sdk=1 host=1 enabled=1 sent=1 result=0 message=TRIALID Exp2_004
2026-06-13T12:41:14.964+08:00 MARKER sdk=1 host=1 enabled=1 sent=1 result=0 message=!V TRIAL_VAR participant A024
2026-06-13T12:41:14.964+08:00 MARKER sdk=1 host=1 enabled=1 sent=1 result=0 message=!V TRIAL_VAR experiment EXP2
2026-06-13T12:41:14.964+08:00 MARKER sdk=1 host=1 enabled=1 sent=1 result=0 message=!V TRIAL_VAR condition E3_SPATIAL_NONPROGRESSIVE
2026-06-13T12:41:14.965+08:00 MARKER sdk=1 host=1 enabled=1 sent=1 result=0 message=!V TRIAL_VAR spatial_continuity 1
2026-06-13T12:41:14.965+08:00 MARKER sdk=1 host=1 enabled=1 sent=1 result=0 message=!V TRIAL_VAR progressive_availability 0
2026-06-13T12:41:14.965+08:00 MARKER sdk=1 host=1 enabled=1 sent=1 result=0 message=!V TRIAL_VAR target_index 4
2026-06-13T12:41:14.965+08:00 MARKER sdk=1 host=1 enabled=1 sent=1 result=0 message=!V TRIAL_VAR target_display_index 4
2026-06-13T12:41:14.965+08:00 MARKER sdk=1 host=1 enabled=1 sent=1 result=0 message=!V TRIAL_VAR target_content_index 4
2026-06-13T12:41:14.965+08:00 MARKER sdk=1 host=1 enabled=1 sent=1 result=0 message=!V TRIAL_VAR target_label 头顶
2026-06-13T12:41:14.965+08:00 MARKER sdk=1 host=1 enabled=1 sent=1 result=0 message=!V TRIAL_VAR slot_permutation 1:1|2:2|3:3|4:4
2026-06-13T12:41:14.965+08:00 MARKER sdk=1 host=1 enabled=1 sent=1 result=0 message=!V TRIAL_VAR sequence_group 1
2026-06-13T12:41:14.965+08:00 MARKER sdk=1 host=1 enabled=1 sent=1 result=0 message=!V TRIAL_VAR sequence_index 4
2026-06-13T12:41:14.965+08:00 MARKER sdk=1 host=1 enabled=1 sent=1 result=0 message=EVENT EXP2_LOADING_START trial_id=Exp2_004 rel=2262.770996 unix=1781325674961 bjt=2026-06-13T12:41:14.961+08:00 condition=E3_SPATIAL_NONPROGRESSIVE
2026-06-13T12:41:26.947+08:00 MARKER sdk=1 host=1 enabled=1 sent=1 result=0 message=EVENT EXP2_OBJECT_STAGE_CHANGED trial_id=Exp2_004 rel=2274.756592 unix=1781325686947 bjt=2026-06-13T12:41:26.946+08:00 condition=E3_SPATIAL_NONPROGRESSIVE object_index=1 previous_stage=0 new_stage=3 progress=1.000000 object_stages=1:3|2:0|3
2026-06-13T12:41:26.948+08:00 MARKER sdk=1 host=1 enabled=1 sent=1 result=0 message=EVENT EXP2_STAGE_3_START trial_id=Exp2_004 rel=2274.756592 unix=1781325686947 bjt=2026-06-13T12:41:26.946+08:00 condition=E3_SPATIAL_NONPROGRESSIVE stage=3 first_object_index=1 progress=1.000000 object_stages=1:3|2:0|3:0|4:0
2026-06-13T12:41:26.949+08:00 MARKER sdk=1 host=1 enabled=1 sent=1 result=0 message=EVENT EXP2_OBJECT_STAGE_CHANGED trial_id=Exp2_004 rel=2274.756592 unix=1781325686947 bjt=2026-06-13T12:41:26.946+08:00 condition=E3_SPATIAL_NONPROGRESSIVE object_index=2 previous_stage=0 new_stage=3 progress=1.000000 object_stages=1:3|2:3|3
2026-06-13T12:41:26.949+08:00 MARKER sdk=1 host=1 enabled=1 sent=1 result=0 message=EVENT EXP2_OBJECT_STAGE_CHANGED trial_id=Exp2_004 rel=2274.756592 unix=1781325686947 bjt=2026-06-13T12:41:26.946+08:00 condition=E3_SPATIAL_NONPROGRESSIVE object_index=3 previous_stage=0 new_stage=3 progress=1.000000 object_stages=1:3|2:3|3
2026-06-13T12:41:26.950+08:00 MARKER sdk=1 host=1 enabled=1 sent=1 result=0 message=EVENT EXP2_OBJECT_STAGE_CHANGED trial_id=Exp2_004 rel=2274.756592 unix=1781325686947 bjt=2026-06-13T12:41:26.946+08:00 condition=E3_SPATIAL_NONPROGRESSIVE object_index=4 previous_stage=0 new_stage=3 progress=1.000000 object_stages=1:3|2:3|3
2026-06-13T12:41:26.950+08:00 MARKER sdk=1 host=1 enabled=1 sent=1 result=0 message=EVENT EXP2_LOADING_COMPLETE trial_id=Exp2_004 rel=2274.756592 unix=1781325686947 bjt=2026-06-13T12:41:26.946+08:00 condition=E3_SPATIAL_NONPROGRESSIVE
2026-06-13T12:41:35.473+08:00 MARKER sdk=1 host=1 enabled=1 sent=1 result=0 message=EVENT EXP2_PENDING_SELECTION trial_id=Exp2_004 rel=2283.282471 unix=1781325695473 bjt=2026-06-13T12:41:35.472+08:00 condition=E3_SPATIAL_NONPROGRESSIVE selected=4 selected_content=4 changes=1
2026-06-13T12:41:42.974+08:00 MARKER sdk=1 host=1 enabled=1 sent=1 result=0 message=EVENT EXP2_SUBMIT_SELECTION trial_id=Exp2_004 rel=2290.783203 unix=1781325702974 bjt=2026-06-13T12:41:42.973+08:00 condition=E3_SPATIAL_NONPROGRESSIVE selected=4 selected_content=4 correct=1
2026-06-13T12:41:42.975+08:00 MARKER sdk=1 host=1 enabled=1 sent=1 result=0 message=TRIAL_RESULT Exp2_004 selected=4 correct=1
2026-06-13T12:43:13.838+08:00 MARKER sdk=1 host=1 enabled=1 sent=1 result=0 message=EVENT EXPERIMENT_END_SCREEN_SHOWN participant=A024 unix=1781325793838 bjt=2026-06-13_12:43:13.838
2026-06-13T12:43:13.839+08:00 FORMAL_RECORDING step=FINISH_REQUESTED success=1 reason=experiment_end_door edf=FM120321.EDF recording=1 opened=1
2026-06-13T12:43:13.839+08:00 MARKER sdk=1 host=1 enabled=1 sent=1 result=0 message=FORMAL_RECORDING_END participant=A024 rel=2381.647 unix=1781325793839 bjt=2026-06-13T12:43:13.839+08:00 edf=FM120321.EDF source=ue_formal reason=experiment_end_door
2026-06-13T12:43:13.946+08:00 FORMAL_RECORDING step=RECORDING_STOPPED success=1 result=0
2026-06-13T12:43:13.946+08:00 FORMAL_RECORDING step=EDF_CLOSED success=1 edf=FM120321.EDF result=0
2026-06-13T12:43:19.306+08:00 EDF_RECEIVE_ATTEMPT source_tag=formal attempt=full_path source=FM120321.EDF dest=../../../../../../Project/UE5/Gallery/Saved/ExperimentData/EDF/FM120321.EDF dest_is_path=0 result=152836733 exists=1 size=152836733
2026-06-13T12:43:19.306+08:00 FORMAL_RECORDING step=EDF_RECEIVED_TO_DPC success=1 edf=FM120321.EDF local=../../../../../../Project/UE5/Gallery/Saved/ExperimentData/EDF/FM120321.EDF result=152836733 size=152836733
2026-06-13T12:43:19.306+08:00 FORMAL_RECORDING step=FINISHED success=1 reason=experiment_end_door edf=FM120321.EDF local=../../../../../../Project/UE5/Gallery/Saved/ExperimentData/EDF/FM120321.EDF
