2026-06-16T19:23:44.180+08:00 STATUS start_ui_status sdk=connected host=not_connected log=
2026-06-16T19:26:19.330+08:00 FORMAL_RECORDING step=EDF_OPEN_REQUESTED success=1 participant=A040 edf=FM192619.EDF source=calibration_button
2026-06-16T19:26:19.334+08:00 CONNECT method=open_eyelink_connection ip=100.1.1.1
2026-06-16T19:26:19.418+08:00 CONNECT_RESULT method=open_eyelink_connection result=0 connected=1
2026-06-16T19:26:19.418+08:00 STATUS host_connected=1 sdk_available=1 note=connection_opened_high_level
2026-06-16T19:26:19.418+08:00 FORMAL_RECORDING step=HOST_CONNECTED success=1 sdk=1 host=1 source=calibration_button
2026-06-16T19:26:19.467+08:00 FORMAL_RECORDING step=EDF_OPENED success=1 edf=FM192619.EDF result=0 source=calibration_button
2026-06-16T19:26:19.468+08:00 FORMAL_EDF_MARKER sdk=1 host=1 opened=1 sent=1 message=FORMAL_EDF_OPENED participant=A040 rel=155.262 unix=1781609179467 bjt=2026-06-16T19:26:19.467+08:00 edf=FM192619.EDF source=ue_formal open_result=0 source_tag=calibration_button
2026-06-16T19:26:19.468+08:00 FORMAL_EDF_MARKER sdk=1 host=1 opened=1 sent=1 message=FORMAL_SESSION_PREPARED participant=A040 rel=155.262 unix=1781609179468 bjt=2026-06-16T19:26:19.468+08:00 edf=FM192619.EDF source=ue_formal calibration_complete=0
2026-06-16T19:26:19.469+08:00 FORMAL_EDF_MARKER sdk=1 host=1 opened=1 sent=1 message=CALIBRATION_REQUESTED participant=A040 rel=155.262 unix=1781609179468 bjt=2026-06-16T19:26:19.468+08:00 edf=FM192619.EDF source=ue_formal open_result=0
2026-06-16T19:26:19.469+08:00 CALIBRATION step=REQUESTED success=1 note=run_eyelink_tracker_setup
2026-06-16T19:26:19.469+08:00 CALIBRATION step=HOST_CONNECTED success=1 sdk=1 host=1 graphics=1
2026-06-16T19:26:19.513+08:00 CALIBRATION_DISPLAY_INIT success=1 result=0 error=
2026-06-16T19:26:19.514+08:00 CALIBRATION_DISPLAY_LIST count=2 requested_index=1 explicit=1
2026-06-16T19:26:19.514+08:00 CALIBRATION_DISPLAY index=0 name=Dell XPS 15 SDC414D Display bounds_result=0 x=0 y=0 w=1920 h=1080 mode_result=0 mode_w=1920 mode_h=1080 refresh=60
2026-06-16T19:26:19.514+08:00 CALIBRATION_DISPLAY index=1 name=Acer GR235H bounds_result=0 x=0 y=-1080 w=1920 h=1080 mode_result=0 mode_w=1920 mode_h=1080 refresh=60
2026-06-16T19:26:19.782+08:00 CALIBRATION step=GRAPHICS_INITIALIZED success=1 result=0 explicit_request=1 display_index=1 window_ptr=0000019A80502698 width=1920 height=1080 bits=32 refresh=60.00
2026-06-16T19:26:19.799+08:00 CALIBRATION step=REGISTERED_WINDOW_MOVED success=1 requested_display=1 actual_display=1 requested_x=0 requested_y=-1080 requested_w=1920 requested_h=1080 actual_x=0 actual_y=-1080 actual_w=1920 actual_h=1080
2026-06-16T19:26:19.817+08:00 FORMAL_EDF_MARKER sdk=1 host=1 opened=1 sent=1 message=CALIBRATION_SETUP_START participant=A040 rel=155.262 unix=1781609179817 bjt=2026-06-16T19:26:19.817+08:00 edf=FM192619.EDF source=ue_formal calibration_type=HV9 width=1920 height=1080
2026-06-16T19:26:19.818+08:00 CALIBRATION step=TRACKER_SETUP_BEGIN success=1 detail=call_do_tracker_setup
2026-06-16T19:28:13.156+08:00 CALIBRATION step=TRACKER_SETUP_RETURNED success=1 result=0
2026-06-16T19:28:13.157+08:00 FORMAL_EDF_MARKER sdk=1 host=1 opened=1 sent=1 message=CALIBRATION_SETUP_END participant=A040 rel=155.262 unix=1781609293157 bjt=2026-06-16T19:28:13.157+08:00 edf=FM192619.EDF source=ue_formal setup_result=0
2026-06-16T19:28:15.203+08:00 CALIBRATION step=GRAPHICS_CLOSED success=1
2026-06-16T19:28:15.203+08:00 CALIBRATION step=CALIBRATION_WINDOW_DESTROYED success=1
2026-06-16T19:28:15.203+08:00 CALIBRATION step=FINISHED success=1 result=0
2026-06-16T19:28:15.203+08:00 FORMAL_EDF_MARKER sdk=1 host=1 opened=1 sent=1 message=CALIBRATION_STATUS participant=A040 rel=155.262 unix=1781609295203 bjt=2026-06-16T19:28:15.203+08:00 edf=FM192619.EDF source=ue_formal calibration_complete=1
2026-06-16T19:28:15.203+08:00 FORMAL_CALIBRATION step=FINISHED success=1 participant=A040 edf=FM192619.EDF open_result=0
2026-06-16T19:28:15.204+08:00 STATUS start_ui_status sdk=connected host=connected log=../../../../../../Project/UE5/Gallery/Saved/ExperimentLogs/EyeLinkMarkers_20260616_192344_180.log
2026-06-16T19:28:31.763+08:00 FORMAL_RECORDING step=EDF_ALREADY_OPEN success=1 participant=A040 edf=FM192619.EDF source=start_button_preopened calibration_complete=1
2026-06-16T19:28:31.772+08:00 FORMAL_RECORDING step=RECORDING_STARTED success=1 result=0 edf=FM192619.EDF preopened=1 calibration_complete=1
2026-06-16T19:28:31.772+08:00 MARKER sdk=1 host=1 enabled=1 sent=1 result=0 message=FORMAL_RECORDING_START participant=A040 rel=171.840 unix=1781609311772 bjt=2026-06-16T19:28:31.772+08:00 edf=FM192619.EDF source=ue_formal open_result=0 record_result=0 edf_preopened=1 calibration_complete=1
2026-06-16T19:28:31.772+08:00 STATUS formal_recording_start_requested participant=A040 success=1 edf=FM192619.EDF calibration_complete=1
2026-06-16T19:28:31.772+08:00 STATUS start_ui_status sdk=connected host=connected log=../../../../../../Project/UE5/Gallery/Saved/ExperimentLogs/EyeLinkMarkers_20260616_192344_180.log
2026-06-16T19:28:31.772+08:00 MARKER sdk=1 host=1 enabled=1 sent=1 result=0 message=RECORDING_TIME_REFERENCE participant=A040 output_id=A040 rel=171.840 unix=1781609311772 bjt=2026-06-16T19:28:31.772+08:00 source=ue_session_start
2026-06-16T19:28:31.772+08:00 MARKER sdk=1 host=1 enabled=1 sent=1 result=0 message=SESSION_START participant=A040 output_id=A040 rel=171.840 unix=1781609311772 bjt=2026-06-16T19:28:31.772+08:00
2026-06-16T19:28:31.772+08:00 MARKER sdk=1 host=1 enabled=1 sent=1 result=0 message=EXPERIMENT_RUN_MODE EXP1_THEN_EXP2
2026-06-16T19:28:31.783+08:00 MARKER sdk=1 host=1 enabled=1 sent=1 result=0 message=SCREEN_RECORDING_REQUEST enabled=1 started=1 participant=A040 output_id=A040
2026-06-16T19:29:33.208+08:00 MARKER sdk=1 host=1 enabled=1 sent=1 result=0 message=TRIALID T001
2026-06-16T19:29:33.209+08:00 MARKER sdk=1 host=1 enabled=1 sent=1 result=0 message=EVENT LOADING_INTERACT trial=T001 rel=233.356 unix=1781609373288 bjt=2026-06-16T19:29:33.287+08:00
2026-06-16T19:29:33.209+08:00 MARKER sdk=1 host=1 enabled=1 sent=1 result=0 message=EVENT LOADING_START trial=T001 rel=233.356 unix=1781609373288 bjt=2026-06-16T19:29:33.287+08:00
2026-06-16T19:29:33.209+08:00 MARKER sdk=1 host=1 enabled=1 sent=1 result=0 message=TRIAL_META exp=EXP1 participant=A040 participant_output_id=A040 exhibit_id=Ex1_TEST exhibit_name=测试展品 condition=A latin_group=NA sequence_index=-1 sequence_label=NA
2026-06-16T19:29:35.194+08:00 MARKER sdk=1 host=1 enabled=1 sent=1 result=0 message=EVENT LOADING_COMPLETE trial=T001 rel=235.341 unix=1781609375273 bjt=2026-06-16T19:29:35.273+08:00
2026-06-16T19:29:39.026+08:00 MARKER sdk=1 host=1 enabled=1 sent=1 result=0 message=EVENT VIEWER_ENTER trial=T001 rel=239.170 unix=1781609379102 bjt=2026-06-16T19:29:39.101+08:00
2026-06-16T19:29:39.027+08:00 MARKER sdk=1 host=1 enabled=1 sent=1 result=0 message=EVENT QUESTION_START trial=T001 rel=239.170 unix=1781609379102 bjt=2026-06-16T19:29:39.101+08:00 q=1 total=2 correct_index=-1 correct_label=NotAnswered
2026-06-16T19:29:42.662+08:00 MARKER sdk=1 host=1 enabled=1 sent=1 result=0 message=EVENT QUESTION_SUBMIT trial=T001 rel=242.793 unix=1781609382725 bjt=2026-06-16T19:29:42.724+08:00 q=1 option=A correct_index=-1 correct_label=NotAnswered is_correct=-1
2026-06-16T19:29:42.662+08:00 MARKER sdk=1 host=1 enabled=1 sent=1 result=0 message=EVENT QUESTION_START trial=T001 rel=242.793 unix=1781609382725 bjt=2026-06-16T19:29:42.724+08:00 q=2 total=2 correct_index=-1 correct_label=NotAnswered
2026-06-16T19:29:55.270+08:00 MARKER sdk=1 host=1 enabled=1 sent=1 result=0 message=EVENT QUESTION_SUBMIT trial=T001 rel=255.402 unix=1781609395333 bjt=2026-06-16T19:29:55.333+08:00 q=2 option=B correct_index=-1 correct_label=NotAnswered is_correct=-1
2026-06-16T19:29:56.756+08:00 MARKER sdk=1 host=1 enabled=1 sent=1 result=0 message=EVENT VIEWER_EXIT trial=T001 rel=256.902 unix=1781609396834 bjt=2026-06-16T19:29:56.834+08:00
2026-06-16T19:29:56.757+08:00 MARKER sdk=1 host=1 enabled=1 sent=1 result=0 message=EVENT TRIAL_RESULT trial=T001 rel=256.902 unix=1781609396834 bjt=2026-06-16T19:29:56.834+08:00 rows=2
2026-06-16T19:30:49.507+08:00 MARKER sdk=1 host=1 enabled=1 sent=1 result=0 message=TRIALID T002
2026-06-16T19:30:49.508+08:00 MARKER sdk=1 host=1 enabled=1 sent=1 result=0 message=EVENT LOADING_INTERACT trial=T002 rel=309.654 unix=1781609449586 bjt=2026-06-16T19:30:49.585+08:00
2026-06-16T19:30:49.508+08:00 MARKER sdk=1 host=1 enabled=1 sent=1 result=0 message=EVENT LOADING_START trial=T002 rel=309.654 unix=1781609449586 bjt=2026-06-16T19:30:49.585+08:00
2026-06-16T19:30:49.508+08:00 MARKER sdk=1 host=1 enabled=1 sent=1 result=0 message=EVENT VIEWER_ENTER trial=T002 rel=309.654 unix=1781609449586 bjt=2026-06-16T19:30:49.585+08:00 mode=progressive
2026-06-16T19:30:49.508+08:00 MARKER sdk=1 host=1 enabled=1 sent=1 result=0 message=TRIAL_META exp=EXP1 participant=A040 participant_output_id=A040 exhibit_id=01 exhibit_name=半岛香炉 condition=C latin_group=G5 sequence_index=1 sequence_label=G5_T01
2026-06-16T19:30:55.498+08:00 MARKER sdk=1 host=1 enabled=1 sent=1 result=0 message=EVENT PROGRESSIVE_USABLE trial=T002 rel=315.645 unix=1781609455577 bjt=2026-06-16T19:30:55.576+08:00
2026-06-16T19:30:55.499+08:00 MARKER sdk=1 host=1 enabled=1 sent=1 result=0 message=EVENT QUESTION_START trial=T002 rel=315.645 unix=1781609455577 bjt=2026-06-16T19:30:55.576+08:00 q=1 total=2 correct_index=1 correct_label=B
2026-06-16T19:30:59.496+08:00 MARKER sdk=1 host=1 enabled=1 sent=1 result=0 message=EVENT LOADING_COMPLETE trial=T002 rel=319.644 unix=1781609459575 bjt=2026-06-16T19:30:59.575+08:00
2026-06-16T19:31:04.628+08:00 MARKER sdk=1 host=1 enabled=1 sent=1 result=0 message=EVENT QUESTION_SUBMIT trial=T002 rel=324.760 unix=1781609464691 bjt=2026-06-16T19:31:04.691+08:00 q=1 option=C correct_index=1 correct_label=B is_correct=0
2026-06-16T19:31:04.628+08:00 MARKER sdk=1 host=1 enabled=1 sent=1 result=0 message=EVENT QUESTION_START trial=T002 rel=324.760 unix=1781609464691 bjt=2026-06-16T19:31:04.691+08:00 q=2 total=2 correct_index=1 correct_label=B
2026-06-16T19:31:08.432+08:00 MARKER sdk=1 host=1 enabled=1 sent=1 result=0 message=EVENT QUESTION_SUBMIT trial=T002 rel=328.563 unix=1781609468495 bjt=2026-06-16T19:31:08.494+08:00 q=2 option=A correct_index=1 correct_label=B is_correct=0
2026-06-16T19:31:09.682+08:00 MARKER sdk=1 host=1 enabled=1 sent=1 result=0 message=EVENT VIEWER_EXIT trial=T002 rel=329.830 unix=1781609469761 bjt=2026-06-16T19:31:09.761+08:00
2026-06-16T19:31:09.683+08:00 MARKER sdk=1 host=1 enabled=1 sent=1 result=0 message=EVENT TRIAL_RESULT trial=T002 rel=329.830 unix=1781609469761 bjt=2026-06-16T19:31:09.761+08:00 rows=2
2026-06-16T19:34:41.154+08:00 MARKER sdk=1 host=1 enabled=1 sent=1 result=0 message=TRIALID T003
2026-06-16T19:34:41.155+08:00 MARKER sdk=1 host=1 enabled=1 sent=1 result=0 message=EVENT LOADING_INTERACT trial=T003 rel=541.302 unix=1781609681234 bjt=2026-06-16T19:34:41.233+08:00
2026-06-16T19:34:41.155+08:00 MARKER sdk=1 host=1 enabled=1 sent=1 result=0 message=EVENT LOADING_START trial=T003 rel=541.302 unix=1781609681234 bjt=2026-06-16T19:34:41.233+08:00
2026-06-16T19:34:41.155+08:00 MARKER sdk=1 host=1 enabled=1 sent=1 result=0 message=TRIAL_META exp=EXP1 participant=A040 participant_output_id=A040 exhibit_id=02 exhibit_name=中国青铜器 condition=A latin_group=G5 sequence_index=2 sequence_label=G5_T02
2026-06-16T19:34:51.141+08:00 MARKER sdk=1 host=1 enabled=1 sent=1 result=0 message=EVENT LOADING_COMPLETE trial=T003 rel=551.289 unix=1781609691220 bjt=2026-06-16T19:34:51.220+08:00
2026-06-16T19:35:07.507+08:00 MARKER sdk=1 host=1 enabled=1 sent=1 result=0 message=EVENT VIEWER_ENTER trial=T003 rel=567.653 unix=1781609707584 bjt=2026-06-16T19:35:07.584+08:00
2026-06-16T19:35:07.508+08:00 MARKER sdk=1 host=1 enabled=1 sent=1 result=0 message=EVENT QUESTION_START trial=T003 rel=567.653 unix=1781609707584 bjt=2026-06-16T19:35:07.584+08:00 q=1 total=2 correct_index=1 correct_label=B
2026-06-16T19:35:12.318+08:00 MARKER sdk=1 host=1 enabled=1 sent=1 result=0 message=EVENT QUESTION_SUBMIT trial=T003 rel=572.450 unix=1781609712382 bjt=2026-06-16T19:35:12.381+08:00 q=1 option=B correct_index=1 correct_label=B is_correct=1
2026-06-16T19:35:12.319+08:00 MARKER sdk=1 host=1 enabled=1 sent=1 result=0 message=EVENT QUESTION_START trial=T003 rel=572.450 unix=1781609712382 bjt=2026-06-16T19:35:12.381+08:00 q=2 total=2 correct_index=1 correct_label=B
2026-06-16T19:35:22.800+08:00 MARKER sdk=1 host=1 enabled=1 sent=1 result=0 message=EVENT QUESTION_SUBMIT trial=T003 rel=582.932 unix=1781609722864 bjt=2026-06-16T19:35:22.863+08:00 q=2 option=B correct_index=1 correct_label=B is_correct=1
2026-06-16T19:35:24.319+08:00 MARKER sdk=1 host=1 enabled=1 sent=1 result=0 message=EVENT VIEWER_EXIT trial=T003 rel=584.467 unix=1781609724398 bjt=2026-06-16T19:35:24.398+08:00
2026-06-16T19:35:24.320+08:00 MARKER sdk=1 host=1 enabled=1 sent=1 result=0 message=EVENT TRIAL_RESULT trial=T003 rel=584.467 unix=1781609724398 bjt=2026-06-16T19:35:24.398+08:00 rows=2
2026-06-16T19:36:20.750+08:00 MARKER sdk=1 host=1 enabled=1 sent=1 result=0 message=TRIALID T004
2026-06-16T19:36:20.751+08:00 MARKER sdk=1 host=1 enabled=1 sent=1 result=0 message=EVENT LOADING_INTERACT trial=T004 rel=640.896 unix=1781609780828 bjt=2026-06-16T19:36:20.827+08:00
2026-06-16T19:36:20.751+08:00 MARKER sdk=1 host=1 enabled=1 sent=1 result=0 message=EVENT LOADING_START trial=T004 rel=640.896 unix=1781609780828 bjt=2026-06-16T19:36:20.827+08:00
2026-06-16T19:36:20.751+08:00 MARKER sdk=1 host=1 enabled=1 sent=1 result=0 message=TRIAL_META exp=EXP1 participant=A040 participant_output_id=A040 exhibit_id=03 exhibit_name=希腊陶具 condition=A_PLUS latin_group=G5 sequence_index=3 sequence_label=G5_T03
2026-06-16T19:36:30.743+08:00 MARKER sdk=1 host=1 enabled=1 sent=1 result=0 message=EVENT LOADING_COMPLETE trial=T004 rel=650.891 unix=1781609790822 bjt=2026-06-16T19:36:30.822+08:00
2026-06-16T19:36:35.347+08:00 MARKER sdk=1 host=1 enabled=1 sent=1 result=0 message=EVENT VIEWER_ENTER trial=T004 rel=655.493 unix=1781609795425 bjt=2026-06-16T19:36:35.424+08:00
2026-06-16T19:36:35.347+08:00 MARKER sdk=1 host=1 enabled=1 sent=1 result=0 message=EVENT QUESTION_START trial=T004 rel=655.493 unix=1781609795425 bjt=2026-06-16T19:36:35.424+08:00 q=1 total=2 correct_index=0 correct_label=A
2026-06-16T19:36:41.381+08:00 MARKER sdk=1 host=1 enabled=1 sent=1 result=0 message=EVENT QUESTION_SUBMIT trial=T004 rel=661.512 unix=1781609801443 bjt=2026-06-16T19:36:41.443+08:00 q=1 option=A correct_index=0 correct_label=A is_correct=1
2026-06-16T19:36:41.382+08:00 MARKER sdk=1 host=1 enabled=1 sent=1 result=0 message=EVENT QUESTION_START trial=T004 rel=661.512 unix=1781609801443 bjt=2026-06-16T19:36:41.443+08:00 q=2 total=2 correct_index=2 correct_label=C
2026-06-16T19:36:43.109+08:00 MARKER sdk=1 host=1 enabled=1 sent=1 result=0 message=EVENT QUESTION_SUBMIT trial=T004 rel=663.241 unix=1781609803172 bjt=2026-06-16T19:36:43.172+08:00 q=2 option=C correct_index=2 correct_label=C is_correct=1
2026-06-16T19:36:43.809+08:00 MARKER sdk=1 host=1 enabled=1 sent=1 result=0 message=EVENT VIEWER_EXIT trial=T004 rel=663.958 unix=1781609803890 bjt=2026-06-16T19:36:43.889+08:00
2026-06-16T19:36:43.821+08:00 MARKER sdk=1 host=1 enabled=1 sent=1 result=0 message=EVENT TRIAL_RESULT trial=T004 rel=663.958 unix=1781609803890 bjt=2026-06-16T19:36:43.889+08:00 rows=2
2026-06-16T19:37:45.367+08:00 MARKER sdk=1 host=1 enabled=1 sent=1 result=0 message=TRIALID T005
2026-06-16T19:37:45.367+08:00 MARKER sdk=1 host=1 enabled=1 sent=1 result=0 message=EVENT LOADING_INTERACT trial=T005 rel=725.515 unix=1781609865447 bjt=2026-06-16T19:37:45.446+08:00
2026-06-16T19:37:45.368+08:00 MARKER sdk=1 host=1 enabled=1 sent=1 result=0 message=EVENT LOADING_START trial=T005 rel=725.515 unix=1781609865447 bjt=2026-06-16T19:37:45.446+08:00
2026-06-16T19:37:45.368+08:00 MARKER sdk=1 host=1 enabled=1 sent=1 result=0 message=TRIAL_META exp=EXP1 participant=A040 participant_output_id=A040 exhibit_id=04 exhibit_name=中国花瓶 condition=B latin_group=G5 sequence_index=4 sequence_label=G5_T04
2026-06-16T19:37:55.364+08:00 MARKER sdk=1 host=1 enabled=1 sent=1 result=0 message=EVENT LOADING_COMPLETE trial=T005 rel=735.512 unix=1781609875443 bjt=2026-06-16T19:37:55.443+08:00
2026-06-16T19:37:59.095+08:00 MARKER sdk=1 host=1 enabled=1 sent=1 result=0 message=EVENT VIEWER_ENTER trial=T005 rel=739.242 unix=1781609879174 bjt=2026-06-16T19:37:59.173+08:00
2026-06-16T19:37:59.095+08:00 MARKER sdk=1 host=1 enabled=1 sent=1 result=0 message=EVENT QUESTION_START trial=T005 rel=739.242 unix=1781609879174 bjt=2026-06-16T19:37:59.173+08:00 q=1 total=2 correct_index=2 correct_label=C
2026-06-16T19:38:05.719+08:00 MARKER sdk=1 host=1 enabled=1 sent=1 result=0 message=EVENT QUESTION_SUBMIT trial=T005 rel=745.850 unix=1781609885782 bjt=2026-06-16T19:38:05.781+08:00 q=1 option=C correct_index=2 correct_label=C is_correct=1
2026-06-16T19:38:05.719+08:00 MARKER sdk=1 host=1 enabled=1 sent=1 result=0 message=EVENT QUESTION_START trial=T005 rel=745.850 unix=1781609885782 bjt=2026-06-16T19:38:05.781+08:00 q=2 total=2 correct_index=3 correct_label=D
2026-06-16T19:38:09.135+08:00 MARKER sdk=1 host=1 enabled=1 sent=1 result=0 message=EVENT QUESTION_SUBMIT trial=T005 rel=749.267 unix=1781609889198 bjt=2026-06-16T19:38:09.198+08:00 q=2 option=D correct_index=3 correct_label=D is_correct=1
2026-06-16T19:38:11.763+08:00 MARKER sdk=1 host=1 enabled=1 sent=1 result=0 message=EVENT VIEWER_EXIT trial=T005 rel=751.911 unix=1781609891843 bjt=2026-06-16T19:38:11.842+08:00
2026-06-16T19:38:11.763+08:00 MARKER sdk=1 host=1 enabled=1 sent=1 result=0 message=EVENT TRIAL_RESULT trial=T005 rel=751.911 unix=1781609891843 bjt=2026-06-16T19:38:11.842+08:00 rows=2
2026-06-16T19:39:25.485+08:00 MARKER sdk=1 host=1 enabled=1 sent=1 result=0 message=TRIALID T006
2026-06-16T19:39:25.486+08:00 MARKER sdk=1 host=1 enabled=1 sent=1 result=0 message=EVENT LOADING_INTERACT trial=T006 rel=825.633 unix=1781609965565 bjt=2026-06-16T19:39:25.564+08:00
2026-06-16T19:39:25.486+08:00 MARKER sdk=1 host=1 enabled=1 sent=1 result=0 message=EVENT LOADING_START trial=T006 rel=825.633 unix=1781609965565 bjt=2026-06-16T19:39:25.564+08:00
2026-06-16T19:39:25.486+08:00 MARKER sdk=1 host=1 enabled=1 sent=1 result=0 message=EVENT VIEWER_ENTER trial=T006 rel=825.633 unix=1781609965565 bjt=2026-06-16T19:39:25.564+08:00 mode=progressive_no_progress_bar
2026-06-16T19:39:25.486+08:00 MARKER sdk=1 host=1 enabled=1 sent=1 result=0 message=TRIAL_META exp=EXP1 participant=A040 participant_output_id=A040 exhibit_id=05 exhibit_name=雅典双耳罐 condition=C_MINUS latin_group=G5 sequence_index=5 sequence_label=G5_T05
2026-06-16T19:39:31.469+08:00 MARKER sdk=1 host=1 enabled=1 sent=1 result=0 message=EVENT PROGRESSIVE_USABLE trial=T006 rel=831.616 unix=1781609971548 bjt=2026-06-16T19:39:31.547+08:00
2026-06-16T19:39:31.470+08:00 MARKER sdk=1 host=1 enabled=1 sent=1 result=0 message=EVENT QUESTION_START trial=T006 rel=831.616 unix=1781609971548 bjt=2026-06-16T19:39:31.547+08:00 q=1 total=2 correct_index=0 correct_label=A
2026-06-16T19:39:35.470+08:00 MARKER sdk=1 host=1 enabled=1 sent=1 result=0 message=EVENT LOADING_COMPLETE trial=T006 rel=835.618 unix=1781609975550 bjt=2026-06-16T19:39:35.549+08:00
2026-06-16T19:39:44.012+08:00 MARKER sdk=1 host=1 enabled=1 sent=1 result=0 message=EVENT QUESTION_SUBMIT trial=T006 rel=844.144 unix=1781609984076 bjt=2026-06-16T19:39:44.075+08:00 q=1 option=A correct_index=0 correct_label=A is_correct=1
2026-06-16T19:39:44.013+08:00 MARKER sdk=1 host=1 enabled=1 sent=1 result=0 message=EVENT QUESTION_START trial=T006 rel=844.144 unix=1781609984076 bjt=2026-06-16T19:39:44.075+08:00 q=2 total=2 correct_index=2 correct_label=C
2026-06-16T19:39:45.601+08:00 MARKER sdk=1 host=1 enabled=1 sent=1 result=0 message=EVENT QUESTION_SUBMIT trial=T006 rel=845.730 unix=1781609985662 bjt=2026-06-16T19:39:45.661+08:00 q=2 option=C correct_index=2 correct_label=C is_correct=1
2026-06-16T19:39:46.460+08:00 MARKER sdk=1 host=1 enabled=1 sent=1 result=0 message=EVENT VIEWER_EXIT trial=T006 rel=846.608 unix=1781609986540 bjt=2026-06-16T19:39:46.539+08:00
2026-06-16T19:39:46.460+08:00 MARKER sdk=1 host=1 enabled=1 sent=1 result=0 message=EVENT TRIAL_RESULT trial=T006 rel=846.608 unix=1781609986540 bjt=2026-06-16T19:39:46.539+08:00 rows=2
2026-06-16T19:46:32.248+08:00 MARKER sdk=1 host=1 enabled=1 sent=1 result=0 message=TRIALID Exp2_001
2026-06-16T19:46:32.248+08:00 MARKER sdk=1 host=1 enabled=1 sent=1 result=0 message=EVENT EXP2_LOADING_START trial_id=Exp2_001 rel=1252.394043 unix=1781610392326 bjt=2026-06-16T19:46:32.325+08:00 condition=E4_FIXED_NONPROGRESSIVE
2026-06-16T19:46:32.249+08:00 MARKER sdk=1 host=1 enabled=1 sent=1 result=0 message=TRIAL_META exp=EXP2 participant=A040 participant_output_id=A040 trial_id=Exp2_001 condition=E4_FIXED_NONPROGRESSIVE spatial_continuity=0 progressive_availability=0
2026-06-16T19:46:32.249+08:00 MARKER sdk=1 host=1 enabled=1 sent=1 result=0 message=TRIAL_META_TASK trial_id=Exp2_001 target_index=4 target_display_index=4 target_content_index=1 target_label=左脸
2026-06-16T19:46:32.249+08:00 MARKER sdk=1 host=1 enabled=1 sent=1 result=0 message=TRIAL_META_SEQUENCE trial_id=Exp2_001 slot_permutation=1:2|2:3|3:4|4:1 sequence_group=4 sequence_index=1
2026-06-16T19:46:44.233+08:00 MARKER sdk=1 host=1 enabled=1 sent=1 result=0 message=EVENT EXP2_OBJECT_STAGE_CHANGED trial_id=Exp2_001 rel=1264.380371 unix=1781610404312 bjt=2026-06-16T19:46:44.311+08:00 condition=E4_FIXED_NONPROGRESSIVE object_index=1 previous_stage=0 new_stage=3 progress=1.000000 object_stages=1:3|2:0|3:0
2026-06-16T19:46:44.234+08:00 MARKER sdk=1 host=1 enabled=1 sent=1 result=0 message=EVENT EXP2_STAGE_3_START trial_id=Exp2_001 rel=1264.380371 unix=1781610404312 bjt=2026-06-16T19:46:44.311+08:00 condition=E4_FIXED_NONPROGRESSIVE stage=3 first_object_index=1 progress=1.000000 object_stages=1:3|2:0|3:0|4:0
2026-06-16T19:46:44.234+08:00 MARKER sdk=1 host=1 enabled=1 sent=1 result=0 message=EVENT EXP2_OBJECT_STAGE_CHANGED trial_id=Exp2_001 rel=1264.380371 unix=1781610404312 bjt=2026-06-16T19:46:44.311+08:00 condition=E4_FIXED_NONPROGRESSIVE object_index=2 previous_stage=0 new_stage=3 progress=1.000000 object_stages=1:3|2:3|3:0
2026-06-16T19:46:44.235+08:00 MARKER sdk=1 host=1 enabled=1 sent=1 result=0 message=EVENT EXP2_OBJECT_STAGE_CHANGED trial_id=Exp2_001 rel=1264.380371 unix=1781610404312 bjt=2026-06-16T19:46:44.311+08:00 condition=E4_FIXED_NONPROGRESSIVE object_index=3 previous_stage=0 new_stage=3 progress=1.000000 object_stages=1:3|2:3|3:3
2026-06-16T19:46:44.236+08:00 MARKER sdk=1 host=1 enabled=1 sent=1 result=0 message=EVENT EXP2_OBJECT_STAGE_CHANGED trial_id=Exp2_001 rel=1264.380371 unix=1781610404312 bjt=2026-06-16T19:46:44.311+08:00 condition=E4_FIXED_NONPROGRESSIVE object_index=4 previous_stage=0 new_stage=3 progress=1.000000 object_stages=1:3|2:3|3:3
2026-06-16T19:46:44.237+08:00 MARKER sdk=1 host=1 enabled=1 sent=1 result=0 message=EVENT EXP2_LOADING_COMPLETE trial_id=Exp2_001 rel=1264.380371 unix=1781610404312 bjt=2026-06-16T19:46:44.311+08:00 condition=E4_FIXED_NONPROGRESSIVE
2026-06-16T19:46:54.274+08:00 MARKER sdk=1 host=1 enabled=1 sent=1 result=0 message=EVENT EXP2_PENDING_SELECTION trial_id=Exp2_001 rel=1274.421997 unix=1781610414354 bjt=2026-06-16T19:46:54.353+08:00 condition=E4_FIXED_NONPROGRESSIVE selected=1 selected_content=2 changes=1
2026-06-16T19:47:00.256+08:00 MARKER sdk=1 host=1 enabled=1 sent=1 result=0 message=EVENT EXP2_PENDING_SELECTION trial_id=Exp2_001 rel=1280.404297 unix=1781610420336 bjt=2026-06-16T19:47:00.335+08:00 condition=E4_FIXED_NONPROGRESSIVE selected=1 selected_content=2 changes=1
2026-06-16T19:47:02.477+08:00 MARKER sdk=1 host=1 enabled=1 sent=1 result=0 message=EVENT EXP2_PENDING_SELECTION trial_id=Exp2_001 rel=1282.624634 unix=1781610422556 bjt=2026-06-16T19:47:02.556+08:00 condition=E4_FIXED_NONPROGRESSIVE selected=1 selected_content=2 changes=1
2026-06-16T19:47:02.729+08:00 MARKER sdk=1 host=1 enabled=1 sent=1 result=0 message=EVENT EXP2_PENDING_SELECTION trial_id=Exp2_001 rel=1282.876831 unix=1781610422808 bjt=2026-06-16T19:47:02.808+08:00 condition=E4_FIXED_NONPROGRESSIVE selected=1 selected_content=2 changes=1
2026-06-16T19:47:12.438+08:00 MARKER sdk=1 host=1 enabled=1 sent=1 result=0 message=EVENT EXP2_PENDING_SELECTION trial_id=Exp2_001 rel=1292.586304 unix=1781610432518 bjt=2026-06-16T19:47:12.517+08:00 condition=E4_FIXED_NONPROGRESSIVE selected=4 selected_content=1 changes=2
2026-06-16T19:47:16.179+08:00 MARKER sdk=1 host=1 enabled=1 sent=1 result=0 message=EVENT EXP2_SUBMIT_SELECTION trial_id=Exp2_001 rel=1296.326538 unix=1781610436258 bjt=2026-06-16T19:47:16.258+08:00 condition=E4_FIXED_NONPROGRESSIVE selected=4 selected_content=1 correct=1
2026-06-16T19:47:16.180+08:00 MARKER sdk=1 host=1 enabled=1 sent=1 result=0 message=TRIAL_RESULT Exp2_001 selected=4 correct=1
2026-06-16T19:48:28.612+08:00 MARKER sdk=1 host=1 enabled=1 sent=1 result=0 message=TRIALID Exp2_002
2026-06-16T19:48:28.613+08:00 MARKER sdk=1 host=1 enabled=1 sent=1 result=0 message=EVENT EXP2_LOADING_START trial_id=Exp2_002 rel=1368.565552 unix=1781610508497 bjt=2026-06-16T19:48:28.497+08:00 condition=E1_SPATIAL_PROGRESSIVE
2026-06-16T19:48:28.613+08:00 MARKER sdk=1 host=1 enabled=1 sent=1 result=0 message=TRIAL_META exp=EXP2 participant=A040 participant_output_id=A040 trial_id=Exp2_002 condition=E1_SPATIAL_PROGRESSIVE spatial_continuity=1 progressive_availability=1
2026-06-16T19:48:28.613+08:00 MARKER sdk=1 host=1 enabled=1 sent=1 result=0 message=TRIAL_META_TASK trial_id=Exp2_002 target_index=2 target_display_index=2 target_content_index=3 target_label=脖子
2026-06-16T19:48:28.613+08:00 MARKER sdk=1 host=1 enabled=1 sent=1 result=0 message=TRIAL_META_SEQUENCE trial_id=Exp2_002 slot_permutation=1:4|2:3|3:1|4:2 sequence_group=4 sequence_index=2
2026-06-16T19:48:32.598+08:00 MARKER sdk=1 host=1 enabled=1 sent=1 result=0 message=EVENT EXP2_OBJECT_STAGE_CHANGED trial_id=Exp2_002 rel=1372.551147 unix=1781610512483 bjt=2026-06-16T19:48:32.482+08:00 condition=E1_SPATIAL_PROGRESSIVE object_index=1 previous_stage=0 new_stage=1 progress=0.333520 object_stages=1:1|2:0|3:0|
2026-06-16T19:48:32.599+08:00 MARKER sdk=1 host=1 enabled=1 sent=1 result=0 message=EVENT EXP2_STAGE_1_START trial_id=Exp2_002 rel=1372.551147 unix=1781610512483 bjt=2026-06-16T19:48:32.482+08:00 condition=E1_SPATIAL_PROGRESSIVE stage=1 first_object_index=1 progress=0.333520 object_stages=1:1|2:0|3:0|4:0
2026-06-16T19:48:32.600+08:00 MARKER sdk=1 host=1 enabled=1 sent=1 result=0 message=EVENT EXP2_OBJECT_STAGE_CHANGED trial_id=Exp2_002 rel=1372.551147 unix=1781610512483 bjt=2026-06-16T19:48:32.482+08:00 condition=E1_SPATIAL_PROGRESSIVE object_index=2 previous_stage=0 new_stage=1 progress=0.333520 object_stages=1:1|2:1|3:0|
2026-06-16T19:48:32.600+08:00 MARKER sdk=1 host=1 enabled=1 sent=1 result=0 message=EVENT EXP2_OBJECT_STAGE_CHANGED trial_id=Exp2_002 rel=1372.551147 unix=1781610512483 bjt=2026-06-16T19:48:32.482+08:00 condition=E1_SPATIAL_PROGRESSIVE object_index=3 previous_stage=0 new_stage=1 progress=0.333520 object_stages=1:1|2:1|3:1|
2026-06-16T19:48:32.601+08:00 MARKER sdk=1 host=1 enabled=1 sent=1 result=0 message=EVENT EXP2_OBJECT_STAGE_CHANGED trial_id=Exp2_002 rel=1372.551147 unix=1781610512483 bjt=2026-06-16T19:48:32.482+08:00 condition=E1_SPATIAL_PROGRESSIVE object_index=4 previous_stage=0 new_stage=1 progress=0.333520 object_stages=1:1|2:1|3:1|
2026-06-16T19:48:34.599+08:00 MARKER sdk=1 host=1 enabled=1 sent=1 result=0 message=EVENT EXP2_OBJECT_STAGE_CHANGED trial_id=Exp2_002 rel=1374.553711 unix=1781610514485 bjt=2026-06-16T19:48:34.485+08:00 condition=E1_SPATIAL_PROGRESSIVE object_index=1 previous_stage=1 new_stage=2 progress=0.500395 object_stages=1:2|2:1|3:1|
2026-06-16T19:48:34.600+08:00 MARKER sdk=1 host=1 enabled=1 sent=1 result=0 message=EVENT EXP2_STAGE_2_START trial_id=Exp2_002 rel=1374.553711 unix=1781610514485 bjt=2026-06-16T19:48:34.485+08:00 condition=E1_SPATIAL_PROGRESSIVE stage=2 first_object_index=1 progress=0.500395 object_stages=1:2|2:1|3:1|4:1
2026-06-16T19:48:34.601+08:00 MARKER sdk=1 host=1 enabled=1 sent=1 result=0 message=EVENT EXP2_OBJECT_STAGE_CHANGED trial_id=Exp2_002 rel=1374.553711 unix=1781610514485 bjt=2026-06-16T19:48:34.485+08:00 condition=E1_SPATIAL_PROGRESSIVE object_index=2 previous_stage=1 new_stage=2 progress=0.500395 object_stages=1:2|2:2|3:1|
2026-06-16T19:48:34.601+08:00 MARKER sdk=1 host=1 enabled=1 sent=1 result=0 message=EVENT EXP2_PROGRESSIVE_USABLE trial_id=Exp2_002 rel=1374.553711 unix=1781610514485 bjt=2026-06-16T19:48:34.485+08:00 condition=E1_SPATIAL_PROGRESSIVE target_display_index=2 target_content_index=3 target_label=脖子 stage=2 progress=0.500395
2026-06-16T19:48:34.602+08:00 MARKER sdk=1 host=1 enabled=1 sent=1 result=0 message=EVENT EXP2_OBJECT_STAGE_CHANGED trial_id=Exp2_002 rel=1374.553711 unix=1781610514485 bjt=2026-06-16T19:48:34.485+08:00 condition=E1_SPATIAL_PROGRESSIVE object_index=3 previous_stage=1 new_stage=2 progress=0.500395 object_stages=1:2|2:2|3:2|
2026-06-16T19:48:34.602+08:00 MARKER sdk=1 host=1 enabled=1 sent=1 result=0 message=EVENT EXP2_OBJECT_STAGE_CHANGED trial_id=Exp2_002 rel=1374.553711 unix=1781610514485 bjt=2026-06-16T19:48:34.485+08:00 condition=E1_SPATIAL_PROGRESSIVE object_index=4 previous_stage=1 new_stage=2 progress=0.500395 object_stages=1:2|2:2|3:2|
2026-06-16T19:48:36.886+08:00 MARKER sdk=1 host=1 enabled=1 sent=1 result=0 message=EVENT EXP2_PREJUDGE trial_id=Exp2_002 rel=1376.839478 unix=1781610516771 bjt=2026-06-16T19:48:36.771+08:00 condition=E1_SPATIAL_PROGRESSIVE selected=2 correct=1 confidence=-1 selected_content=3
2026-06-16T19:48:40.600+08:00 MARKER sdk=1 host=1 enabled=1 sent=1 result=0 message=EVENT EXP2_OBJECT_STAGE_CHANGED trial_id=Exp2_002 rel=1380.554321 unix=1781610520486 bjt=2026-06-16T19:48:40.485+08:00 condition=E1_SPATIAL_PROGRESSIVE object_index=1 previous_stage=2 new_stage=3 progress=1.000000 object_stages=1:3|2:2|3:2|
2026-06-16T19:48:40.600+08:00 MARKER sdk=1 host=1 enabled=1 sent=1 result=0 message=EVENT EXP2_STAGE_3_START trial_id=Exp2_002 rel=1380.554321 unix=1781610520486 bjt=2026-06-16T19:48:40.485+08:00 condition=E1_SPATIAL_PROGRESSIVE stage=3 first_object_index=1 progress=1.000000 object_stages=1:3|2:2|3:2|4:2
2026-06-16T19:48:40.601+08:00 MARKER sdk=1 host=1 enabled=1 sent=1 result=0 message=EVENT EXP2_OBJECT_STAGE_CHANGED trial_id=Exp2_002 rel=1380.554321 unix=1781610520486 bjt=2026-06-16T19:48:40.485+08:00 condition=E1_SPATIAL_PROGRESSIVE object_index=2 previous_stage=2 new_stage=3 progress=1.000000 object_stages=1:3|2:3|3:2|
2026-06-16T19:48:40.601+08:00 MARKER sdk=1 host=1 enabled=1 sent=1 result=0 message=EVENT EXP2_OBJECT_STAGE_CHANGED trial_id=Exp2_002 rel=1380.554321 unix=1781610520486 bjt=2026-06-16T19:48:40.485+08:00 condition=E1_SPATIAL_PROGRESSIVE object_index=3 previous_stage=2 new_stage=3 progress=1.000000 object_stages=1:3|2:3|3:3|
2026-06-16T19:48:40.602+08:00 MARKER sdk=1 host=1 enabled=1 sent=1 result=0 message=EVENT EXP2_OBJECT_STAGE_CHANGED trial_id=Exp2_002 rel=1380.554321 unix=1781610520486 bjt=2026-06-16T19:48:40.485+08:00 condition=E1_SPATIAL_PROGRESSIVE object_index=4 previous_stage=2 new_stage=3 progress=1.000000 object_stages=1:3|2:3|3:3|
2026-06-16T19:48:40.602+08:00 MARKER sdk=1 host=1 enabled=1 sent=1 result=0 message=EVENT EXP2_LOADING_COMPLETE trial_id=Exp2_002 rel=1380.554321 unix=1781610520486 bjt=2026-06-16T19:48:40.485+08:00 condition=E1_SPATIAL_PROGRESSIVE
2026-06-16T19:48:44.323+08:00 MARKER sdk=1 host=1 enabled=1 sent=1 result=0 message=EVENT EXP2_PENDING_SELECTION trial_id=Exp2_002 rel=1384.277222 unix=1781610524209 bjt=2026-06-16T19:48:44.208+08:00 condition=E1_SPATIAL_PROGRESSIVE selected=2 selected_content=3 changes=1
2026-06-16T19:48:51.369+08:00 MARKER sdk=1 host=1 enabled=1 sent=1 result=0 message=EVENT EXP2_SUBMIT_SELECTION trial_id=Exp2_002 rel=1391.322510 unix=1781610531254 bjt=2026-06-16T19:48:51.254+08:00 condition=E1_SPATIAL_PROGRESSIVE selected=2 selected_content=3 correct=1
2026-06-16T19:48:51.369+08:00 MARKER sdk=1 host=1 enabled=1 sent=1 result=0 message=TRIAL_RESULT Exp2_002 selected=2 correct=1
2026-06-16T19:49:41.327+08:00 MARKER sdk=1 host=1 enabled=1 sent=1 result=0 message=TRIALID Exp2_003
2026-06-16T19:49:41.327+08:00 MARKER sdk=1 host=1 enabled=1 sent=1 result=0 message=EVENT EXP2_LOADING_START trial_id=Exp2_003 rel=1441.279785 unix=1781610581211 bjt=2026-06-16T19:49:41.211+08:00 condition=E3_SPATIAL_NONPROGRESSIVE
2026-06-16T19:49:41.327+08:00 MARKER sdk=1 host=1 enabled=1 sent=1 result=0 message=TRIAL_META exp=EXP2 participant=A040 participant_output_id=A040 trial_id=Exp2_003 condition=E3_SPATIAL_NONPROGRESSIVE spatial_continuity=1 progressive_availability=0
2026-06-16T19:49:41.328+08:00 MARKER sdk=1 host=1 enabled=1 sent=1 result=0 message=TRIAL_META_TASK trial_id=Exp2_003 target_index=3 target_display_index=3 target_content_index=2 target_label=右脸
2026-06-16T19:49:41.328+08:00 MARKER sdk=1 host=1 enabled=1 sent=1 result=0 message=TRIAL_META_SEQUENCE trial_id=Exp2_003 slot_permutation=1:3|2:4|3:2|4:1 sequence_group=4 sequence_index=3
2026-06-16T19:49:53.306+08:00 MARKER sdk=1 host=1 enabled=1 sent=1 result=0 message=EVENT EXP2_OBJECT_STAGE_CHANGED trial_id=Exp2_003 rel=1453.259766 unix=1781610593191 bjt=2026-06-16T19:49:53.191+08:00 condition=E3_SPATIAL_NONPROGRESSIVE object_index=1 previous_stage=0 new_stage=3 progress=1.000000 object_stages=1:3|2:0|3
2026-06-16T19:49:53.307+08:00 MARKER sdk=1 host=1 enabled=1 sent=1 result=0 message=EVENT EXP2_STAGE_3_START trial_id=Exp2_003 rel=1453.259766 unix=1781610593191 bjt=2026-06-16T19:49:53.191+08:00 condition=E3_SPATIAL_NONPROGRESSIVE stage=3 first_object_index=1 progress=1.000000 object_stages=1:3|2:0|3:0|4:0
2026-06-16T19:49:53.308+08:00 MARKER sdk=1 host=1 enabled=1 sent=1 result=0 message=EVENT EXP2_OBJECT_STAGE_CHANGED trial_id=Exp2_003 rel=1453.259766 unix=1781610593191 bjt=2026-06-16T19:49:53.191+08:00 condition=E3_SPATIAL_NONPROGRESSIVE object_index=2 previous_stage=0 new_stage=3 progress=1.000000 object_stages=1:3|2:3|3
2026-06-16T19:49:53.309+08:00 MARKER sdk=1 host=1 enabled=1 sent=1 result=0 message=EVENT EXP2_OBJECT_STAGE_CHANGED trial_id=Exp2_003 rel=1453.259766 unix=1781610593191 bjt=2026-06-16T19:49:53.191+08:00 condition=E3_SPATIAL_NONPROGRESSIVE object_index=3 previous_stage=0 new_stage=3 progress=1.000000 object_stages=1:3|2:3|3
2026-06-16T19:49:53.310+08:00 MARKER sdk=1 host=1 enabled=1 sent=1 result=0 message=EVENT EXP2_OBJECT_STAGE_CHANGED trial_id=Exp2_003 rel=1453.259766 unix=1781610593191 bjt=2026-06-16T19:49:53.191+08:00 condition=E3_SPATIAL_NONPROGRESSIVE object_index=4 previous_stage=0 new_stage=3 progress=1.000000 object_stages=1:3|2:3|3
2026-06-16T19:49:53.310+08:00 MARKER sdk=1 host=1 enabled=1 sent=1 result=0 message=EVENT EXP2_LOADING_COMPLETE trial_id=Exp2_003 rel=1453.259766 unix=1781610593191 bjt=2026-06-16T19:49:53.191+08:00 condition=E3_SPATIAL_NONPROGRESSIVE
2026-06-16T19:50:01.038+08:00 MARKER sdk=1 host=1 enabled=1 sent=1 result=0 message=EVENT EXP2_PENDING_SELECTION trial_id=Exp2_003 rel=1460.992310 unix=1781610600924 bjt=2026-06-16T19:50:00.923+08:00 condition=E3_SPATIAL_NONPROGRESSIVE selected=3 selected_content=2 changes=1
2026-06-16T19:50:03.124+08:00 MARKER sdk=1 host=1 enabled=1 sent=1 result=0 message=EVENT EXP2_SUBMIT_SELECTION trial_id=Exp2_003 rel=1463.077759 unix=1781610603009 bjt=2026-06-16T19:50:03.009+08:00 condition=E3_SPATIAL_NONPROGRESSIVE selected=3 selected_content=2 correct=1
2026-06-16T19:50:03.124+08:00 MARKER sdk=1 host=1 enabled=1 sent=1 result=0 message=TRIAL_RESULT Exp2_003 selected=3 correct=1
2026-06-16T19:51:04.822+08:00 MARKER sdk=1 host=1 enabled=1 sent=1 result=0 message=TRIALID Exp2_004
2026-06-16T19:51:04.822+08:00 MARKER sdk=1 host=1 enabled=1 sent=1 result=0 message=EVENT EXP2_LOADING_START trial_id=Exp2_004 rel=1524.775024 unix=1781610664707 bjt=2026-06-16T19:51:04.706+08:00 condition=E2_FIXED_PROGRESSIVE
2026-06-16T19:51:04.823+08:00 MARKER sdk=1 host=1 enabled=1 sent=1 result=0 message=TRIAL_META exp=EXP2 participant=A040 participant_output_id=A040 trial_id=Exp2_004 condition=E2_FIXED_PROGRESSIVE spatial_continuity=0 progressive_availability=1
2026-06-16T19:51:04.823+08:00 MARKER sdk=1 host=1 enabled=1 sent=1 result=0 message=TRIAL_META_TASK trial_id=Exp2_004 target_index=1 target_display_index=1 target_content_index=4 target_label=头顶
2026-06-16T19:51:04.823+08:00 MARKER sdk=1 host=1 enabled=1 sent=1 result=0 message=TRIAL_META_SEQUENCE trial_id=Exp2_004 slot_permutation=1:4|2:1|3:2|4:3 sequence_group=4 sequence_index=4
2026-06-16T19:51:08.807+08:00 MARKER sdk=1 host=1 enabled=1 sent=1 result=0 message=EVENT EXP2_OBJECT_STAGE_CHANGED trial_id=Exp2_004 rel=1528.760376 unix=1781610668692 bjt=2026-06-16T19:51:08.691+08:00 condition=E2_FIXED_PROGRESSIVE object_index=1 previous_stage=0 new_stage=1 progress=0.333902 object_stages=1:1|2:0|3:0|4:
2026-06-16T19:51:08.808+08:00 MARKER sdk=1 host=1 enabled=1 sent=1 result=0 message=EVENT EXP2_STAGE_1_START trial_id=Exp2_004 rel=1528.760376 unix=1781610668692 bjt=2026-06-16T19:51:08.691+08:00 condition=E2_FIXED_PROGRESSIVE stage=1 first_object_index=1 progress=0.333902 object_stages=1:1|2:0|3:0|4:0
2026-06-16T19:51:08.809+08:00 MARKER sdk=1 host=1 enabled=1 sent=1 result=0 message=EVENT EXP2_OBJECT_STAGE_CHANGED trial_id=Exp2_004 rel=1528.760376 unix=1781610668692 bjt=2026-06-16T19:51:08.691+08:00 condition=E2_FIXED_PROGRESSIVE object_index=2 previous_stage=0 new_stage=1 progress=0.333902 object_stages=1:1|2:1|3:0|4:
2026-06-16T19:51:08.809+08:00 MARKER sdk=1 host=1 enabled=1 sent=1 result=0 message=EVENT EXP2_OBJECT_STAGE_CHANGED trial_id=Exp2_004 rel=1528.760376 unix=1781610668692 bjt=2026-06-16T19:51:08.691+08:00 condition=E2_FIXED_PROGRESSIVE object_index=3 previous_stage=0 new_stage=1 progress=0.333902 object_stages=1:1|2:1|3:1|4:
2026-06-16T19:51:08.810+08:00 MARKER sdk=1 host=1 enabled=1 sent=1 result=0 message=EVENT EXP2_OBJECT_STAGE_CHANGED trial_id=Exp2_004 rel=1528.760376 unix=1781610668692 bjt=2026-06-16T19:51:08.691+08:00 condition=E2_FIXED_PROGRESSIVE object_index=4 previous_stage=0 new_stage=1 progress=0.333902 object_stages=1:1|2:1|3:1|4:
2026-06-16T19:51:10.810+08:00 MARKER sdk=1 host=1 enabled=1 sent=1 result=0 message=EVENT EXP2_OBJECT_STAGE_CHANGED trial_id=Exp2_004 rel=1530.764893 unix=1781610670696 bjt=2026-06-16T19:51:10.696+08:00 condition=E2_FIXED_PROGRESSIVE object_index=1 previous_stage=1 new_stage=2 progress=0.500943 object_stages=1:2|2:1|3:1|4:
2026-06-16T19:51:10.811+08:00 MARKER sdk=1 host=1 enabled=1 sent=1 result=0 message=EVENT EXP2_STAGE_2_START trial_id=Exp2_004 rel=1530.764893 unix=1781610670696 bjt=2026-06-16T19:51:10.696+08:00 condition=E2_FIXED_PROGRESSIVE stage=2 first_object_index=1 progress=0.500943 object_stages=1:2|2:1|3:1|4:1
2026-06-16T19:51:10.811+08:00 MARKER sdk=1 host=1 enabled=1 sent=1 result=0 message=EVENT EXP2_PROGRESSIVE_USABLE trial_id=Exp2_004 rel=1530.764893 unix=1781610670696 bjt=2026-06-16T19:51:10.696+08:00 condition=E2_FIXED_PROGRESSIVE target_display_index=1 target_content_index=4 target_label=头顶 stage=2 progress=0.500943
2026-06-16T19:51:10.812+08:00 MARKER sdk=1 host=1 enabled=1 sent=1 result=0 message=EVENT EXP2_OBJECT_STAGE_CHANGED trial_id=Exp2_004 rel=1530.764893 unix=1781610670696 bjt=2026-06-16T19:51:10.696+08:00 condition=E2_FIXED_PROGRESSIVE object_index=2 previous_stage=1 new_stage=2 progress=0.500943 object_stages=1:2|2:2|3:1|4:
2026-06-16T19:51:10.812+08:00 MARKER sdk=1 host=1 enabled=1 sent=1 result=0 message=EVENT EXP2_OBJECT_STAGE_CHANGED trial_id=Exp2_004 rel=1530.764893 unix=1781610670696 bjt=2026-06-16T19:51:10.696+08:00 condition=E2_FIXED_PROGRESSIVE object_index=3 previous_stage=1 new_stage=2 progress=0.500943 object_stages=1:2|2:2|3:2|4:
2026-06-16T19:51:10.813+08:00 MARKER sdk=1 host=1 enabled=1 sent=1 result=0 message=EVENT EXP2_OBJECT_STAGE_CHANGED trial_id=Exp2_004 rel=1530.764893 unix=1781610670696 bjt=2026-06-16T19:51:10.696+08:00 condition=E2_FIXED_PROGRESSIVE object_index=4 previous_stage=1 new_stage=2 progress=0.500943 object_stages=1:2|2:2|3:2|4:
2026-06-16T19:51:13.182+08:00 MARKER sdk=1 host=1 enabled=1 sent=1 result=0 message=EVENT EXP2_PREJUDGE trial_id=Exp2_004 rel=1533.135986 unix=1781610673068 bjt=2026-06-16T19:51:13.067+08:00 condition=E2_FIXED_PROGRESSIVE selected=1 correct=1 confidence=-1 selected_content=4
2026-06-16T19:51:16.804+08:00 MARKER sdk=1 host=1 enabled=1 sent=1 result=0 message=EVENT EXP2_OBJECT_STAGE_CHANGED trial_id=Exp2_004 rel=1536.759277 unix=1781610676691 bjt=2026-06-16T19:51:16.690+08:00 condition=E2_FIXED_PROGRESSIVE object_index=1 previous_stage=2 new_stage=3 progress=1.000000 object_stages=1:3|2:2|3:2|4:
2026-06-16T19:51:16.805+08:00 MARKER sdk=1 host=1 enabled=1 sent=1 result=0 message=EVENT EXP2_STAGE_3_START trial_id=Exp2_004 rel=1536.759277 unix=1781610676691 bjt=2026-06-16T19:51:16.690+08:00 condition=E2_FIXED_PROGRESSIVE stage=3 first_object_index=1 progress=1.000000 object_stages=1:3|2:2|3:2|4:2
2026-06-16T19:51:16.806+08:00 MARKER sdk=1 host=1 enabled=1 sent=1 result=0 message=EVENT EXP2_OBJECT_STAGE_CHANGED trial_id=Exp2_004 rel=1536.759277 unix=1781610676691 bjt=2026-06-16T19:51:16.690+08:00 condition=E2_FIXED_PROGRESSIVE object_index=2 previous_stage=2 new_stage=3 progress=1.000000 object_stages=1:3|2:3|3:2|4:
2026-06-16T19:51:16.807+08:00 MARKER sdk=1 host=1 enabled=1 sent=1 result=0 message=EVENT EXP2_OBJECT_STAGE_CHANGED trial_id=Exp2_004 rel=1536.759277 unix=1781610676691 bjt=2026-06-16T19:51:16.690+08:00 condition=E2_FIXED_PROGRESSIVE object_index=3 previous_stage=2 new_stage=3 progress=1.000000 object_stages=1:3|2:3|3:3|4:
2026-06-16T19:51:16.807+08:00 MARKER sdk=1 host=1 enabled=1 sent=1 result=0 message=EVENT EXP2_OBJECT_STAGE_CHANGED trial_id=Exp2_004 rel=1536.759277 unix=1781610676691 bjt=2026-06-16T19:51:16.690+08:00 condition=E2_FIXED_PROGRESSIVE object_index=4 previous_stage=2 new_stage=3 progress=1.000000 object_stages=1:3|2:3|3:3|4:
2026-06-16T19:51:16.807+08:00 MARKER sdk=1 host=1 enabled=1 sent=1 result=0 message=EVENT EXP2_LOADING_COMPLETE trial_id=Exp2_004 rel=1536.759277 unix=1781610676691 bjt=2026-06-16T19:51:16.690+08:00 condition=E2_FIXED_PROGRESSIVE
2026-06-16T19:51:18.594+08:00 MARKER sdk=1 host=1 enabled=1 sent=1 result=0 message=EVENT EXP2_PENDING_SELECTION trial_id=Exp2_004 rel=1538.549438 unix=1781610678481 bjt=2026-06-16T19:51:18.480+08:00 condition=E2_FIXED_PROGRESSIVE selected=1 selected_content=4 changes=1
2026-06-16T19:51:20.868+08:00 MARKER sdk=1 host=1 enabled=1 sent=1 result=0 message=EVENT EXP2_SUBMIT_SELECTION trial_id=Exp2_004 rel=1540.821655 unix=1781610680753 bjt=2026-06-16T19:51:20.753+08:00 condition=E2_FIXED_PROGRESSIVE selected=1 selected_content=4 correct=1
2026-06-16T19:51:20.869+08:00 MARKER sdk=1 host=1 enabled=1 sent=1 result=0 message=TRIAL_RESULT Exp2_004 selected=1 correct=1
2026-06-16T19:52:31.274+08:00 MARKER sdk=1 host=1 enabled=1 sent=1 result=0 message=EVENT EXPERIMENT_END_SCREEN_SHOWN participant=A040 output_id=A040 unix=1781610751274 bjt=2026-06-16_19:52:31.274
2026-06-16T19:52:31.276+08:00 FORMAL_RECORDING step=FINISH_REQUESTED success=1 reason=experiment_end_door edf=FM192619.EDF recording=1 opened=1
2026-06-16T19:52:31.276+08:00 MARKER sdk=1 host=1 enabled=1 sent=1 result=0 message=FORMAL_RECORDING_END participant=A040 rel=1611.229 unix=1781610751276 bjt=2026-06-16T19:52:31.276+08:00 edf=FM192619.EDF source=ue_formal reason=experiment_end_door
2026-06-16T19:52:31.477+08:00 FORMAL_RECORDING step=END_MARKER_FLUSH_WAIT success=1 duration_ms=200
2026-06-16T19:52:31.582+08:00 FORMAL_RECORDING step=RECORDING_STOPPED success=1 result=0
2026-06-16T19:52:31.583+08:00 FORMAL_RECORDING step=EDF_CLOSED success=1 edf=FM192619.EDF result=0
2026-06-16T19:52:34.538+08:00 EDF_RECEIVE_ATTEMPT source_tag=formal attempt=full_path source=FM192619.EDF dest=../../../../../../Project/UE5/Gallery/Saved/ExperimentData/EDF/FM192619.EDF dest_is_path=0 result=79381359 exists=1 size=79381359
2026-06-16T19:52:34.538+08:00 FORMAL_RECORDING step=EDF_RECEIVED_TO_DPC success=1 edf=FM192619.EDF local=../../../../../../Project/UE5/Gallery/Saved/ExperimentData/EDF/FM192619.EDF result=79381359 size=79381359
2026-06-16T19:52:34.538+08:00 FORMAL_RECORDING step=FINISHED success=1 reason=experiment_end_door edf=FM192619.EDF local=../../../../../../Project/UE5/Gallery/Saved/ExperimentData/EDF/FM192619.EDF
