2026-06-13T16:14:34.221+08:00 STATUS start_ui_status sdk=connected host=not_connected log=
2026-06-13T16:24:33.681+08:00 FORMAL_RECORDING step=EDF_OPEN_REQUESTED success=1 participant=A029 edf=FM162433.EDF source=calibration_button
2026-06-13T16:24:33.681+08:00 CONNECT method=open_eyelink_connection ip=100.1.1.1
2026-06-13T16:24:33.716+08:00 CONNECT_RESULT method=open_eyelink_connection result=0 connected=1
2026-06-13T16:24:33.716+08:00 STATUS host_connected=1 sdk_available=1 note=connection_opened_high_level
2026-06-13T16:24:33.716+08:00 FORMAL_RECORDING step=HOST_CONNECTED success=1 sdk=1 host=1 source=calibration_button
2026-06-13T16:24:33.763+08:00 FORMAL_RECORDING step=EDF_OPENED success=1 edf=FM162433.EDF result=0 source=calibration_button
2026-06-13T16:24:33.808+08:00 FORMAL_EDF_MARKER sdk=1 host=1 opened=1 sent=1 message=FORMAL_EDF_OPENED participant=A029 rel=599.651 unix=1781339073808 bjt=2026-06-13T16:24:33.808+08:00 edf=FM162433.EDF source=ue_formal open_result=0 source_tag=calibration_button
2026-06-13T16:24:33.809+08:00 FORMAL_EDF_MARKER sdk=1 host=1 opened=1 sent=1 message=FORMAL_SESSION_PREPARED participant=A029 rel=599.651 unix=1781339073809 bjt=2026-06-13T16:24:33.809+08:00 edf=FM162433.EDF source=ue_formal calibration_complete=0
2026-06-13T16:24:33.809+08:00 FORMAL_EDF_MARKER sdk=1 host=1 opened=1 sent=1 message=CALIBRATION_REQUESTED participant=A029 rel=599.651 unix=1781339073809 bjt=2026-06-13T16:24:33.809+08:00 edf=FM162433.EDF source=ue_formal open_result=0
2026-06-13T16:24:33.809+08:00 CALIBRATION step=REQUESTED success=1 note=run_eyelink_tracker_setup
2026-06-13T16:24:33.809+08:00 CALIBRATION step=HOST_CONNECTED success=1 sdk=1 host=1 graphics=1
2026-06-13T16:24:33.814+08:00 CALIBRATION_DISPLAY_INIT success=1 result=0 error=
2026-06-13T16:24:33.814+08:00 CALIBRATION_DISPLAY_LIST count=2 requested_index=1 explicit=1
2026-06-13T16:24:33.814+08:00 CALIBRATION_DISPLAY index=0 name=Dell XPS 15 SDC414D Display bounds_result=0 x=0 y=0 w=1920 h=1080 mode_result=0 mode_w=1920 mode_h=1080 refresh=60
2026-06-13T16:24:33.814+08:00 CALIBRATION_DISPLAY index=1 name=Acer GR235H bounds_result=0 x=0 y=-1080 w=1920 h=1080 mode_result=0 mode_w=1920 mode_h=1080 refresh=60
2026-06-13T16:24:33.920+08:00 CALIBRATION step=GRAPHICS_INITIALIZED success=1 result=0 explicit_request=1 display_index=1 window_ptr=000001D094020F98 width=1920 height=1080 bits=32 refresh=60.00
2026-06-13T16:24:33.931+08:00 CALIBRATION step=REGISTERED_WINDOW_MOVED success=1 requested_display=1 actual_display=1 requested_x=0 requested_y=-1080 requested_w=1920 requested_h=1080 actual_x=0 actual_y=-1080 actual_w=1920 actual_h=1080
2026-06-13T16:24:33.941+08:00 FORMAL_EDF_MARKER sdk=1 host=1 opened=1 sent=1 message=CALIBRATION_SETUP_START participant=A029 rel=599.651 unix=1781339073941 bjt=2026-06-13T16:24:33.941+08:00 edf=FM162433.EDF source=ue_formal calibration_type=HV9 width=1920 height=1080
2026-06-13T16:24:33.941+08:00 CALIBRATION step=TRACKER_SETUP_BEGIN success=1 detail=call_do_tracker_setup
2026-06-13T16:25:09.705+08:00 CALIBRATION step=TRACKER_SETUP_RETURNED success=1 result=0
2026-06-13T16:25:09.706+08:00 FORMAL_EDF_MARKER sdk=1 host=1 opened=1 sent=1 message=CALIBRATION_SETUP_END participant=A029 rel=599.651 unix=1781339109705 bjt=2026-06-13T16:25:09.705+08:00 edf=FM162433.EDF source=ue_formal setup_result=0
2026-06-13T16:25:11.748+08:00 CALIBRATION step=GRAPHICS_CLOSED success=1
2026-06-13T16:25:11.748+08:00 CALIBRATION step=CALIBRATION_WINDOW_DESTROYED success=1
2026-06-13T16:25:11.749+08:00 CALIBRATION step=FINISHED success=1 result=0
2026-06-13T16:25:11.749+08:00 FORMAL_EDF_MARKER sdk=1 host=1 opened=1 sent=1 message=CALIBRATION_STATUS participant=A029 rel=599.651 unix=1781339111749 bjt=2026-06-13T16:25:11.749+08:00 edf=FM162433.EDF source=ue_formal calibration_complete=1
2026-06-13T16:25:11.749+08:00 FORMAL_CALIBRATION step=FINISHED success=1 participant=A029 edf=FM162433.EDF open_result=0
2026-06-13T16:25:11.749+08:00 STATUS start_ui_status sdk=connected host=connected log=../../../../../../Project/UE5/Gallery/Saved/ExperimentLogs/EyeLinkMarkers_20260613_161434_221.log
2026-06-13T16:25:32.844+08:00 FORMAL_RECORDING step=EDF_ALREADY_OPEN success=1 participant=A029 edf=FM162433.EDF source=start_button_preopened calibration_complete=1
2026-06-13T16:25:32.853+08:00 FORMAL_RECORDING step=RECORDING_STARTED success=1 result=0 edf=FM162433.EDF preopened=1 calibration_complete=1
2026-06-13T16:25:32.853+08:00 MARKER sdk=1 host=1 enabled=1 sent=1 result=0 message=FORMAL_RECORDING_START participant=A029 rel=619.969 unix=1781339132853 bjt=2026-06-13T16:25:32.853+08:00 edf=FM162433.EDF source=ue_formal open_result=0 record_result=0 edf_preopened=1 calibration_complete=1
2026-06-13T16:25:32.853+08:00 STATUS formal_recording_start_requested participant=A029 success=1 edf=FM162433.EDF calibration_complete=1
2026-06-13T16:25:32.853+08:00 STATUS start_ui_status sdk=connected host=connected log=../../../../../../Project/UE5/Gallery/Saved/ExperimentLogs/EyeLinkMarkers_20260613_161434_221.log
2026-06-13T16:25:32.853+08:00 MARKER sdk=1 host=1 enabled=1 sent=1 result=0 message=RECORDING_TIME_REFERENCE participant=A029 rel=619.969 unix=1781339132853 bjt=2026-06-13T16:25:32.853+08:00 source=ue_session_start
2026-06-13T16:25:32.853+08:00 MARKER sdk=1 host=1 enabled=1 sent=1 result=0 message=SESSION_START participant=A029 rel=619.969 unix=1781339132853 bjt=2026-06-13T16:25:32.853+08:00
2026-06-13T16:25:32.854+08:00 MARKER sdk=1 host=1 enabled=1 sent=1 result=0 message=EXPERIMENT_RUN_MODE EXP1_THEN_EXP2
2026-06-13T16:25:32.858+08:00 MARKER sdk=1 host=1 enabled=1 sent=1 result=0 message=SCREEN_RECORDING_REQUEST enabled=1 started=1 participant=A029
2026-06-13T16:26:09.383+08:00 MARKER sdk=1 host=1 enabled=1 sent=1 result=0 message=TRIALID T001
2026-06-13T16:26:09.384+08:00 MARKER sdk=1 host=1 enabled=1 sent=1 result=0 message=EVENT LOADING_INTERACT trial=T001 rel=656.522 unix=1781339169406 bjt=2026-06-13T16:26:09.406+08:00
2026-06-13T16:26:09.384+08:00 MARKER sdk=1 host=1 enabled=1 sent=1 result=0 message=EVENT LOADING_START trial=T001 rel=656.522 unix=1781339169406 bjt=2026-06-13T16:26:09.406+08:00
2026-06-13T16:26:09.384+08:00 MARKER sdk=1 host=1 enabled=1 sent=1 result=0 message=!V TRIAL_VAR participant A029
2026-06-13T16:26:09.384+08:00 MARKER sdk=1 host=1 enabled=1 sent=1 result=0 message=!V TRIAL_VAR experiment EXP1
2026-06-13T16:26:09.385+08:00 MARKER sdk=1 host=1 enabled=1 sent=1 result=0 message=!V TRIAL_VAR exhibit_id Ex1_TEST
2026-06-13T16:26:09.385+08:00 MARKER sdk=1 host=1 enabled=1 sent=1 result=0 message=!V TRIAL_VAR exhibit_name 测试展品
2026-06-13T16:26:09.385+08:00 MARKER sdk=1 host=1 enabled=1 sent=1 result=0 message=!V TRIAL_VAR condition A
2026-06-13T16:26:09.385+08:00 MARKER sdk=1 host=1 enabled=1 sent=1 result=0 message=!V TRIAL_VAR latin_group NA
2026-06-13T16:26:09.385+08:00 MARKER sdk=1 host=1 enabled=1 sent=1 result=0 message=!V TRIAL_VAR sequence_index -1
2026-06-13T16:26:09.385+08:00 MARKER sdk=1 host=1 enabled=1 sent=1 result=0 message=!V TRIAL_VAR sequence_label NA
2026-06-13T16:26:11.368+08:00 MARKER sdk=1 host=1 enabled=1 sent=1 result=0 message=EVENT LOADING_COMPLETE trial=T001 rel=658.508 unix=1781339171392 bjt=2026-06-13T16:26:11.392+08:00
2026-06-13T16:26:14.173+08:00 MARKER sdk=1 host=1 enabled=1 sent=1 result=0 message=EVENT VIEWER_ENTER trial=T001 rel=661.312 unix=1781339174196 bjt=2026-06-13T16:26:14.196+08:00
2026-06-13T16:26:14.174+08:00 MARKER sdk=1 host=1 enabled=1 sent=1 result=0 message=EVENT QUESTION_START trial=T001 rel=661.312 unix=1781339174196 bjt=2026-06-13T16:26:14.196+08:00 q=1 total=2 correct_index=-1 correct_label=NotAnswered
2026-06-13T16:26:34.756+08:00 MARKER sdk=1 host=1 enabled=1 sent=1 result=0 message=EVENT QUESTION_SUBMIT trial=T001 rel=681.880 unix=1781339194764 bjt=2026-06-13T16:26:34.763+08:00 q=1 option=A correct_index=-1 correct_label=NotAnswered is_correct=-1
2026-06-13T16:26:34.757+08:00 MARKER sdk=1 host=1 enabled=1 sent=1 result=0 message=EVENT QUESTION_START trial=T001 rel=681.880 unix=1781339194764 bjt=2026-06-13T16:26:34.763+08:00 q=2 total=2 correct_index=-1 correct_label=NotAnswered
2026-06-13T16:26:50.470+08:00 MARKER sdk=1 host=1 enabled=1 sent=1 result=0 message=EVENT QUESTION_SUBMIT trial=T001 rel=697.588 unix=1781339210473 bjt=2026-06-13T16:26:50.472+08:00 q=2 option=A correct_index=-1 correct_label=NotAnswered is_correct=-1
2026-06-13T16:26:51.781+08:00 MARKER sdk=1 host=1 enabled=1 sent=1 result=0 message=EVENT VIEWER_EXIT trial=T001 rel=698.921 unix=1781339211805 bjt=2026-06-13T16:26:51.805+08:00
2026-06-13T16:26:51.782+08:00 MARKER sdk=1 host=1 enabled=1 sent=1 result=0 message=EVENT TRIAL_RESULT trial=T001 rel=698.921 unix=1781339211805 bjt=2026-06-13T16:26:51.805+08:00 rows=2
2026-06-13T16:27:32.512+08:00 MARKER sdk=1 host=1 enabled=1 sent=1 result=0 message=TRIALID T002
2026-06-13T16:27:32.513+08:00 MARKER sdk=1 host=1 enabled=1 sent=1 result=0 message=EVENT LOADING_INTERACT trial=T002 rel=739.652 unix=1781339252536 bjt=2026-06-13T16:27:32.536+08:00
2026-06-13T16:27:32.513+08:00 MARKER sdk=1 host=1 enabled=1 sent=1 result=0 message=EVENT LOADING_START trial=T002 rel=739.652 unix=1781339252536 bjt=2026-06-13T16:27:32.536+08:00
2026-06-13T16:27:32.514+08:00 MARKER sdk=1 host=1 enabled=1 sent=1 result=0 message=!V TRIAL_VAR participant A029
2026-06-13T16:27:32.514+08:00 MARKER sdk=1 host=1 enabled=1 sent=1 result=0 message=!V TRIAL_VAR experiment EXP1
2026-06-13T16:27:32.514+08:00 MARKER sdk=1 host=1 enabled=1 sent=1 result=0 message=!V TRIAL_VAR exhibit_id 01
2026-06-13T16:27:32.514+08:00 MARKER sdk=1 host=1 enabled=1 sent=1 result=0 message=!V TRIAL_VAR exhibit_name 半岛香炉
2026-06-13T16:27:32.515+08:00 MARKER sdk=1 host=1 enabled=1 sent=1 result=0 message=!V TRIAL_VAR condition A
2026-06-13T16:27:32.515+08:00 MARKER sdk=1 host=1 enabled=1 sent=1 result=0 message=!V TRIAL_VAR latin_group G1
2026-06-13T16:27:32.515+08:00 MARKER sdk=1 host=1 enabled=1 sent=1 result=0 message=!V TRIAL_VAR sequence_index 1
2026-06-13T16:27:32.515+08:00 MARKER sdk=1 host=1 enabled=1 sent=1 result=0 message=!V TRIAL_VAR sequence_label G1_T01
2026-06-13T16:27:42.508+08:00 MARKER sdk=1 host=1 enabled=1 sent=1 result=0 message=EVENT LOADING_COMPLETE trial=T002 rel=749.648 unix=1781339262532 bjt=2026-06-13T16:27:42.532+08:00
2026-06-13T16:27:44.805+08:00 MARKER sdk=1 host=1 enabled=1 sent=1 result=0 message=EVENT VIEWER_ENTER trial=T002 rel=751.942 unix=1781339264826 bjt=2026-06-13T16:27:44.826+08:00
2026-06-13T16:27:44.805+08:00 MARKER sdk=1 host=1 enabled=1 sent=1 result=0 message=EVENT QUESTION_START trial=T002 rel=751.942 unix=1781339264826 bjt=2026-06-13T16:27:44.826+08:00 q=1 total=2 correct_index=1 correct_label=B
2026-06-13T16:27:55.348+08:00 MARKER sdk=1 host=1 enabled=1 sent=1 result=0 message=EVENT QUESTION_SUBMIT trial=T002 rel=762.471 unix=1781339275356 bjt=2026-06-13T16:27:55.355+08:00 q=1 option=B correct_index=1 correct_label=B is_correct=1
2026-06-13T16:27:55.349+08:00 MARKER sdk=1 host=1 enabled=1 sent=1 result=0 message=EVENT QUESTION_START trial=T002 rel=762.471 unix=1781339275356 bjt=2026-06-13T16:27:55.355+08:00 q=2 total=2 correct_index=1 correct_label=B
2026-06-13T16:28:07.361+08:00 MARKER sdk=1 host=1 enabled=1 sent=1 result=0 message=EVENT QUESTION_SUBMIT trial=T002 rel=774.485 unix=1781339287369 bjt=2026-06-13T16:28:07.369+08:00 q=2 option=C correct_index=1 correct_label=B is_correct=0
2026-06-13T16:28:09.205+08:00 MARKER sdk=1 host=1 enabled=1 sent=1 result=0 message=EVENT VIEWER_EXIT trial=T002 rel=776.345 unix=1781339289229 bjt=2026-06-13T16:28:09.229+08:00
2026-06-13T16:28:09.206+08:00 MARKER sdk=1 host=1 enabled=1 sent=1 result=0 message=EVENT TRIAL_RESULT trial=T002 rel=776.345 unix=1781339289229 bjt=2026-06-13T16:28:09.229+08:00 rows=2
2026-06-13T16:30:15.378+08:00 MARKER sdk=1 host=1 enabled=1 sent=1 result=0 message=TRIALID T003
2026-06-13T16:30:15.378+08:00 MARKER sdk=1 host=1 enabled=1 sent=1 result=0 message=EVENT LOADING_INTERACT trial=T003 rel=902.518 unix=1781339415402 bjt=2026-06-13T16:30:15.402+08:00
2026-06-13T16:30:15.378+08:00 MARKER sdk=1 host=1 enabled=1 sent=1 result=0 message=EVENT LOADING_START trial=T003 rel=902.518 unix=1781339415402 bjt=2026-06-13T16:30:15.402+08:00
2026-06-13T16:30:15.378+08:00 MARKER sdk=1 host=1 enabled=1 sent=1 result=0 message=!V TRIAL_VAR participant A029
2026-06-13T16:30:15.379+08:00 MARKER sdk=1 host=1 enabled=1 sent=1 result=0 message=!V TRIAL_VAR experiment EXP1
2026-06-13T16:30:15.379+08:00 MARKER sdk=1 host=1 enabled=1 sent=1 result=0 message=!V TRIAL_VAR exhibit_id 02
2026-06-13T16:30:15.379+08:00 MARKER sdk=1 host=1 enabled=1 sent=1 result=0 message=!V TRIAL_VAR exhibit_name 中国青铜器
2026-06-13T16:30:15.379+08:00 MARKER sdk=1 host=1 enabled=1 sent=1 result=0 message=!V TRIAL_VAR condition A_PLUS
2026-06-13T16:30:15.379+08:00 MARKER sdk=1 host=1 enabled=1 sent=1 result=0 message=!V TRIAL_VAR latin_group G1
2026-06-13T16:30:15.379+08:00 MARKER sdk=1 host=1 enabled=1 sent=1 result=0 message=!V TRIAL_VAR sequence_index 2
2026-06-13T16:30:15.379+08:00 MARKER sdk=1 host=1 enabled=1 sent=1 result=0 message=!V TRIAL_VAR sequence_label G1_T02
2026-06-13T16:30:25.365+08:00 MARKER sdk=1 host=1 enabled=1 sent=1 result=0 message=EVENT LOADING_COMPLETE trial=T003 rel=912.506 unix=1781339425390 bjt=2026-06-13T16:30:25.390+08:00
2026-06-13T16:30:27.055+08:00 MARKER sdk=1 host=1 enabled=1 sent=1 result=0 message=EVENT VIEWER_ENTER trial=T003 rel=914.195 unix=1781339427079 bjt=2026-06-13T16:30:27.079+08:00
2026-06-13T16:30:27.056+08:00 MARKER sdk=1 host=1 enabled=1 sent=1 result=0 message=EVENT QUESTION_START trial=T003 rel=914.195 unix=1781339427079 bjt=2026-06-13T16:30:27.079+08:00 q=1 total=2 correct_index=1 correct_label=B
2026-06-13T16:30:45.014+08:00 MARKER sdk=1 host=1 enabled=1 sent=1 result=0 message=EVENT QUESTION_SUBMIT trial=T003 rel=932.139 unix=1781339445023 bjt=2026-06-13T16:30:45.023+08:00 q=1 option=B correct_index=1 correct_label=B is_correct=1
2026-06-13T16:30:45.015+08:00 MARKER sdk=1 host=1 enabled=1 sent=1 result=0 message=EVENT QUESTION_START trial=T003 rel=932.139 unix=1781339445023 bjt=2026-06-13T16:30:45.023+08:00 q=2 total=2 correct_index=1 correct_label=B
2026-06-13T16:31:06.038+08:00 MARKER sdk=1 host=1 enabled=1 sent=1 result=0 message=EVENT QUESTION_SUBMIT trial=T003 rel=953.156 unix=1781339466040 bjt=2026-06-13T16:31:06.040+08:00 q=2 option=B correct_index=1 correct_label=B is_correct=1
2026-06-13T16:31:08.150+08:00 MARKER sdk=1 host=1 enabled=1 sent=1 result=0 message=EVENT VIEWER_EXIT trial=T003 rel=955.290 unix=1781339468175 bjt=2026-06-13T16:31:08.174+08:00
2026-06-13T16:31:08.151+08:00 MARKER sdk=1 host=1 enabled=1 sent=1 result=0 message=EVENT TRIAL_RESULT trial=T003 rel=955.290 unix=1781339468175 bjt=2026-06-13T16:31:08.174+08:00 rows=2
2026-06-13T16:32:40.814+08:00 MARKER sdk=1 host=1 enabled=1 sent=1 result=0 message=TRIALID T004
2026-06-13T16:32:40.814+08:00 MARKER sdk=1 host=1 enabled=1 sent=1 result=0 message=EVENT LOADING_INTERACT trial=T004 rel=1047.954 unix=1781339560838 bjt=2026-06-13T16:32:40.837+08:00
2026-06-13T16:32:40.814+08:00 MARKER sdk=1 host=1 enabled=1 sent=1 result=0 message=EVENT LOADING_START trial=T004 rel=1047.954 unix=1781339560838 bjt=2026-06-13T16:32:40.837+08:00
2026-06-13T16:32:40.814+08:00 MARKER sdk=1 host=1 enabled=1 sent=1 result=0 message=!V TRIAL_VAR participant A029
2026-06-13T16:32:40.815+08:00 MARKER sdk=1 host=1 enabled=1 sent=1 result=0 message=!V TRIAL_VAR experiment EXP1
2026-06-13T16:32:40.815+08:00 MARKER sdk=1 host=1 enabled=1 sent=1 result=0 message=!V TRIAL_VAR exhibit_id 03
2026-06-13T16:32:40.815+08:00 MARKER sdk=1 host=1 enabled=1 sent=1 result=0 message=!V TRIAL_VAR exhibit_name 希腊陶具
2026-06-13T16:32:40.815+08:00 MARKER sdk=1 host=1 enabled=1 sent=1 result=0 message=!V TRIAL_VAR condition B
2026-06-13T16:32:40.815+08:00 MARKER sdk=1 host=1 enabled=1 sent=1 result=0 message=!V TRIAL_VAR latin_group G1
2026-06-13T16:32:40.815+08:00 MARKER sdk=1 host=1 enabled=1 sent=1 result=0 message=!V TRIAL_VAR sequence_index 3
2026-06-13T16:32:40.815+08:00 MARKER sdk=1 host=1 enabled=1 sent=1 result=0 message=!V TRIAL_VAR sequence_label G1_T03
2026-06-13T16:32:50.809+08:00 MARKER sdk=1 host=1 enabled=1 sent=1 result=0 message=EVENT LOADING_COMPLETE trial=T004 rel=1057.949 unix=1781339570833 bjt=2026-06-13T16:32:50.832+08:00
2026-06-13T16:32:53.967+08:00 MARKER sdk=1 host=1 enabled=1 sent=1 result=0 message=EVENT VIEWER_ENTER trial=T004 rel=1061.106 unix=1781339573990 bjt=2026-06-13T16:32:53.989+08:00
2026-06-13T16:32:53.968+08:00 MARKER sdk=1 host=1 enabled=1 sent=1 result=0 message=EVENT QUESTION_START trial=T004 rel=1061.106 unix=1781339573990 bjt=2026-06-13T16:32:53.989+08:00 q=1 total=2 correct_index=0 correct_label=A
2026-06-13T16:33:20.589+08:00 MARKER sdk=1 host=1 enabled=1 sent=1 result=0 message=EVENT QUESTION_SUBMIT trial=T004 rel=1087.713 unix=1781339600597 bjt=2026-06-13T16:33:20.597+08:00 q=1 option=A correct_index=0 correct_label=A is_correct=1
2026-06-13T16:33:20.590+08:00 MARKER sdk=1 host=1 enabled=1 sent=1 result=0 message=EVENT QUESTION_START trial=T004 rel=1087.713 unix=1781339600597 bjt=2026-06-13T16:33:20.597+08:00 q=2 total=2 correct_index=2 correct_label=C
2026-06-13T16:33:25.144+08:00 MARKER sdk=1 host=1 enabled=1 sent=1 result=0 message=EVENT QUESTION_SUBMIT trial=T004 rel=1092.268 unix=1781339605152 bjt=2026-06-13T16:33:25.151+08:00 q=2 option=C correct_index=2 correct_label=C is_correct=1
2026-06-13T16:33:27.544+08:00 MARKER sdk=1 host=1 enabled=1 sent=1 result=0 message=EVENT VIEWER_EXIT trial=T004 rel=1094.684 unix=1781339607568 bjt=2026-06-13T16:33:27.568+08:00
2026-06-13T16:33:27.544+08:00 MARKER sdk=1 host=1 enabled=1 sent=1 result=0 message=EVENT TRIAL_RESULT trial=T004 rel=1094.684 unix=1781339607568 bjt=2026-06-13T16:33:27.568+08:00 rows=2
2026-06-13T16:35:01.348+08:00 MARKER sdk=1 host=1 enabled=1 sent=1 result=0 message=TRIALID T005
2026-06-13T16:35:01.349+08:00 MARKER sdk=1 host=1 enabled=1 sent=1 result=0 message=EVENT LOADING_INTERACT trial=T005 rel=1188.488 unix=1781339701373 bjt=2026-06-13T16:35:01.372+08:00
2026-06-13T16:35:01.350+08:00 MARKER sdk=1 host=1 enabled=1 sent=1 result=0 message=EVENT LOADING_START trial=T005 rel=1188.488 unix=1781339701373 bjt=2026-06-13T16:35:01.372+08:00
2026-06-13T16:35:01.350+08:00 MARKER sdk=1 host=1 enabled=1 sent=1 result=0 message=!V TRIAL_VAR participant A029
2026-06-13T16:35:01.350+08:00 MARKER sdk=1 host=1 enabled=1 sent=1 result=0 message=!V TRIAL_VAR experiment EXP1
2026-06-13T16:35:01.350+08:00 MARKER sdk=1 host=1 enabled=1 sent=1 result=0 message=!V TRIAL_VAR exhibit_id 04
2026-06-13T16:35:01.350+08:00 MARKER sdk=1 host=1 enabled=1 sent=1 result=0 message=!V TRIAL_VAR exhibit_name 中国花瓶
2026-06-13T16:35:01.350+08:00 MARKER sdk=1 host=1 enabled=1 sent=1 result=0 message=!V TRIAL_VAR condition C_MINUS
2026-06-13T16:35:01.350+08:00 MARKER sdk=1 host=1 enabled=1 sent=1 result=0 message=!V TRIAL_VAR latin_group G1
2026-06-13T16:35:01.350+08:00 MARKER sdk=1 host=1 enabled=1 sent=1 result=0 message=!V TRIAL_VAR sequence_index 4
2026-06-13T16:35:01.351+08:00 MARKER sdk=1 host=1 enabled=1 sent=1 result=0 message=!V TRIAL_VAR sequence_label G1_T04
2026-06-13T16:35:01.351+08:00 MARKER sdk=1 host=1 enabled=1 sent=1 result=0 message=EVENT VIEWER_ENTER trial=T005 rel=1188.488 unix=1781339701373 bjt=2026-06-13T16:35:01.372+08:00 mode=progressive_no_progress_bar
2026-06-13T16:35:07.339+08:00 MARKER sdk=1 host=1 enabled=1 sent=1 result=0 message=EVENT PROGRESSIVE_USABLE trial=T005 rel=1194.477 unix=1781339707361 bjt=2026-06-13T16:35:07.361+08:00
2026-06-13T16:35:07.340+08:00 MARKER sdk=1 host=1 enabled=1 sent=1 result=0 message=EVENT QUESTION_START trial=T005 rel=1194.477 unix=1781339707361 bjt=2026-06-13T16:35:07.361+08:00 q=1 total=2 correct_index=2 correct_label=C
2026-06-13T16:35:09.796+08:00 MARKER sdk=1 host=1 enabled=1 sent=1 result=0 message=EVENT VIEWER_EXIT trial=T005 rel=1196.936 unix=1781339709820 bjt=2026-06-13T16:35:09.819+08:00
2026-06-13T16:35:09.796+08:00 MARKER sdk=1 host=1 enabled=1 sent=1 result=0 message=EVENT TRIAL_RESULT trial=T005 rel=1196.936 unix=1781339709820 bjt=2026-06-13T16:35:09.819+08:00 rows=2
2026-06-13T16:35:11.343+08:00 MARKER sdk=1 host=1 enabled=1 sent=1 result=0 message=EVENT LOADING_COMPLETE trial=T005 rel=1198.483 unix=1781339711367 bjt=2026-06-13T16:35:11.367+08:00
2026-06-13T16:35:11.389+08:00 MARKER sdk=1 host=1 enabled=1 sent=1 result=0 message=TRIALID T006
2026-06-13T16:35:11.389+08:00 MARKER sdk=1 host=1 enabled=1 sent=1 result=0 message=EVENT LOADING_INTERACT trial=T006 rel=1188.488 unix=1781339701373 bjt=2026-06-13T16:35:01.372+08:00
2026-06-13T16:35:11.389+08:00 MARKER sdk=1 host=1 enabled=1 sent=1 result=0 message=!V TRIAL_VAR participant A029
2026-06-13T16:35:11.390+08:00 MARKER sdk=1 host=1 enabled=1 sent=1 result=0 message=!V TRIAL_VAR experiment EXP1
2026-06-13T16:35:11.390+08:00 MARKER sdk=1 host=1 enabled=1 sent=1 result=0 message=!V TRIAL_VAR exhibit_id 04
2026-06-13T16:35:11.390+08:00 MARKER sdk=1 host=1 enabled=1 sent=1 result=0 message=!V TRIAL_VAR exhibit_name 中国花瓶
2026-06-13T16:35:11.391+08:00 MARKER sdk=1 host=1 enabled=1 sent=1 result=0 message=!V TRIAL_VAR condition C_MINUS
2026-06-13T16:35:11.391+08:00 MARKER sdk=1 host=1 enabled=1 sent=1 result=0 message=!V TRIAL_VAR latin_group NA
2026-06-13T16:35:11.391+08:00 MARKER sdk=1 host=1 enabled=1 sent=1 result=0 message=!V TRIAL_VAR sequence_index -1
2026-06-13T16:35:11.391+08:00 MARKER sdk=1 host=1 enabled=1 sent=1 result=0 message=!V TRIAL_VAR sequence_label NA
2026-06-13T16:35:11.391+08:00 MARKER sdk=1 host=1 enabled=1 sent=1 result=0 message=EVENT QUESTION_START trial=T006 rel=1198.528 unix=1781339711413 bjt=2026-06-13T16:35:11.412+08:00 q=1 total=2 correct_index=2 correct_label=C
2026-06-13T16:35:21.322+08:00 MARKER sdk=1 host=1 enabled=1 sent=1 result=0 message=EVENT QUESTION_SUBMIT trial=T006 rel=1208.444 unix=1781339721328 bjt=2026-06-13T16:35:21.328+08:00 q=1 option=C correct_index=2 correct_label=C is_correct=1
2026-06-13T16:35:21.323+08:00 MARKER sdk=1 host=1 enabled=1 sent=1 result=0 message=EVENT QUESTION_START trial=T006 rel=1208.444 unix=1781339721328 bjt=2026-06-13T16:35:21.328+08:00 q=2 total=2 correct_index=3 correct_label=D
2026-06-13T16:35:28.880+08:00 MARKER sdk=1 host=1 enabled=1 sent=1 result=0 message=EVENT QUESTION_SUBMIT trial=T006 rel=1216.004 unix=1781339728889 bjt=2026-06-13T16:35:28.888+08:00 q=2 option=D correct_index=3 correct_label=D is_correct=1
2026-06-13T16:35:36.006+08:00 MARKER sdk=1 host=1 enabled=1 sent=1 result=0 message=EVENT VIEWER_EXIT trial=T006 rel=1223.146 unix=1781339736030 bjt=2026-06-13T16:35:36.029+08:00
2026-06-13T16:35:36.006+08:00 MARKER sdk=1 host=1 enabled=1 sent=1 result=0 message=EVENT TRIAL_RESULT trial=T006 rel=1223.146 unix=1781339736030 bjt=2026-06-13T16:35:36.029+08:00 rows=2
2026-06-13T16:36:50.651+08:00 MARKER sdk=1 host=1 enabled=1 sent=1 result=0 message=TRIALID T007
2026-06-13T16:36:50.651+08:00 MARKER sdk=1 host=1 enabled=1 sent=1 result=0 message=EVENT LOADING_INTERACT trial=T007 rel=1297.791 unix=1781339810675 bjt=2026-06-13T16:36:50.675+08:00
2026-06-13T16:36:50.651+08:00 MARKER sdk=1 host=1 enabled=1 sent=1 result=0 message=EVENT LOADING_START trial=T007 rel=1297.791 unix=1781339810675 bjt=2026-06-13T16:36:50.675+08:00
2026-06-13T16:36:50.651+08:00 MARKER sdk=1 host=1 enabled=1 sent=1 result=0 message=!V TRIAL_VAR participant A029
2026-06-13T16:36:50.652+08:00 MARKER sdk=1 host=1 enabled=1 sent=1 result=0 message=!V TRIAL_VAR experiment EXP1
2026-06-13T16:36:50.652+08:00 MARKER sdk=1 host=1 enabled=1 sent=1 result=0 message=!V TRIAL_VAR exhibit_id 05
2026-06-13T16:36:50.652+08:00 MARKER sdk=1 host=1 enabled=1 sent=1 result=0 message=!V TRIAL_VAR exhibit_name 雅典双耳罐
2026-06-13T16:36:50.652+08:00 MARKER sdk=1 host=1 enabled=1 sent=1 result=0 message=!V TRIAL_VAR condition C
2026-06-13T16:36:50.652+08:00 MARKER sdk=1 host=1 enabled=1 sent=1 result=0 message=!V TRIAL_VAR latin_group G1
2026-06-13T16:36:50.652+08:00 MARKER sdk=1 host=1 enabled=1 sent=1 result=0 message=!V TRIAL_VAR sequence_index 5
2026-06-13T16:36:50.652+08:00 MARKER sdk=1 host=1 enabled=1 sent=1 result=0 message=!V TRIAL_VAR sequence_label G1_T05
2026-06-13T16:36:50.652+08:00 MARKER sdk=1 host=1 enabled=1 sent=1 result=0 message=EVENT VIEWER_ENTER trial=T007 rel=1297.791 unix=1781339810675 bjt=2026-06-13T16:36:50.675+08:00 mode=progressive
2026-06-13T16:36:56.637+08:00 MARKER sdk=1 host=1 enabled=1 sent=1 result=0 message=EVENT PROGRESSIVE_USABLE trial=T007 rel=1303.776 unix=1781339816661 bjt=2026-06-13T16:36:56.660+08:00
2026-06-13T16:36:56.637+08:00 MARKER sdk=1 host=1 enabled=1 sent=1 result=0 message=EVENT QUESTION_START trial=T007 rel=1303.776 unix=1781339816661 bjt=2026-06-13T16:36:56.660+08:00 q=1 total=2 correct_index=0 correct_label=A
2026-06-13T16:37:00.636+08:00 MARKER sdk=1 host=1 enabled=1 sent=1 result=0 message=EVENT LOADING_COMPLETE trial=T007 rel=1307.776 unix=1781339820661 bjt=2026-06-13T16:37:00.660+08:00
2026-06-13T16:37:13.647+08:00 MARKER sdk=1 host=1 enabled=1 sent=1 result=0 message=EVENT QUESTION_SUBMIT trial=T007 rel=1320.771 unix=1781339833655 bjt=2026-06-13T16:37:13.655+08:00 q=1 option=A correct_index=0 correct_label=A is_correct=1
2026-06-13T16:37:13.647+08:00 MARKER sdk=1 host=1 enabled=1 sent=1 result=0 message=EVENT QUESTION_START trial=T007 rel=1320.771 unix=1781339833655 bjt=2026-06-13T16:37:13.655+08:00 q=2 total=2 correct_index=2 correct_label=C
2026-06-13T16:37:19.202+08:00 MARKER sdk=1 host=1 enabled=1 sent=1 result=0 message=EVENT QUESTION_SUBMIT trial=T007 rel=1326.327 unix=1781339839211 bjt=2026-06-13T16:37:19.211+08:00 q=2 option=C correct_index=2 correct_label=C is_correct=1
2026-06-13T16:37:21.023+08:00 MARKER sdk=1 host=1 enabled=1 sent=1 result=0 message=EVENT VIEWER_EXIT trial=T007 rel=1328.163 unix=1781339841047 bjt=2026-06-13T16:37:21.047+08:00
2026-06-13T16:37:21.023+08:00 MARKER sdk=1 host=1 enabled=1 sent=1 result=0 message=EVENT TRIAL_RESULT trial=T007 rel=1328.163 unix=1781339841047 bjt=2026-06-13T16:37:21.047+08:00 rows=2
2026-06-13T16:46:25.137+08:00 MARKER sdk=1 host=1 enabled=1 sent=1 result=0 message=TRIALID Exp2_001
2026-06-13T16:46:25.138+08:00 MARKER sdk=1 host=1 enabled=1 sent=1 result=0 message=!V TRIAL_VAR participant A029
2026-06-13T16:46:25.138+08:00 MARKER sdk=1 host=1 enabled=1 sent=1 result=0 message=!V TRIAL_VAR experiment EXP2
2026-06-13T16:46:25.138+08:00 MARKER sdk=1 host=1 enabled=1 sent=1 result=0 message=!V TRIAL_VAR condition E2_FIXED_PROGRESSIVE
2026-06-13T16:46:25.139+08:00 MARKER sdk=1 host=1 enabled=1 sent=1 result=0 message=!V TRIAL_VAR spatial_continuity 0
2026-06-13T16:46:25.139+08:00 MARKER sdk=1 host=1 enabled=1 sent=1 result=0 message=!V TRIAL_VAR progressive_availability 1
2026-06-13T16:46:25.139+08:00 MARKER sdk=1 host=1 enabled=1 sent=1 result=0 message=!V TRIAL_VAR target_index 3
2026-06-13T16:46:25.140+08:00 MARKER sdk=1 host=1 enabled=1 sent=1 result=0 message=!V TRIAL_VAR target_display_index 3
2026-06-13T16:46:25.140+08:00 MARKER sdk=1 host=1 enabled=1 sent=1 result=0 message=!V TRIAL_VAR target_content_index 1
2026-06-13T16:46:25.140+08:00 MARKER sdk=1 host=1 enabled=1 sent=1 result=0 message=!V TRIAL_VAR target_label 左脸
2026-06-13T16:46:25.141+08:00 MARKER sdk=1 host=1 enabled=1 sent=1 result=0 message=!V TRIAL_VAR slot_permutation 1:3|2:4|3:1|4:2
2026-06-13T16:46:25.141+08:00 MARKER sdk=1 host=1 enabled=1 sent=1 result=0 message=!V TRIAL_VAR sequence_group 2
2026-06-13T16:46:25.141+08:00 MARKER sdk=1 host=1 enabled=1 sent=1 result=0 message=!V TRIAL_VAR sequence_index 1
2026-06-13T16:46:25.141+08:00 MARKER sdk=1 host=1 enabled=1 sent=1 result=0 message=EVENT EXP2_LOADING_START trial_id=Exp2_001 rel=1872.275757 unix=1781340385160 bjt=2026-06-13T16:46:25.160+08:00 condition=E2_FIXED_PROGRESSIVE
2026-06-13T16:46:29.123+08:00 MARKER sdk=1 host=1 enabled=1 sent=1 result=0 message=EVENT EXP2_OBJECT_STAGE_CHANGED trial_id=Exp2_001 rel=1876.263428 unix=1781340389148 bjt=2026-06-13T16:46:29.147+08:00 condition=E2_FIXED_PROGRESSIVE object_index=1 previous_stage=0 new_stage=1 progress=0.334119 object_stages=1:1|2:0|3:0|4:
2026-06-13T16:46:29.124+08:00 MARKER sdk=1 host=1 enabled=1 sent=1 result=0 message=EVENT EXP2_STAGE_1_START trial_id=Exp2_001 rel=1876.263428 unix=1781340389148 bjt=2026-06-13T16:46:29.147+08:00 condition=E2_FIXED_PROGRESSIVE stage=1 first_object_index=1 progress=0.334119 object_stages=1:1|2:0|3:0|4:0
2026-06-13T16:46:29.125+08:00 MARKER sdk=1 host=1 enabled=1 sent=1 result=0 message=EVENT EXP2_OBJECT_STAGE_CHANGED trial_id=Exp2_001 rel=1876.263428 unix=1781340389148 bjt=2026-06-13T16:46:29.147+08:00 condition=E2_FIXED_PROGRESSIVE object_index=2 previous_stage=0 new_stage=1 progress=0.334119 object_stages=1:1|2:1|3:0|4:
2026-06-13T16:46:29.126+08:00 MARKER sdk=1 host=1 enabled=1 sent=1 result=0 message=EVENT EXP2_OBJECT_STAGE_CHANGED trial_id=Exp2_001 rel=1876.263428 unix=1781340389148 bjt=2026-06-13T16:46:29.147+08:00 condition=E2_FIXED_PROGRESSIVE object_index=3 previous_stage=0 new_stage=1 progress=0.334119 object_stages=1:1|2:1|3:1|4:
2026-06-13T16:46:29.127+08:00 MARKER sdk=1 host=1 enabled=1 sent=1 result=0 message=EVENT EXP2_OBJECT_STAGE_CHANGED trial_id=Exp2_001 rel=1876.263428 unix=1781340389148 bjt=2026-06-13T16:46:29.147+08:00 condition=E2_FIXED_PROGRESSIVE object_index=4 previous_stage=0 new_stage=1 progress=0.334119 object_stages=1:1|2:1|3:1|4:
2026-06-13T16:46:31.125+08:00 MARKER sdk=1 host=1 enabled=1 sent=1 result=0 message=EVENT EXP2_OBJECT_STAGE_CHANGED trial_id=Exp2_001 rel=1878.265381 unix=1781340391150 bjt=2026-06-13T16:46:31.149+08:00 condition=E2_FIXED_PROGRESSIVE object_index=1 previous_stage=1 new_stage=2 progress=0.500946 object_stages=1:2|2:1|3:1|4:
2026-06-13T16:46:31.126+08:00 MARKER sdk=1 host=1 enabled=1 sent=1 result=0 message=EVENT EXP2_STAGE_2_START trial_id=Exp2_001 rel=1878.265381 unix=1781340391150 bjt=2026-06-13T16:46:31.149+08:00 condition=E2_FIXED_PROGRESSIVE stage=2 first_object_index=1 progress=0.500946 object_stages=1:2|2:1|3:1|4:1
2026-06-13T16:46:31.127+08:00 MARKER sdk=1 host=1 enabled=1 sent=1 result=0 message=EVENT EXP2_OBJECT_STAGE_CHANGED trial_id=Exp2_001 rel=1878.265381 unix=1781340391150 bjt=2026-06-13T16:46:31.149+08:00 condition=E2_FIXED_PROGRESSIVE object_index=2 previous_stage=1 new_stage=2 progress=0.500946 object_stages=1:2|2:2|3:1|4:
2026-06-13T16:46:31.128+08:00 MARKER sdk=1 host=1 enabled=1 sent=1 result=0 message=EVENT EXP2_OBJECT_STAGE_CHANGED trial_id=Exp2_001 rel=1878.265381 unix=1781340391150 bjt=2026-06-13T16:46:31.149+08:00 condition=E2_FIXED_PROGRESSIVE object_index=3 previous_stage=1 new_stage=2 progress=0.500946 object_stages=1:2|2:2|3:2|4:
2026-06-13T16:46:31.129+08:00 MARKER sdk=1 host=1 enabled=1 sent=1 result=0 message=EVENT EXP2_PROGRESSIVE_USABLE trial_id=Exp2_001 rel=1878.265381 unix=1781340391150 bjt=2026-06-13T16:46:31.149+08:00 condition=E2_FIXED_PROGRESSIVE target_display_index=3 target_content_index=1 target_label=左脸 stage=2 progress=0.500946
2026-06-13T16:46:31.130+08:00 MARKER sdk=1 host=1 enabled=1 sent=1 result=0 message=EVENT EXP2_OBJECT_STAGE_CHANGED trial_id=Exp2_001 rel=1878.265381 unix=1781340391150 bjt=2026-06-13T16:46:31.149+08:00 condition=E2_FIXED_PROGRESSIVE object_index=4 previous_stage=1 new_stage=2 progress=0.500946 object_stages=1:2|2:2|3:2|4:
2026-06-13T16:46:37.121+08:00 MARKER sdk=1 host=1 enabled=1 sent=1 result=0 message=EVENT EXP2_OBJECT_STAGE_CHANGED trial_id=Exp2_001 rel=1884.261230 unix=1781340397145 bjt=2026-06-13T16:46:37.145+08:00 condition=E2_FIXED_PROGRESSIVE object_index=1 previous_stage=2 new_stage=3 progress=1.000000 object_stages=1:3|2:2|3:2|4:
2026-06-13T16:46:37.122+08:00 MARKER sdk=1 host=1 enabled=1 sent=1 result=0 message=EVENT EXP2_STAGE_3_START trial_id=Exp2_001 rel=1884.261230 unix=1781340397145 bjt=2026-06-13T16:46:37.145+08:00 condition=E2_FIXED_PROGRESSIVE stage=3 first_object_index=1 progress=1.000000 object_stages=1:3|2:2|3:2|4:2
2026-06-13T16:46:37.123+08:00 MARKER sdk=1 host=1 enabled=1 sent=1 result=0 message=EVENT EXP2_OBJECT_STAGE_CHANGED trial_id=Exp2_001 rel=1884.261230 unix=1781340397145 bjt=2026-06-13T16:46:37.145+08:00 condition=E2_FIXED_PROGRESSIVE object_index=2 previous_stage=2 new_stage=3 progress=1.000000 object_stages=1:3|2:3|3:2|4:
2026-06-13T16:46:37.124+08:00 MARKER sdk=1 host=1 enabled=1 sent=1 result=0 message=EVENT EXP2_OBJECT_STAGE_CHANGED trial_id=Exp2_001 rel=1884.261230 unix=1781340397145 bjt=2026-06-13T16:46:37.145+08:00 condition=E2_FIXED_PROGRESSIVE object_index=3 previous_stage=2 new_stage=3 progress=1.000000 object_stages=1:3|2:3|3:3|4:
2026-06-13T16:46:37.124+08:00 MARKER sdk=1 host=1 enabled=1 sent=1 result=0 message=EVENT EXP2_OBJECT_STAGE_CHANGED trial_id=Exp2_001 rel=1884.261230 unix=1781340397145 bjt=2026-06-13T16:46:37.145+08:00 condition=E2_FIXED_PROGRESSIVE object_index=4 previous_stage=2 new_stage=3 progress=1.000000 object_stages=1:3|2:3|3:3|4:
2026-06-13T16:46:37.126+08:00 MARKER sdk=1 host=1 enabled=1 sent=1 result=0 message=EVENT EXP2_LOADING_COMPLETE trial_id=Exp2_001 rel=1884.261230 unix=1781340397145 bjt=2026-06-13T16:46:37.145+08:00 condition=E2_FIXED_PROGRESSIVE
2026-06-13T16:46:40.214+08:00 MARKER sdk=1 host=1 enabled=1 sent=1 result=0 message=EVENT EXP2_PENDING_SELECTION trial_id=Exp2_001 rel=1887.353516 unix=1781340400238 bjt=2026-06-13T16:46:40.237+08:00 condition=E2_FIXED_PROGRESSIVE selected=4 selected_content=2 changes=1
2026-06-13T16:47:02.334+08:00 MARKER sdk=1 host=1 enabled=1 sent=1 result=0 message=EVENT EXP2_PENDING_SELECTION trial_id=Exp2_001 rel=1909.473267 unix=1781340422358 bjt=2026-06-13T16:47:02.357+08:00 condition=E2_FIXED_PROGRESSIVE selected=3 selected_content=1 changes=2
2026-06-13T16:47:15.605+08:00 MARKER sdk=1 host=1 enabled=1 sent=1 result=0 message=EVENT EXP2_SUBMIT_SELECTION trial_id=Exp2_001 rel=1922.744507 unix=1781340435629 bjt=2026-06-13T16:47:15.628+08:00 condition=E2_FIXED_PROGRESSIVE selected=3 selected_content=1 correct=1
2026-06-13T16:47:15.607+08:00 MARKER sdk=1 host=1 enabled=1 sent=1 result=0 message=TRIAL_RESULT Exp2_001 selected=3 correct=1
2026-06-13T16:49:05.922+08:00 MARKER sdk=1 host=1 enabled=1 sent=1 result=0 message=TRIALID Exp2_002
2026-06-13T16:49:05.923+08:00 MARKER sdk=1 host=1 enabled=1 sent=1 result=0 message=!V TRIAL_VAR participant A029
2026-06-13T16:49:05.923+08:00 MARKER sdk=1 host=1 enabled=1 sent=1 result=0 message=!V TRIAL_VAR experiment EXP2
2026-06-13T16:49:05.923+08:00 MARKER sdk=1 host=1 enabled=1 sent=1 result=0 message=!V TRIAL_VAR condition E3_SPATIAL_NONPROGRESSIVE
2026-06-13T16:49:05.923+08:00 MARKER sdk=1 host=1 enabled=1 sent=1 result=0 message=!V TRIAL_VAR spatial_continuity 1
2026-06-13T16:49:05.923+08:00 MARKER sdk=1 host=1 enabled=1 sent=1 result=0 message=!V TRIAL_VAR progressive_availability 0
2026-06-13T16:49:05.923+08:00 MARKER sdk=1 host=1 enabled=1 sent=1 result=0 message=!V TRIAL_VAR target_index 1
2026-06-13T16:49:05.924+08:00 MARKER sdk=1 host=1 enabled=1 sent=1 result=0 message=!V TRIAL_VAR target_display_index 1
2026-06-13T16:49:05.924+08:00 MARKER sdk=1 host=1 enabled=1 sent=1 result=0 message=!V TRIAL_VAR target_content_index 3
2026-06-13T16:49:05.924+08:00 MARKER sdk=1 host=1 enabled=1 sent=1 result=0 message=!V TRIAL_VAR target_label 脖子
2026-06-13T16:49:05.924+08:00 MARKER sdk=1 host=1 enabled=1 sent=1 result=0 message=!V TRIAL_VAR slot_permutation 1:3|2:1|3:2|4:4
2026-06-13T16:49:05.924+08:00 MARKER sdk=1 host=1 enabled=1 sent=1 result=0 message=!V TRIAL_VAR sequence_group 2
2026-06-13T16:49:05.924+08:00 MARKER sdk=1 host=1 enabled=1 sent=1 result=0 message=!V TRIAL_VAR sequence_index 2
2026-06-13T16:49:05.924+08:00 MARKER sdk=1 host=1 enabled=1 sent=1 result=0 message=EVENT EXP2_LOADING_START trial_id=Exp2_002 rel=2032.951050 unix=1781340545835 bjt=2026-06-13T16:49:05.835+08:00 condition=E3_SPATIAL_NONPROGRESSIVE
2026-06-13T16:49:17.909+08:00 MARKER sdk=1 host=1 enabled=1 sent=1 result=0 message=EVENT EXP2_OBJECT_STAGE_CHANGED trial_id=Exp2_002 rel=2044.938965 unix=1781340557823 bjt=2026-06-13T16:49:17.823+08:00 condition=E3_SPATIAL_NONPROGRESSIVE object_index=1 previous_stage=0 new_stage=3 progress=1.000000 object_stages=1:3|2:0|3
2026-06-13T16:49:17.909+08:00 MARKER sdk=1 host=1 enabled=1 sent=1 result=0 message=EVENT EXP2_STAGE_3_START trial_id=Exp2_002 rel=2044.938965 unix=1781340557823 bjt=2026-06-13T16:49:17.823+08:00 condition=E3_SPATIAL_NONPROGRESSIVE stage=3 first_object_index=1 progress=1.000000 object_stages=1:3|2:0|3:0|4:0
2026-06-13T16:49:17.910+08:00 MARKER sdk=1 host=1 enabled=1 sent=1 result=0 message=EVENT EXP2_OBJECT_STAGE_CHANGED trial_id=Exp2_002 rel=2044.938965 unix=1781340557823 bjt=2026-06-13T16:49:17.823+08:00 condition=E3_SPATIAL_NONPROGRESSIVE object_index=2 previous_stage=0 new_stage=3 progress=1.000000 object_stages=1:3|2:3|3
2026-06-13T16:49:17.910+08:00 MARKER sdk=1 host=1 enabled=1 sent=1 result=0 message=EVENT EXP2_OBJECT_STAGE_CHANGED trial_id=Exp2_002 rel=2044.938965 unix=1781340557823 bjt=2026-06-13T16:49:17.823+08:00 condition=E3_SPATIAL_NONPROGRESSIVE object_index=3 previous_stage=0 new_stage=3 progress=1.000000 object_stages=1:3|2:3|3
2026-06-13T16:49:17.911+08:00 MARKER sdk=1 host=1 enabled=1 sent=1 result=0 message=EVENT EXP2_OBJECT_STAGE_CHANGED trial_id=Exp2_002 rel=2044.938965 unix=1781340557823 bjt=2026-06-13T16:49:17.823+08:00 condition=E3_SPATIAL_NONPROGRESSIVE object_index=4 previous_stage=0 new_stage=3 progress=1.000000 object_stages=1:3|2:3|3
2026-06-13T16:49:17.911+08:00 MARKER sdk=1 host=1 enabled=1 sent=1 result=0 message=EVENT EXP2_LOADING_COMPLETE trial_id=Exp2_002 rel=2044.938965 unix=1781340557823 bjt=2026-06-13T16:49:17.823+08:00 condition=E3_SPATIAL_NONPROGRESSIVE
2026-06-13T16:49:24.791+08:00 MARKER sdk=1 host=1 enabled=1 sent=1 result=0 message=EVENT EXP2_PENDING_SELECTION trial_id=Exp2_002 rel=2051.821045 unix=1781340564705 bjt=2026-06-13T16:49:24.705+08:00 condition=E3_SPATIAL_NONPROGRESSIVE selected=3 selected_content=2 changes=1
2026-06-13T16:49:28.033+08:00 MARKER sdk=1 host=1 enabled=1 sent=1 result=0 message=EVENT EXP2_SUBMIT_SELECTION trial_id=Exp2_002 rel=2055.062500 unix=1781340567947 bjt=2026-06-13T16:49:27.946+08:00 condition=E3_SPATIAL_NONPROGRESSIVE selected=3 selected_content=2 correct=0
2026-06-13T16:49:28.034+08:00 MARKER sdk=1 host=1 enabled=1 sent=1 result=0 message=TRIAL_RESULT Exp2_002 selected=3 correct=0
2026-06-13T16:50:47.191+08:00 MARKER sdk=1 host=1 enabled=1 sent=1 result=0 message=TRIALID Exp2_003
2026-06-13T16:50:47.191+08:00 MARKER sdk=1 host=1 enabled=1 sent=1 result=0 message=!V TRIAL_VAR participant A029
2026-06-13T16:50:47.192+08:00 MARKER sdk=1 host=1 enabled=1 sent=1 result=0 message=!V TRIAL_VAR experiment EXP2
2026-06-13T16:50:47.192+08:00 MARKER sdk=1 host=1 enabled=1 sent=1 result=0 message=!V TRIAL_VAR condition E1_SPATIAL_PROGRESSIVE
2026-06-13T16:50:47.192+08:00 MARKER sdk=1 host=1 enabled=1 sent=1 result=0 message=!V TRIAL_VAR spatial_continuity 1
2026-06-13T16:50:47.192+08:00 MARKER sdk=1 host=1 enabled=1 sent=1 result=0 message=!V TRIAL_VAR progressive_availability 1
2026-06-13T16:50:47.192+08:00 MARKER sdk=1 host=1 enabled=1 sent=1 result=0 message=!V TRIAL_VAR target_index 4
2026-06-13T16:50:47.192+08:00 MARKER sdk=1 host=1 enabled=1 sent=1 result=0 message=!V TRIAL_VAR target_display_index 4
2026-06-13T16:50:47.192+08:00 MARKER sdk=1 host=1 enabled=1 sent=1 result=0 message=!V TRIAL_VAR target_content_index 2
2026-06-13T16:50:47.192+08:00 MARKER sdk=1 host=1 enabled=1 sent=1 result=0 message=!V TRIAL_VAR target_label 右脸
2026-06-13T16:50:47.193+08:00 MARKER sdk=1 host=1 enabled=1 sent=1 result=0 message=!V TRIAL_VAR slot_permutation 1:4|2:1|3:3|4:2
2026-06-13T16:50:47.193+08:00 MARKER sdk=1 host=1 enabled=1 sent=1 result=0 message=!V TRIAL_VAR sequence_group 2
2026-06-13T16:50:47.193+08:00 MARKER sdk=1 host=1 enabled=1 sent=1 result=0 message=!V TRIAL_VAR sequence_index 3
2026-06-13T16:50:47.193+08:00 MARKER sdk=1 host=1 enabled=1 sent=1 result=0 message=EVENT EXP2_LOADING_START trial_id=Exp2_003 rel=2134.220703 unix=1781340647105 bjt=2026-06-13T16:50:47.104+08:00 condition=E1_SPATIAL_PROGRESSIVE
2026-06-13T16:50:51.175+08:00 MARKER sdk=1 host=1 enabled=1 sent=1 result=0 message=EVENT EXP2_OBJECT_STAGE_CHANGED trial_id=Exp2_003 rel=2138.204834 unix=1781340651089 bjt=2026-06-13T16:50:51.089+08:00 condition=E1_SPATIAL_PROGRESSIVE object_index=1 previous_stage=0 new_stage=1 progress=0.333863 object_stages=1:1|2:0|3:0|
2026-06-13T16:50:51.176+08:00 MARKER sdk=1 host=1 enabled=1 sent=1 result=0 message=EVENT EXP2_STAGE_1_START trial_id=Exp2_003 rel=2138.204834 unix=1781340651089 bjt=2026-06-13T16:50:51.089+08:00 condition=E1_SPATIAL_PROGRESSIVE stage=1 first_object_index=1 progress=0.333863 object_stages=1:1|2:0|3:0|4:0
2026-06-13T16:50:51.177+08:00 MARKER sdk=1 host=1 enabled=1 sent=1 result=0 message=EVENT EXP2_OBJECT_STAGE_CHANGED trial_id=Exp2_003 rel=2138.204834 unix=1781340651089 bjt=2026-06-13T16:50:51.089+08:00 condition=E1_SPATIAL_PROGRESSIVE object_index=2 previous_stage=0 new_stage=1 progress=0.333863 object_stages=1:1|2:1|3:0|
2026-06-13T16:50:51.178+08:00 MARKER sdk=1 host=1 enabled=1 sent=1 result=0 message=EVENT EXP2_OBJECT_STAGE_CHANGED trial_id=Exp2_003 rel=2138.204834 unix=1781340651089 bjt=2026-06-13T16:50:51.089+08:00 condition=E1_SPATIAL_PROGRESSIVE object_index=3 previous_stage=0 new_stage=1 progress=0.333863 object_stages=1:1|2:1|3:1|
2026-06-13T16:50:51.178+08:00 MARKER sdk=1 host=1 enabled=1 sent=1 result=0 message=EVENT EXP2_OBJECT_STAGE_CHANGED trial_id=Exp2_003 rel=2138.204834 unix=1781340651089 bjt=2026-06-13T16:50:51.089+08:00 condition=E1_SPATIAL_PROGRESSIVE object_index=4 previous_stage=0 new_stage=1 progress=0.333863 object_stages=1:1|2:1|3:1|
2026-06-13T16:50:53.186+08:00 MARKER sdk=1 host=1 enabled=1 sent=1 result=0 message=EVENT EXP2_OBJECT_STAGE_CHANGED trial_id=Exp2_003 rel=2140.214355 unix=1781340653099 bjt=2026-06-13T16:50:53.098+08:00 condition=E1_SPATIAL_PROGRESSIVE object_index=1 previous_stage=1 new_stage=2 progress=0.501312 object_stages=1:2|2:1|3:1|
2026-06-13T16:50:53.187+08:00 MARKER sdk=1 host=1 enabled=1 sent=1 result=0 message=EVENT EXP2_STAGE_2_START trial_id=Exp2_003 rel=2140.214355 unix=1781340653099 bjt=2026-06-13T16:50:53.098+08:00 condition=E1_SPATIAL_PROGRESSIVE stage=2 first_object_index=1 progress=0.501312 object_stages=1:2|2:1|3:1|4:1
2026-06-13T16:50:53.189+08:00 MARKER sdk=1 host=1 enabled=1 sent=1 result=0 message=EVENT EXP2_OBJECT_STAGE_CHANGED trial_id=Exp2_003 rel=2140.214355 unix=1781340653099 bjt=2026-06-13T16:50:53.098+08:00 condition=E1_SPATIAL_PROGRESSIVE object_index=2 previous_stage=1 new_stage=2 progress=0.501312 object_stages=1:2|2:2|3:1|
2026-06-13T16:50:53.189+08:00 MARKER sdk=1 host=1 enabled=1 sent=1 result=0 message=EVENT EXP2_OBJECT_STAGE_CHANGED trial_id=Exp2_003 rel=2140.214355 unix=1781340653099 bjt=2026-06-13T16:50:53.098+08:00 condition=E1_SPATIAL_PROGRESSIVE object_index=3 previous_stage=1 new_stage=2 progress=0.501312 object_stages=1:2|2:2|3:2|
2026-06-13T16:50:53.190+08:00 MARKER sdk=1 host=1 enabled=1 sent=1 result=0 message=EVENT EXP2_OBJECT_STAGE_CHANGED trial_id=Exp2_003 rel=2140.214355 unix=1781340653099 bjt=2026-06-13T16:50:53.098+08:00 condition=E1_SPATIAL_PROGRESSIVE object_index=4 previous_stage=1 new_stage=2 progress=0.501312 object_stages=1:2|2:2|3:2|
2026-06-13T16:50:53.190+08:00 MARKER sdk=1 host=1 enabled=1 sent=1 result=0 message=EVENT EXP2_PROGRESSIVE_USABLE trial_id=Exp2_003 rel=2140.214355 unix=1781340653099 bjt=2026-06-13T16:50:53.098+08:00 condition=E1_SPATIAL_PROGRESSIVE target_display_index=4 target_content_index=2 target_label=右脸 stage=2 progress=0.501312
2026-06-13T16:50:59.175+08:00 MARKER sdk=1 host=1 enabled=1 sent=1 result=0 message=EVENT EXP2_OBJECT_STAGE_CHANGED trial_id=Exp2_003 rel=2146.203857 unix=1781340659088 bjt=2026-06-13T16:50:59.088+08:00 condition=E1_SPATIAL_PROGRESSIVE object_index=1 previous_stage=2 new_stage=3 progress=1.000000 object_stages=1:3|2:2|3:2|
2026-06-13T16:50:59.176+08:00 MARKER sdk=1 host=1 enabled=1 sent=1 result=0 message=EVENT EXP2_STAGE_3_START trial_id=Exp2_003 rel=2146.203857 unix=1781340659088 bjt=2026-06-13T16:50:59.088+08:00 condition=E1_SPATIAL_PROGRESSIVE stage=3 first_object_index=1 progress=1.000000 object_stages=1:3|2:2|3:2|4:2
2026-06-13T16:50:59.177+08:00 MARKER sdk=1 host=1 enabled=1 sent=1 result=0 message=EVENT EXP2_OBJECT_STAGE_CHANGED trial_id=Exp2_003 rel=2146.203857 unix=1781340659088 bjt=2026-06-13T16:50:59.088+08:00 condition=E1_SPATIAL_PROGRESSIVE object_index=2 previous_stage=2 new_stage=3 progress=1.000000 object_stages=1:3|2:3|3:2|
2026-06-13T16:50:59.177+08:00 MARKER sdk=1 host=1 enabled=1 sent=1 result=0 message=EVENT EXP2_OBJECT_STAGE_CHANGED trial_id=Exp2_003 rel=2146.203857 unix=1781340659088 bjt=2026-06-13T16:50:59.088+08:00 condition=E1_SPATIAL_PROGRESSIVE object_index=3 previous_stage=2 new_stage=3 progress=1.000000 object_stages=1:3|2:3|3:3|
2026-06-13T16:50:59.178+08:00 MARKER sdk=1 host=1 enabled=1 sent=1 result=0 message=EVENT EXP2_OBJECT_STAGE_CHANGED trial_id=Exp2_003 rel=2146.203857 unix=1781340659088 bjt=2026-06-13T16:50:59.088+08:00 condition=E1_SPATIAL_PROGRESSIVE object_index=4 previous_stage=2 new_stage=3 progress=1.000000 object_stages=1:3|2:3|3:3|
2026-06-13T16:50:59.178+08:00 MARKER sdk=1 host=1 enabled=1 sent=1 result=0 message=EVENT EXP2_LOADING_COMPLETE trial_id=Exp2_003 rel=2146.203857 unix=1781340659088 bjt=2026-06-13T16:50:59.088+08:00 condition=E1_SPATIAL_PROGRESSIVE
2026-06-13T16:51:05.742+08:00 MARKER sdk=1 host=1 enabled=1 sent=1 result=0 message=EVENT EXP2_PENDING_SELECTION trial_id=Exp2_003 rel=2152.772217 unix=1781340665656 bjt=2026-06-13T16:51:05.656+08:00 condition=E1_SPATIAL_PROGRESSIVE selected=4 selected_content=2 changes=1
2026-06-13T16:51:10.530+08:00 MARKER sdk=1 host=1 enabled=1 sent=1 result=0 message=EVENT EXP2_SUBMIT_SELECTION trial_id=Exp2_003 rel=2157.559326 unix=1781340670444 bjt=2026-06-13T16:51:10.443+08:00 condition=E1_SPATIAL_PROGRESSIVE selected=4 selected_content=2 correct=1
2026-06-13T16:51:10.531+08:00 MARKER sdk=1 host=1 enabled=1 sent=1 result=0 message=TRIAL_RESULT Exp2_003 selected=4 correct=1
2026-06-13T16:52:38.599+08:00 MARKER sdk=1 host=1 enabled=1 sent=1 result=0 message=TRIALID Exp2_004
2026-06-13T16:52:38.600+08:00 MARKER sdk=1 host=1 enabled=1 sent=1 result=0 message=!V TRIAL_VAR participant A029
2026-06-13T16:52:38.600+08:00 MARKER sdk=1 host=1 enabled=1 sent=1 result=0 message=!V TRIAL_VAR experiment EXP2
2026-06-13T16:52:38.600+08:00 MARKER sdk=1 host=1 enabled=1 sent=1 result=0 message=!V TRIAL_VAR condition E4_FIXED_NONPROGRESSIVE
2026-06-13T16:52:38.600+08:00 MARKER sdk=1 host=1 enabled=1 sent=1 result=0 message=!V TRIAL_VAR spatial_continuity 0
2026-06-13T16:52:38.600+08:00 MARKER sdk=1 host=1 enabled=1 sent=1 result=0 message=!V TRIAL_VAR progressive_availability 0
2026-06-13T16:52:38.600+08:00 MARKER sdk=1 host=1 enabled=1 sent=1 result=0 message=!V TRIAL_VAR target_index 2
2026-06-13T16:52:38.600+08:00 MARKER sdk=1 host=1 enabled=1 sent=1 result=0 message=!V TRIAL_VAR target_display_index 2
2026-06-13T16:52:38.601+08:00 MARKER sdk=1 host=1 enabled=1 sent=1 result=0 message=!V TRIAL_VAR target_content_index 4
2026-06-13T16:52:38.601+08:00 MARKER sdk=1 host=1 enabled=1 sent=1 result=0 message=!V TRIAL_VAR target_label 头顶
2026-06-13T16:52:38.601+08:00 MARKER sdk=1 host=1 enabled=1 sent=1 result=0 message=!V TRIAL_VAR slot_permutation 1:2|2:4|3:3|4:1
2026-06-13T16:52:38.601+08:00 MARKER sdk=1 host=1 enabled=1 sent=1 result=0 message=!V TRIAL_VAR sequence_group 2
2026-06-13T16:52:38.601+08:00 MARKER sdk=1 host=1 enabled=1 sent=1 result=0 message=!V TRIAL_VAR sequence_index 4
2026-06-13T16:52:38.601+08:00 MARKER sdk=1 host=1 enabled=1 sent=1 result=0 message=EVENT EXP2_LOADING_START trial_id=Exp2_004 rel=2245.628662 unix=1781340758513 bjt=2026-06-13T16:52:38.512+08:00 condition=E4_FIXED_NONPROGRESSIVE
2026-06-13T16:52:50.587+08:00 MARKER sdk=1 host=1 enabled=1 sent=1 result=0 message=EVENT EXP2_OBJECT_STAGE_CHANGED trial_id=Exp2_004 rel=2257.617188 unix=1781340770501 bjt=2026-06-13T16:52:50.501+08:00 condition=E4_FIXED_NONPROGRESSIVE object_index=1 previous_stage=0 new_stage=3 progress=1.000000 object_stages=1:3|2:0|3:0
2026-06-13T16:52:50.588+08:00 MARKER sdk=1 host=1 enabled=1 sent=1 result=0 message=EVENT EXP2_STAGE_3_START trial_id=Exp2_004 rel=2257.617188 unix=1781340770501 bjt=2026-06-13T16:52:50.501+08:00 condition=E4_FIXED_NONPROGRESSIVE stage=3 first_object_index=1 progress=1.000000 object_stages=1:3|2:0|3:0|4:0
2026-06-13T16:52:50.588+08:00 MARKER sdk=1 host=1 enabled=1 sent=1 result=0 message=EVENT EXP2_OBJECT_STAGE_CHANGED trial_id=Exp2_004 rel=2257.617188 unix=1781340770501 bjt=2026-06-13T16:52:50.501+08:00 condition=E4_FIXED_NONPROGRESSIVE object_index=2 previous_stage=0 new_stage=3 progress=1.000000 object_stages=1:3|2:3|3:0
2026-06-13T16:52:50.589+08:00 MARKER sdk=1 host=1 enabled=1 sent=1 result=0 message=EVENT EXP2_OBJECT_STAGE_CHANGED trial_id=Exp2_004 rel=2257.617188 unix=1781340770501 bjt=2026-06-13T16:52:50.501+08:00 condition=E4_FIXED_NONPROGRESSIVE object_index=3 previous_stage=0 new_stage=3 progress=1.000000 object_stages=1:3|2:3|3:3
2026-06-13T16:52:50.589+08:00 MARKER sdk=1 host=1 enabled=1 sent=1 result=0 message=EVENT EXP2_OBJECT_STAGE_CHANGED trial_id=Exp2_004 rel=2257.617188 unix=1781340770501 bjt=2026-06-13T16:52:50.501+08:00 condition=E4_FIXED_NONPROGRESSIVE object_index=4 previous_stage=0 new_stage=3 progress=1.000000 object_stages=1:3|2:3|3:3
2026-06-13T16:52:50.590+08:00 MARKER sdk=1 host=1 enabled=1 sent=1 result=0 message=EVENT EXP2_LOADING_COMPLETE trial_id=Exp2_004 rel=2257.617188 unix=1781340770501 bjt=2026-06-13T16:52:50.501+08:00 condition=E4_FIXED_NONPROGRESSIVE
2026-06-13T16:53:02.343+08:00 MARKER sdk=1 host=1 enabled=1 sent=1 result=0 message=EVENT EXP2_PENDING_SELECTION trial_id=Exp2_004 rel=2269.372803 unix=1781340782257 bjt=2026-06-13T16:53:02.257+08:00 condition=E4_FIXED_NONPROGRESSIVE selected=1 selected_content=2 changes=1
2026-06-13T16:53:06.708+08:00 MARKER sdk=1 host=1 enabled=1 sent=1 result=0 message=EVENT EXP2_SUBMIT_SELECTION trial_id=Exp2_004 rel=2273.738281 unix=1781340786623 bjt=2026-06-13T16:53:06.622+08:00 condition=E4_FIXED_NONPROGRESSIVE selected=1 selected_content=2 correct=0
2026-06-13T16:53:06.711+08:00 MARKER sdk=1 host=1 enabled=1 sent=1 result=0 message=TRIAL_RESULT Exp2_004 selected=1 correct=0
2026-06-13T16:54:18.055+08:00 MARKER sdk=1 host=1 enabled=1 sent=1 result=0 message=EVENT EXPERIMENT_END_SCREEN_SHOWN participant=A029 unix=1781340858055 bjt=2026-06-13_16:54:18.055
2026-06-13T16:54:18.055+08:00 FORMAL_RECORDING step=FINISH_REQUESTED success=1 reason=experiment_end_door edf=FM162433.EDF recording=1 opened=1
2026-06-13T16:54:18.055+08:00 MARKER sdk=1 host=1 enabled=1 sent=1 result=0 message=FORMAL_RECORDING_END participant=A029 rel=2345.084 unix=1781340858055 bjt=2026-06-13T16:54:18.055+08:00 edf=FM162433.EDF source=ue_formal reason=experiment_end_door
2026-06-13T16:54:18.161+08:00 FORMAL_RECORDING step=RECORDING_STOPPED success=1 result=0
2026-06-13T16:54:18.162+08:00 FORMAL_RECORDING step=EDF_CLOSED success=1 edf=FM162433.EDF result=0
2026-06-13T16:54:21.605+08:00 EDF_RECEIVE_ATTEMPT source_tag=formal attempt=full_path source=FM162433.EDF dest=../../../../../../Project/UE5/Gallery/Saved/ExperimentData/EDF/FM162433.EDF dest_is_path=0 result=95299202 exists=1 size=95299202
2026-06-13T16:54:21.605+08:00 FORMAL_RECORDING step=EDF_RECEIVED_TO_DPC success=1 edf=FM162433.EDF local=../../../../../../Project/UE5/Gallery/Saved/ExperimentData/EDF/FM162433.EDF result=95299202 size=95299202
2026-06-13T16:54:21.605+08:00 FORMAL_RECORDING step=FINISHED success=1 reason=experiment_end_door edf=FM162433.EDF local=../../../../../../Project/UE5/Gallery/Saved/ExperimentData/EDF/FM162433.EDF
