2026-06-12T09:31:16.692+08:00 STATUS start_ui_status sdk=connected host=not_connected log=
2026-06-12T09:31:26.861+08:00 FORMAL_RECORDING step=EDF_OPEN_REQUESTED success=1 participant=A002 edf=FM093126.EDF source=calibration_button
2026-06-12T09:31:26.861+08:00 CONNECT method=open_eyelink_connection ip=100.1.1.1
2026-06-12T09:31:26.897+08:00 CONNECT_RESULT method=open_eyelink_connection result=0 connected=1
2026-06-12T09:31:26.897+08:00 STATUS host_connected=1 sdk_available=1 note=connection_opened_high_level
2026-06-12T09:31:26.898+08:00 FORMAL_RECORDING step=HOST_CONNECTED success=1 sdk=1 host=1 source=calibration_button
2026-06-12T09:31:27.022+08:00 FORMAL_RECORDING step=EDF_OPENED success=1 edf=FM093126.EDF result=0 source=calibration_button
2026-06-12T09:31:27.067+08:00 FORMAL_EDF_MARKER sdk=1 host=1 opened=1 sent=1 message=FORMAL_EDF_OPENED participant=A002 rel=10.351 unix=1781227887067 bjt=2026-06-12T09:31:27.067+08:00 edf=FM093126.EDF source=ue_formal open_result=0 source_tag=calibration_button
2026-06-12T09:31:27.068+08:00 FORMAL_EDF_MARKER sdk=1 host=1 opened=1 sent=1 message=FORMAL_SESSION_PREPARED participant=A002 rel=10.351 unix=1781227887068 bjt=2026-06-12T09:31:27.068+08:00 edf=FM093126.EDF source=ue_formal calibration_complete=0
2026-06-12T09:31:27.068+08:00 FORMAL_EDF_MARKER sdk=1 host=1 opened=1 sent=1 message=CALIBRATION_REQUESTED participant=A002 rel=10.351 unix=1781227887068 bjt=2026-06-12T09:31:27.068+08:00 edf=FM093126.EDF source=ue_formal open_result=0
2026-06-12T09:31:27.068+08:00 CALIBRATION step=REQUESTED success=1 note=run_eyelink_tracker_setup
2026-06-12T09:31:27.068+08:00 CALIBRATION step=HOST_CONNECTED success=1 sdk=1 host=1 graphics=1
2026-06-12T09:31:27.074+08:00 CALIBRATION_DISPLAY_INIT success=1 result=0 error=
2026-06-12T09:31:27.074+08:00 CALIBRATION_DISPLAY_LIST count=2 requested_index=1 explicit=1
2026-06-12T09:31:27.074+08:00 CALIBRATION_DISPLAY index=0 name=Dell XPS 15 SDC414D Display bounds_result=0 x=0 y=0 w=1920 h=1080 mode_result=0 mode_w=1920 mode_h=1080 refresh=60
2026-06-12T09:31:27.074+08:00 CALIBRATION_DISPLAY index=1 name=Acer GR235H bounds_result=0 x=0 y=-1080 w=1920 h=1080 mode_result=0 mode_w=1920 mode_h=1080 refresh=60
2026-06-12T09:31:27.169+08:00 CALIBRATION step=GRAPHICS_INITIALIZED success=1 result=0 explicit_request=1 display_index=1 window_ptr=0000024FEFD94C68 width=1920 height=1080 bits=32 refresh=60.00
2026-06-12T09:31:27.178+08:00 CALIBRATION step=REGISTERED_WINDOW_MOVED success=1 requested_display=1 actual_display=1 requested_x=0 requested_y=-1080 requested_w=1920 requested_h=1080 actual_x=0 actual_y=-1080 actual_w=1920 actual_h=1080
2026-06-12T09:31:27.192+08:00 FORMAL_EDF_MARKER sdk=1 host=1 opened=1 sent=1 message=CALIBRATION_SETUP_START participant=A002 rel=10.351 unix=1781227887192 bjt=2026-06-12T09:31:27.192+08:00 edf=FM093126.EDF source=ue_formal calibration_type=HV9 width=1920 height=1080
2026-06-12T09:31:27.192+08:00 CALIBRATION step=TRACKER_SETUP_BEGIN success=1 detail=call_do_tracker_setup
2026-06-12T09:34:19.986+08:00 CALIBRATION step=TRACKER_SETUP_RETURNED success=1 result=0
2026-06-12T09:34:19.987+08:00 FORMAL_EDF_MARKER sdk=1 host=1 opened=1 sent=1 message=CALIBRATION_SETUP_END participant=A002 rel=10.351 unix=1781228059987 bjt=2026-06-12T09:34:19.987+08:00 edf=FM093126.EDF source=ue_formal setup_result=0
2026-06-12T09:34:22.029+08:00 CALIBRATION step=GRAPHICS_CLOSED success=1
2026-06-12T09:34:22.029+08:00 CALIBRATION step=CALIBRATION_WINDOW_DESTROYED success=1
2026-06-12T09:34:22.029+08:00 CALIBRATION step=FINISHED success=1 result=0
2026-06-12T09:34:22.029+08:00 FORMAL_EDF_MARKER sdk=1 host=1 opened=1 sent=1 message=CALIBRATION_STATUS participant=A002 rel=10.351 unix=1781228062029 bjt=2026-06-12T09:34:22.029+08:00 edf=FM093126.EDF source=ue_formal calibration_complete=1
2026-06-12T09:34:22.029+08:00 FORMAL_CALIBRATION step=FINISHED success=1 participant=A002 edf=FM093126.EDF open_result=0
2026-06-12T09:34:22.029+08:00 STATUS start_ui_status sdk=connected host=connected log=../../../../../../Project/UE5/Gallery/Saved/ExperimentLogs/EyeLinkMarkers_20260612_093116_691.log
2026-06-12T09:34:33.980+08:00 FORMAL_RECORDING step=EDF_ALREADY_OPEN success=1 participant=A002 edf=FM093126.EDF source=start_button_preopened calibration_complete=1
2026-06-12T09:34:33.988+08:00 FORMAL_RECORDING step=RECORDING_STARTED success=1 result=0 edf=FM093126.EDF preopened=1 calibration_complete=1
2026-06-12T09:34:33.988+08:00 MARKER sdk=1 host=1 enabled=1 sent=1 result=0 message=FORMAL_RECORDING_START participant=A002 rel=21.617 unix=1781228073988 bjt=2026-06-12T09:34:33.988+08:00 edf=FM093126.EDF source=ue_formal open_result=0 record_result=0 edf_preopened=1 calibration_complete=1
2026-06-12T09:34:33.989+08:00 STATUS formal_recording_start_requested participant=A002 success=1 edf=FM093126.EDF calibration_complete=1
2026-06-12T09:34:33.989+08:00 STATUS start_ui_status sdk=connected host=connected log=../../../../../../Project/UE5/Gallery/Saved/ExperimentLogs/EyeLinkMarkers_20260612_093116_691.log
2026-06-12T09:34:33.989+08:00 MARKER sdk=1 host=1 enabled=1 sent=1 result=0 message=RECORDING_TIME_REFERENCE participant=A002 rel=21.617 unix=1781228073989 bjt=2026-06-12T09:34:33.989+08:00 source=ue_session_start
2026-06-12T09:34:33.989+08:00 MARKER sdk=1 host=1 enabled=1 sent=1 result=0 message=SESSION_START participant=A002 rel=21.617 unix=1781228073989 bjt=2026-06-12T09:34:33.989+08:00
2026-06-12T09:34:33.989+08:00 MARKER sdk=1 host=1 enabled=1 sent=1 result=0 message=EXPERIMENT_RUN_MODE EXP1_THEN_EXP2
2026-06-12T09:34:33.992+08:00 MARKER sdk=1 host=1 enabled=1 sent=1 result=0 message=SCREEN_RECORDING_REQUEST enabled=1 started=1 participant=A002
2026-06-12T09:35:16.445+08:00 MARKER sdk=1 host=1 enabled=1 sent=1 result=0 message=TRIALID T001
2026-06-12T09:35:16.445+08:00 MARKER sdk=1 host=1 enabled=1 sent=1 result=0 message=EVENT LOADING_INTERACT trial=T001 rel=64.099 unix=1781228116470 bjt=2026-06-12T09:35:16.470+08:00
2026-06-12T09:35:16.445+08:00 MARKER sdk=1 host=1 enabled=1 sent=1 result=0 message=EVENT LOADING_START trial=T001 rel=64.099 unix=1781228116470 bjt=2026-06-12T09:35:16.470+08:00
2026-06-12T09:35:16.445+08:00 MARKER sdk=1 host=1 enabled=1 sent=1 result=0 message=!V TRIAL_VAR participant A002
2026-06-12T09:35:16.445+08:00 MARKER sdk=1 host=1 enabled=1 sent=1 result=0 message=!V TRIAL_VAR experiment EXP1
2026-06-12T09:35:16.446+08:00 MARKER sdk=1 host=1 enabled=1 sent=1 result=0 message=!V TRIAL_VAR exhibit_id Ex1_TEST
2026-06-12T09:35:16.446+08:00 MARKER sdk=1 host=1 enabled=1 sent=1 result=0 message=!V TRIAL_VAR exhibit_name 测试展品
2026-06-12T09:35:16.446+08:00 MARKER sdk=1 host=1 enabled=1 sent=1 result=0 message=!V TRIAL_VAR condition A
2026-06-12T09:35:16.446+08:00 MARKER sdk=1 host=1 enabled=1 sent=1 result=0 message=!V TRIAL_VAR latin_group NA
2026-06-12T09:35:16.446+08:00 MARKER sdk=1 host=1 enabled=1 sent=1 result=0 message=!V TRIAL_VAR sequence_index -1
2026-06-12T09:35:16.446+08:00 MARKER sdk=1 host=1 enabled=1 sent=1 result=0 message=!V TRIAL_VAR sequence_label NA
2026-06-12T09:35:18.429+08:00 MARKER sdk=1 host=1 enabled=1 sent=1 result=0 message=EVENT LOADING_COMPLETE trial=T001 rel=66.082 unix=1781228118454 bjt=2026-06-12T09:35:18.454+08:00
2026-06-12T09:35:20.831+08:00 MARKER sdk=1 host=1 enabled=1 sent=1 result=0 message=EVENT VIEWER_ENTER trial=T001 rel=68.482 unix=1781228120854 bjt=2026-06-12T09:35:20.854+08:00
2026-06-12T09:35:20.831+08:00 MARKER sdk=1 host=1 enabled=1 sent=1 result=0 message=EVENT QUESTION_START trial=T001 rel=68.482 unix=1781228120854 bjt=2026-06-12T09:35:20.854+08:00 q=1 total=2 correct_index=-1 correct_label=NotAnswered
2026-06-12T09:35:25.689+08:00 MARKER sdk=1 host=1 enabled=1 sent=1 result=0 message=EVENT QUESTION_SUBMIT trial=T001 rel=73.327 unix=1781228125699 bjt=2026-06-12T09:35:25.698+08:00 q=1 option=A correct_index=-1 correct_label=NotAnswered is_correct=-1
2026-06-12T09:35:25.690+08:00 MARKER sdk=1 host=1 enabled=1 sent=1 result=0 message=EVENT QUESTION_START trial=T001 rel=73.327 unix=1781228125699 bjt=2026-06-12T09:35:25.698+08:00 q=2 total=2 correct_index=-1 correct_label=NotAnswered
2026-06-12T09:35:37.757+08:00 MARKER sdk=1 host=1 enabled=1 sent=1 result=0 message=EVENT QUESTION_SUBMIT trial=T001 rel=85.395 unix=1781228137767 bjt=2026-06-12T09:35:37.766+08:00 q=2 option=A correct_index=-1 correct_label=NotAnswered is_correct=-1
2026-06-12T09:35:39.508+08:00 MARKER sdk=1 host=1 enabled=1 sent=1 result=0 message=EVENT VIEWER_EXIT trial=T001 rel=87.161 unix=1781228139533 bjt=2026-06-12T09:35:39.533+08:00
2026-06-12T09:35:39.508+08:00 MARKER sdk=1 host=1 enabled=1 sent=1 result=0 message=EVENT TRIAL_RESULT trial=T001 rel=87.161 unix=1781228139533 bjt=2026-06-12T09:35:39.533+08:00 rows=2
2026-06-12T09:36:04.834+08:00 MARKER sdk=1 host=1 enabled=1 sent=1 result=0 message=TRIALID T002
2026-06-12T09:36:04.834+08:00 MARKER sdk=1 host=1 enabled=1 sent=1 result=0 message=EVENT LOADING_INTERACT trial=T002 rel=112.487 unix=1781228164859 bjt=2026-06-12T09:36:04.858+08:00
2026-06-12T09:36:04.834+08:00 MARKER sdk=1 host=1 enabled=1 sent=1 result=0 message=EVENT LOADING_START trial=T002 rel=112.487 unix=1781228164859 bjt=2026-06-12T09:36:04.858+08:00
2026-06-12T09:36:04.834+08:00 MARKER sdk=1 host=1 enabled=1 sent=1 result=0 message=!V TRIAL_VAR participant A002
2026-06-12T09:36:04.835+08:00 MARKER sdk=1 host=1 enabled=1 sent=1 result=0 message=!V TRIAL_VAR experiment EXP1
2026-06-12T09:36:04.835+08:00 MARKER sdk=1 host=1 enabled=1 sent=1 result=0 message=!V TRIAL_VAR exhibit_id 01
2026-06-12T09:36:04.835+08:00 MARKER sdk=1 host=1 enabled=1 sent=1 result=0 message=!V TRIAL_VAR exhibit_name 半岛香炉
2026-06-12T09:36:04.835+08:00 MARKER sdk=1 host=1 enabled=1 sent=1 result=0 message=!V TRIAL_VAR condition A_PLUS
2026-06-12T09:36:04.835+08:00 MARKER sdk=1 host=1 enabled=1 sent=1 result=0 message=!V TRIAL_VAR latin_group G2
2026-06-12T09:36:04.835+08:00 MARKER sdk=1 host=1 enabled=1 sent=1 result=0 message=!V TRIAL_VAR sequence_index 1
2026-06-12T09:36:04.836+08:00 MARKER sdk=1 host=1 enabled=1 sent=1 result=0 message=!V TRIAL_VAR sequence_label G2_T01
2026-06-12T09:36:14.820+08:00 MARKER sdk=1 host=1 enabled=1 sent=1 result=0 message=EVENT LOADING_COMPLETE trial=T002 rel=122.473 unix=1781228174845 bjt=2026-06-12T09:36:14.844+08:00
2026-06-12T09:36:17.605+08:00 MARKER sdk=1 host=1 enabled=1 sent=1 result=0 message=EVENT VIEWER_ENTER trial=T002 rel=125.256 unix=1781228177628 bjt=2026-06-12T09:36:17.628+08:00
2026-06-12T09:36:17.605+08:00 MARKER sdk=1 host=1 enabled=1 sent=1 result=0 message=EVENT QUESTION_START trial=T002 rel=125.256 unix=1781228177628 bjt=2026-06-12T09:36:17.628+08:00 q=1 total=2 correct_index=1 correct_label=B
2026-06-12T09:36:23.346+08:00 MARKER sdk=1 host=1 enabled=1 sent=1 result=0 message=EVENT QUESTION_SUBMIT trial=T002 rel=130.984 unix=1781228183356 bjt=2026-06-12T09:36:23.355+08:00 q=1 option=B correct_index=1 correct_label=B is_correct=1
2026-06-12T09:36:23.347+08:00 MARKER sdk=1 host=1 enabled=1 sent=1 result=0 message=EVENT QUESTION_START trial=T002 rel=130.984 unix=1781228183356 bjt=2026-06-12T09:36:23.355+08:00 q=2 total=2 correct_index=1 correct_label=B
2026-06-12T09:36:26.899+08:00 MARKER sdk=1 host=1 enabled=1 sent=1 result=0 message=EVENT QUESTION_SUBMIT trial=T002 rel=134.536 unix=1781228186908 bjt=2026-06-12T09:36:26.907+08:00 q=2 option=A correct_index=1 correct_label=B is_correct=0
2026-06-12T09:36:28.885+08:00 MARKER sdk=1 host=1 enabled=1 sent=1 result=0 message=EVENT VIEWER_EXIT trial=T002 rel=136.538 unix=1781228188910 bjt=2026-06-12T09:36:28.909+08:00
2026-06-12T09:36:28.886+08:00 MARKER sdk=1 host=1 enabled=1 sent=1 result=0 message=EVENT TRIAL_RESULT trial=T002 rel=136.538 unix=1781228188910 bjt=2026-06-12T09:36:28.909+08:00 rows=2
2026-06-12T09:37:20.407+08:00 MARKER sdk=1 host=1 enabled=1 sent=1 result=0 message=TRIALID T003
2026-06-12T09:37:20.408+08:00 MARKER sdk=1 host=1 enabled=1 sent=1 result=0 message=EVENT LOADING_INTERACT trial=T003 rel=188.059 unix=1781228240431 bjt=2026-06-12T09:37:20.431+08:00
2026-06-12T09:37:20.408+08:00 MARKER sdk=1 host=1 enabled=1 sent=1 result=0 message=EVENT LOADING_START trial=T003 rel=188.059 unix=1781228240431 bjt=2026-06-12T09:37:20.431+08:00
2026-06-12T09:37:20.408+08:00 MARKER sdk=1 host=1 enabled=1 sent=1 result=0 message=!V TRIAL_VAR participant A002
2026-06-12T09:37:20.408+08:00 MARKER sdk=1 host=1 enabled=1 sent=1 result=0 message=!V TRIAL_VAR experiment EXP1
2026-06-12T09:37:20.409+08:00 MARKER sdk=1 host=1 enabled=1 sent=1 result=0 message=!V TRIAL_VAR exhibit_id 02
2026-06-12T09:37:20.409+08:00 MARKER sdk=1 host=1 enabled=1 sent=1 result=0 message=!V TRIAL_VAR exhibit_name 中国青铜器
2026-06-12T09:37:20.409+08:00 MARKER sdk=1 host=1 enabled=1 sent=1 result=0 message=!V TRIAL_VAR condition B
2026-06-12T09:37:20.409+08:00 MARKER sdk=1 host=1 enabled=1 sent=1 result=0 message=!V TRIAL_VAR latin_group G2
2026-06-12T09:37:20.409+08:00 MARKER sdk=1 host=1 enabled=1 sent=1 result=0 message=!V TRIAL_VAR sequence_index 2
2026-06-12T09:37:20.409+08:00 MARKER sdk=1 host=1 enabled=1 sent=1 result=0 message=!V TRIAL_VAR sequence_label G2_T02
2026-06-12T09:37:30.389+08:00 MARKER sdk=1 host=1 enabled=1 sent=1 result=0 message=EVENT LOADING_COMPLETE trial=T003 rel=198.043 unix=1781228250415 bjt=2026-06-12T09:37:30.414+08:00
2026-06-12T09:37:34.523+08:00 MARKER sdk=1 host=1 enabled=1 sent=1 result=0 message=EVENT VIEWER_ENTER trial=T003 rel=202.176 unix=1781228254548 bjt=2026-06-12T09:37:34.548+08:00
2026-06-12T09:37:34.524+08:00 MARKER sdk=1 host=1 enabled=1 sent=1 result=0 message=EVENT QUESTION_START trial=T003 rel=202.176 unix=1781228254548 bjt=2026-06-12T09:37:34.548+08:00 q=1 total=2 correct_index=1 correct_label=B
2026-06-12T09:37:39.006+08:00 MARKER sdk=1 host=1 enabled=1 sent=1 result=0 message=EVENT QUESTION_SUBMIT trial=T003 rel=206.644 unix=1781228259016 bjt=2026-06-12T09:37:39.015+08:00 q=1 option=B correct_index=1 correct_label=B is_correct=1
2026-06-12T09:37:39.007+08:00 MARKER sdk=1 host=1 enabled=1 sent=1 result=0 message=EVENT QUESTION_START trial=T003 rel=206.644 unix=1781228259016 bjt=2026-06-12T09:37:39.015+08:00 q=2 total=2 correct_index=1 correct_label=B
2026-06-12T09:37:43.523+08:00 MARKER sdk=1 host=1 enabled=1 sent=1 result=0 message=EVENT QUESTION_SUBMIT trial=T003 rel=211.161 unix=1781228263533 bjt=2026-06-12T09:37:43.532+08:00 q=2 option=B correct_index=1 correct_label=B is_correct=1
2026-06-12T09:37:47.631+08:00 MARKER sdk=1 host=1 enabled=1 sent=1 result=0 message=EVENT VIEWER_EXIT trial=T003 rel=215.283 unix=1781228267655 bjt=2026-06-12T09:37:47.654+08:00
2026-06-12T09:37:47.631+08:00 MARKER sdk=1 host=1 enabled=1 sent=1 result=0 message=EVENT TRIAL_RESULT trial=T003 rel=215.283 unix=1781228267655 bjt=2026-06-12T09:37:47.654+08:00 rows=2
2026-06-12T09:38:37.698+08:00 MARKER sdk=1 host=1 enabled=1 sent=1 result=0 message=TRIALID T004
2026-06-12T09:38:37.699+08:00 MARKER sdk=1 host=1 enabled=1 sent=1 result=0 message=EVENT LOADING_INTERACT trial=T004 rel=265.349 unix=1781228317721 bjt=2026-06-12T09:38:37.721+08:00
2026-06-12T09:38:37.700+08:00 MARKER sdk=1 host=1 enabled=1 sent=1 result=0 message=EVENT LOADING_START trial=T004 rel=265.349 unix=1781228317721 bjt=2026-06-12T09:38:37.721+08:00
2026-06-12T09:38:37.700+08:00 MARKER sdk=1 host=1 enabled=1 sent=1 result=0 message=!V TRIAL_VAR participant A002
2026-06-12T09:38:37.700+08:00 MARKER sdk=1 host=1 enabled=1 sent=1 result=0 message=!V TRIAL_VAR experiment EXP1
2026-06-12T09:38:37.700+08:00 MARKER sdk=1 host=1 enabled=1 sent=1 result=0 message=!V TRIAL_VAR exhibit_id 03
2026-06-12T09:38:37.700+08:00 MARKER sdk=1 host=1 enabled=1 sent=1 result=0 message=!V TRIAL_VAR exhibit_name 希腊陶具
2026-06-12T09:38:37.700+08:00 MARKER sdk=1 host=1 enabled=1 sent=1 result=0 message=!V TRIAL_VAR condition C_MINUS
2026-06-12T09:38:37.700+08:00 MARKER sdk=1 host=1 enabled=1 sent=1 result=0 message=!V TRIAL_VAR latin_group G2
2026-06-12T09:38:37.700+08:00 MARKER sdk=1 host=1 enabled=1 sent=1 result=0 message=!V TRIAL_VAR sequence_index 3
2026-06-12T09:38:37.700+08:00 MARKER sdk=1 host=1 enabled=1 sent=1 result=0 message=!V TRIAL_VAR sequence_label G2_T03
2026-06-12T09:38:37.700+08:00 MARKER sdk=1 host=1 enabled=1 sent=1 result=0 message=EVENT VIEWER_ENTER trial=T004 rel=265.349 unix=1781228317721 bjt=2026-06-12T09:38:37.721+08:00 mode=progressive_no_progress_bar
2026-06-12T09:38:43.686+08:00 MARKER sdk=1 host=1 enabled=1 sent=1 result=0 message=EVENT PROGRESSIVE_USABLE trial=T004 rel=271.339 unix=1781228323711 bjt=2026-06-12T09:38:43.710+08:00
2026-06-12T09:38:43.687+08:00 MARKER sdk=1 host=1 enabled=1 sent=1 result=0 message=EVENT QUESTION_START trial=T004 rel=271.339 unix=1781228323711 bjt=2026-06-12T09:38:43.710+08:00 q=1 total=2 correct_index=0 correct_label=A
2026-06-12T09:38:47.686+08:00 MARKER sdk=1 host=1 enabled=1 sent=1 result=0 message=EVENT LOADING_COMPLETE trial=T004 rel=275.339 unix=1781228327711 bjt=2026-06-12T09:38:47.711+08:00
2026-06-12T09:38:49.873+08:00 MARKER sdk=1 host=1 enabled=1 sent=1 result=0 message=EVENT QUESTION_SUBMIT trial=T004 rel=277.510 unix=1781228329882 bjt=2026-06-12T09:38:49.881+08:00 q=1 option=A correct_index=0 correct_label=A is_correct=1
2026-06-12T09:38:49.873+08:00 MARKER sdk=1 host=1 enabled=1 sent=1 result=0 message=EVENT QUESTION_START trial=T004 rel=277.510 unix=1781228329882 bjt=2026-06-12T09:38:49.881+08:00 q=2 total=2 correct_index=2 correct_label=C
2026-06-12T09:38:52.023+08:00 MARKER sdk=1 host=1 enabled=1 sent=1 result=0 message=EVENT QUESTION_SUBMIT trial=T004 rel=279.660 unix=1781228332032 bjt=2026-06-12T09:38:52.031+08:00 q=2 option=C correct_index=2 correct_label=C is_correct=1
2026-06-12T09:38:53.456+08:00 MARKER sdk=1 host=1 enabled=1 sent=1 result=0 message=EVENT VIEWER_EXIT trial=T004 rel=281.110 unix=1781228333482 bjt=2026-06-12T09:38:53.481+08:00
2026-06-12T09:38:53.457+08:00 MARKER sdk=1 host=1 enabled=1 sent=1 result=0 message=EVENT TRIAL_RESULT trial=T004 rel=281.110 unix=1781228333482 bjt=2026-06-12T09:38:53.481+08:00 rows=2
2026-06-12T09:39:55.691+08:00 MARKER sdk=1 host=1 enabled=1 sent=1 result=0 message=TRIALID T005
2026-06-12T09:39:55.692+08:00 MARKER sdk=1 host=1 enabled=1 sent=1 result=0 message=EVENT LOADING_INTERACT trial=T005 rel=343.345 unix=1781228395717 bjt=2026-06-12T09:39:55.716+08:00
2026-06-12T09:39:55.692+08:00 MARKER sdk=1 host=1 enabled=1 sent=1 result=0 message=EVENT LOADING_START trial=T005 rel=343.345 unix=1781228395717 bjt=2026-06-12T09:39:55.716+08:00
2026-06-12T09:39:55.692+08:00 MARKER sdk=1 host=1 enabled=1 sent=1 result=0 message=!V TRIAL_VAR participant A002
2026-06-12T09:39:55.692+08:00 MARKER sdk=1 host=1 enabled=1 sent=1 result=0 message=!V TRIAL_VAR experiment EXP1
2026-06-12T09:39:55.692+08:00 MARKER sdk=1 host=1 enabled=1 sent=1 result=0 message=!V TRIAL_VAR exhibit_id 04
2026-06-12T09:39:55.693+08:00 MARKER sdk=1 host=1 enabled=1 sent=1 result=0 message=!V TRIAL_VAR exhibit_name 中国花瓶
2026-06-12T09:39:55.693+08:00 MARKER sdk=1 host=1 enabled=1 sent=1 result=0 message=!V TRIAL_VAR condition C
2026-06-12T09:39:55.693+08:00 MARKER sdk=1 host=1 enabled=1 sent=1 result=0 message=!V TRIAL_VAR latin_group G2
2026-06-12T09:39:55.693+08:00 MARKER sdk=1 host=1 enabled=1 sent=1 result=0 message=!V TRIAL_VAR sequence_index 4
2026-06-12T09:39:55.693+08:00 MARKER sdk=1 host=1 enabled=1 sent=1 result=0 message=!V TRIAL_VAR sequence_label G2_T04
2026-06-12T09:39:55.693+08:00 MARKER sdk=1 host=1 enabled=1 sent=1 result=0 message=EVENT VIEWER_ENTER trial=T005 rel=343.345 unix=1781228395717 bjt=2026-06-12T09:39:55.716+08:00 mode=progressive
2026-06-12T09:40:01.692+08:00 MARKER sdk=1 host=1 enabled=1 sent=1 result=0 message=EVENT PROGRESSIVE_USABLE trial=T005 rel=349.344 unix=1781228401716 bjt=2026-06-12T09:40:01.716+08:00
2026-06-12T09:40:01.693+08:00 MARKER sdk=1 host=1 enabled=1 sent=1 result=0 message=EVENT QUESTION_START trial=T005 rel=349.344 unix=1781228401716 bjt=2026-06-12T09:40:01.716+08:00 q=1 total=2 correct_index=2 correct_label=C
2026-06-12T09:40:04.059+08:00 MARKER sdk=1 host=1 enabled=1 sent=1 result=0 message=EVENT QUESTION_SUBMIT trial=T005 rel=351.696 unix=1781228404068 bjt=2026-06-12T09:40:04.068+08:00 q=1 option=A correct_index=2 correct_label=C is_correct=0
2026-06-12T09:40:04.059+08:00 MARKER sdk=1 host=1 enabled=1 sent=1 result=0 message=EVENT QUESTION_START trial=T005 rel=351.696 unix=1781228404068 bjt=2026-06-12T09:40:04.068+08:00 q=2 total=2 correct_index=3 correct_label=D
2026-06-12T09:40:05.682+08:00 MARKER sdk=1 host=1 enabled=1 sent=1 result=0 message=EVENT LOADING_COMPLETE trial=T005 rel=353.335 unix=1781228405707 bjt=2026-06-12T09:40:05.707+08:00
2026-06-12T09:40:07.752+08:00 MARKER sdk=1 host=1 enabled=1 sent=1 result=0 message=EVENT QUESTION_SUBMIT trial=T005 rel=355.390 unix=1781228407762 bjt=2026-06-12T09:40:07.761+08:00 q=2 option=D correct_index=3 correct_label=D is_correct=1
2026-06-12T09:40:09.326+08:00 MARKER sdk=1 host=1 enabled=1 sent=1 result=0 message=EVENT VIEWER_EXIT trial=T005 rel=356.979 unix=1781228409351 bjt=2026-06-12T09:40:09.351+08:00
2026-06-12T09:40:09.326+08:00 MARKER sdk=1 host=1 enabled=1 sent=1 result=0 message=EVENT TRIAL_RESULT trial=T005 rel=356.979 unix=1781228409351 bjt=2026-06-12T09:40:09.351+08:00 rows=2
2026-06-12T09:41:09.744+08:00 MARKER sdk=1 host=1 enabled=1 sent=1 result=0 message=TRIALID T006
2026-06-12T09:41:09.744+08:00 MARKER sdk=1 host=1 enabled=1 sent=1 result=0 message=EVENT LOADING_INTERACT trial=T006 rel=417.397 unix=1781228469769 bjt=2026-06-12T09:41:09.769+08:00
2026-06-12T09:41:09.744+08:00 MARKER sdk=1 host=1 enabled=1 sent=1 result=0 message=EVENT LOADING_START trial=T006 rel=417.397 unix=1781228469769 bjt=2026-06-12T09:41:09.769+08:00
2026-06-12T09:41:09.745+08:00 MARKER sdk=1 host=1 enabled=1 sent=1 result=0 message=!V TRIAL_VAR participant A002
2026-06-12T09:41:09.745+08:00 MARKER sdk=1 host=1 enabled=1 sent=1 result=0 message=!V TRIAL_VAR experiment EXP1
2026-06-12T09:41:09.745+08:00 MARKER sdk=1 host=1 enabled=1 sent=1 result=0 message=!V TRIAL_VAR exhibit_id 05
2026-06-12T09:41:09.745+08:00 MARKER sdk=1 host=1 enabled=1 sent=1 result=0 message=!V TRIAL_VAR exhibit_name 雅典双耳罐
2026-06-12T09:41:09.745+08:00 MARKER sdk=1 host=1 enabled=1 sent=1 result=0 message=!V TRIAL_VAR condition A
2026-06-12T09:41:09.745+08:00 MARKER sdk=1 host=1 enabled=1 sent=1 result=0 message=!V TRIAL_VAR latin_group G2
2026-06-12T09:41:09.745+08:00 MARKER sdk=1 host=1 enabled=1 sent=1 result=0 message=!V TRIAL_VAR sequence_index 5
2026-06-12T09:41:09.745+08:00 MARKER sdk=1 host=1 enabled=1 sent=1 result=0 message=!V TRIAL_VAR sequence_label G2_T05
2026-06-12T09:41:19.736+08:00 MARKER sdk=1 host=1 enabled=1 sent=1 result=0 message=EVENT LOADING_COMPLETE trial=T006 rel=427.389 unix=1781228479761 bjt=2026-06-12T09:41:19.760+08:00
2026-06-12T09:41:22.555+08:00 MARKER sdk=1 host=1 enabled=1 sent=1 result=0 message=EVENT VIEWER_ENTER trial=T006 rel=430.208 unix=1781228482579 bjt=2026-06-12T09:41:22.579+08:00
2026-06-12T09:41:22.555+08:00 MARKER sdk=1 host=1 enabled=1 sent=1 result=0 message=EVENT QUESTION_START trial=T006 rel=430.208 unix=1781228482579 bjt=2026-06-12T09:41:22.579+08:00 q=1 total=2 correct_index=0 correct_label=A
2026-06-12T09:41:24.899+08:00 MARKER sdk=1 host=1 enabled=1 sent=1 result=0 message=EVENT QUESTION_SUBMIT trial=T006 rel=432.536 unix=1781228484908 bjt=2026-06-12T09:41:24.907+08:00 q=1 option=A correct_index=0 correct_label=A is_correct=1
2026-06-12T09:41:24.899+08:00 MARKER sdk=1 host=1 enabled=1 sent=1 result=0 message=EVENT QUESTION_START trial=T006 rel=432.536 unix=1781228484908 bjt=2026-06-12T09:41:24.907+08:00 q=2 total=2 correct_index=2 correct_label=C
2026-06-12T09:41:29.259+08:00 MARKER sdk=1 host=1 enabled=1 sent=1 result=0 message=EVENT QUESTION_SUBMIT trial=T006 rel=436.897 unix=1781228489269 bjt=2026-06-12T09:41:29.268+08:00 q=2 option=C correct_index=2 correct_label=C is_correct=1
2026-06-12T09:41:30.698+08:00 MARKER sdk=1 host=1 enabled=1 sent=1 result=0 message=EVENT VIEWER_EXIT trial=T006 rel=438.352 unix=1781228490724 bjt=2026-06-12T09:41:30.723+08:00
2026-06-12T09:41:30.699+08:00 MARKER sdk=1 host=1 enabled=1 sent=1 result=0 message=EVENT TRIAL_RESULT trial=T006 rel=438.352 unix=1781228490724 bjt=2026-06-12T09:41:30.723+08:00 rows=2
2026-06-12T09:44:55.361+08:00 MARKER sdk=1 host=1 enabled=1 sent=1 result=0 message=TRIALID Exp2_001
2026-06-12T09:44:55.362+08:00 MARKER sdk=1 host=1 enabled=1 sent=1 result=0 message=!V TRIAL_VAR participant A002
2026-06-12T09:44:55.362+08:00 MARKER sdk=1 host=1 enabled=1 sent=1 result=0 message=!V TRIAL_VAR experiment EXP2
2026-06-12T09:44:55.362+08:00 MARKER sdk=1 host=1 enabled=1 sent=1 result=0 message=!V TRIAL_VAR condition E2_FIXED_PROGRESSIVE
2026-06-12T09:44:55.362+08:00 MARKER sdk=1 host=1 enabled=1 sent=1 result=0 message=!V TRIAL_VAR spatial_continuity 0
2026-06-12T09:44:55.362+08:00 MARKER sdk=1 host=1 enabled=1 sent=1 result=0 message=!V TRIAL_VAR progressive_availability 1
2026-06-12T09:44:55.362+08:00 MARKER sdk=1 host=1 enabled=1 sent=1 result=0 message=!V TRIAL_VAR target_index 3
2026-06-12T09:44:55.362+08:00 MARKER sdk=1 host=1 enabled=1 sent=1 result=0 message=!V TRIAL_VAR target_display_index 3
2026-06-12T09:44:55.362+08:00 MARKER sdk=1 host=1 enabled=1 sent=1 result=0 message=!V TRIAL_VAR target_content_index 1
2026-06-12T09:44:55.363+08:00 MARKER sdk=1 host=1 enabled=1 sent=1 result=0 message=!V TRIAL_VAR target_label 左脸
2026-06-12T09:44:55.363+08:00 MARKER sdk=1 host=1 enabled=1 sent=1 result=0 message=!V TRIAL_VAR slot_permutation 1:3|2:4|3:1|4:2
2026-06-12T09:44:55.363+08:00 MARKER sdk=1 host=1 enabled=1 sent=1 result=0 message=!V TRIAL_VAR sequence_group 2
2026-06-12T09:44:55.363+08:00 MARKER sdk=1 host=1 enabled=1 sent=1 result=0 message=!V TRIAL_VAR sequence_index 1
2026-06-12T09:44:55.363+08:00 MARKER sdk=1 host=1 enabled=1 sent=1 result=0 message=EVENT EXP2_LOADING_START trial_id=Exp2_001 rel=643.013977 unix=1781228695386 bjt=2026-06-12T09:44:55.385+08:00 condition=E2_FIXED_PROGRESSIVE
2026-06-12T09:44:59.350+08:00 MARKER sdk=1 host=1 enabled=1 sent=1 result=0 message=EVENT EXP2_OBJECT_STAGE_CHANGED trial_id=Exp2_001 rel=647.003601 unix=1781228699375 bjt=2026-06-12T09:44:59.375+08:00 condition=E2_FIXED_PROGRESSIVE object_index=1 previous_stage=0 new_stage=1 progress=0.333862 object_stages=1:1|2:0|3:0|4:0
2026-06-12T09:44:59.350+08:00 MARKER sdk=1 host=1 enabled=1 sent=1 result=0 message=EVENT EXP2_STAGE_1_START trial_id=Exp2_001 rel=647.003601 unix=1781228699375 bjt=2026-06-12T09:44:59.375+08:00 condition=E2_FIXED_PROGRESSIVE stage=1 first_object_index=1 progress=0.333862 object_stages=1:1|2:0|3:0|4:0
2026-06-12T09:44:59.351+08:00 MARKER sdk=1 host=1 enabled=1 sent=1 result=0 message=EVENT EXP2_OBJECT_STAGE_CHANGED trial_id=Exp2_001 rel=647.003601 unix=1781228699375 bjt=2026-06-12T09:44:59.375+08:00 condition=E2_FIXED_PROGRESSIVE object_index=2 previous_stage=0 new_stage=1 progress=0.333862 object_stages=1:1|2:1|3:0|4:0
2026-06-12T09:44:59.352+08:00 MARKER sdk=1 host=1 enabled=1 sent=1 result=0 message=EVENT EXP2_OBJECT_STAGE_CHANGED trial_id=Exp2_001 rel=647.003601 unix=1781228699375 bjt=2026-06-12T09:44:59.375+08:00 condition=E2_FIXED_PROGRESSIVE object_index=3 previous_stage=0 new_stage=1 progress=0.333862 object_stages=1:1|2:1|3:1|4:0
2026-06-12T09:44:59.352+08:00 MARKER sdk=1 host=1 enabled=1 sent=1 result=0 message=EVENT EXP2_OBJECT_STAGE_CHANGED trial_id=Exp2_001 rel=647.003601 unix=1781228699375 bjt=2026-06-12T09:44:59.375+08:00 condition=E2_FIXED_PROGRESSIVE object_index=4 previous_stage=0 new_stage=1 progress=0.333862 object_stages=1:1|2:1|3:1|4:1
2026-06-12T09:45:01.345+08:00 MARKER sdk=1 host=1 enabled=1 sent=1 result=0 message=EVENT EXP2_OBJECT_STAGE_CHANGED trial_id=Exp2_001 rel=648.998596 unix=1781228701370 bjt=2026-06-12T09:45:01.370+08:00 condition=E2_FIXED_PROGRESSIVE object_index=1 previous_stage=1 new_stage=2 progress=0.500110 object_stages=1:2|2:1|3:1|4:1
2026-06-12T09:45:01.346+08:00 MARKER sdk=1 host=1 enabled=1 sent=1 result=0 message=EVENT EXP2_STAGE_2_START trial_id=Exp2_001 rel=648.998596 unix=1781228701370 bjt=2026-06-12T09:45:01.370+08:00 condition=E2_FIXED_PROGRESSIVE stage=2 first_object_index=1 progress=0.500110 object_stages=1:2|2:1|3:1|4:1
2026-06-12T09:45:01.346+08:00 MARKER sdk=1 host=1 enabled=1 sent=1 result=0 message=EVENT EXP2_OBJECT_STAGE_CHANGED trial_id=Exp2_001 rel=648.998596 unix=1781228701370 bjt=2026-06-12T09:45:01.370+08:00 condition=E2_FIXED_PROGRESSIVE object_index=2 previous_stage=1 new_stage=2 progress=0.500110 object_stages=1:2|2:2|3:1|4:1
2026-06-12T09:45:01.346+08:00 MARKER sdk=1 host=1 enabled=1 sent=1 result=0 message=EVENT EXP2_OBJECT_STAGE_CHANGED trial_id=Exp2_001 rel=648.998596 unix=1781228701370 bjt=2026-06-12T09:45:01.370+08:00 condition=E2_FIXED_PROGRESSIVE object_index=3 previous_stage=1 new_stage=2 progress=0.500110 object_stages=1:2|2:2|3:2|4:1
2026-06-12T09:45:01.346+08:00 MARKER sdk=1 host=1 enabled=1 sent=1 result=0 message=EVENT EXP2_PROGRESSIVE_USABLE trial_id=Exp2_001 rel=648.998596 unix=1781228701370 bjt=2026-06-12T09:45:01.370+08:00 condition=E2_FIXED_PROGRESSIVE target_display_index=3 target_content_index=1 target_label=左脸 stage=2 progress=0.500110
2026-06-12T09:45:01.347+08:00 MARKER sdk=1 host=1 enabled=1 sent=1 result=0 message=EVENT EXP2_OBJECT_STAGE_CHANGED trial_id=Exp2_001 rel=648.998596 unix=1781228701370 bjt=2026-06-12T09:45:01.370+08:00 condition=E2_FIXED_PROGRESSIVE object_index=4 previous_stage=1 new_stage=2 progress=0.500110 object_stages=1:2|2:2|3:2|4:2
2026-06-12T09:45:07.359+08:00 MARKER sdk=1 host=1 enabled=1 sent=1 result=0 message=EVENT EXP2_OBJECT_STAGE_CHANGED trial_id=Exp2_001 rel=655.012024 unix=1781228707384 bjt=2026-06-12T09:45:07.383+08:00 condition=E2_FIXED_PROGRESSIVE object_index=1 previous_stage=2 new_stage=3 progress=1.000000 object_stages=1:3|2:2|3:2|4:2
2026-06-12T09:45:07.360+08:00 MARKER sdk=1 host=1 enabled=1 sent=1 result=0 message=EVENT EXP2_STAGE_3_START trial_id=Exp2_001 rel=655.012024 unix=1781228707384 bjt=2026-06-12T09:45:07.383+08:00 condition=E2_FIXED_PROGRESSIVE stage=3 first_object_index=1 progress=1.000000 object_stages=1:3|2:2|3:2|4:2
2026-06-12T09:45:07.360+08:00 MARKER sdk=1 host=1 enabled=1 sent=1 result=0 message=EVENT EXP2_OBJECT_STAGE_CHANGED trial_id=Exp2_001 rel=655.012024 unix=1781228707384 bjt=2026-06-12T09:45:07.383+08:00 condition=E2_FIXED_PROGRESSIVE object_index=2 previous_stage=2 new_stage=3 progress=1.000000 object_stages=1:3|2:3|3:2|4:2
2026-06-12T09:45:07.361+08:00 MARKER sdk=1 host=1 enabled=1 sent=1 result=0 message=EVENT EXP2_OBJECT_STAGE_CHANGED trial_id=Exp2_001 rel=655.012024 unix=1781228707384 bjt=2026-06-12T09:45:07.383+08:00 condition=E2_FIXED_PROGRESSIVE object_index=3 previous_stage=2 new_stage=3 progress=1.000000 object_stages=1:3|2:3|3:3|4:2
2026-06-12T09:45:07.361+08:00 MARKER sdk=1 host=1 enabled=1 sent=1 result=0 message=EVENT EXP2_OBJECT_STAGE_CHANGED trial_id=Exp2_001 rel=655.012024 unix=1781228707384 bjt=2026-06-12T09:45:07.383+08:00 condition=E2_FIXED_PROGRESSIVE object_index=4 previous_stage=2 new_stage=3 progress=1.000000 object_stages=1:3|2:3|3:3|4:3
2026-06-12T09:45:07.361+08:00 MARKER sdk=1 host=1 enabled=1 sent=1 result=0 message=EVENT EXP2_LOADING_COMPLETE trial_id=Exp2_001 rel=655.012024 unix=1781228707384 bjt=2026-06-12T09:45:07.383+08:00 condition=E2_FIXED_PROGRESSIVE
2026-06-12T09:46:12.365+08:00 MARKER sdk=1 host=1 enabled=1 sent=1 result=0 message=EVENT EXP2_PENDING_SELECTION trial_id=Exp2_001 rel=720.018616 unix=1781228772390 bjt=2026-06-12T09:46:12.390+08:00 condition=E2_FIXED_PROGRESSIVE selected=4 selected_content=2 changes=1
2026-06-12T09:46:28.538+08:00 MARKER sdk=1 host=1 enabled=1 sent=1 result=0 message=EVENT EXP2_PENDING_SELECTION trial_id=Exp2_001 rel=736.191467 unix=1781228788563 bjt=2026-06-12T09:46:28.563+08:00 condition=E2_FIXED_PROGRESSIVE selected=3 selected_content=1 changes=2
2026-06-12T09:46:34.968+08:00 MARKER sdk=1 host=1 enabled=1 sent=1 result=0 message=EVENT EXP2_SUBMIT_SELECTION trial_id=Exp2_001 rel=742.620605 unix=1781228794992 bjt=2026-06-12T09:46:34.992+08:00 condition=E2_FIXED_PROGRESSIVE selected=3 selected_content=1 correct=1
2026-06-12T09:46:34.969+08:00 MARKER sdk=1 host=1 enabled=1 sent=1 result=0 message=TRIAL_RESULT Exp2_001 selected=3 correct=1
2026-06-12T09:47:24.335+08:00 MARKER sdk=1 host=1 enabled=1 sent=1 result=0 message=TRIALID Exp2_002
2026-06-12T09:47:24.336+08:00 MARKER sdk=1 host=1 enabled=1 sent=1 result=0 message=!V TRIAL_VAR participant A002
2026-06-12T09:47:24.336+08:00 MARKER sdk=1 host=1 enabled=1 sent=1 result=0 message=!V TRIAL_VAR experiment EXP2
2026-06-12T09:47:24.336+08:00 MARKER sdk=1 host=1 enabled=1 sent=1 result=0 message=!V TRIAL_VAR condition E3_SPATIAL_NONPROGRESSIVE
2026-06-12T09:47:24.336+08:00 MARKER sdk=1 host=1 enabled=1 sent=1 result=0 message=!V TRIAL_VAR spatial_continuity 1
2026-06-12T09:47:24.336+08:00 MARKER sdk=1 host=1 enabled=1 sent=1 result=0 message=!V TRIAL_VAR progressive_availability 0
2026-06-12T09:47:24.336+08:00 MARKER sdk=1 host=1 enabled=1 sent=1 result=0 message=!V TRIAL_VAR target_index 1
2026-06-12T09:47:24.337+08:00 MARKER sdk=1 host=1 enabled=1 sent=1 result=0 message=!V TRIAL_VAR target_display_index 1
2026-06-12T09:47:24.337+08:00 MARKER sdk=1 host=1 enabled=1 sent=1 result=0 message=!V TRIAL_VAR target_content_index 3
2026-06-12T09:47:24.337+08:00 MARKER sdk=1 host=1 enabled=1 sent=1 result=0 message=!V TRIAL_VAR target_label 脖子
2026-06-12T09:47:24.337+08:00 MARKER sdk=1 host=1 enabled=1 sent=1 result=0 message=!V TRIAL_VAR slot_permutation 1:3|2:1|3:2|4:4
2026-06-12T09:47:24.337+08:00 MARKER sdk=1 host=1 enabled=1 sent=1 result=0 message=!V TRIAL_VAR sequence_group 2
2026-06-12T09:47:24.338+08:00 MARKER sdk=1 host=1 enabled=1 sent=1 result=0 message=!V TRIAL_VAR sequence_index 2
2026-06-12T09:47:24.338+08:00 MARKER sdk=1 host=1 enabled=1 sent=1 result=0 message=EVENT EXP2_LOADING_START trial_id=Exp2_002 rel=791.988525 unix=1781228844360 bjt=2026-06-12T09:47:24.360+08:00 condition=E3_SPATIAL_NONPROGRESSIVE
2026-06-12T09:47:36.329+08:00 MARKER sdk=1 host=1 enabled=1 sent=1 result=0 message=EVENT EXP2_OBJECT_STAGE_CHANGED trial_id=Exp2_002 rel=803.982117 unix=1781228856354 bjt=2026-06-12T09:47:36.353+08:00 condition=E3_SPATIAL_NONPROGRESSIVE object_index=1 previous_stage=0 new_stage=3 progress=1.000000 object_stages=1:3|2:0|3:
2026-06-12T09:47:36.330+08:00 MARKER sdk=1 host=1 enabled=1 sent=1 result=0 message=EVENT EXP2_STAGE_3_START trial_id=Exp2_002 rel=803.982117 unix=1781228856354 bjt=2026-06-12T09:47:36.353+08:00 condition=E3_SPATIAL_NONPROGRESSIVE stage=3 first_object_index=1 progress=1.000000 object_stages=1:3|2:0|3:0|4:0
2026-06-12T09:47:36.331+08:00 MARKER sdk=1 host=1 enabled=1 sent=1 result=0 message=EVENT EXP2_OBJECT_STAGE_CHANGED trial_id=Exp2_002 rel=803.982117 unix=1781228856354 bjt=2026-06-12T09:47:36.353+08:00 condition=E3_SPATIAL_NONPROGRESSIVE object_index=2 previous_stage=0 new_stage=3 progress=1.000000 object_stages=1:3|2:3|3:
2026-06-12T09:47:36.331+08:00 MARKER sdk=1 host=1 enabled=1 sent=1 result=0 message=EVENT EXP2_OBJECT_STAGE_CHANGED trial_id=Exp2_002 rel=803.982117 unix=1781228856354 bjt=2026-06-12T09:47:36.353+08:00 condition=E3_SPATIAL_NONPROGRESSIVE object_index=3 previous_stage=0 new_stage=3 progress=1.000000 object_stages=1:3|2:3|3:
2026-06-12T09:47:36.332+08:00 MARKER sdk=1 host=1 enabled=1 sent=1 result=0 message=EVENT EXP2_OBJECT_STAGE_CHANGED trial_id=Exp2_002 rel=803.982117 unix=1781228856354 bjt=2026-06-12T09:47:36.353+08:00 condition=E3_SPATIAL_NONPROGRESSIVE object_index=4 previous_stage=0 new_stage=3 progress=1.000000 object_stages=1:3|2:3|3:
2026-06-12T09:47:36.332+08:00 MARKER sdk=1 host=1 enabled=1 sent=1 result=0 message=EVENT EXP2_LOADING_COMPLETE trial_id=Exp2_002 rel=803.982117 unix=1781228856354 bjt=2026-06-12T09:47:36.353+08:00 condition=E3_SPATIAL_NONPROGRESSIVE
2026-06-12T09:47:41.024+08:00 MARKER sdk=1 host=1 enabled=1 sent=1 result=0 message=EVENT EXP2_PENDING_SELECTION trial_id=Exp2_002 rel=808.677979 unix=1781228861050 bjt=2026-06-12T09:47:41.049+08:00 condition=E3_SPATIAL_NONPROGRESSIVE selected=1 selected_content=3 changes=1
2026-06-12T09:47:45.916+08:00 MARKER sdk=1 host=1 enabled=1 sent=1 result=0 message=EVENT EXP2_SUBMIT_SELECTION trial_id=Exp2_002 rel=813.569092 unix=1781228865941 bjt=2026-06-12T09:47:45.940+08:00 condition=E3_SPATIAL_NONPROGRESSIVE selected=1 selected_content=3 correct=1
2026-06-12T09:47:45.916+08:00 MARKER sdk=1 host=1 enabled=1 sent=1 result=0 message=TRIAL_RESULT Exp2_002 selected=1 correct=1
2026-06-12T09:48:49.442+08:00 MARKER sdk=1 host=1 enabled=1 sent=1 result=0 message=TRIALID Exp2_003
2026-06-12T09:48:49.443+08:00 MARKER sdk=1 host=1 enabled=1 sent=1 result=0 message=!V TRIAL_VAR participant A002
2026-06-12T09:48:49.443+08:00 MARKER sdk=1 host=1 enabled=1 sent=1 result=0 message=!V TRIAL_VAR experiment EXP2
2026-06-12T09:48:49.443+08:00 MARKER sdk=1 host=1 enabled=1 sent=1 result=0 message=!V TRIAL_VAR condition E1_SPATIAL_PROGRESSIVE
2026-06-12T09:48:49.443+08:00 MARKER sdk=1 host=1 enabled=1 sent=1 result=0 message=!V TRIAL_VAR spatial_continuity 1
2026-06-12T09:48:49.443+08:00 MARKER sdk=1 host=1 enabled=1 sent=1 result=0 message=!V TRIAL_VAR progressive_availability 1
2026-06-12T09:48:49.443+08:00 MARKER sdk=1 host=1 enabled=1 sent=1 result=0 message=!V TRIAL_VAR target_index 4
2026-06-12T09:48:49.443+08:00 MARKER sdk=1 host=1 enabled=1 sent=1 result=0 message=!V TRIAL_VAR target_display_index 4
2026-06-12T09:48:49.443+08:00 MARKER sdk=1 host=1 enabled=1 sent=1 result=0 message=!V TRIAL_VAR target_content_index 2
2026-06-12T09:48:49.444+08:00 MARKER sdk=1 host=1 enabled=1 sent=1 result=0 message=!V TRIAL_VAR target_label 右脸
2026-06-12T09:48:49.444+08:00 MARKER sdk=1 host=1 enabled=1 sent=1 result=0 message=!V TRIAL_VAR slot_permutation 1:4|2:1|3:3|4:2
2026-06-12T09:48:49.444+08:00 MARKER sdk=1 host=1 enabled=1 sent=1 result=0 message=!V TRIAL_VAR sequence_group 2
2026-06-12T09:48:49.444+08:00 MARKER sdk=1 host=1 enabled=1 sent=1 result=0 message=!V TRIAL_VAR sequence_index 3
2026-06-12T09:48:49.444+08:00 MARKER sdk=1 host=1 enabled=1 sent=1 result=0 message=EVENT EXP2_LOADING_START trial_id=Exp2_003 rel=876.592590 unix=1781228928964 bjt=2026-06-12T09:48:48.964+08:00 condition=E1_SPATIAL_PROGRESSIVE
2026-06-12T09:48:53.434+08:00 MARKER sdk=1 host=1 enabled=1 sent=1 result=0 message=EVENT EXP2_OBJECT_STAGE_CHANGED trial_id=Exp2_003 rel=880.583923 unix=1781228932956 bjt=2026-06-12T09:48:52.955+08:00 condition=E1_SPATIAL_PROGRESSIVE object_index=1 previous_stage=0 new_stage=1 progress=0.334003 object_stages=1:1|2:0|3:0|4
2026-06-12T09:48:53.435+08:00 MARKER sdk=1 host=1 enabled=1 sent=1 result=0 message=EVENT EXP2_STAGE_1_START trial_id=Exp2_003 rel=880.583923 unix=1781228932956 bjt=2026-06-12T09:48:52.955+08:00 condition=E1_SPATIAL_PROGRESSIVE stage=1 first_object_index=1 progress=0.334003 object_stages=1:1|2:0|3:0|4:0
2026-06-12T09:48:53.435+08:00 MARKER sdk=1 host=1 enabled=1 sent=1 result=0 message=EVENT EXP2_OBJECT_STAGE_CHANGED trial_id=Exp2_003 rel=880.583923 unix=1781228932956 bjt=2026-06-12T09:48:52.955+08:00 condition=E1_SPATIAL_PROGRESSIVE object_index=2 previous_stage=0 new_stage=1 progress=0.334003 object_stages=1:1|2:1|3:0|4
2026-06-12T09:48:53.436+08:00 MARKER sdk=1 host=1 enabled=1 sent=1 result=0 message=EVENT EXP2_OBJECT_STAGE_CHANGED trial_id=Exp2_003 rel=880.583923 unix=1781228932956 bjt=2026-06-12T09:48:52.955+08:00 condition=E1_SPATIAL_PROGRESSIVE object_index=3 previous_stage=0 new_stage=1 progress=0.334003 object_stages=1:1|2:1|3:1|4
2026-06-12T09:48:53.436+08:00 MARKER sdk=1 host=1 enabled=1 sent=1 result=0 message=EVENT EXP2_OBJECT_STAGE_CHANGED trial_id=Exp2_003 rel=880.583923 unix=1781228932956 bjt=2026-06-12T09:48:52.955+08:00 condition=E1_SPATIAL_PROGRESSIVE object_index=4 previous_stage=0 new_stage=1 progress=0.334003 object_stages=1:1|2:1|3:1|4
2026-06-12T09:48:55.429+08:00 MARKER sdk=1 host=1 enabled=1 sent=1 result=0 message=EVENT EXP2_OBJECT_STAGE_CHANGED trial_id=Exp2_003 rel=882.578613 unix=1781228934950 bjt=2026-06-12T09:48:54.950+08:00 condition=E1_SPATIAL_PROGRESSIVE object_index=1 previous_stage=1 new_stage=2 progress=0.500227 object_stages=1:2|2:1|3:1|4
2026-06-12T09:48:55.430+08:00 MARKER sdk=1 host=1 enabled=1 sent=1 result=0 message=EVENT EXP2_STAGE_2_START trial_id=Exp2_003 rel=882.578613 unix=1781228934950 bjt=2026-06-12T09:48:54.950+08:00 condition=E1_SPATIAL_PROGRESSIVE stage=2 first_object_index=1 progress=0.500227 object_stages=1:2|2:1|3:1|4:1
2026-06-12T09:48:55.431+08:00 MARKER sdk=1 host=1 enabled=1 sent=1 result=0 message=EVENT EXP2_OBJECT_STAGE_CHANGED trial_id=Exp2_003 rel=882.578613 unix=1781228934950 bjt=2026-06-12T09:48:54.950+08:00 condition=E1_SPATIAL_PROGRESSIVE object_index=2 previous_stage=1 new_stage=2 progress=0.500227 object_stages=1:2|2:2|3:1|4
2026-06-12T09:48:55.432+08:00 MARKER sdk=1 host=1 enabled=1 sent=1 result=0 message=EVENT EXP2_OBJECT_STAGE_CHANGED trial_id=Exp2_003 rel=882.578613 unix=1781228934950 bjt=2026-06-12T09:48:54.950+08:00 condition=E1_SPATIAL_PROGRESSIVE object_index=3 previous_stage=1 new_stage=2 progress=0.500227 object_stages=1:2|2:2|3:2|4
2026-06-12T09:48:55.433+08:00 MARKER sdk=1 host=1 enabled=1 sent=1 result=0 message=EVENT EXP2_OBJECT_STAGE_CHANGED trial_id=Exp2_003 rel=882.578613 unix=1781228934950 bjt=2026-06-12T09:48:54.950+08:00 condition=E1_SPATIAL_PROGRESSIVE object_index=4 previous_stage=1 new_stage=2 progress=0.500227 object_stages=1:2|2:2|3:2|4
2026-06-12T09:48:55.433+08:00 MARKER sdk=1 host=1 enabled=1 sent=1 result=0 message=EVENT EXP2_PROGRESSIVE_USABLE trial_id=Exp2_003 rel=882.578613 unix=1781228934950 bjt=2026-06-12T09:48:54.950+08:00 condition=E1_SPATIAL_PROGRESSIVE target_display_index=4 target_content_index=2 target_label=右脸 stage=2 progress=0.500227
2026-06-12T09:48:57.194+08:00 MARKER sdk=1 host=1 enabled=1 sent=1 result=0 message=EVENT EXP2_PREJUDGE trial_id=Exp2_003 rel=884.344604 unix=1781228936716 bjt=2026-06-12T09:48:56.716+08:00 condition=E1_SPATIAL_PROGRESSIVE selected=4 correct=1 confidence=-1 selected_content=2
2026-06-12T09:49:01.433+08:00 MARKER sdk=1 host=1 enabled=1 sent=1 result=0 message=EVENT EXP2_OBJECT_STAGE_CHANGED trial_id=Exp2_003 rel=888.583557 unix=1781228940955 bjt=2026-06-12T09:49:00.955+08:00 condition=E1_SPATIAL_PROGRESSIVE object_index=1 previous_stage=2 new_stage=3 progress=1.000000 object_stages=1:3|2:2|3:2|4
2026-06-12T09:49:01.434+08:00 MARKER sdk=1 host=1 enabled=1 sent=1 result=0 message=EVENT EXP2_STAGE_3_START trial_id=Exp2_003 rel=888.583557 unix=1781228940955 bjt=2026-06-12T09:49:00.955+08:00 condition=E1_SPATIAL_PROGRESSIVE stage=3 first_object_index=1 progress=1.000000 object_stages=1:3|2:2|3:2|4:2
2026-06-12T09:49:01.434+08:00 MARKER sdk=1 host=1 enabled=1 sent=1 result=0 message=EVENT EXP2_OBJECT_STAGE_CHANGED trial_id=Exp2_003 rel=888.583557 unix=1781228940955 bjt=2026-06-12T09:49:00.955+08:00 condition=E1_SPATIAL_PROGRESSIVE object_index=2 previous_stage=2 new_stage=3 progress=1.000000 object_stages=1:3|2:3|3:2|4
2026-06-12T09:49:01.435+08:00 MARKER sdk=1 host=1 enabled=1 sent=1 result=0 message=EVENT EXP2_OBJECT_STAGE_CHANGED trial_id=Exp2_003 rel=888.583557 unix=1781228940955 bjt=2026-06-12T09:49:00.955+08:00 condition=E1_SPATIAL_PROGRESSIVE object_index=3 previous_stage=2 new_stage=3 progress=1.000000 object_stages=1:3|2:3|3:3|4
2026-06-12T09:49:01.435+08:00 MARKER sdk=1 host=1 enabled=1 sent=1 result=0 message=EVENT EXP2_OBJECT_STAGE_CHANGED trial_id=Exp2_003 rel=888.583557 unix=1781228940955 bjt=2026-06-12T09:49:00.955+08:00 condition=E1_SPATIAL_PROGRESSIVE object_index=4 previous_stage=2 new_stage=3 progress=1.000000 object_stages=1:3|2:3|3:3|4
2026-06-12T09:49:01.435+08:00 MARKER sdk=1 host=1 enabled=1 sent=1 result=0 message=EVENT EXP2_LOADING_COMPLETE trial_id=Exp2_003 rel=888.583557 unix=1781228940955 bjt=2026-06-12T09:49:00.955+08:00 condition=E1_SPATIAL_PROGRESSIVE
2026-06-12T09:49:03.039+08:00 MARKER sdk=1 host=1 enabled=1 sent=1 result=0 message=EVENT EXP2_PENDING_SELECTION trial_id=Exp2_003 rel=890.188965 unix=1781228942561 bjt=2026-06-12T09:49:02.560+08:00 condition=E1_SPATIAL_PROGRESSIVE selected=4 selected_content=2 changes=1
2026-06-12T09:49:07.480+08:00 MARKER sdk=1 host=1 enabled=1 sent=1 result=0 message=EVENT EXP2_SUBMIT_SELECTION trial_id=Exp2_003 rel=894.629761 unix=1781228947002 bjt=2026-06-12T09:49:07.001+08:00 condition=E1_SPATIAL_PROGRESSIVE selected=4 selected_content=2 correct=1
2026-06-12T09:49:07.481+08:00 MARKER sdk=1 host=1 enabled=1 sent=1 result=0 message=TRIAL_RESULT Exp2_003 selected=4 correct=1
2026-06-12T09:50:12.749+08:00 MARKER sdk=1 host=1 enabled=1 sent=1 result=0 message=TRIALID Exp2_004
2026-06-12T09:50:12.750+08:00 MARKER sdk=1 host=1 enabled=1 sent=1 result=0 message=!V TRIAL_VAR participant A002
2026-06-12T09:50:12.750+08:00 MARKER sdk=1 host=1 enabled=1 sent=1 result=0 message=!V TRIAL_VAR experiment EXP2
2026-06-12T09:50:12.750+08:00 MARKER sdk=1 host=1 enabled=1 sent=1 result=0 message=!V TRIAL_VAR condition E4_FIXED_NONPROGRESSIVE
2026-06-12T09:50:12.750+08:00 MARKER sdk=1 host=1 enabled=1 sent=1 result=0 message=!V TRIAL_VAR spatial_continuity 0
2026-06-12T09:50:12.750+08:00 MARKER sdk=1 host=1 enabled=1 sent=1 result=0 message=!V TRIAL_VAR progressive_availability 0
2026-06-12T09:50:12.751+08:00 MARKER sdk=1 host=1 enabled=1 sent=1 result=0 message=!V TRIAL_VAR target_index 2
2026-06-12T09:50:12.751+08:00 MARKER sdk=1 host=1 enabled=1 sent=1 result=0 message=!V TRIAL_VAR target_display_index 2
2026-06-12T09:50:12.751+08:00 MARKER sdk=1 host=1 enabled=1 sent=1 result=0 message=!V TRIAL_VAR target_content_index 4
2026-06-12T09:50:12.751+08:00 MARKER sdk=1 host=1 enabled=1 sent=1 result=0 message=!V TRIAL_VAR target_label 头顶
2026-06-12T09:50:12.751+08:00 MARKER sdk=1 host=1 enabled=1 sent=1 result=0 message=!V TRIAL_VAR slot_permutation 1:2|2:4|3:3|4:1
2026-06-12T09:50:12.751+08:00 MARKER sdk=1 host=1 enabled=1 sent=1 result=0 message=!V TRIAL_VAR sequence_group 2
2026-06-12T09:50:12.751+08:00 MARKER sdk=1 host=1 enabled=1 sent=1 result=0 message=!V TRIAL_VAR sequence_index 4
2026-06-12T09:50:12.751+08:00 MARKER sdk=1 host=1 enabled=1 sent=1 result=0 message=EVENT EXP2_LOADING_START trial_id=Exp2_004 rel=959.896057 unix=1781229012268 bjt=2026-06-12T09:50:12.267+08:00 condition=E4_FIXED_NONPROGRESSIVE
2026-06-12T09:50:24.731+08:00 MARKER sdk=1 host=1 enabled=1 sent=1 result=0 message=EVENT EXP2_OBJECT_STAGE_CHANGED trial_id=Exp2_004 rel=971.881348 unix=1781229024253 bjt=2026-06-12T09:50:24.253+08:00 condition=E4_FIXED_NONPROGRESSIVE object_index=1 previous_stage=0 new_stage=3 progress=1.000000 object_stages=1:3|2:0|3:0|
2026-06-12T09:50:24.732+08:00 MARKER sdk=1 host=1 enabled=1 sent=1 result=0 message=EVENT EXP2_STAGE_3_START trial_id=Exp2_004 rel=971.881348 unix=1781229024253 bjt=2026-06-12T09:50:24.253+08:00 condition=E4_FIXED_NONPROGRESSIVE stage=3 first_object_index=1 progress=1.000000 object_stages=1:3|2:0|3:0|4:0
2026-06-12T09:50:24.732+08:00 MARKER sdk=1 host=1 enabled=1 sent=1 result=0 message=EVENT EXP2_OBJECT_STAGE_CHANGED trial_id=Exp2_004 rel=971.881348 unix=1781229024253 bjt=2026-06-12T09:50:24.253+08:00 condition=E4_FIXED_NONPROGRESSIVE object_index=2 previous_stage=0 new_stage=3 progress=1.000000 object_stages=1:3|2:3|3:0|
2026-06-12T09:50:24.733+08:00 MARKER sdk=1 host=1 enabled=1 sent=1 result=0 message=EVENT EXP2_OBJECT_STAGE_CHANGED trial_id=Exp2_004 rel=971.881348 unix=1781229024253 bjt=2026-06-12T09:50:24.253+08:00 condition=E4_FIXED_NONPROGRESSIVE object_index=3 previous_stage=0 new_stage=3 progress=1.000000 object_stages=1:3|2:3|3:3|
2026-06-12T09:50:24.733+08:00 MARKER sdk=1 host=1 enabled=1 sent=1 result=0 message=EVENT EXP2_OBJECT_STAGE_CHANGED trial_id=Exp2_004 rel=971.881348 unix=1781229024253 bjt=2026-06-12T09:50:24.253+08:00 condition=E4_FIXED_NONPROGRESSIVE object_index=4 previous_stage=0 new_stage=3 progress=1.000000 object_stages=1:3|2:3|3:3|
2026-06-12T09:50:24.734+08:00 MARKER sdk=1 host=1 enabled=1 sent=1 result=0 message=EVENT EXP2_LOADING_COMPLETE trial_id=Exp2_004 rel=971.881348 unix=1781229024253 bjt=2026-06-12T09:50:24.253+08:00 condition=E4_FIXED_NONPROGRESSIVE
2026-06-12T09:50:33.301+08:00 MARKER sdk=1 host=1 enabled=1 sent=1 result=0 message=EVENT EXP2_PENDING_SELECTION trial_id=Exp2_004 rel=980.451172 unix=1781229032823 bjt=2026-06-12T09:50:32.822+08:00 condition=E4_FIXED_NONPROGRESSIVE selected=2 selected_content=4 changes=1
2026-06-12T09:50:38.368+08:00 MARKER sdk=1 host=1 enabled=1 sent=1 result=0 message=EVENT EXP2_SUBMIT_SELECTION trial_id=Exp2_004 rel=985.518066 unix=1781229037890 bjt=2026-06-12T09:50:37.889+08:00 condition=E4_FIXED_NONPROGRESSIVE selected=2 selected_content=4 correct=1
2026-06-12T09:50:38.370+08:00 MARKER sdk=1 host=1 enabled=1 sent=1 result=0 message=TRIAL_RESULT Exp2_004 selected=2 correct=1
2026-06-12T09:51:38.857+08:00 MARKER sdk=1 host=1 enabled=1 sent=1 result=0 message=EVENT EXPERIMENT_END_SCREEN_SHOWN participant=A002 unix=1781229098857 bjt=2026-06-12_09:51:38.857
2026-06-12T09:51:38.858+08:00 FORMAL_RECORDING step=FINISH_REQUESTED success=1 reason=experiment_end_door edf=FM093126.EDF recording=1 opened=1
2026-06-12T09:51:38.858+08:00 MARKER sdk=1 host=1 enabled=1 sent=1 result=0 message=FORMAL_RECORDING_END participant=A002 rel=1046.008 unix=1781229098858 bjt=2026-06-12T09:51:38.858+08:00 edf=FM093126.EDF source=ue_formal reason=experiment_end_door
2026-06-12T09:51:38.965+08:00 FORMAL_RECORDING step=RECORDING_STOPPED success=1 result=0
2026-06-12T09:51:38.966+08:00 FORMAL_RECORDING step=EDF_CLOSED success=1 edf=FM093126.EDF result=0
2026-06-12T09:51:40.901+08:00 EDF_RECEIVE_ATTEMPT source_tag=formal attempt=full_path source=FM093126.EDF dest=../../../../../../Project/UE5/Gallery/Saved/ExperimentData/EDF/FM093126.EDF dest_is_path=0 result=56682863 exists=1 size=56682863
2026-06-12T09:51:40.901+08:00 FORMAL_RECORDING step=EDF_RECEIVED_TO_DPC success=1 edf=FM093126.EDF local=../../../../../../Project/UE5/Gallery/Saved/ExperimentData/EDF/FM093126.EDF result=56682863 size=56682863
2026-06-12T09:51:40.901+08:00 FORMAL_RECORDING step=FINISHED success=1 reason=experiment_end_door edf=FM093126.EDF local=../../../../../../Project/UE5/Gallery/Saved/ExperimentData/EDF/FM093126.EDF
