2026-06-16T17:04:26.925+08:00 STATUS start_ui_status sdk=connected host=not_connected log=
2026-06-16T17:07:43.311+08:00 FORMAL_RECORDING step=EDF_OPEN_REQUESTED success=1 participant=B007 edf=FM170743.EDF source=calibration_button
2026-06-16T17:07:43.312+08:00 CONNECT method=open_eyelink_connection ip=100.1.1.1
2026-06-16T17:07:43.350+08:00 CONNECT_RESULT method=open_eyelink_connection result=0 connected=1
2026-06-16T17:07:43.350+08:00 STATUS host_connected=1 sdk_available=1 note=connection_opened_high_level
2026-06-16T17:07:43.351+08:00 FORMAL_RECORDING step=HOST_CONNECTED success=1 sdk=1 host=1 source=calibration_button
2026-06-16T17:07:43.367+08:00 FORMAL_RECORDING step=EDF_OPENED success=1 edf=FM170743.EDF result=0 source=calibration_button
2026-06-16T17:07:43.413+08:00 FORMAL_EDF_MARKER sdk=1 host=1 opened=1 sent=1 message=FORMAL_EDF_OPENED participant=B007 rel=196.423 unix=1781600863413 bjt=2026-06-16T17:07:43.413+08:00 edf=FM170743.EDF source=ue_formal open_result=0 source_tag=calibration_button
2026-06-16T17:07:43.414+08:00 FORMAL_EDF_MARKER sdk=1 host=1 opened=1 sent=1 message=FORMAL_SESSION_PREPARED participant=B007 rel=196.423 unix=1781600863414 bjt=2026-06-16T17:07:43.414+08:00 edf=FM170743.EDF source=ue_formal calibration_complete=0
2026-06-16T17:07:43.414+08:00 FORMAL_EDF_MARKER sdk=1 host=1 opened=1 sent=1 message=CALIBRATION_REQUESTED participant=B007 rel=196.423 unix=1781600863414 bjt=2026-06-16T17:07:43.414+08:00 edf=FM170743.EDF source=ue_formal open_result=0
2026-06-16T17:07:43.414+08:00 CALIBRATION step=REQUESTED success=1 note=run_eyelink_tracker_setup
2026-06-16T17:07:43.414+08:00 CALIBRATION step=HOST_CONNECTED success=1 sdk=1 host=1 graphics=1
2026-06-16T17:07:43.428+08:00 CALIBRATION_DISPLAY_INIT success=1 result=0 error=
2026-06-16T17:07:43.428+08:00 CALIBRATION_DISPLAY_LIST count=2 requested_index=1 explicit=1
2026-06-16T17:07:43.429+08:00 CALIBRATION_DISPLAY index=0 name=Dell XPS 15 SDC414D Display bounds_result=0 x=0 y=0 w=1920 h=1080 mode_result=0 mode_w=1920 mode_h=1080 refresh=60
2026-06-16T17:07:43.429+08:00 CALIBRATION_DISPLAY index=1 name=Acer GR235H bounds_result=0 x=0 y=-1080 w=1920 h=1080 mode_result=0 mode_w=1920 mode_h=1080 refresh=60
2026-06-16T17:07:43.581+08:00 CALIBRATION step=GRAPHICS_INITIALIZED success=1 result=0 explicit_request=1 display_index=1 window_ptr=0000019A80503058 width=1920 height=1080 bits=32 refresh=60.00
2026-06-16T17:07:43.600+08:00 CALIBRATION step=REGISTERED_WINDOW_MOVED success=1 requested_display=1 actual_display=1 requested_x=0 requested_y=-1080 requested_w=1920 requested_h=1080 actual_x=0 actual_y=-1080 actual_w=1920 actual_h=1080
2026-06-16T17:07:43.610+08:00 FORMAL_EDF_MARKER sdk=1 host=1 opened=1 sent=1 message=CALIBRATION_SETUP_START participant=B007 rel=196.423 unix=1781600863610 bjt=2026-06-16T17:07:43.610+08:00 edf=FM170743.EDF source=ue_formal calibration_type=HV9 width=1920 height=1080
2026-06-16T17:07:43.610+08:00 CALIBRATION step=TRACKER_SETUP_BEGIN success=1 detail=call_do_tracker_setup
2026-06-16T17:08:43.235+08:00 CALIBRATION step=TRACKER_SETUP_RETURNED success=1 result=0
2026-06-16T17:08:43.235+08:00 FORMAL_EDF_MARKER sdk=1 host=1 opened=1 sent=1 message=CALIBRATION_SETUP_END participant=B007 rel=196.423 unix=1781600923235 bjt=2026-06-16T17:08:43.235+08:00 edf=FM170743.EDF source=ue_formal setup_result=0
2026-06-16T17:08:45.277+08:00 CALIBRATION step=GRAPHICS_CLOSED success=1
2026-06-16T17:08:45.278+08:00 CALIBRATION step=CALIBRATION_WINDOW_DESTROYED success=1
2026-06-16T17:08:45.278+08:00 CALIBRATION step=FINISHED success=1 result=0
2026-06-16T17:08:45.278+08:00 FORMAL_EDF_MARKER sdk=1 host=1 opened=1 sent=1 message=CALIBRATION_STATUS participant=B007 rel=196.423 unix=1781600925278 bjt=2026-06-16T17:08:45.278+08:00 edf=FM170743.EDF source=ue_formal calibration_complete=1
2026-06-16T17:08:45.278+08:00 FORMAL_CALIBRATION step=FINISHED success=1 participant=B007 edf=FM170743.EDF open_result=0
2026-06-16T17:08:45.278+08:00 STATUS start_ui_status sdk=connected host=connected log=../../../../../../Project/UE5/Gallery/Saved/ExperimentLogs/EyeLinkMarkers_20260616_170426_925.log
2026-06-16T17:08:48.650+08:00 FORMAL_RECORDING step=EDF_ALREADY_OPEN success=1 participant=B007 edf=FM170743.EDF source=start_button_preopened calibration_complete=1
2026-06-16T17:08:48.658+08:00 FORMAL_RECORDING step=RECORDING_STARTED success=1 result=0 edf=FM170743.EDF preopened=1 calibration_complete=1
2026-06-16T17:08:48.659+08:00 MARKER sdk=1 host=1 enabled=1 sent=1 result=0 message=FORMAL_RECORDING_START participant=B007 rel=200.182 unix=1781600928659 bjt=2026-06-16T17:08:48.659+08:00 edf=FM170743.EDF source=ue_formal open_result=0 record_result=0 edf_preopened=1 calibration_complete=1
2026-06-16T17:08:48.659+08:00 STATUS formal_recording_start_requested participant=B007 success=1 edf=FM170743.EDF calibration_complete=1
2026-06-16T17:08:48.659+08:00 STATUS start_ui_status sdk=connected host=connected log=../../../../../../Project/UE5/Gallery/Saved/ExperimentLogs/EyeLinkMarkers_20260616_170426_925.log
2026-06-16T17:08:48.659+08:00 MARKER sdk=1 host=1 enabled=1 sent=1 result=0 message=RECORDING_TIME_REFERENCE participant=B007 output_id=B007 rel=200.182 unix=1781600928659 bjt=2026-06-16T17:08:48.659+08:00 source=ue_session_start
2026-06-16T17:08:48.659+08:00 MARKER sdk=1 host=1 enabled=1 sent=1 result=0 message=SESSION_START participant=B007 output_id=B007 rel=200.182 unix=1781600928659 bjt=2026-06-16T17:08:48.659+08:00
2026-06-16T17:08:48.659+08:00 MARKER sdk=1 host=1 enabled=1 sent=1 result=0 message=EXPERIMENT_RUN_MODE EXP1_THEN_EXP2
2026-06-16T17:08:48.666+08:00 MARKER sdk=1 host=1 enabled=1 sent=1 result=0 message=SCREEN_RECORDING_REQUEST enabled=1 started=1 participant=B007 output_id=B007
2026-06-16T17:08:55.553+08:00 MARKER sdk=1 host=1 enabled=1 sent=1 result=0 message=TRIALID T001
2026-06-16T17:08:55.553+08:00 MARKER sdk=1 host=1 enabled=1 sent=1 result=0 message=EVENT LOADING_INTERACT trial=T001 rel=207.102 unix=1781600935579 bjt=2026-06-16T17:08:55.579+08:00
2026-06-16T17:08:55.553+08:00 MARKER sdk=1 host=1 enabled=1 sent=1 result=0 message=EVENT LOADING_START trial=T001 rel=207.102 unix=1781600935579 bjt=2026-06-16T17:08:55.579+08:00
2026-06-16T17:08:55.554+08:00 MARKER sdk=1 host=1 enabled=1 sent=1 result=0 message=TRIAL_META exp=EXP1 participant=B007 participant_output_id=B007 exhibit_id=Ex1_TEST exhibit_name=测试展品 condition=A latin_group=NA sequence_index=-1 sequence_label=NA
2026-06-16T17:08:57.542+08:00 MARKER sdk=1 host=1 enabled=1 sent=1 result=0 message=EVENT LOADING_COMPLETE trial=T001 rel=209.092 unix=1781600937569 bjt=2026-06-16T17:08:57.568+08:00
2026-06-16T17:09:00.029+08:00 MARKER sdk=1 host=1 enabled=1 sent=1 result=0 message=EVENT VIEWER_ENTER trial=T001 rel=211.576 unix=1781600940053 bjt=2026-06-16T17:09:00.052+08:00
2026-06-16T17:09:00.030+08:00 MARKER sdk=1 host=1 enabled=1 sent=1 result=0 message=EVENT QUESTION_START trial=T001 rel=211.576 unix=1781600940053 bjt=2026-06-16T17:09:00.052+08:00 q=1 total=2 correct_index=-1 correct_label=NotAnswered
2026-06-16T17:09:01.863+08:00 MARKER sdk=1 host=1 enabled=1 sent=1 result=0 message=EVENT QUESTION_SUBMIT trial=T001 rel=213.398 unix=1781600941875 bjt=2026-06-16T17:09:01.874+08:00 q=1 option=B correct_index=-1 correct_label=NotAnswered is_correct=-1
2026-06-16T17:09:01.864+08:00 MARKER sdk=1 host=1 enabled=1 sent=1 result=0 message=EVENT QUESTION_START trial=T001 rel=213.398 unix=1781600941875 bjt=2026-06-16T17:09:01.874+08:00 q=2 total=2 correct_index=-1 correct_label=NotAnswered
2026-06-16T17:09:02.447+08:00 MARKER sdk=1 host=1 enabled=1 sent=1 result=0 message=EVENT QUESTION_SUBMIT trial=T001 rel=213.981 unix=1781600942458 bjt=2026-06-16T17:09:02.458+08:00 q=2 option=D correct_index=-1 correct_label=NotAnswered is_correct=-1
2026-06-16T17:09:02.600+08:00 MARKER sdk=1 host=1 enabled=1 sent=1 result=0 message=EVENT VIEWER_EXIT trial=T001 rel=214.149 unix=1781600942626 bjt=2026-06-16T17:09:02.626+08:00
2026-06-16T17:09:02.600+08:00 MARKER sdk=1 host=1 enabled=1 sent=1 result=0 message=EVENT TRIAL_RESULT trial=T001 rel=214.149 unix=1781600942626 bjt=2026-06-16T17:09:02.626+08:00 rows=2
2026-06-16T17:09:06.255+08:00 MARKER sdk=1 host=1 enabled=1 sent=1 result=0 message=TRIALID T002
2026-06-16T17:09:06.255+08:00 MARKER sdk=1 host=1 enabled=1 sent=1 result=0 message=EVENT LOADING_INTERACT trial=T002 rel=217.804 unix=1781600946281 bjt=2026-06-16T17:09:06.281+08:00
2026-06-16T17:09:06.255+08:00 MARKER sdk=1 host=1 enabled=1 sent=1 result=0 message=EVENT LOADING_START trial=T002 rel=217.804 unix=1781600946281 bjt=2026-06-16T17:09:06.281+08:00
2026-06-16T17:09:06.255+08:00 MARKER sdk=1 host=1 enabled=1 sent=1 result=0 message=TRIAL_META exp=EXP1 participant=B007 participant_output_id=B007 exhibit_id=01 exhibit_name=半岛香炉 condition=A_PLUS latin_group=G2 sequence_index=1 sequence_label=G2_T01
2026-06-16T17:09:16.245+08:00 MARKER sdk=1 host=1 enabled=1 sent=1 result=0 message=EVENT LOADING_COMPLETE trial=T002 rel=227.794 unix=1781600956271 bjt=2026-06-16T17:09:16.271+08:00
2026-06-16T17:09:16.983+08:00 MARKER sdk=1 host=1 enabled=1 sent=1 result=0 message=EVENT VIEWER_ENTER trial=T002 rel=228.530 unix=1781600957007 bjt=2026-06-16T17:09:17.007+08:00
2026-06-16T17:09:16.984+08:00 MARKER sdk=1 host=1 enabled=1 sent=1 result=0 message=EVENT QUESTION_START trial=T002 rel=228.530 unix=1781600957007 bjt=2026-06-16T17:09:17.007+08:00 q=1 total=2 correct_index=1 correct_label=B
2026-06-16T17:09:18.807+08:00 MARKER sdk=1 host=1 enabled=1 sent=1 result=0 message=EVENT QUESTION_SUBMIT trial=T002 rel=230.341 unix=1781600958818 bjt=2026-06-16T17:09:18.817+08:00 q=1 option=B correct_index=1 correct_label=B is_correct=1
2026-06-16T17:09:18.807+08:00 MARKER sdk=1 host=1 enabled=1 sent=1 result=0 message=EVENT QUESTION_START trial=T002 rel=230.341 unix=1781600958818 bjt=2026-06-16T17:09:18.817+08:00 q=2 total=2 correct_index=1 correct_label=B
2026-06-16T17:09:21.631+08:00 MARKER sdk=1 host=1 enabled=1 sent=1 result=0 message=EVENT QUESTION_SUBMIT trial=T002 rel=233.165 unix=1781600961642 bjt=2026-06-16T17:09:21.641+08:00 q=2 option=A correct_index=1 correct_label=B is_correct=0
2026-06-16T17:09:21.839+08:00 MARKER sdk=1 host=1 enabled=1 sent=1 result=0 message=EVENT VIEWER_EXIT trial=T002 rel=233.387 unix=1781600961864 bjt=2026-06-16T17:09:21.863+08:00
2026-06-16T17:09:21.840+08:00 MARKER sdk=1 host=1 enabled=1 sent=1 result=0 message=EVENT TRIAL_RESULT trial=T002 rel=233.387 unix=1781600961864 bjt=2026-06-16T17:09:21.863+08:00 rows=2
2026-06-16T17:10:27.855+08:00 MARKER sdk=1 host=1 enabled=1 sent=1 result=0 message=TRIALID T003
2026-06-16T17:10:27.856+08:00 MARKER sdk=1 host=1 enabled=1 sent=1 result=0 message=EVENT LOADING_INTERACT trial=T003 rel=299.405 unix=1781601027882 bjt=2026-06-16T17:10:27.881+08:00
2026-06-16T17:10:27.856+08:00 MARKER sdk=1 host=1 enabled=1 sent=1 result=0 message=EVENT LOADING_START trial=T003 rel=299.405 unix=1781601027882 bjt=2026-06-16T17:10:27.881+08:00
2026-06-16T17:10:27.856+08:00 MARKER sdk=1 host=1 enabled=1 sent=1 result=0 message=TRIAL_META exp=EXP1 participant=B007 participant_output_id=B007 exhibit_id=02 exhibit_name=中国青铜器 condition=B latin_group=G2 sequence_index=2 sequence_label=G2_T02
2026-06-16T17:10:37.848+08:00 MARKER sdk=1 host=1 enabled=1 sent=1 result=0 message=EVENT LOADING_COMPLETE trial=T003 rel=309.398 unix=1781601037875 bjt=2026-06-16T17:10:37.875+08:00
2026-06-16T17:10:38.997+08:00 MARKER sdk=1 host=1 enabled=1 sent=1 result=0 message=EVENT VIEWER_ENTER trial=T003 rel=310.546 unix=1781601039023 bjt=2026-06-16T17:10:39.023+08:00
2026-06-16T17:10:38.998+08:00 MARKER sdk=1 host=1 enabled=1 sent=1 result=0 message=EVENT QUESTION_START trial=T003 rel=310.546 unix=1781601039023 bjt=2026-06-16T17:10:39.023+08:00 q=1 total=2 correct_index=1 correct_label=B
2026-06-16T17:10:40.315+08:00 MARKER sdk=1 host=1 enabled=1 sent=1 result=0 message=EVENT QUESTION_SUBMIT trial=T003 rel=311.849 unix=1781601040326 bjt=2026-06-16T17:10:40.326+08:00 q=1 option=B correct_index=1 correct_label=B is_correct=1
2026-06-16T17:10:40.316+08:00 MARKER sdk=1 host=1 enabled=1 sent=1 result=0 message=EVENT QUESTION_START trial=T003 rel=311.849 unix=1781601040326 bjt=2026-06-16T17:10:40.326+08:00 q=2 total=2 correct_index=1 correct_label=B
2026-06-16T17:10:44.465+08:00 MARKER sdk=1 host=1 enabled=1 sent=1 result=0 message=EVENT QUESTION_SUBMIT trial=T003 rel=315.999 unix=1781601044476 bjt=2026-06-16T17:10:44.475+08:00 q=2 option=B correct_index=1 correct_label=B is_correct=1
2026-06-16T17:10:48.976+08:00 MARKER sdk=1 host=1 enabled=1 sent=1 result=0 message=EVENT VIEWER_EXIT trial=T003 rel=320.526 unix=1781601049003 bjt=2026-06-16T17:10:49.002+08:00
2026-06-16T17:10:48.976+08:00 MARKER sdk=1 host=1 enabled=1 sent=1 result=0 message=EVENT TRIAL_RESULT trial=T003 rel=320.526 unix=1781601049003 bjt=2026-06-16T17:10:49.002+08:00 rows=2
2026-06-16T17:10:50.450+08:00 MARKER sdk=1 host=1 enabled=1 sent=1 result=0 message=TRIALID T004
2026-06-16T17:10:50.450+08:00 MARKER sdk=1 host=1 enabled=1 sent=1 result=0 message=EVENT LOADING_INTERACT trial=T004 rel=322.000 unix=1781601050477 bjt=2026-06-16T17:10:50.476+08:00
2026-06-16T17:10:50.451+08:00 MARKER sdk=1 host=1 enabled=1 sent=1 result=0 message=EVENT LOADING_START trial=T004 rel=322.000 unix=1781601050477 bjt=2026-06-16T17:10:50.476+08:00
2026-06-16T17:10:50.451+08:00 MARKER sdk=1 host=1 enabled=1 sent=1 result=0 message=EVENT VIEWER_ENTER trial=T004 rel=322.000 unix=1781601050477 bjt=2026-06-16T17:10:50.476+08:00 mode=progressive_no_progress_bar
2026-06-16T17:10:50.451+08:00 MARKER sdk=1 host=1 enabled=1 sent=1 result=0 message=TRIAL_META exp=EXP1 participant=B007 participant_output_id=B007 exhibit_id=03 exhibit_name=希腊陶具 condition=C_MINUS latin_group=G2 sequence_index=3 sequence_label=G2_T03
2026-06-16T17:10:56.451+08:00 MARKER sdk=1 host=1 enabled=1 sent=1 result=0 message=EVENT PROGRESSIVE_USABLE trial=T004 rel=327.999 unix=1781601056476 bjt=2026-06-16T17:10:56.476+08:00
2026-06-16T17:10:56.452+08:00 MARKER sdk=1 host=1 enabled=1 sent=1 result=0 message=EVENT QUESTION_START trial=T004 rel=327.999 unix=1781601056476 bjt=2026-06-16T17:10:56.476+08:00 q=1 total=2 correct_index=0 correct_label=A
2026-06-16T17:11:00.448+08:00 MARKER sdk=1 host=1 enabled=1 sent=1 result=0 message=EVENT LOADING_COMPLETE trial=T004 rel=331.997 unix=1781601060474 bjt=2026-06-16T17:11:00.474+08:00
2026-06-16T17:11:00.984+08:00 MARKER sdk=1 host=1 enabled=1 sent=1 result=0 message=EVENT QUESTION_SUBMIT trial=T004 rel=332.517 unix=1781601060994 bjt=2026-06-16T17:11:00.994+08:00 q=1 option=A correct_index=0 correct_label=A is_correct=1
2026-06-16T17:11:00.985+08:00 MARKER sdk=1 host=1 enabled=1 sent=1 result=0 message=EVENT QUESTION_START trial=T004 rel=332.517 unix=1781601060994 bjt=2026-06-16T17:11:00.994+08:00 q=2 total=2 correct_index=2 correct_label=C
2026-06-16T17:11:01.859+08:00 MARKER sdk=1 host=1 enabled=1 sent=1 result=0 message=EVENT QUESTION_SUBMIT trial=T004 rel=333.392 unix=1781601061869 bjt=2026-06-16T17:11:01.869+08:00 q=2 option=C correct_index=2 correct_label=C is_correct=1
2026-06-16T17:11:02.186+08:00 MARKER sdk=1 host=1 enabled=1 sent=1 result=0 message=EVENT VIEWER_EXIT trial=T004 rel=333.733 unix=1781601062210 bjt=2026-06-16T17:11:02.210+08:00
2026-06-16T17:11:02.187+08:00 MARKER sdk=1 host=1 enabled=1 sent=1 result=0 message=EVENT TRIAL_RESULT trial=T004 rel=333.733 unix=1781601062210 bjt=2026-06-16T17:11:02.210+08:00 rows=2
2026-06-16T17:12:01.552+08:00 MARKER sdk=1 host=1 enabled=1 sent=1 result=0 message=TRIALID T005
2026-06-16T17:12:01.553+08:00 MARKER sdk=1 host=1 enabled=1 sent=1 result=0 message=EVENT LOADING_INTERACT trial=T005 rel=393.102 unix=1781601121579 bjt=2026-06-16T17:12:01.578+08:00
2026-06-16T17:12:01.554+08:00 MARKER sdk=1 host=1 enabled=1 sent=1 result=0 message=EVENT LOADING_START trial=T005 rel=393.102 unix=1781601121579 bjt=2026-06-16T17:12:01.578+08:00
2026-06-16T17:12:01.554+08:00 MARKER sdk=1 host=1 enabled=1 sent=1 result=0 message=EVENT VIEWER_ENTER trial=T005 rel=393.102 unix=1781601121579 bjt=2026-06-16T17:12:01.578+08:00 mode=progressive
2026-06-16T17:12:01.554+08:00 MARKER sdk=1 host=1 enabled=1 sent=1 result=0 message=TRIAL_META exp=EXP1 participant=B007 participant_output_id=B007 exhibit_id=04 exhibit_name=中国花瓶 condition=C latin_group=G2 sequence_index=4 sequence_label=G2_T04
2026-06-16T17:12:07.543+08:00 MARKER sdk=1 host=1 enabled=1 sent=1 result=0 message=EVENT PROGRESSIVE_USABLE trial=T005 rel=399.093 unix=1781601127570 bjt=2026-06-16T17:12:07.570+08:00
2026-06-16T17:12:07.544+08:00 MARKER sdk=1 host=1 enabled=1 sent=1 result=0 message=EVENT QUESTION_START trial=T005 rel=399.093 unix=1781601127570 bjt=2026-06-16T17:12:07.570+08:00 q=1 total=2 correct_index=2 correct_label=C
2026-06-16T17:12:09.313+08:00 MARKER sdk=1 host=1 enabled=1 sent=1 result=0 message=EVENT QUESTION_SUBMIT trial=T005 rel=400.845 unix=1781601129322 bjt=2026-06-16T17:12:09.322+08:00 q=1 option=C correct_index=2 correct_label=C is_correct=1
2026-06-16T17:12:09.313+08:00 MARKER sdk=1 host=1 enabled=1 sent=1 result=0 message=EVENT QUESTION_START trial=T005 rel=400.845 unix=1781601129322 bjt=2026-06-16T17:12:09.322+08:00 q=2 total=2 correct_index=3 correct_label=D
2026-06-16T17:12:11.541+08:00 MARKER sdk=1 host=1 enabled=1 sent=1 result=0 message=EVENT LOADING_COMPLETE trial=T005 rel=403.090 unix=1781601131567 bjt=2026-06-16T17:12:11.567+08:00
2026-06-16T17:12:11.647+08:00 MARKER sdk=1 host=1 enabled=1 sent=1 result=0 message=EVENT QUESTION_SUBMIT trial=T005 rel=403.181 unix=1781601131658 bjt=2026-06-16T17:12:11.657+08:00 q=2 option=D correct_index=3 correct_label=D is_correct=1
2026-06-16T17:12:13.016+08:00 MARKER sdk=1 host=1 enabled=1 sent=1 result=0 message=EVENT VIEWER_EXIT trial=T005 rel=404.566 unix=1781601133043 bjt=2026-06-16T17:12:13.042+08:00
2026-06-16T17:12:13.017+08:00 MARKER sdk=1 host=1 enabled=1 sent=1 result=0 message=EVENT TRIAL_RESULT trial=T005 rel=404.566 unix=1781601133043 bjt=2026-06-16T17:12:13.042+08:00 rows=2
2026-06-16T17:12:48.229+08:00 MARKER sdk=1 host=1 enabled=1 sent=1 result=0 message=TRIALID T006
2026-06-16T17:12:48.229+08:00 MARKER sdk=1 host=1 enabled=1 sent=1 result=0 message=EVENT LOADING_INTERACT trial=T006 rel=439.778 unix=1781601168255 bjt=2026-06-16T17:12:48.254+08:00
2026-06-16T17:12:48.230+08:00 MARKER sdk=1 host=1 enabled=1 sent=1 result=0 message=EVENT LOADING_START trial=T006 rel=439.778 unix=1781601168255 bjt=2026-06-16T17:12:48.254+08:00
2026-06-16T17:12:48.230+08:00 MARKER sdk=1 host=1 enabled=1 sent=1 result=0 message=TRIAL_META exp=EXP1 participant=B007 participant_output_id=B007 exhibit_id=05 exhibit_name=雅典双耳罐 condition=A latin_group=G2 sequence_index=5 sequence_label=G2_T05
2026-06-16T17:12:58.218+08:00 MARKER sdk=1 host=1 enabled=1 sent=1 result=0 message=EVENT LOADING_COMPLETE trial=T006 rel=449.768 unix=1781601178245 bjt=2026-06-16T17:12:58.244+08:00
2026-06-16T17:12:59.108+08:00 MARKER sdk=1 host=1 enabled=1 sent=1 result=0 message=EVENT VIEWER_ENTER trial=T006 rel=450.657 unix=1781601179134 bjt=2026-06-16T17:12:59.133+08:00
2026-06-16T17:12:59.109+08:00 MARKER sdk=1 host=1 enabled=1 sent=1 result=0 message=EVENT QUESTION_START trial=T006 rel=450.657 unix=1781601179134 bjt=2026-06-16T17:12:59.133+08:00 q=1 total=2 correct_index=0 correct_label=A
2026-06-16T17:13:00.924+08:00 MARKER sdk=1 host=1 enabled=1 sent=1 result=0 message=EVENT QUESTION_SUBMIT trial=T006 rel=452.458 unix=1781601180935 bjt=2026-06-16T17:13:00.934+08:00 q=1 option=A correct_index=0 correct_label=A is_correct=1
2026-06-16T17:13:00.925+08:00 MARKER sdk=1 host=1 enabled=1 sent=1 result=0 message=EVENT QUESTION_START trial=T006 rel=452.458 unix=1781601180935 bjt=2026-06-16T17:13:00.934+08:00 q=2 total=2 correct_index=2 correct_label=C
2026-06-16T17:13:02.141+08:00 MARKER sdk=1 host=1 enabled=1 sent=1 result=0 message=EVENT QUESTION_SUBMIT trial=T006 rel=453.676 unix=1781601182153 bjt=2026-06-16T17:13:02.152+08:00 q=2 option=C correct_index=2 correct_label=C is_correct=1
2026-06-16T17:13:03.747+08:00 MARKER sdk=1 host=1 enabled=1 sent=1 result=0 message=EVENT VIEWER_EXIT trial=T006 rel=455.297 unix=1781601183774 bjt=2026-06-16T17:13:03.773+08:00
2026-06-16T17:13:03.748+08:00 MARKER sdk=1 host=1 enabled=1 sent=1 result=0 message=EVENT TRIAL_RESULT trial=T006 rel=455.297 unix=1781601183774 bjt=2026-06-16T17:13:03.773+08:00 rows=2
2026-06-16T17:14:28.324+08:00 MARKER sdk=1 host=1 enabled=1 sent=1 result=0 message=TRIALID Exp2_001
2026-06-16T17:14:28.325+08:00 MARKER sdk=1 host=1 enabled=1 sent=1 result=0 message=EVENT EXP2_LOADING_START trial_id=Exp2_001 rel=539.873352 unix=1781601268350 bjt=2026-06-16T17:14:28.350+08:00 condition=E3_SPATIAL_NONPROGRESSIVE
2026-06-16T17:14:28.325+08:00 MARKER sdk=1 host=1 enabled=1 sent=1 result=0 message=TRIAL_META exp=EXP2 participant=B007 participant_output_id=B007 trial_id=Exp2_001 condition=E3_SPATIAL_NONPROGRESSIVE spatial_continuity=1 progressive_availability=0
2026-06-16T17:14:28.325+08:00 MARKER sdk=1 host=1 enabled=1 sent=1 result=0 message=TRIAL_META_TASK trial_id=Exp2_001 target_index=2 target_display_index=2 target_content_index=1 target_label=左脸
2026-06-16T17:14:28.325+08:00 MARKER sdk=1 host=1 enabled=1 sent=1 result=0 message=TRIAL_META_SEQUENCE trial_id=Exp2_001 slot_permutation=1:4|2:1|3:2|4:3 sequence_group=3 sequence_index=1
2026-06-16T17:14:40.316+08:00 MARKER sdk=1 host=1 enabled=1 sent=1 result=0 message=EVENT EXP2_OBJECT_STAGE_CHANGED trial_id=Exp2_001 rel=551.865967 unix=1781601280343 bjt=2026-06-16T17:14:40.342+08:00 condition=E3_SPATIAL_NONPROGRESSIVE object_index=1 previous_stage=0 new_stage=3 progress=1.000000 object_stages=1:3|2:0|3:
2026-06-16T17:14:40.317+08:00 MARKER sdk=1 host=1 enabled=1 sent=1 result=0 message=EVENT EXP2_STAGE_3_START trial_id=Exp2_001 rel=551.865967 unix=1781601280343 bjt=2026-06-16T17:14:40.342+08:00 condition=E3_SPATIAL_NONPROGRESSIVE stage=3 first_object_index=1 progress=1.000000 object_stages=1:3|2:0|3:0|4:0
2026-06-16T17:14:40.317+08:00 MARKER sdk=1 host=1 enabled=1 sent=1 result=0 message=EVENT EXP2_OBJECT_STAGE_CHANGED trial_id=Exp2_001 rel=551.865967 unix=1781601280343 bjt=2026-06-16T17:14:40.342+08:00 condition=E3_SPATIAL_NONPROGRESSIVE object_index=2 previous_stage=0 new_stage=3 progress=1.000000 object_stages=1:3|2:3|3:
2026-06-16T17:14:40.317+08:00 MARKER sdk=1 host=1 enabled=1 sent=1 result=0 message=EVENT EXP2_OBJECT_STAGE_CHANGED trial_id=Exp2_001 rel=551.865967 unix=1781601280343 bjt=2026-06-16T17:14:40.342+08:00 condition=E3_SPATIAL_NONPROGRESSIVE object_index=3 previous_stage=0 new_stage=3 progress=1.000000 object_stages=1:3|2:3|3:
2026-06-16T17:14:40.318+08:00 MARKER sdk=1 host=1 enabled=1 sent=1 result=0 message=EVENT EXP2_OBJECT_STAGE_CHANGED trial_id=Exp2_001 rel=551.865967 unix=1781601280343 bjt=2026-06-16T17:14:40.342+08:00 condition=E3_SPATIAL_NONPROGRESSIVE object_index=4 previous_stage=0 new_stage=3 progress=1.000000 object_stages=1:3|2:3|3:
2026-06-16T17:14:40.318+08:00 MARKER sdk=1 host=1 enabled=1 sent=1 result=0 message=EVENT EXP2_LOADING_COMPLETE trial_id=Exp2_001 rel=551.865967 unix=1781601280343 bjt=2026-06-16T17:14:40.342+08:00 condition=E3_SPATIAL_NONPROGRESSIVE
2026-06-16T17:14:46.057+08:00 MARKER sdk=1 host=1 enabled=1 sent=1 result=0 message=EVENT EXP2_PENDING_SELECTION trial_id=Exp2_001 rel=557.606873 unix=1781601286084 bjt=2026-06-16T17:14:46.083+08:00 condition=E3_SPATIAL_NONPROGRESSIVE selected=2 selected_content=1 changes=1
2026-06-16T17:14:47.368+08:00 MARKER sdk=1 host=1 enabled=1 sent=1 result=0 message=EVENT EXP2_SUBMIT_SELECTION trial_id=Exp2_001 rel=558.917358 unix=1781601287394 bjt=2026-06-16T17:14:47.394+08:00 condition=E3_SPATIAL_NONPROGRESSIVE selected=2 selected_content=1 correct=1
2026-06-16T17:14:47.369+08:00 MARKER sdk=1 host=1 enabled=1 sent=1 result=0 message=TRIAL_RESULT Exp2_001 selected=2 correct=1
2026-06-16T17:15:18.927+08:00 MARKER sdk=1 host=1 enabled=1 sent=1 result=0 message=TRIALID Exp2_002
2026-06-16T17:15:18.928+08:00 MARKER sdk=1 host=1 enabled=1 sent=1 result=0 message=EVENT EXP2_LOADING_START trial_id=Exp2_002 rel=590.473267 unix=1781601318950 bjt=2026-06-16T17:15:18.950+08:00 condition=E4_FIXED_NONPROGRESSIVE
2026-06-16T17:15:18.929+08:00 MARKER sdk=1 host=1 enabled=1 sent=1 result=0 message=TRIAL_META exp=EXP2 participant=B007 participant_output_id=B007 trial_id=Exp2_002 condition=E4_FIXED_NONPROGRESSIVE spatial_continuity=0 progressive_availability=0
2026-06-16T17:15:18.929+08:00 MARKER sdk=1 host=1 enabled=1 sent=1 result=0 message=TRIAL_META_TASK trial_id=Exp2_002 target_index=1 target_display_index=1 target_content_index=2 target_label=右脸
2026-06-16T17:15:18.929+08:00 MARKER sdk=1 host=1 enabled=1 sent=1 result=0 message=TRIAL_META_SEQUENCE trial_id=Exp2_002 slot_permutation=1:2|2:1|3:3|4:4 sequence_group=3 sequence_index=2
2026-06-16T17:15:30.917+08:00 MARKER sdk=1 host=1 enabled=1 sent=1 result=0 message=EVENT EXP2_OBJECT_STAGE_CHANGED trial_id=Exp2_002 rel=602.467407 unix=1781601330944 bjt=2026-06-16T17:15:30.944+08:00 condition=E4_FIXED_NONPROGRESSIVE object_index=1 previous_stage=0 new_stage=3 progress=1.000000 object_stages=1:3|2:0|3:0|
2026-06-16T17:15:30.918+08:00 MARKER sdk=1 host=1 enabled=1 sent=1 result=0 message=EVENT EXP2_STAGE_3_START trial_id=Exp2_002 rel=602.467407 unix=1781601330944 bjt=2026-06-16T17:15:30.944+08:00 condition=E4_FIXED_NONPROGRESSIVE stage=3 first_object_index=1 progress=1.000000 object_stages=1:3|2:0|3:0|4:0
2026-06-16T17:15:30.918+08:00 MARKER sdk=1 host=1 enabled=1 sent=1 result=0 message=EVENT EXP2_OBJECT_STAGE_CHANGED trial_id=Exp2_002 rel=602.467407 unix=1781601330944 bjt=2026-06-16T17:15:30.944+08:00 condition=E4_FIXED_NONPROGRESSIVE object_index=2 previous_stage=0 new_stage=3 progress=1.000000 object_stages=1:3|2:3|3:0|
2026-06-16T17:15:30.919+08:00 MARKER sdk=1 host=1 enabled=1 sent=1 result=0 message=EVENT EXP2_OBJECT_STAGE_CHANGED trial_id=Exp2_002 rel=602.467407 unix=1781601330944 bjt=2026-06-16T17:15:30.944+08:00 condition=E4_FIXED_NONPROGRESSIVE object_index=3 previous_stage=0 new_stage=3 progress=1.000000 object_stages=1:3|2:3|3:3|
2026-06-16T17:15:30.919+08:00 MARKER sdk=1 host=1 enabled=1 sent=1 result=0 message=EVENT EXP2_OBJECT_STAGE_CHANGED trial_id=Exp2_002 rel=602.467407 unix=1781601330944 bjt=2026-06-16T17:15:30.944+08:00 condition=E4_FIXED_NONPROGRESSIVE object_index=4 previous_stage=0 new_stage=3 progress=1.000000 object_stages=1:3|2:3|3:3|
2026-06-16T17:15:30.919+08:00 MARKER sdk=1 host=1 enabled=1 sent=1 result=0 message=EVENT EXP2_LOADING_COMPLETE trial_id=Exp2_002 rel=602.467407 unix=1781601330944 bjt=2026-06-16T17:15:30.944+08:00 condition=E4_FIXED_NONPROGRESSIVE
2026-06-16T17:15:35.507+08:00 MARKER sdk=1 host=1 enabled=1 sent=1 result=0 message=EVENT EXP2_PENDING_SELECTION trial_id=Exp2_002 rel=607.056274 unix=1781601335533 bjt=2026-06-16T17:15:35.533+08:00 condition=E4_FIXED_NONPROGRESSIVE selected=1 selected_content=2 changes=1
2026-06-16T17:15:37.225+08:00 MARKER sdk=1 host=1 enabled=1 sent=1 result=0 message=EVENT EXP2_SUBMIT_SELECTION trial_id=Exp2_002 rel=608.774414 unix=1781601337251 bjt=2026-06-16T17:15:37.251+08:00 condition=E4_FIXED_NONPROGRESSIVE selected=1 selected_content=2 correct=1
2026-06-16T17:15:37.225+08:00 MARKER sdk=1 host=1 enabled=1 sent=1 result=0 message=TRIAL_RESULT Exp2_002 selected=1 correct=1
2026-06-16T17:16:07.148+08:00 MARKER sdk=1 host=1 enabled=1 sent=1 result=0 message=TRIALID Exp2_003
2026-06-16T17:16:07.149+08:00 MARKER sdk=1 host=1 enabled=1 sent=1 result=0 message=EVENT EXP2_LOADING_START trial_id=Exp2_003 rel=638.697510 unix=1781601367175 bjt=2026-06-16T17:16:07.174+08:00 condition=E2_FIXED_PROGRESSIVE
2026-06-16T17:16:07.149+08:00 MARKER sdk=1 host=1 enabled=1 sent=1 result=0 message=TRIAL_META exp=EXP2 participant=B007 participant_output_id=B007 trial_id=Exp2_003 condition=E2_FIXED_PROGRESSIVE spatial_continuity=0 progressive_availability=1
2026-06-16T17:16:07.149+08:00 MARKER sdk=1 host=1 enabled=1 sent=1 result=0 message=TRIAL_META_TASK trial_id=Exp2_003 target_index=4 target_display_index=4 target_content_index=3 target_label=脖子
2026-06-16T17:16:07.150+08:00 MARKER sdk=1 host=1 enabled=1 sent=1 result=0 message=TRIAL_META_SEQUENCE trial_id=Exp2_003 slot_permutation=1:2|2:4|3:1|4:3 sequence_group=3 sequence_index=3
2026-06-16T17:16:11.137+08:00 MARKER sdk=1 host=1 enabled=1 sent=1 result=0 message=EVENT EXP2_OBJECT_STAGE_CHANGED trial_id=Exp2_003 rel=642.687073 unix=1781601371164 bjt=2026-06-16T17:16:11.164+08:00 condition=E2_FIXED_PROGRESSIVE object_index=1 previous_stage=0 new_stage=1 progress=0.333850 object_stages=1:1|2:0|3:0|4:0
2026-06-16T17:16:11.137+08:00 MARKER sdk=1 host=1 enabled=1 sent=1 result=0 message=EVENT EXP2_STAGE_1_START trial_id=Exp2_003 rel=642.687073 unix=1781601371164 bjt=2026-06-16T17:16:11.164+08:00 condition=E2_FIXED_PROGRESSIVE stage=1 first_object_index=1 progress=0.333850 object_stages=1:1|2:0|3:0|4:0
2026-06-16T17:16:11.138+08:00 MARKER sdk=1 host=1 enabled=1 sent=1 result=0 message=EVENT EXP2_OBJECT_STAGE_CHANGED trial_id=Exp2_003 rel=642.687073 unix=1781601371164 bjt=2026-06-16T17:16:11.164+08:00 condition=E2_FIXED_PROGRESSIVE object_index=2 previous_stage=0 new_stage=1 progress=0.333850 object_stages=1:1|2:1|3:0|4:0
2026-06-16T17:16:11.138+08:00 MARKER sdk=1 host=1 enabled=1 sent=1 result=0 message=EVENT EXP2_OBJECT_STAGE_CHANGED trial_id=Exp2_003 rel=642.687073 unix=1781601371164 bjt=2026-06-16T17:16:11.164+08:00 condition=E2_FIXED_PROGRESSIVE object_index=3 previous_stage=0 new_stage=1 progress=0.333850 object_stages=1:1|2:1|3:1|4:0
2026-06-16T17:16:11.139+08:00 MARKER sdk=1 host=1 enabled=1 sent=1 result=0 message=EVENT EXP2_OBJECT_STAGE_CHANGED trial_id=Exp2_003 rel=642.687073 unix=1781601371164 bjt=2026-06-16T17:16:11.164+08:00 condition=E2_FIXED_PROGRESSIVE object_index=4 previous_stage=0 new_stage=1 progress=0.333850 object_stages=1:1|2:1|3:1|4:1
2026-06-16T17:16:13.140+08:00 MARKER sdk=1 host=1 enabled=1 sent=1 result=0 message=EVENT EXP2_OBJECT_STAGE_CHANGED trial_id=Exp2_003 rel=644.689758 unix=1781601373167 bjt=2026-06-16T17:16:13.166+08:00 condition=E2_FIXED_PROGRESSIVE object_index=1 previous_stage=1 new_stage=2 progress=0.500745 object_stages=1:2|2:1|3:1|4:1
2026-06-16T17:16:13.140+08:00 MARKER sdk=1 host=1 enabled=1 sent=1 result=0 message=EVENT EXP2_STAGE_2_START trial_id=Exp2_003 rel=644.689758 unix=1781601373167 bjt=2026-06-16T17:16:13.166+08:00 condition=E2_FIXED_PROGRESSIVE stage=2 first_object_index=1 progress=0.500745 object_stages=1:2|2:1|3:1|4:1
2026-06-16T17:16:13.141+08:00 MARKER sdk=1 host=1 enabled=1 sent=1 result=0 message=EVENT EXP2_OBJECT_STAGE_CHANGED trial_id=Exp2_003 rel=644.689758 unix=1781601373167 bjt=2026-06-16T17:16:13.166+08:00 condition=E2_FIXED_PROGRESSIVE object_index=2 previous_stage=1 new_stage=2 progress=0.500745 object_stages=1:2|2:2|3:1|4:1
2026-06-16T17:16:13.141+08:00 MARKER sdk=1 host=1 enabled=1 sent=1 result=0 message=EVENT EXP2_OBJECT_STAGE_CHANGED trial_id=Exp2_003 rel=644.689758 unix=1781601373167 bjt=2026-06-16T17:16:13.166+08:00 condition=E2_FIXED_PROGRESSIVE object_index=3 previous_stage=1 new_stage=2 progress=0.500745 object_stages=1:2|2:2|3:2|4:1
2026-06-16T17:16:13.142+08:00 MARKER sdk=1 host=1 enabled=1 sent=1 result=0 message=EVENT EXP2_OBJECT_STAGE_CHANGED trial_id=Exp2_003 rel=644.689758 unix=1781601373167 bjt=2026-06-16T17:16:13.166+08:00 condition=E2_FIXED_PROGRESSIVE object_index=4 previous_stage=1 new_stage=2 progress=0.500745 object_stages=1:2|2:2|3:2|4:2
2026-06-16T17:16:13.142+08:00 MARKER sdk=1 host=1 enabled=1 sent=1 result=0 message=EVENT EXP2_PROGRESSIVE_USABLE trial_id=Exp2_003 rel=644.689758 unix=1781601373167 bjt=2026-06-16T17:16:13.166+08:00 condition=E2_FIXED_PROGRESSIVE target_display_index=4 target_content_index=3 target_label=脖子 stage=2 progress=0.500745
2026-06-16T17:16:15.075+08:00 MARKER sdk=1 host=1 enabled=1 sent=1 result=0 message=EVENT EXP2_PREJUDGE trial_id=Exp2_003 rel=646.625488 unix=1781601375102 bjt=2026-06-16T17:16:15.102+08:00 condition=E2_FIXED_PROGRESSIVE selected=4 correct=1 confidence=-1 selected_content=3
2026-06-16T17:16:19.143+08:00 MARKER sdk=1 host=1 enabled=1 sent=1 result=0 message=EVENT EXP2_OBJECT_STAGE_CHANGED trial_id=Exp2_003 rel=650.692749 unix=1781601379170 bjt=2026-06-16T17:16:19.169+08:00 condition=E2_FIXED_PROGRESSIVE object_index=1 previous_stage=2 new_stage=3 progress=1.000000 object_stages=1:3|2:2|3:2|4:2
2026-06-16T17:16:19.144+08:00 MARKER sdk=1 host=1 enabled=1 sent=1 result=0 message=EVENT EXP2_STAGE_3_START trial_id=Exp2_003 rel=650.692749 unix=1781601379170 bjt=2026-06-16T17:16:19.169+08:00 condition=E2_FIXED_PROGRESSIVE stage=3 first_object_index=1 progress=1.000000 object_stages=1:3|2:2|3:2|4:2
2026-06-16T17:16:19.144+08:00 MARKER sdk=1 host=1 enabled=1 sent=1 result=0 message=EVENT EXP2_OBJECT_STAGE_CHANGED trial_id=Exp2_003 rel=650.692749 unix=1781601379170 bjt=2026-06-16T17:16:19.169+08:00 condition=E2_FIXED_PROGRESSIVE object_index=2 previous_stage=2 new_stage=3 progress=1.000000 object_stages=1:3|2:3|3:2|4:2
2026-06-16T17:16:19.145+08:00 MARKER sdk=1 host=1 enabled=1 sent=1 result=0 message=EVENT EXP2_OBJECT_STAGE_CHANGED trial_id=Exp2_003 rel=650.692749 unix=1781601379170 bjt=2026-06-16T17:16:19.169+08:00 condition=E2_FIXED_PROGRESSIVE object_index=3 previous_stage=2 new_stage=3 progress=1.000000 object_stages=1:3|2:3|3:3|4:2
2026-06-16T17:16:19.145+08:00 MARKER sdk=1 host=1 enabled=1 sent=1 result=0 message=EVENT EXP2_OBJECT_STAGE_CHANGED trial_id=Exp2_003 rel=650.692749 unix=1781601379170 bjt=2026-06-16T17:16:19.169+08:00 condition=E2_FIXED_PROGRESSIVE object_index=4 previous_stage=2 new_stage=3 progress=1.000000 object_stages=1:3|2:3|3:3|4:3
2026-06-16T17:16:19.146+08:00 MARKER sdk=1 host=1 enabled=1 sent=1 result=0 message=EVENT EXP2_LOADING_COMPLETE trial_id=Exp2_003 rel=650.692749 unix=1781601379170 bjt=2026-06-16T17:16:19.169+08:00 condition=E2_FIXED_PROGRESSIVE
2026-06-16T17:16:20.710+08:00 MARKER sdk=1 host=1 enabled=1 sent=1 result=0 message=EVENT EXP2_PENDING_SELECTION trial_id=Exp2_003 rel=652.260437 unix=1781601380737 bjt=2026-06-16T17:16:20.737+08:00 condition=E2_FIXED_PROGRESSIVE selected=4 selected_content=3 changes=1
2026-06-16T17:16:21.847+08:00 MARKER sdk=1 host=1 enabled=1 sent=1 result=0 message=EVENT EXP2_SUBMIT_SELECTION trial_id=Exp2_003 rel=653.397034 unix=1781601381874 bjt=2026-06-16T17:16:21.874+08:00 condition=E2_FIXED_PROGRESSIVE selected=4 selected_content=3 correct=1
2026-06-16T17:16:21.848+08:00 MARKER sdk=1 host=1 enabled=1 sent=1 result=0 message=TRIAL_RESULT Exp2_003 selected=4 correct=1
2026-06-16T17:17:08.816+08:00 MARKER sdk=1 host=1 enabled=1 sent=1 result=0 message=TRIALID Exp2_004
2026-06-16T17:17:08.816+08:00 MARKER sdk=1 host=1 enabled=1 sent=1 result=0 message=EVENT EXP2_LOADING_START trial_id=Exp2_004 rel=700.365356 unix=1781601428842 bjt=2026-06-16T17:17:08.842+08:00 condition=E1_SPATIAL_PROGRESSIVE
2026-06-16T17:17:08.816+08:00 MARKER sdk=1 host=1 enabled=1 sent=1 result=0 message=TRIAL_META exp=EXP2 participant=B007 participant_output_id=B007 trial_id=Exp2_004 condition=E1_SPATIAL_PROGRESSIVE spatial_continuity=1 progressive_availability=1
2026-06-16T17:17:08.816+08:00 MARKER sdk=1 host=1 enabled=1 sent=1 result=0 message=TRIAL_META_TASK trial_id=Exp2_004 target_index=3 target_display_index=3 target_content_index=4 target_label=头顶
2026-06-16T17:17:08.816+08:00 MARKER sdk=1 host=1 enabled=1 sent=1 result=0 message=TRIAL_META_SEQUENCE trial_id=Exp2_004 slot_permutation=1:3|2:1|3:4|4:2 sequence_group=3 sequence_index=4
2026-06-16T17:17:12.811+08:00 MARKER sdk=1 host=1 enabled=1 sent=1 result=0 message=EVENT EXP2_OBJECT_STAGE_CHANGED trial_id=Exp2_004 rel=704.360291 unix=1781601432837 bjt=2026-06-16T17:17:12.837+08:00 condition=E1_SPATIAL_PROGRESSIVE object_index=1 previous_stage=0 new_stage=1 progress=0.334302 object_stages=1:1|2:0|3:0|4
2026-06-16T17:17:12.812+08:00 MARKER sdk=1 host=1 enabled=1 sent=1 result=0 message=EVENT EXP2_STAGE_1_START trial_id=Exp2_004 rel=704.360291 unix=1781601432837 bjt=2026-06-16T17:17:12.837+08:00 condition=E1_SPATIAL_PROGRESSIVE stage=1 first_object_index=1 progress=0.334302 object_stages=1:1|2:0|3:0|4:0
2026-06-16T17:17:12.812+08:00 MARKER sdk=1 host=1 enabled=1 sent=1 result=0 message=EVENT EXP2_OBJECT_STAGE_CHANGED trial_id=Exp2_004 rel=704.360291 unix=1781601432837 bjt=2026-06-16T17:17:12.837+08:00 condition=E1_SPATIAL_PROGRESSIVE object_index=2 previous_stage=0 new_stage=1 progress=0.334302 object_stages=1:1|2:1|3:0|4
2026-06-16T17:17:12.813+08:00 MARKER sdk=1 host=1 enabled=1 sent=1 result=0 message=EVENT EXP2_OBJECT_STAGE_CHANGED trial_id=Exp2_004 rel=704.360291 unix=1781601432837 bjt=2026-06-16T17:17:12.837+08:00 condition=E1_SPATIAL_PROGRESSIVE object_index=3 previous_stage=0 new_stage=1 progress=0.334302 object_stages=1:1|2:1|3:1|4
2026-06-16T17:17:12.814+08:00 MARKER sdk=1 host=1 enabled=1 sent=1 result=0 message=EVENT EXP2_OBJECT_STAGE_CHANGED trial_id=Exp2_004 rel=704.360291 unix=1781601432837 bjt=2026-06-16T17:17:12.837+08:00 condition=E1_SPATIAL_PROGRESSIVE object_index=4 previous_stage=0 new_stage=1 progress=0.334302 object_stages=1:1|2:1|3:1|4
2026-06-16T17:17:14.812+08:00 MARKER sdk=1 host=1 enabled=1 sent=1 result=0 message=EVENT EXP2_OBJECT_STAGE_CHANGED trial_id=Exp2_004 rel=706.361877 unix=1781601434839 bjt=2026-06-16T17:17:14.838+08:00 condition=E1_SPATIAL_PROGRESSIVE object_index=1 previous_stage=1 new_stage=2 progress=0.501103 object_stages=1:2|2:1|3:1|4
2026-06-16T17:17:14.812+08:00 MARKER sdk=1 host=1 enabled=1 sent=1 result=0 message=EVENT EXP2_STAGE_2_START trial_id=Exp2_004 rel=706.361877 unix=1781601434839 bjt=2026-06-16T17:17:14.838+08:00 condition=E1_SPATIAL_PROGRESSIVE stage=2 first_object_index=1 progress=0.501103 object_stages=1:2|2:1|3:1|4:1
2026-06-16T17:17:14.813+08:00 MARKER sdk=1 host=1 enabled=1 sent=1 result=0 message=EVENT EXP2_OBJECT_STAGE_CHANGED trial_id=Exp2_004 rel=706.361877 unix=1781601434839 bjt=2026-06-16T17:17:14.838+08:00 condition=E1_SPATIAL_PROGRESSIVE object_index=2 previous_stage=1 new_stage=2 progress=0.501103 object_stages=1:2|2:2|3:1|4
2026-06-16T17:17:14.813+08:00 MARKER sdk=1 host=1 enabled=1 sent=1 result=0 message=EVENT EXP2_OBJECT_STAGE_CHANGED trial_id=Exp2_004 rel=706.361877 unix=1781601434839 bjt=2026-06-16T17:17:14.838+08:00 condition=E1_SPATIAL_PROGRESSIVE object_index=3 previous_stage=1 new_stage=2 progress=0.501103 object_stages=1:2|2:2|3:2|4
2026-06-16T17:17:14.814+08:00 MARKER sdk=1 host=1 enabled=1 sent=1 result=0 message=EVENT EXP2_PROGRESSIVE_USABLE trial_id=Exp2_004 rel=706.361877 unix=1781601434839 bjt=2026-06-16T17:17:14.838+08:00 condition=E1_SPATIAL_PROGRESSIVE target_display_index=3 target_content_index=4 target_label=头顶 stage=2 progress=0.501103
2026-06-16T17:17:14.814+08:00 MARKER sdk=1 host=1 enabled=1 sent=1 result=0 message=EVENT EXP2_OBJECT_STAGE_CHANGED trial_id=Exp2_004 rel=706.361877 unix=1781601434839 bjt=2026-06-16T17:17:14.838+08:00 condition=E1_SPATIAL_PROGRESSIVE object_index=4 previous_stage=1 new_stage=2 progress=0.501103 object_stages=1:2|2:2|3:2|4
2026-06-16T17:17:17.799+08:00 MARKER sdk=1 host=1 enabled=1 sent=1 result=0 message=EVENT EXP2_PREJUDGE trial_id=Exp2_004 rel=709.349060 unix=1781601437826 bjt=2026-06-16T17:17:17.826+08:00 condition=E1_SPATIAL_PROGRESSIVE selected=3 correct=1 confidence=-1 selected_content=4
2026-06-16T17:17:20.803+08:00 MARKER sdk=1 host=1 enabled=1 sent=1 result=0 message=EVENT EXP2_OBJECT_STAGE_CHANGED trial_id=Exp2_004 rel=712.352600 unix=1781601440830 bjt=2026-06-16T17:17:20.829+08:00 condition=E1_SPATIAL_PROGRESSIVE object_index=1 previous_stage=2 new_stage=3 progress=1.000000 object_stages=1:3|2:2|3:2|4
2026-06-16T17:17:20.803+08:00 MARKER sdk=1 host=1 enabled=1 sent=1 result=0 message=EVENT EXP2_STAGE_3_START trial_id=Exp2_004 rel=712.352600 unix=1781601440830 bjt=2026-06-16T17:17:20.829+08:00 condition=E1_SPATIAL_PROGRESSIVE stage=3 first_object_index=1 progress=1.000000 object_stages=1:3|2:2|3:2|4:2
2026-06-16T17:17:20.804+08:00 MARKER sdk=1 host=1 enabled=1 sent=1 result=0 message=EVENT EXP2_OBJECT_STAGE_CHANGED trial_id=Exp2_004 rel=712.352600 unix=1781601440830 bjt=2026-06-16T17:17:20.829+08:00 condition=E1_SPATIAL_PROGRESSIVE object_index=2 previous_stage=2 new_stage=3 progress=1.000000 object_stages=1:3|2:3|3:2|4
2026-06-16T17:17:20.804+08:00 MARKER sdk=1 host=1 enabled=1 sent=1 result=0 message=EVENT EXP2_OBJECT_STAGE_CHANGED trial_id=Exp2_004 rel=712.352600 unix=1781601440830 bjt=2026-06-16T17:17:20.829+08:00 condition=E1_SPATIAL_PROGRESSIVE object_index=3 previous_stage=2 new_stage=3 progress=1.000000 object_stages=1:3|2:3|3:3|4
2026-06-16T17:17:20.805+08:00 MARKER sdk=1 host=1 enabled=1 sent=1 result=0 message=EVENT EXP2_OBJECT_STAGE_CHANGED trial_id=Exp2_004 rel=712.352600 unix=1781601440830 bjt=2026-06-16T17:17:20.829+08:00 condition=E1_SPATIAL_PROGRESSIVE object_index=4 previous_stage=2 new_stage=3 progress=1.000000 object_stages=1:3|2:3|3:3|4
2026-06-16T17:17:20.805+08:00 MARKER sdk=1 host=1 enabled=1 sent=1 result=0 message=EVENT EXP2_LOADING_COMPLETE trial_id=Exp2_004 rel=712.352600 unix=1781601440830 bjt=2026-06-16T17:17:20.829+08:00 condition=E1_SPATIAL_PROGRESSIVE
2026-06-16T17:17:22.740+08:00 MARKER sdk=1 host=1 enabled=1 sent=1 result=0 message=EVENT EXP2_PENDING_SELECTION trial_id=Exp2_004 rel=714.289917 unix=1781601442767 bjt=2026-06-16T17:17:22.766+08:00 condition=E1_SPATIAL_PROGRESSIVE selected=3 selected_content=4 changes=1
2026-06-16T17:17:24.043+08:00 MARKER sdk=1 host=1 enabled=1 sent=1 result=0 message=EVENT EXP2_SUBMIT_SELECTION trial_id=Exp2_004 rel=715.592102 unix=1781601444069 bjt=2026-06-16T17:17:24.069+08:00 condition=E1_SPATIAL_PROGRESSIVE selected=3 selected_content=4 correct=1
2026-06-16T17:17:24.043+08:00 MARKER sdk=1 host=1 enabled=1 sent=1 result=0 message=TRIAL_RESULT Exp2_004 selected=3 correct=1
2026-06-16T17:17:48.798+08:00 MARKER sdk=1 host=1 enabled=1 sent=1 result=0 message=EVENT EXPERIMENT_END_SCREEN_SHOWN participant=B007 output_id=B007 unix=1781601468797 bjt=2026-06-16_17:17:48.797
2026-06-16T17:17:48.798+08:00 FORMAL_RECORDING step=FINISH_REQUESTED success=1 reason=experiment_end_door edf=FM170743.EDF recording=1 opened=1
2026-06-16T17:17:48.799+08:00 MARKER sdk=1 host=1 enabled=1 sent=1 result=0 message=FORMAL_RECORDING_END participant=B007 rel=740.347 unix=1781601468799 bjt=2026-06-16T17:17:48.799+08:00 edf=FM170743.EDF source=ue_formal reason=experiment_end_door
2026-06-16T17:17:49.000+08:00 FORMAL_RECORDING step=END_MARKER_FLUSH_WAIT success=1 duration_ms=200
2026-06-16T17:17:49.106+08:00 FORMAL_RECORDING step=RECORDING_STOPPED success=1 result=0
2026-06-16T17:17:49.106+08:00 FORMAL_RECORDING step=EDF_CLOSED success=1 edf=FM170743.EDF result=0
2026-06-16T17:17:50.274+08:00 EDF_RECEIVE_ATTEMPT source_tag=formal attempt=full_path source=FM170743.EDF dest=../../../../../../Project/UE5/Gallery/Saved/ExperimentData/EDF/FM170743.EDF dest_is_path=0 result=29815416 exists=1 size=29815416
2026-06-16T17:17:50.274+08:00 FORMAL_RECORDING step=EDF_RECEIVED_TO_DPC success=1 edf=FM170743.EDF local=../../../../../../Project/UE5/Gallery/Saved/ExperimentData/EDF/FM170743.EDF result=29815416 size=29815416
2026-06-16T17:17:50.274+08:00 FORMAL_RECORDING step=FINISHED success=1 reason=experiment_end_door edf=FM170743.EDF local=../../../../../../Project/UE5/Gallery/Saved/ExperimentData/EDF/FM170743.EDF
