2026-06-12T14:13:10.318+08:00 STATUS start_ui_status sdk=connected host=not_connected log=
2026-06-12T14:20:01.123+08:00 FORMAL_RECORDING step=EDF_OPEN_REQUESTED success=1 participant=A009 edf=FM142001.EDF source=calibration_button
2026-06-12T14:20:01.124+08:00 CONNECT method=open_eyelink_connection ip=100.1.1.1
2026-06-12T14:20:01.164+08:00 CONNECT_RESULT method=open_eyelink_connection result=0 connected=1
2026-06-12T14:20:01.164+08:00 STATUS host_connected=1 sdk_available=1 note=connection_opened_high_level
2026-06-12T14:20:01.164+08:00 FORMAL_RECORDING step=HOST_CONNECTED success=1 sdk=1 host=1 source=calibration_button
2026-06-12T14:20:01.276+08:00 FORMAL_RECORDING step=EDF_OPENED success=1 edf=FM142001.EDF result=0 source=calibration_button
2026-06-12T14:20:01.276+08:00 FORMAL_EDF_MARKER sdk=1 host=1 opened=1 sent=1 message=FORMAL_EDF_OPENED participant=A009 rel=410.968 unix=1781245201276 bjt=2026-06-12T14:20:01.276+08:00 edf=FM142001.EDF source=ue_formal open_result=0 source_tag=calibration_button
2026-06-12T14:20:01.277+08:00 FORMAL_EDF_MARKER sdk=1 host=1 opened=1 sent=1 message=FORMAL_SESSION_PREPARED participant=A009 rel=410.968 unix=1781245201277 bjt=2026-06-12T14:20:01.277+08:00 edf=FM142001.EDF source=ue_formal calibration_complete=0
2026-06-12T14:20:01.277+08:00 FORMAL_EDF_MARKER sdk=1 host=1 opened=1 sent=1 message=CALIBRATION_REQUESTED participant=A009 rel=410.968 unix=1781245201277 bjt=2026-06-12T14:20:01.277+08:00 edf=FM142001.EDF source=ue_formal open_result=0
2026-06-12T14:20:01.277+08:00 CALIBRATION step=REQUESTED success=1 note=run_eyelink_tracker_setup
2026-06-12T14:20:01.277+08:00 CALIBRATION step=HOST_CONNECTED success=1 sdk=1 host=1 graphics=1
2026-06-12T14:20:01.280+08:00 CALIBRATION_DISPLAY_INIT success=1 result=0 error=
2026-06-12T14:20:01.280+08:00 CALIBRATION_DISPLAY_LIST count=2 requested_index=1 explicit=1
2026-06-12T14:20:01.280+08:00 CALIBRATION_DISPLAY index=0 name=Dell XPS 15 SDC414D Display bounds_result=0 x=0 y=0 w=1920 h=1080 mode_result=0 mode_w=1920 mode_h=1080 refresh=60
2026-06-12T14:20:01.280+08:00 CALIBRATION_DISPLAY index=1 name=Acer GR235H bounds_result=0 x=0 y=-1080 w=1920 h=1080 mode_result=0 mode_w=1920 mode_h=1080 refresh=60
2026-06-12T14:20:01.435+08:00 CALIBRATION step=GRAPHICS_INITIALIZED success=1 result=0 explicit_request=1 display_index=1 window_ptr=0000024FEFD92438 width=1920 height=1080 bits=32 refresh=60.00
2026-06-12T14:20:01.453+08:00 CALIBRATION step=REGISTERED_WINDOW_MOVED success=1 requested_display=1 actual_display=1 requested_x=0 requested_y=-1080 requested_w=1920 requested_h=1080 actual_x=0 actual_y=-1080 actual_w=1920 actual_h=1080
2026-06-12T14:20:01.476+08:00 FORMAL_EDF_MARKER sdk=1 host=1 opened=1 sent=1 message=CALIBRATION_SETUP_START participant=A009 rel=410.968 unix=1781245201476 bjt=2026-06-12T14:20:01.476+08:00 edf=FM142001.EDF source=ue_formal calibration_type=HV9 width=1920 height=1080
2026-06-12T14:20:01.477+08:00 CALIBRATION step=TRACKER_SETUP_BEGIN success=1 detail=call_do_tracker_setup
2026-06-12T14:20:34.199+08:00 CALIBRATION step=TRACKER_SETUP_RETURNED success=1 result=0
2026-06-12T14:20:34.200+08:00 FORMAL_EDF_MARKER sdk=1 host=1 opened=1 sent=1 message=CALIBRATION_SETUP_END participant=A009 rel=410.968 unix=1781245234200 bjt=2026-06-12T14:20:34.200+08:00 edf=FM142001.EDF source=ue_formal setup_result=0
2026-06-12T14:20:36.240+08:00 CALIBRATION step=GRAPHICS_CLOSED success=1
2026-06-12T14:20:36.240+08:00 CALIBRATION step=CALIBRATION_WINDOW_DESTROYED success=1
2026-06-12T14:20:36.241+08:00 CALIBRATION step=FINISHED success=1 result=0
2026-06-12T14:20:36.241+08:00 FORMAL_EDF_MARKER sdk=1 host=1 opened=1 sent=1 message=CALIBRATION_STATUS participant=A009 rel=410.968 unix=1781245236241 bjt=2026-06-12T14:20:36.241+08:00 edf=FM142001.EDF source=ue_formal calibration_complete=1
2026-06-12T14:20:36.241+08:00 FORMAL_CALIBRATION step=FINISHED success=1 participant=A009 edf=FM142001.EDF open_result=0
2026-06-12T14:20:36.241+08:00 STATUS start_ui_status sdk=connected host=connected log=../../../../../../Project/UE5/Gallery/Saved/ExperimentLogs/EyeLinkMarkers_20260612_141310_318.log
2026-06-12T14:20:45.877+08:00 FORMAL_RECORDING step=EDF_ALREADY_OPEN success=1 participant=A009 edf=FM142001.EDF source=start_button_preopened calibration_complete=1
2026-06-12T14:20:45.885+08:00 FORMAL_RECORDING step=RECORDING_STARTED success=1 result=0 edf=FM142001.EDF preopened=1 calibration_complete=1
2026-06-12T14:20:45.886+08:00 MARKER sdk=1 host=1 enabled=1 sent=1 result=0 message=FORMAL_RECORDING_START participant=A009 rel=419.575 unix=1781245245886 bjt=2026-06-12T14:20:45.886+08:00 edf=FM142001.EDF source=ue_formal open_result=0 record_result=0 edf_preopened=1 calibration_complete=1
2026-06-12T14:20:45.886+08:00 STATUS formal_recording_start_requested participant=A009 success=1 edf=FM142001.EDF calibration_complete=1
2026-06-12T14:20:45.886+08:00 STATUS start_ui_status sdk=connected host=connected log=../../../../../../Project/UE5/Gallery/Saved/ExperimentLogs/EyeLinkMarkers_20260612_141310_318.log
2026-06-12T14:20:45.886+08:00 MARKER sdk=1 host=1 enabled=1 sent=1 result=0 message=RECORDING_TIME_REFERENCE participant=A009 rel=419.575 unix=1781245245886 bjt=2026-06-12T14:20:45.886+08:00 source=ue_session_start
2026-06-12T14:20:45.886+08:00 MARKER sdk=1 host=1 enabled=1 sent=1 result=0 message=SESSION_START participant=A009 rel=419.575 unix=1781245245886 bjt=2026-06-12T14:20:45.886+08:00
2026-06-12T14:20:45.886+08:00 MARKER sdk=1 host=1 enabled=1 sent=1 result=0 message=EXPERIMENT_RUN_MODE EXP1_THEN_EXP2
2026-06-12T14:20:45.895+08:00 MARKER sdk=1 host=1 enabled=1 sent=1 result=0 message=SCREEN_RECORDING_REQUEST enabled=1 started=1 participant=A009
2026-06-12T14:21:29.469+08:00 MARKER sdk=1 host=1 enabled=1 sent=1 result=0 message=TRIALID T001
2026-06-12T14:21:29.470+08:00 MARKER sdk=1 host=1 enabled=1 sent=1 result=0 message=EVENT LOADING_INTERACT trial=T001 rel=463.184 unix=1781245289495 bjt=2026-06-12T14:21:29.494+08:00
2026-06-12T14:21:29.470+08:00 MARKER sdk=1 host=1 enabled=1 sent=1 result=0 message=EVENT LOADING_START trial=T001 rel=463.184 unix=1781245289495 bjt=2026-06-12T14:21:29.494+08:00
2026-06-12T14:21:29.470+08:00 MARKER sdk=1 host=1 enabled=1 sent=1 result=0 message=!V TRIAL_VAR participant A009
2026-06-12T14:21:29.471+08:00 MARKER sdk=1 host=1 enabled=1 sent=1 result=0 message=!V TRIAL_VAR experiment EXP1
2026-06-12T14:21:29.471+08:00 MARKER sdk=1 host=1 enabled=1 sent=1 result=0 message=!V TRIAL_VAR exhibit_id Ex1_TEST
2026-06-12T14:21:29.471+08:00 MARKER sdk=1 host=1 enabled=1 sent=1 result=0 message=!V TRIAL_VAR exhibit_name 测试展品
2026-06-12T14:21:29.471+08:00 MARKER sdk=1 host=1 enabled=1 sent=1 result=0 message=!V TRIAL_VAR condition A
2026-06-12T14:21:29.471+08:00 MARKER sdk=1 host=1 enabled=1 sent=1 result=0 message=!V TRIAL_VAR latin_group NA
2026-06-12T14:21:29.471+08:00 MARKER sdk=1 host=1 enabled=1 sent=1 result=0 message=!V TRIAL_VAR sequence_index -1
2026-06-12T14:21:29.471+08:00 MARKER sdk=1 host=1 enabled=1 sent=1 result=0 message=!V TRIAL_VAR sequence_label NA
2026-06-12T14:21:31.453+08:00 MARKER sdk=1 host=1 enabled=1 sent=1 result=0 message=EVENT LOADING_COMPLETE trial=T001 rel=465.167 unix=1781245291478 bjt=2026-06-12T14:21:31.478+08:00
2026-06-12T14:21:36.142+08:00 MARKER sdk=1 host=1 enabled=1 sent=1 result=0 message=EVENT VIEWER_ENTER trial=T001 rel=469.853 unix=1781245296163 bjt=2026-06-12T14:21:36.163+08:00
2026-06-12T14:21:36.143+08:00 MARKER sdk=1 host=1 enabled=1 sent=1 result=0 message=EVENT QUESTION_START trial=T001 rel=469.853 unix=1781245296163 bjt=2026-06-12T14:21:36.163+08:00 q=1 total=2 correct_index=-1 correct_label=NotAnswered
2026-06-12T14:21:42.278+08:00 MARKER sdk=1 host=1 enabled=1 sent=1 result=0 message=EVENT QUESTION_SUBMIT trial=T001 rel=475.977 unix=1781245302287 bjt=2026-06-12T14:21:42.287+08:00 q=1 option=A correct_index=-1 correct_label=NotAnswered is_correct=-1
2026-06-12T14:21:42.279+08:00 MARKER sdk=1 host=1 enabled=1 sent=1 result=0 message=EVENT QUESTION_START trial=T001 rel=475.977 unix=1781245302287 bjt=2026-06-12T14:21:42.287+08:00 q=2 total=2 correct_index=-1 correct_label=NotAnswered
2026-06-12T14:21:58.812+08:00 MARKER sdk=1 host=1 enabled=1 sent=1 result=0 message=EVENT QUESTION_SUBMIT trial=T001 rel=492.511 unix=1781245318821 bjt=2026-06-12T14:21:58.821+08:00 q=2 option=C correct_index=-1 correct_label=NotAnswered is_correct=-1
2026-06-12T14:22:00.549+08:00 MARKER sdk=1 host=1 enabled=1 sent=1 result=0 message=EVENT VIEWER_EXIT trial=T001 rel=494.263 unix=1781245320573 bjt=2026-06-12T14:22:00.573+08:00
2026-06-12T14:22:00.550+08:00 MARKER sdk=1 host=1 enabled=1 sent=1 result=0 message=EVENT TRIAL_RESULT trial=T001 rel=494.263 unix=1781245320573 bjt=2026-06-12T14:22:00.573+08:00 rows=2
2026-06-12T14:22:35.908+08:00 MARKER sdk=1 host=1 enabled=1 sent=1 result=0 message=TRIALID T002
2026-06-12T14:22:35.908+08:00 MARKER sdk=1 host=1 enabled=1 sent=1 result=0 message=EVENT LOADING_INTERACT trial=T002 rel=529.622 unix=1781245355933 bjt=2026-06-12T14:22:35.932+08:00
2026-06-12T14:22:35.908+08:00 MARKER sdk=1 host=1 enabled=1 sent=1 result=0 message=EVENT LOADING_START trial=T002 rel=529.622 unix=1781245355933 bjt=2026-06-12T14:22:35.932+08:00
2026-06-12T14:22:35.908+08:00 MARKER sdk=1 host=1 enabled=1 sent=1 result=0 message=!V TRIAL_VAR participant A009
2026-06-12T14:22:35.909+08:00 MARKER sdk=1 host=1 enabled=1 sent=1 result=0 message=!V TRIAL_VAR experiment EXP1
2026-06-12T14:22:35.909+08:00 MARKER sdk=1 host=1 enabled=1 sent=1 result=0 message=!V TRIAL_VAR exhibit_id 01
2026-06-12T14:22:35.909+08:00 MARKER sdk=1 host=1 enabled=1 sent=1 result=0 message=!V TRIAL_VAR exhibit_name 半岛香炉
2026-06-12T14:22:35.910+08:00 MARKER sdk=1 host=1 enabled=1 sent=1 result=0 message=!V TRIAL_VAR condition B
2026-06-12T14:22:35.910+08:00 MARKER sdk=1 host=1 enabled=1 sent=1 result=0 message=!V TRIAL_VAR latin_group G3
2026-06-12T14:22:35.910+08:00 MARKER sdk=1 host=1 enabled=1 sent=1 result=0 message=!V TRIAL_VAR sequence_index 1
2026-06-12T14:22:35.910+08:00 MARKER sdk=1 host=1 enabled=1 sent=1 result=0 message=!V TRIAL_VAR sequence_label G3_T01
2026-06-12T14:22:45.897+08:00 MARKER sdk=1 host=1 enabled=1 sent=1 result=0 message=EVENT LOADING_COMPLETE trial=T002 rel=539.611 unix=1781245365922 bjt=2026-06-12T14:22:45.921+08:00
2026-06-12T14:22:49.538+08:00 MARKER sdk=1 host=1 enabled=1 sent=1 result=0 message=EVENT VIEWER_ENTER trial=T002 rel=543.250 unix=1781245369561 bjt=2026-06-12T14:22:49.561+08:00
2026-06-12T14:22:49.539+08:00 MARKER sdk=1 host=1 enabled=1 sent=1 result=0 message=EVENT QUESTION_START trial=T002 rel=543.250 unix=1781245369561 bjt=2026-06-12T14:22:49.561+08:00 q=1 total=2 correct_index=1 correct_label=B
2026-06-12T14:22:57.396+08:00 MARKER sdk=1 host=1 enabled=1 sent=1 result=0 message=EVENT QUESTION_SUBMIT trial=T002 rel=551.093 unix=1781245377404 bjt=2026-06-12T14:22:57.404+08:00 q=1 option=B correct_index=1 correct_label=B is_correct=1
2026-06-12T14:22:57.397+08:00 MARKER sdk=1 host=1 enabled=1 sent=1 result=0 message=EVENT QUESTION_START trial=T002 rel=551.093 unix=1781245377404 bjt=2026-06-12T14:22:57.404+08:00 q=2 total=2 correct_index=1 correct_label=B
2026-06-12T14:23:01.950+08:00 MARKER sdk=1 host=1 enabled=1 sent=1 result=0 message=EVENT QUESTION_SUBMIT trial=T002 rel=555.648 unix=1781245381959 bjt=2026-06-12T14:23:01.959+08:00 q=2 option=A correct_index=1 correct_label=B is_correct=0
2026-06-12T14:23:03.620+08:00 MARKER sdk=1 host=1 enabled=1 sent=1 result=0 message=EVENT VIEWER_EXIT trial=T002 rel=557.334 unix=1781245383645 bjt=2026-06-12T14:23:03.644+08:00
2026-06-12T14:23:03.620+08:00 MARKER sdk=1 host=1 enabled=1 sent=1 result=0 message=EVENT TRIAL_RESULT trial=T002 rel=557.334 unix=1781245383645 bjt=2026-06-12T14:23:03.644+08:00 rows=2
2026-06-12T14:24:41.258+08:00 MARKER sdk=1 host=1 enabled=1 sent=1 result=0 message=TRIALID T003
2026-06-12T14:24:41.258+08:00 MARKER sdk=1 host=1 enabled=1 sent=1 result=0 message=EVENT LOADING_INTERACT trial=T003 rel=654.971 unix=1781245481282 bjt=2026-06-12T14:24:41.281+08:00
2026-06-12T14:24:41.258+08:00 MARKER sdk=1 host=1 enabled=1 sent=1 result=0 message=EVENT LOADING_START trial=T003 rel=654.971 unix=1781245481282 bjt=2026-06-12T14:24:41.281+08:00
2026-06-12T14:24:41.259+08:00 MARKER sdk=1 host=1 enabled=1 sent=1 result=0 message=!V TRIAL_VAR participant A009
2026-06-12T14:24:41.259+08:00 MARKER sdk=1 host=1 enabled=1 sent=1 result=0 message=!V TRIAL_VAR experiment EXP1
2026-06-12T14:24:41.259+08:00 MARKER sdk=1 host=1 enabled=1 sent=1 result=0 message=!V TRIAL_VAR exhibit_id 02
2026-06-12T14:24:41.260+08:00 MARKER sdk=1 host=1 enabled=1 sent=1 result=0 message=!V TRIAL_VAR exhibit_name 中国青铜器
2026-06-12T14:24:41.260+08:00 MARKER sdk=1 host=1 enabled=1 sent=1 result=0 message=!V TRIAL_VAR condition C_MINUS
2026-06-12T14:24:41.260+08:00 MARKER sdk=1 host=1 enabled=1 sent=1 result=0 message=!V TRIAL_VAR latin_group G3
2026-06-12T14:24:41.260+08:00 MARKER sdk=1 host=1 enabled=1 sent=1 result=0 message=!V TRIAL_VAR sequence_index 2
2026-06-12T14:24:41.260+08:00 MARKER sdk=1 host=1 enabled=1 sent=1 result=0 message=!V TRIAL_VAR sequence_label G3_T02
2026-06-12T14:24:41.260+08:00 MARKER sdk=1 host=1 enabled=1 sent=1 result=0 message=EVENT VIEWER_ENTER trial=T003 rel=654.971 unix=1781245481282 bjt=2026-06-12T14:24:41.281+08:00 mode=progressive_no_progress_bar
2026-06-12T14:24:47.258+08:00 MARKER sdk=1 host=1 enabled=1 sent=1 result=0 message=EVENT PROGRESSIVE_USABLE trial=T003 rel=660.967 unix=1781245487278 bjt=2026-06-12T14:24:47.278+08:00
2026-06-12T14:24:47.261+08:00 MARKER sdk=1 host=1 enabled=1 sent=1 result=0 message=EVENT QUESTION_START trial=T003 rel=660.967 unix=1781245487278 bjt=2026-06-12T14:24:47.278+08:00 q=1 total=2 correct_index=1 correct_label=B
2026-06-12T14:24:51.253+08:00 MARKER sdk=1 host=1 enabled=1 sent=1 result=0 message=EVENT LOADING_COMPLETE trial=T003 rel=664.967 unix=1781245491278 bjt=2026-06-12T14:24:51.277+08:00
2026-06-12T14:24:52.723+08:00 MARKER sdk=1 host=1 enabled=1 sent=1 result=0 message=EVENT QUESTION_SUBMIT trial=T003 rel=666.421 unix=1781245492732 bjt=2026-06-12T14:24:52.731+08:00 q=1 option=B correct_index=1 correct_label=B is_correct=1
2026-06-12T14:24:52.724+08:00 MARKER sdk=1 host=1 enabled=1 sent=1 result=0 message=EVENT QUESTION_START trial=T003 rel=666.421 unix=1781245492732 bjt=2026-06-12T14:24:52.731+08:00 q=2 total=2 correct_index=1 correct_label=B
2026-06-12T14:25:02.588+08:00 MARKER sdk=1 host=1 enabled=1 sent=1 result=0 message=EVENT QUESTION_SUBMIT trial=T003 rel=676.285 unix=1781245502596 bjt=2026-06-12T14:25:02.596+08:00 q=2 option=B correct_index=1 correct_label=B is_correct=1
2026-06-12T14:25:05.348+08:00 MARKER sdk=1 host=1 enabled=1 sent=1 result=0 message=EVENT VIEWER_EXIT trial=T003 rel=679.062 unix=1781245505373 bjt=2026-06-12T14:25:05.372+08:00
2026-06-12T14:25:05.349+08:00 MARKER sdk=1 host=1 enabled=1 sent=1 result=0 message=EVENT TRIAL_RESULT trial=T003 rel=679.062 unix=1781245505373 bjt=2026-06-12T14:25:05.372+08:00 rows=2
2026-06-12T14:26:17.766+08:00 MARKER sdk=1 host=1 enabled=1 sent=1 result=0 message=TRIALID T004
2026-06-12T14:26:17.766+08:00 MARKER sdk=1 host=1 enabled=1 sent=1 result=0 message=EVENT LOADING_INTERACT trial=T004 rel=751.480 unix=1781245577791 bjt=2026-06-12T14:26:17.791+08:00
2026-06-12T14:26:17.767+08:00 MARKER sdk=1 host=1 enabled=1 sent=1 result=0 message=EVENT LOADING_START trial=T004 rel=751.480 unix=1781245577791 bjt=2026-06-12T14:26:17.791+08:00
2026-06-12T14:26:17.767+08:00 MARKER sdk=1 host=1 enabled=1 sent=1 result=0 message=!V TRIAL_VAR participant A009
2026-06-12T14:26:17.767+08:00 MARKER sdk=1 host=1 enabled=1 sent=1 result=0 message=!V TRIAL_VAR experiment EXP1
2026-06-12T14:26:17.767+08:00 MARKER sdk=1 host=1 enabled=1 sent=1 result=0 message=!V TRIAL_VAR exhibit_id 03
2026-06-12T14:26:17.767+08:00 MARKER sdk=1 host=1 enabled=1 sent=1 result=0 message=!V TRIAL_VAR exhibit_name 希腊陶具
2026-06-12T14:26:17.767+08:00 MARKER sdk=1 host=1 enabled=1 sent=1 result=0 message=!V TRIAL_VAR condition C
2026-06-12T14:26:17.768+08:00 MARKER sdk=1 host=1 enabled=1 sent=1 result=0 message=!V TRIAL_VAR latin_group G3
2026-06-12T14:26:17.768+08:00 MARKER sdk=1 host=1 enabled=1 sent=1 result=0 message=!V TRIAL_VAR sequence_index 3
2026-06-12T14:26:17.768+08:00 MARKER sdk=1 host=1 enabled=1 sent=1 result=0 message=!V TRIAL_VAR sequence_label G3_T03
2026-06-12T14:26:17.768+08:00 MARKER sdk=1 host=1 enabled=1 sent=1 result=0 message=EVENT VIEWER_ENTER trial=T004 rel=751.480 unix=1781245577791 bjt=2026-06-12T14:26:17.791+08:00 mode=progressive
2026-06-12T14:26:23.754+08:00 MARKER sdk=1 host=1 enabled=1 sent=1 result=0 message=EVENT PROGRESSIVE_USABLE trial=T004 rel=757.468 unix=1781245583778 bjt=2026-06-12T14:26:23.778+08:00
2026-06-12T14:26:23.755+08:00 MARKER sdk=1 host=1 enabled=1 sent=1 result=0 message=EVENT QUESTION_START trial=T004 rel=757.468 unix=1781245583778 bjt=2026-06-12T14:26:23.778+08:00 q=1 total=2 correct_index=0 correct_label=A
2026-06-12T14:26:27.744+08:00 MARKER sdk=1 host=1 enabled=1 sent=1 result=0 message=EVENT LOADING_COMPLETE trial=T004 rel=761.457 unix=1781245587768 bjt=2026-06-12T14:26:27.768+08:00
2026-06-12T14:26:33.190+08:00 MARKER sdk=1 host=1 enabled=1 sent=1 result=0 message=EVENT QUESTION_SUBMIT trial=T004 rel=766.888 unix=1781245593198 bjt=2026-06-12T14:26:33.198+08:00 q=1 option=C correct_index=0 correct_label=A is_correct=0
2026-06-12T14:26:33.191+08:00 MARKER sdk=1 host=1 enabled=1 sent=1 result=0 message=EVENT QUESTION_START trial=T004 rel=766.888 unix=1781245593198 bjt=2026-06-12T14:26:33.198+08:00 q=2 total=2 correct_index=2 correct_label=C
2026-06-12T14:26:36.862+08:00 MARKER sdk=1 host=1 enabled=1 sent=1 result=0 message=EVENT QUESTION_SUBMIT trial=T004 rel=770.556 unix=1781245596867 bjt=2026-06-12T14:26:36.866+08:00 q=2 option=C correct_index=2 correct_label=C is_correct=1
2026-06-12T14:26:38.402+08:00 MARKER sdk=1 host=1 enabled=1 sent=1 result=0 message=EVENT VIEWER_EXIT trial=T004 rel=772.116 unix=1781245598426 bjt=2026-06-12T14:26:38.426+08:00
2026-06-12T14:26:38.402+08:00 MARKER sdk=1 host=1 enabled=1 sent=1 result=0 message=EVENT TRIAL_RESULT trial=T004 rel=772.116 unix=1781245598426 bjt=2026-06-12T14:26:38.426+08:00 rows=2
2026-06-12T14:27:50.314+08:00 MARKER sdk=1 host=1 enabled=1 sent=1 result=0 message=TRIALID T005
2026-06-12T14:27:50.315+08:00 MARKER sdk=1 host=1 enabled=1 sent=1 result=0 message=EVENT LOADING_INTERACT trial=T005 rel=844.025 unix=1781245670336 bjt=2026-06-12T14:27:50.335+08:00
2026-06-12T14:27:50.315+08:00 MARKER sdk=1 host=1 enabled=1 sent=1 result=0 message=EVENT LOADING_START trial=T005 rel=844.025 unix=1781245670336 bjt=2026-06-12T14:27:50.335+08:00
2026-06-12T14:27:50.315+08:00 MARKER sdk=1 host=1 enabled=1 sent=1 result=0 message=!V TRIAL_VAR participant A009
2026-06-12T14:27:50.315+08:00 MARKER sdk=1 host=1 enabled=1 sent=1 result=0 message=!V TRIAL_VAR experiment EXP1
2026-06-12T14:27:50.315+08:00 MARKER sdk=1 host=1 enabled=1 sent=1 result=0 message=!V TRIAL_VAR exhibit_id 04
2026-06-12T14:27:50.316+08:00 MARKER sdk=1 host=1 enabled=1 sent=1 result=0 message=!V TRIAL_VAR exhibit_name 中国花瓶
2026-06-12T14:27:50.316+08:00 MARKER sdk=1 host=1 enabled=1 sent=1 result=0 message=!V TRIAL_VAR condition A
2026-06-12T14:27:50.316+08:00 MARKER sdk=1 host=1 enabled=1 sent=1 result=0 message=!V TRIAL_VAR latin_group G3
2026-06-12T14:27:50.316+08:00 MARKER sdk=1 host=1 enabled=1 sent=1 result=0 message=!V TRIAL_VAR sequence_index 4
2026-06-12T14:27:50.316+08:00 MARKER sdk=1 host=1 enabled=1 sent=1 result=0 message=!V TRIAL_VAR sequence_label G3_T04
2026-06-12T14:28:00.307+08:00 MARKER sdk=1 host=1 enabled=1 sent=1 result=0 message=EVENT LOADING_COMPLETE trial=T005 rel=854.020 unix=1781245680331 bjt=2026-06-12T14:28:00.330+08:00
2026-06-12T14:28:02.266+08:00 MARKER sdk=1 host=1 enabled=1 sent=1 result=0 message=EVENT VIEWER_ENTER trial=T005 rel=855.979 unix=1781245682290 bjt=2026-06-12T14:28:02.289+08:00
2026-06-12T14:28:02.267+08:00 MARKER sdk=1 host=1 enabled=1 sent=1 result=0 message=EVENT QUESTION_START trial=T005 rel=855.979 unix=1781245682290 bjt=2026-06-12T14:28:02.289+08:00 q=1 total=2 correct_index=2 correct_label=C
2026-06-12T14:28:06.721+08:00 MARKER sdk=1 host=1 enabled=1 sent=1 result=0 message=EVENT QUESTION_SUBMIT trial=T005 rel=860.418 unix=1781245686729 bjt=2026-06-12T14:28:06.728+08:00 q=1 option=A correct_index=2 correct_label=C is_correct=0
2026-06-12T14:28:06.722+08:00 MARKER sdk=1 host=1 enabled=1 sent=1 result=0 message=EVENT QUESTION_START trial=T005 rel=860.418 unix=1781245686729 bjt=2026-06-12T14:28:06.728+08:00 q=2 total=2 correct_index=3 correct_label=D
2026-06-12T14:28:10.950+08:00 MARKER sdk=1 host=1 enabled=1 sent=1 result=0 message=EVENT QUESTION_SUBMIT trial=T005 rel=864.646 unix=1781245690957 bjt=2026-06-12T14:28:10.957+08:00 q=2 option=D correct_index=3 correct_label=D is_correct=1
2026-06-12T14:28:12.323+08:00 MARKER sdk=1 host=1 enabled=1 sent=1 result=0 message=EVENT VIEWER_EXIT trial=T005 rel=866.037 unix=1781245692348 bjt=2026-06-12T14:28:12.348+08:00
2026-06-12T14:28:12.323+08:00 MARKER sdk=1 host=1 enabled=1 sent=1 result=0 message=EVENT TRIAL_RESULT trial=T005 rel=866.037 unix=1781245692348 bjt=2026-06-12T14:28:12.348+08:00 rows=2
2026-06-12T14:29:21.816+08:00 MARKER sdk=1 host=1 enabled=1 sent=1 result=0 message=TRIALID T006
2026-06-12T14:29:21.817+08:00 MARKER sdk=1 host=1 enabled=1 sent=1 result=0 message=EVENT LOADING_INTERACT trial=T006 rel=935.530 unix=1781245761841 bjt=2026-06-12T14:29:21.840+08:00
2026-06-12T14:29:21.817+08:00 MARKER sdk=1 host=1 enabled=1 sent=1 result=0 message=EVENT LOADING_START trial=T006 rel=935.530 unix=1781245761841 bjt=2026-06-12T14:29:21.840+08:00
2026-06-12T14:29:21.817+08:00 MARKER sdk=1 host=1 enabled=1 sent=1 result=0 message=!V TRIAL_VAR participant A009
2026-06-12T14:29:21.817+08:00 MARKER sdk=1 host=1 enabled=1 sent=1 result=0 message=!V TRIAL_VAR experiment EXP1
2026-06-12T14:29:21.817+08:00 MARKER sdk=1 host=1 enabled=1 sent=1 result=0 message=!V TRIAL_VAR exhibit_id 05
2026-06-12T14:29:21.818+08:00 MARKER sdk=1 host=1 enabled=1 sent=1 result=0 message=!V TRIAL_VAR exhibit_name 雅典双耳罐
2026-06-12T14:29:21.818+08:00 MARKER sdk=1 host=1 enabled=1 sent=1 result=0 message=!V TRIAL_VAR condition A_PLUS
2026-06-12T14:29:21.818+08:00 MARKER sdk=1 host=1 enabled=1 sent=1 result=0 message=!V TRIAL_VAR latin_group G3
2026-06-12T14:29:21.818+08:00 MARKER sdk=1 host=1 enabled=1 sent=1 result=0 message=!V TRIAL_VAR sequence_index 5
2026-06-12T14:29:21.818+08:00 MARKER sdk=1 host=1 enabled=1 sent=1 result=0 message=!V TRIAL_VAR sequence_label G3_T05
2026-06-12T14:29:31.812+08:00 MARKER sdk=1 host=1 enabled=1 sent=1 result=0 message=EVENT LOADING_COMPLETE trial=T006 rel=945.526 unix=1781245771837 bjt=2026-06-12T14:29:31.837+08:00
2026-06-12T14:29:43.071+08:00 MARKER sdk=1 host=1 enabled=1 sent=1 result=0 message=EVENT VIEWER_ENTER trial=T006 rel=956.784 unix=1781245783095 bjt=2026-06-12T14:29:43.095+08:00
2026-06-12T14:29:43.071+08:00 MARKER sdk=1 host=1 enabled=1 sent=1 result=0 message=EVENT QUESTION_START trial=T006 rel=956.784 unix=1781245783095 bjt=2026-06-12T14:29:43.095+08:00 q=1 total=2 correct_index=0 correct_label=A
2026-06-12T14:29:56.723+08:00 MARKER sdk=1 host=1 enabled=1 sent=1 result=0 message=EVENT QUESTION_SUBMIT trial=T006 rel=970.421 unix=1781245796731 bjt=2026-06-12T14:29:56.731+08:00 q=1 option=A correct_index=0 correct_label=A is_correct=1
2026-06-12T14:29:56.724+08:00 MARKER sdk=1 host=1 enabled=1 sent=1 result=0 message=EVENT QUESTION_START trial=T006 rel=970.421 unix=1781245796731 bjt=2026-06-12T14:29:56.731+08:00 q=2 total=2 correct_index=2 correct_label=C
2026-06-12T14:29:59.638+08:00 MARKER sdk=1 host=1 enabled=1 sent=1 result=0 message=EVENT QUESTION_SUBMIT trial=T006 rel=973.336 unix=1781245799647 bjt=2026-06-12T14:29:59.646+08:00 q=2 option=C correct_index=2 correct_label=C is_correct=1
2026-06-12T14:30:01.069+08:00 MARKER sdk=1 host=1 enabled=1 sent=1 result=0 message=EVENT VIEWER_EXIT trial=T006 rel=974.783 unix=1781245801093 bjt=2026-06-12T14:30:01.093+08:00
2026-06-12T14:30:01.069+08:00 MARKER sdk=1 host=1 enabled=1 sent=1 result=0 message=EVENT TRIAL_RESULT trial=T006 rel=974.783 unix=1781245801093 bjt=2026-06-12T14:30:01.093+08:00 rows=2
2026-06-12T14:36:03.598+08:00 MARKER sdk=1 host=1 enabled=1 sent=1 result=0 message=TRIALID Exp2_001
2026-06-12T14:36:03.598+08:00 MARKER sdk=1 host=1 enabled=1 sent=1 result=0 message=!V TRIAL_VAR participant A009
2026-06-12T14:36:03.598+08:00 MARKER sdk=1 host=1 enabled=1 sent=1 result=0 message=!V TRIAL_VAR experiment EXP2
2026-06-12T14:36:03.599+08:00 MARKER sdk=1 host=1 enabled=1 sent=1 result=0 message=!V TRIAL_VAR condition E4_FIXED_NONPROGRESSIVE
2026-06-12T14:36:03.599+08:00 MARKER sdk=1 host=1 enabled=1 sent=1 result=0 message=!V TRIAL_VAR spatial_continuity 0
2026-06-12T14:36:03.599+08:00 MARKER sdk=1 host=1 enabled=1 sent=1 result=0 message=!V TRIAL_VAR progressive_availability 0
2026-06-12T14:36:03.599+08:00 MARKER sdk=1 host=1 enabled=1 sent=1 result=0 message=!V TRIAL_VAR target_index 4
2026-06-12T14:36:03.599+08:00 MARKER sdk=1 host=1 enabled=1 sent=1 result=0 message=!V TRIAL_VAR target_display_index 4
2026-06-12T14:36:03.599+08:00 MARKER sdk=1 host=1 enabled=1 sent=1 result=0 message=!V TRIAL_VAR target_content_index 1
2026-06-12T14:36:03.600+08:00 MARKER sdk=1 host=1 enabled=1 sent=1 result=0 message=!V TRIAL_VAR target_label 左脸
2026-06-12T14:36:03.600+08:00 MARKER sdk=1 host=1 enabled=1 sent=1 result=0 message=!V TRIAL_VAR slot_permutation 1:2|2:3|3:4|4:1
2026-06-12T14:36:03.600+08:00 MARKER sdk=1 host=1 enabled=1 sent=1 result=0 message=!V TRIAL_VAR sequence_group 4
2026-06-12T14:36:03.600+08:00 MARKER sdk=1 host=1 enabled=1 sent=1 result=0 message=!V TRIAL_VAR sequence_index 1
2026-06-12T14:36:03.601+08:00 MARKER sdk=1 host=1 enabled=1 sent=1 result=0 message=EVENT EXP2_LOADING_START trial_id=Exp2_001 rel=1337.310913 unix=1781246163622 bjt=2026-06-12T14:36:03.621+08:00 condition=E4_FIXED_NONPROGRESSIVE
2026-06-12T14:36:15.596+08:00 MARKER sdk=1 host=1 enabled=1 sent=1 result=0 message=EVENT EXP2_OBJECT_STAGE_CHANGED trial_id=Exp2_001 rel=1349.310913 unix=1781246175622 bjt=2026-06-12T14:36:15.621+08:00 condition=E4_FIXED_NONPROGRESSIVE object_index=1 previous_stage=0 new_stage=3 progress=1.000000 object_stages=1:3|2:0|3:0
2026-06-12T14:36:15.597+08:00 MARKER sdk=1 host=1 enabled=1 sent=1 result=0 message=EVENT EXP2_STAGE_3_START trial_id=Exp2_001 rel=1349.310913 unix=1781246175622 bjt=2026-06-12T14:36:15.621+08:00 condition=E4_FIXED_NONPROGRESSIVE stage=3 first_object_index=1 progress=1.000000 object_stages=1:3|2:0|3:0|4:0
2026-06-12T14:36:15.598+08:00 MARKER sdk=1 host=1 enabled=1 sent=1 result=0 message=EVENT EXP2_OBJECT_STAGE_CHANGED trial_id=Exp2_001 rel=1349.310913 unix=1781246175622 bjt=2026-06-12T14:36:15.621+08:00 condition=E4_FIXED_NONPROGRESSIVE object_index=2 previous_stage=0 new_stage=3 progress=1.000000 object_stages=1:3|2:3|3:0
2026-06-12T14:36:15.600+08:00 MARKER sdk=1 host=1 enabled=1 sent=1 result=0 message=EVENT EXP2_OBJECT_STAGE_CHANGED trial_id=Exp2_001 rel=1349.310913 unix=1781246175622 bjt=2026-06-12T14:36:15.621+08:00 condition=E4_FIXED_NONPROGRESSIVE object_index=3 previous_stage=0 new_stage=3 progress=1.000000 object_stages=1:3|2:3|3:3
2026-06-12T14:36:15.601+08:00 MARKER sdk=1 host=1 enabled=1 sent=1 result=0 message=EVENT EXP2_OBJECT_STAGE_CHANGED trial_id=Exp2_001 rel=1349.310913 unix=1781246175622 bjt=2026-06-12T14:36:15.621+08:00 condition=E4_FIXED_NONPROGRESSIVE object_index=4 previous_stage=0 new_stage=3 progress=1.000000 object_stages=1:3|2:3|3:3
2026-06-12T14:36:15.602+08:00 MARKER sdk=1 host=1 enabled=1 sent=1 result=0 message=EVENT EXP2_LOADING_COMPLETE trial_id=Exp2_001 rel=1349.310913 unix=1781246175622 bjt=2026-06-12T14:36:15.621+08:00 condition=E4_FIXED_NONPROGRESSIVE
2026-06-12T14:36:38.589+08:00 MARKER sdk=1 host=1 enabled=1 sent=1 result=0 message=EVENT EXP2_PENDING_SELECTION trial_id=Exp2_001 rel=1372.303589 unix=1781246198614 bjt=2026-06-12T14:36:38.614+08:00 condition=E4_FIXED_NONPROGRESSIVE selected=1 selected_content=2 changes=1
2026-06-12T14:36:58.641+08:00 MARKER sdk=1 host=1 enabled=1 sent=1 result=0 message=EVENT EXP2_SUBMIT_SELECTION trial_id=Exp2_001 rel=1392.354492 unix=1781246218665 bjt=2026-06-12T14:36:58.665+08:00 condition=E4_FIXED_NONPROGRESSIVE selected=1 selected_content=2 correct=0
2026-06-12T14:36:58.642+08:00 MARKER sdk=1 host=1 enabled=1 sent=1 result=0 message=TRIAL_RESULT Exp2_001 selected=1 correct=0
2026-06-12T14:38:21.711+08:00 MARKER sdk=1 host=1 enabled=1 sent=1 result=0 message=TRIALID Exp2_002
2026-06-12T14:38:21.711+08:00 MARKER sdk=1 host=1 enabled=1 sent=1 result=0 message=!V TRIAL_VAR participant A009
2026-06-12T14:38:21.711+08:00 MARKER sdk=1 host=1 enabled=1 sent=1 result=0 message=!V TRIAL_VAR experiment EXP2
2026-06-12T14:38:21.711+08:00 MARKER sdk=1 host=1 enabled=1 sent=1 result=0 message=!V TRIAL_VAR condition E1_SPATIAL_PROGRESSIVE
2026-06-12T14:38:21.711+08:00 MARKER sdk=1 host=1 enabled=1 sent=1 result=0 message=!V TRIAL_VAR spatial_continuity 1
2026-06-12T14:38:21.712+08:00 MARKER sdk=1 host=1 enabled=1 sent=1 result=0 message=!V TRIAL_VAR progressive_availability 1
2026-06-12T14:38:21.712+08:00 MARKER sdk=1 host=1 enabled=1 sent=1 result=0 message=!V TRIAL_VAR target_index 2
2026-06-12T14:38:21.712+08:00 MARKER sdk=1 host=1 enabled=1 sent=1 result=0 message=!V TRIAL_VAR target_display_index 2
2026-06-12T14:38:21.712+08:00 MARKER sdk=1 host=1 enabled=1 sent=1 result=0 message=!V TRIAL_VAR target_content_index 3
2026-06-12T14:38:21.712+08:00 MARKER sdk=1 host=1 enabled=1 sent=1 result=0 message=!V TRIAL_VAR target_label 脖子
2026-06-12T14:38:21.712+08:00 MARKER sdk=1 host=1 enabled=1 sent=1 result=0 message=!V TRIAL_VAR slot_permutation 1:4|2:3|3:1|4:2
2026-06-12T14:38:21.712+08:00 MARKER sdk=1 host=1 enabled=1 sent=1 result=0 message=!V TRIAL_VAR sequence_group 4
2026-06-12T14:38:21.712+08:00 MARKER sdk=1 host=1 enabled=1 sent=1 result=0 message=!V TRIAL_VAR sequence_index 2
2026-06-12T14:38:21.712+08:00 MARKER sdk=1 host=1 enabled=1 sent=1 result=0 message=EVENT EXP2_LOADING_START trial_id=Exp2_002 rel=1475.311523 unix=1781246301622 bjt=2026-06-12T14:38:21.622+08:00 condition=E1_SPATIAL_PROGRESSIVE
2026-06-12T14:38:25.708+08:00 MARKER sdk=1 host=1 enabled=1 sent=1 result=0 message=EVENT EXP2_OBJECT_STAGE_CHANGED trial_id=Exp2_002 rel=1479.309692 unix=1781246305621 bjt=2026-06-12T14:38:25.620+08:00 condition=E1_SPATIAL_PROGRESSIVE object_index=1 previous_stage=0 new_stage=1 progress=0.334562 object_stages=1:1|2:0|3:0|
2026-06-12T14:38:25.709+08:00 MARKER sdk=1 host=1 enabled=1 sent=1 result=0 message=EVENT EXP2_STAGE_1_START trial_id=Exp2_002 rel=1479.309692 unix=1781246305621 bjt=2026-06-12T14:38:25.620+08:00 condition=E1_SPATIAL_PROGRESSIVE stage=1 first_object_index=1 progress=0.334562 object_stages=1:1|2:0|3:0|4:0
2026-06-12T14:38:25.709+08:00 MARKER sdk=1 host=1 enabled=1 sent=1 result=0 message=EVENT EXP2_OBJECT_STAGE_CHANGED trial_id=Exp2_002 rel=1479.309692 unix=1781246305621 bjt=2026-06-12T14:38:25.620+08:00 condition=E1_SPATIAL_PROGRESSIVE object_index=2 previous_stage=0 new_stage=1 progress=0.334562 object_stages=1:1|2:1|3:0|
2026-06-12T14:38:25.709+08:00 MARKER sdk=1 host=1 enabled=1 sent=1 result=0 message=EVENT EXP2_OBJECT_STAGE_CHANGED trial_id=Exp2_002 rel=1479.309692 unix=1781246305621 bjt=2026-06-12T14:38:25.620+08:00 condition=E1_SPATIAL_PROGRESSIVE object_index=3 previous_stage=0 new_stage=1 progress=0.334562 object_stages=1:1|2:1|3:1|
2026-06-12T14:38:25.710+08:00 MARKER sdk=1 host=1 enabled=1 sent=1 result=0 message=EVENT EXP2_OBJECT_STAGE_CHANGED trial_id=Exp2_002 rel=1479.309692 unix=1781246305621 bjt=2026-06-12T14:38:25.620+08:00 condition=E1_SPATIAL_PROGRESSIVE object_index=4 previous_stage=0 new_stage=1 progress=0.334562 object_stages=1:1|2:1|3:1|
2026-06-12T14:38:27.708+08:00 MARKER sdk=1 host=1 enabled=1 sent=1 result=0 message=EVENT EXP2_OBJECT_STAGE_CHANGED trial_id=Exp2_002 rel=1481.309692 unix=1781246307621 bjt=2026-06-12T14:38:27.620+08:00 condition=E1_SPATIAL_PROGRESSIVE object_index=1 previous_stage=1 new_stage=2 progress=0.501229 object_stages=1:2|2:1|3:1|
2026-06-12T14:38:27.709+08:00 MARKER sdk=1 host=1 enabled=1 sent=1 result=0 message=EVENT EXP2_STAGE_2_START trial_id=Exp2_002 rel=1481.309692 unix=1781246307621 bjt=2026-06-12T14:38:27.620+08:00 condition=E1_SPATIAL_PROGRESSIVE stage=2 first_object_index=1 progress=0.501229 object_stages=1:2|2:1|3:1|4:1
2026-06-12T14:38:27.709+08:00 MARKER sdk=1 host=1 enabled=1 sent=1 result=0 message=EVENT EXP2_OBJECT_STAGE_CHANGED trial_id=Exp2_002 rel=1481.309692 unix=1781246307621 bjt=2026-06-12T14:38:27.620+08:00 condition=E1_SPATIAL_PROGRESSIVE object_index=2 previous_stage=1 new_stage=2 progress=0.501229 object_stages=1:2|2:2|3:1|
2026-06-12T14:38:27.709+08:00 MARKER sdk=1 host=1 enabled=1 sent=1 result=0 message=EVENT EXP2_PROGRESSIVE_USABLE trial_id=Exp2_002 rel=1481.309692 unix=1781246307621 bjt=2026-06-12T14:38:27.620+08:00 condition=E1_SPATIAL_PROGRESSIVE target_display_index=2 target_content_index=3 target_label=脖子 stage=2 progress=0.501229
2026-06-12T14:38:27.710+08:00 MARKER sdk=1 host=1 enabled=1 sent=1 result=0 message=EVENT EXP2_OBJECT_STAGE_CHANGED trial_id=Exp2_002 rel=1481.309692 unix=1781246307621 bjt=2026-06-12T14:38:27.620+08:00 condition=E1_SPATIAL_PROGRESSIVE object_index=3 previous_stage=1 new_stage=2 progress=0.501229 object_stages=1:2|2:2|3:2|
2026-06-12T14:38:27.710+08:00 MARKER sdk=1 host=1 enabled=1 sent=1 result=0 message=EVENT EXP2_OBJECT_STAGE_CHANGED trial_id=Exp2_002 rel=1481.309692 unix=1781246307621 bjt=2026-06-12T14:38:27.620+08:00 condition=E1_SPATIAL_PROGRESSIVE object_index=4 previous_stage=1 new_stage=2 progress=0.501229 object_stages=1:2|2:2|3:2|
2026-06-12T14:38:33.713+08:00 MARKER sdk=1 host=1 enabled=1 sent=1 result=0 message=EVENT EXP2_OBJECT_STAGE_CHANGED trial_id=Exp2_002 rel=1487.313232 unix=1781246313624 bjt=2026-06-12T14:38:33.624+08:00 condition=E1_SPATIAL_PROGRESSIVE object_index=1 previous_stage=2 new_stage=3 progress=1.000000 object_stages=1:3|2:2|3:2|
2026-06-12T14:38:33.714+08:00 MARKER sdk=1 host=1 enabled=1 sent=1 result=0 message=EVENT EXP2_STAGE_3_START trial_id=Exp2_002 rel=1487.313232 unix=1781246313624 bjt=2026-06-12T14:38:33.624+08:00 condition=E1_SPATIAL_PROGRESSIVE stage=3 first_object_index=1 progress=1.000000 object_stages=1:3|2:2|3:2|4:2
2026-06-12T14:38:33.715+08:00 MARKER sdk=1 host=1 enabled=1 sent=1 result=0 message=EVENT EXP2_OBJECT_STAGE_CHANGED trial_id=Exp2_002 rel=1487.313232 unix=1781246313624 bjt=2026-06-12T14:38:33.624+08:00 condition=E1_SPATIAL_PROGRESSIVE object_index=2 previous_stage=2 new_stage=3 progress=1.000000 object_stages=1:3|2:3|3:2|
2026-06-12T14:38:33.716+08:00 MARKER sdk=1 host=1 enabled=1 sent=1 result=0 message=EVENT EXP2_OBJECT_STAGE_CHANGED trial_id=Exp2_002 rel=1487.313232 unix=1781246313624 bjt=2026-06-12T14:38:33.624+08:00 condition=E1_SPATIAL_PROGRESSIVE object_index=3 previous_stage=2 new_stage=3 progress=1.000000 object_stages=1:3|2:3|3:3|
2026-06-12T14:38:33.716+08:00 MARKER sdk=1 host=1 enabled=1 sent=1 result=0 message=EVENT EXP2_OBJECT_STAGE_CHANGED trial_id=Exp2_002 rel=1487.313232 unix=1781246313624 bjt=2026-06-12T14:38:33.624+08:00 condition=E1_SPATIAL_PROGRESSIVE object_index=4 previous_stage=2 new_stage=3 progress=1.000000 object_stages=1:3|2:3|3:3|
2026-06-12T14:38:33.717+08:00 MARKER sdk=1 host=1 enabled=1 sent=1 result=0 message=EVENT EXP2_LOADING_COMPLETE trial_id=Exp2_002 rel=1487.313232 unix=1781246313624 bjt=2026-06-12T14:38:33.624+08:00 condition=E1_SPATIAL_PROGRESSIVE
2026-06-12T14:38:35.404+08:00 MARKER sdk=1 host=1 enabled=1 sent=1 result=0 message=EVENT EXP2_PENDING_SELECTION trial_id=Exp2_002 rel=1489.005737 unix=1781246315317 bjt=2026-06-12T14:38:35.316+08:00 condition=E1_SPATIAL_PROGRESSIVE selected=4 selected_content=2 changes=1
2026-06-12T14:38:44.100+08:00 MARKER sdk=1 host=1 enabled=1 sent=1 result=0 message=EVENT EXP2_SUBMIT_SELECTION trial_id=Exp2_002 rel=1497.701050 unix=1781246324012 bjt=2026-06-12T14:38:44.011+08:00 condition=E1_SPATIAL_PROGRESSIVE selected=4 selected_content=2 correct=0
2026-06-12T14:38:44.101+08:00 MARKER sdk=1 host=1 enabled=1 sent=1 result=0 message=TRIAL_RESULT Exp2_002 selected=4 correct=0
2026-06-12T14:40:05.459+08:00 MARKER sdk=1 host=1 enabled=1 sent=1 result=0 message=TRIALID Exp2_003
2026-06-12T14:40:05.459+08:00 MARKER sdk=1 host=1 enabled=1 sent=1 result=0 message=!V TRIAL_VAR participant A009
2026-06-12T14:40:05.460+08:00 MARKER sdk=1 host=1 enabled=1 sent=1 result=0 message=!V TRIAL_VAR experiment EXP2
2026-06-12T14:40:05.460+08:00 MARKER sdk=1 host=1 enabled=1 sent=1 result=0 message=!V TRIAL_VAR condition E3_SPATIAL_NONPROGRESSIVE
2026-06-12T14:40:05.460+08:00 MARKER sdk=1 host=1 enabled=1 sent=1 result=0 message=!V TRIAL_VAR spatial_continuity 1
2026-06-12T14:40:05.461+08:00 MARKER sdk=1 host=1 enabled=1 sent=1 result=0 message=!V TRIAL_VAR progressive_availability 0
2026-06-12T14:40:05.461+08:00 MARKER sdk=1 host=1 enabled=1 sent=1 result=0 message=!V TRIAL_VAR target_index 3
2026-06-12T14:40:05.461+08:00 MARKER sdk=1 host=1 enabled=1 sent=1 result=0 message=!V TRIAL_VAR target_display_index 3
2026-06-12T14:40:05.461+08:00 MARKER sdk=1 host=1 enabled=1 sent=1 result=0 message=!V TRIAL_VAR target_content_index 2
2026-06-12T14:40:05.461+08:00 MARKER sdk=1 host=1 enabled=1 sent=1 result=0 message=!V TRIAL_VAR target_label 右脸
2026-06-12T14:40:05.461+08:00 MARKER sdk=1 host=1 enabled=1 sent=1 result=0 message=!V TRIAL_VAR slot_permutation 1:3|2:4|3:2|4:1
2026-06-12T14:40:05.461+08:00 MARKER sdk=1 host=1 enabled=1 sent=1 result=0 message=!V TRIAL_VAR sequence_group 4
2026-06-12T14:40:05.461+08:00 MARKER sdk=1 host=1 enabled=1 sent=1 result=0 message=!V TRIAL_VAR sequence_index 3
2026-06-12T14:40:05.461+08:00 MARKER sdk=1 host=1 enabled=1 sent=1 result=0 message=EVENT EXP2_LOADING_START trial_id=Exp2_003 rel=1579.060181 unix=1781246405371 bjt=2026-06-12T14:40:05.371+08:00 condition=E3_SPATIAL_NONPROGRESSIVE
2026-06-12T14:40:17.453+08:00 MARKER sdk=1 host=1 enabled=1 sent=1 result=0 message=EVENT EXP2_OBJECT_STAGE_CHANGED trial_id=Exp2_003 rel=1591.053589 unix=1781246417364 bjt=2026-06-12T14:40:17.364+08:00 condition=E3_SPATIAL_NONPROGRESSIVE object_index=1 previous_stage=0 new_stage=3 progress=1.000000 object_stages=1:3|2:0|3
2026-06-12T14:40:17.454+08:00 MARKER sdk=1 host=1 enabled=1 sent=1 result=0 message=EVENT EXP2_STAGE_3_START trial_id=Exp2_003 rel=1591.053589 unix=1781246417364 bjt=2026-06-12T14:40:17.364+08:00 condition=E3_SPATIAL_NONPROGRESSIVE stage=3 first_object_index=1 progress=1.000000 object_stages=1:3|2:0|3:0|4:0
2026-06-12T14:40:17.454+08:00 MARKER sdk=1 host=1 enabled=1 sent=1 result=0 message=EVENT EXP2_OBJECT_STAGE_CHANGED trial_id=Exp2_003 rel=1591.053589 unix=1781246417364 bjt=2026-06-12T14:40:17.364+08:00 condition=E3_SPATIAL_NONPROGRESSIVE object_index=2 previous_stage=0 new_stage=3 progress=1.000000 object_stages=1:3|2:3|3
2026-06-12T14:40:17.454+08:00 MARKER sdk=1 host=1 enabled=1 sent=1 result=0 message=EVENT EXP2_OBJECT_STAGE_CHANGED trial_id=Exp2_003 rel=1591.053589 unix=1781246417364 bjt=2026-06-12T14:40:17.364+08:00 condition=E3_SPATIAL_NONPROGRESSIVE object_index=3 previous_stage=0 new_stage=3 progress=1.000000 object_stages=1:3|2:3|3
2026-06-12T14:40:17.455+08:00 MARKER sdk=1 host=1 enabled=1 sent=1 result=0 message=EVENT EXP2_OBJECT_STAGE_CHANGED trial_id=Exp2_003 rel=1591.053589 unix=1781246417364 bjt=2026-06-12T14:40:17.364+08:00 condition=E3_SPATIAL_NONPROGRESSIVE object_index=4 previous_stage=0 new_stage=3 progress=1.000000 object_stages=1:3|2:3|3
2026-06-12T14:40:17.455+08:00 MARKER sdk=1 host=1 enabled=1 sent=1 result=0 message=EVENT EXP2_LOADING_COMPLETE trial_id=Exp2_003 rel=1591.053589 unix=1781246417364 bjt=2026-06-12T14:40:17.364+08:00 condition=E3_SPATIAL_NONPROGRESSIVE
2026-06-12T14:40:26.917+08:00 MARKER sdk=1 host=1 enabled=1 sent=1 result=0 message=EVENT EXP2_PENDING_SELECTION trial_id=Exp2_003 rel=1600.518311 unix=1781246426829 bjt=2026-06-12T14:40:26.829+08:00 condition=E3_SPATIAL_NONPROGRESSIVE selected=3 selected_content=2 changes=1
2026-06-12T14:40:31.637+08:00 MARKER sdk=1 host=1 enabled=1 sent=1 result=0 message=EVENT EXP2_SUBMIT_SELECTION trial_id=Exp2_003 rel=1605.238159 unix=1781246431549 bjt=2026-06-12T14:40:31.548+08:00 condition=E3_SPATIAL_NONPROGRESSIVE selected=3 selected_content=2 correct=1
2026-06-12T14:40:31.638+08:00 MARKER sdk=1 host=1 enabled=1 sent=1 result=0 message=TRIAL_RESULT Exp2_003 selected=3 correct=1
2026-06-12T14:41:47.341+08:00 MARKER sdk=1 host=1 enabled=1 sent=1 result=0 message=TRIALID Exp2_004
2026-06-12T14:41:47.342+08:00 MARKER sdk=1 host=1 enabled=1 sent=1 result=0 message=!V TRIAL_VAR participant A009
2026-06-12T14:41:47.342+08:00 MARKER sdk=1 host=1 enabled=1 sent=1 result=0 message=!V TRIAL_VAR experiment EXP2
2026-06-12T14:41:47.342+08:00 MARKER sdk=1 host=1 enabled=1 sent=1 result=0 message=!V TRIAL_VAR condition E2_FIXED_PROGRESSIVE
2026-06-12T14:41:47.342+08:00 MARKER sdk=1 host=1 enabled=1 sent=1 result=0 message=!V TRIAL_VAR spatial_continuity 0
2026-06-12T14:41:47.343+08:00 MARKER sdk=1 host=1 enabled=1 sent=1 result=0 message=!V TRIAL_VAR progressive_availability 1
2026-06-12T14:41:47.343+08:00 MARKER sdk=1 host=1 enabled=1 sent=1 result=0 message=!V TRIAL_VAR target_index 1
2026-06-12T14:41:47.343+08:00 MARKER sdk=1 host=1 enabled=1 sent=1 result=0 message=!V TRIAL_VAR target_display_index 1
2026-06-12T14:41:47.343+08:00 MARKER sdk=1 host=1 enabled=1 sent=1 result=0 message=!V TRIAL_VAR target_content_index 4
2026-06-12T14:41:47.343+08:00 MARKER sdk=1 host=1 enabled=1 sent=1 result=0 message=!V TRIAL_VAR target_label 头顶
2026-06-12T14:41:47.343+08:00 MARKER sdk=1 host=1 enabled=1 sent=1 result=0 message=!V TRIAL_VAR slot_permutation 1:4|2:1|3:2|4:3
2026-06-12T14:41:47.344+08:00 MARKER sdk=1 host=1 enabled=1 sent=1 result=0 message=!V TRIAL_VAR sequence_group 4
2026-06-12T14:41:47.344+08:00 MARKER sdk=1 host=1 enabled=1 sent=1 result=0 message=!V TRIAL_VAR sequence_index 4
2026-06-12T14:41:47.344+08:00 MARKER sdk=1 host=1 enabled=1 sent=1 result=0 message=EVENT EXP2_LOADING_START trial_id=Exp2_004 rel=1680.941895 unix=1781246507253 bjt=2026-06-12T14:41:47.252+08:00 condition=E2_FIXED_PROGRESSIVE
2026-06-12T14:41:51.339+08:00 MARKER sdk=1 host=1 enabled=1 sent=1 result=0 message=EVENT EXP2_OBJECT_STAGE_CHANGED trial_id=Exp2_004 rel=1684.940430 unix=1781246511251 bjt=2026-06-12T14:41:51.251+08:00 condition=E2_FIXED_PROGRESSIVE object_index=1 previous_stage=0 new_stage=1 progress=0.334834 object_stages=1:1|2:0|3:0|4:
2026-06-12T14:41:51.339+08:00 MARKER sdk=1 host=1 enabled=1 sent=1 result=0 message=EVENT EXP2_STAGE_1_START trial_id=Exp2_004 rel=1684.940430 unix=1781246511251 bjt=2026-06-12T14:41:51.251+08:00 condition=E2_FIXED_PROGRESSIVE stage=1 first_object_index=1 progress=0.334834 object_stages=1:1|2:0|3:0|4:0
2026-06-12T14:41:51.340+08:00 MARKER sdk=1 host=1 enabled=1 sent=1 result=0 message=EVENT EXP2_OBJECT_STAGE_CHANGED trial_id=Exp2_004 rel=1684.940430 unix=1781246511251 bjt=2026-06-12T14:41:51.251+08:00 condition=E2_FIXED_PROGRESSIVE object_index=2 previous_stage=0 new_stage=1 progress=0.334834 object_stages=1:1|2:1|3:0|4:
2026-06-12T14:41:51.340+08:00 MARKER sdk=1 host=1 enabled=1 sent=1 result=0 message=EVENT EXP2_OBJECT_STAGE_CHANGED trial_id=Exp2_004 rel=1684.940430 unix=1781246511251 bjt=2026-06-12T14:41:51.251+08:00 condition=E2_FIXED_PROGRESSIVE object_index=3 previous_stage=0 new_stage=1 progress=0.334834 object_stages=1:1|2:1|3:1|4:
2026-06-12T14:41:51.341+08:00 MARKER sdk=1 host=1 enabled=1 sent=1 result=0 message=EVENT EXP2_OBJECT_STAGE_CHANGED trial_id=Exp2_004 rel=1684.940430 unix=1781246511251 bjt=2026-06-12T14:41:51.251+08:00 condition=E2_FIXED_PROGRESSIVE object_index=4 previous_stage=0 new_stage=1 progress=0.334834 object_stages=1:1|2:1|3:1|4:
2026-06-12T14:41:53.325+08:00 MARKER sdk=1 host=1 enabled=1 sent=1 result=0 message=EVENT EXP2_OBJECT_STAGE_CHANGED trial_id=Exp2_004 rel=1686.926392 unix=1781246513237 bjt=2026-06-12T14:41:53.237+08:00 condition=E2_FIXED_PROGRESSIVE object_index=1 previous_stage=1 new_stage=2 progress=0.500339 object_stages=1:2|2:1|3:1|4:
2026-06-12T14:41:53.326+08:00 MARKER sdk=1 host=1 enabled=1 sent=1 result=0 message=EVENT EXP2_STAGE_2_START trial_id=Exp2_004 rel=1686.926392 unix=1781246513237 bjt=2026-06-12T14:41:53.237+08:00 condition=E2_FIXED_PROGRESSIVE stage=2 first_object_index=1 progress=0.500339 object_stages=1:2|2:1|3:1|4:1
2026-06-12T14:41:53.326+08:00 MARKER sdk=1 host=1 enabled=1 sent=1 result=0 message=EVENT EXP2_PROGRESSIVE_USABLE trial_id=Exp2_004 rel=1686.926392 unix=1781246513237 bjt=2026-06-12T14:41:53.237+08:00 condition=E2_FIXED_PROGRESSIVE target_display_index=1 target_content_index=4 target_label=头顶 stage=2 progress=0.500339
2026-06-12T14:41:53.326+08:00 MARKER sdk=1 host=1 enabled=1 sent=1 result=0 message=EVENT EXP2_OBJECT_STAGE_CHANGED trial_id=Exp2_004 rel=1686.926392 unix=1781246513237 bjt=2026-06-12T14:41:53.237+08:00 condition=E2_FIXED_PROGRESSIVE object_index=2 previous_stage=1 new_stage=2 progress=0.500339 object_stages=1:2|2:2|3:1|4:
2026-06-12T14:41:53.327+08:00 MARKER sdk=1 host=1 enabled=1 sent=1 result=0 message=EVENT EXP2_OBJECT_STAGE_CHANGED trial_id=Exp2_004 rel=1686.926392 unix=1781246513237 bjt=2026-06-12T14:41:53.237+08:00 condition=E2_FIXED_PROGRESSIVE object_index=3 previous_stage=1 new_stage=2 progress=0.500339 object_stages=1:2|2:2|3:2|4:
2026-06-12T14:41:53.327+08:00 MARKER sdk=1 host=1 enabled=1 sent=1 result=0 message=EVENT EXP2_OBJECT_STAGE_CHANGED trial_id=Exp2_004 rel=1686.926392 unix=1781246513237 bjt=2026-06-12T14:41:53.237+08:00 condition=E2_FIXED_PROGRESSIVE object_index=4 previous_stage=1 new_stage=2 progress=0.500339 object_stages=1:2|2:2|3:2|4:
2026-06-12T14:41:59.335+08:00 MARKER sdk=1 host=1 enabled=1 sent=1 result=0 message=EVENT EXP2_OBJECT_STAGE_CHANGED trial_id=Exp2_004 rel=1692.936890 unix=1781246519248 bjt=2026-06-12T14:41:59.247+08:00 condition=E2_FIXED_PROGRESSIVE object_index=1 previous_stage=2 new_stage=3 progress=1.000000 object_stages=1:3|2:2|3:2|4:
2026-06-12T14:41:59.336+08:00 MARKER sdk=1 host=1 enabled=1 sent=1 result=0 message=EVENT EXP2_STAGE_3_START trial_id=Exp2_004 rel=1692.936890 unix=1781246519248 bjt=2026-06-12T14:41:59.247+08:00 condition=E2_FIXED_PROGRESSIVE stage=3 first_object_index=1 progress=1.000000 object_stages=1:3|2:2|3:2|4:2
2026-06-12T14:41:59.337+08:00 MARKER sdk=1 host=1 enabled=1 sent=1 result=0 message=EVENT EXP2_OBJECT_STAGE_CHANGED trial_id=Exp2_004 rel=1692.936890 unix=1781246519248 bjt=2026-06-12T14:41:59.247+08:00 condition=E2_FIXED_PROGRESSIVE object_index=2 previous_stage=2 new_stage=3 progress=1.000000 object_stages=1:3|2:3|3:2|4:
2026-06-12T14:41:59.337+08:00 MARKER sdk=1 host=1 enabled=1 sent=1 result=0 message=EVENT EXP2_OBJECT_STAGE_CHANGED trial_id=Exp2_004 rel=1692.936890 unix=1781246519248 bjt=2026-06-12T14:41:59.247+08:00 condition=E2_FIXED_PROGRESSIVE object_index=3 previous_stage=2 new_stage=3 progress=1.000000 object_stages=1:3|2:3|3:3|4:
2026-06-12T14:41:59.337+08:00 MARKER sdk=1 host=1 enabled=1 sent=1 result=0 message=EVENT EXP2_OBJECT_STAGE_CHANGED trial_id=Exp2_004 rel=1692.936890 unix=1781246519248 bjt=2026-06-12T14:41:59.247+08:00 condition=E2_FIXED_PROGRESSIVE object_index=4 previous_stage=2 new_stage=3 progress=1.000000 object_stages=1:3|2:3|3:3|4:
2026-06-12T14:41:59.338+08:00 MARKER sdk=1 host=1 enabled=1 sent=1 result=0 message=EVENT EXP2_LOADING_COMPLETE trial_id=Exp2_004 rel=1692.936890 unix=1781246519248 bjt=2026-06-12T14:41:59.247+08:00 condition=E2_FIXED_PROGRESSIVE
2026-06-12T14:42:01.771+08:00 MARKER sdk=1 host=1 enabled=1 sent=1 result=0 message=EVENT EXP2_PENDING_SELECTION trial_id=Exp2_004 rel=1695.372559 unix=1781246521683 bjt=2026-06-12T14:42:01.683+08:00 condition=E2_FIXED_PROGRESSIVE selected=1 selected_content=4 changes=1
2026-06-12T14:42:08.027+08:00 MARKER sdk=1 host=1 enabled=1 sent=1 result=0 message=EVENT EXP2_SUBMIT_SELECTION trial_id=Exp2_004 rel=1701.627686 unix=1781246527939 bjt=2026-06-12T14:42:07.938+08:00 condition=E2_FIXED_PROGRESSIVE selected=1 selected_content=4 correct=1
2026-06-12T14:42:08.027+08:00 MARKER sdk=1 host=1 enabled=1 sent=1 result=0 message=TRIAL_RESULT Exp2_004 selected=1 correct=1
2026-06-12T14:43:33.893+08:00 MARKER sdk=1 host=1 enabled=1 sent=1 result=0 message=EVENT EXPERIMENT_END_SCREEN_SHOWN participant=A009 unix=1781246613893 bjt=2026-06-12_14:43:33.893
2026-06-12T14:43:33.893+08:00 FORMAL_RECORDING step=FINISH_REQUESTED success=1 reason=experiment_end_door edf=FM142001.EDF recording=1 opened=1
2026-06-12T14:43:33.893+08:00 MARKER sdk=1 host=1 enabled=1 sent=1 result=0 message=FORMAL_RECORDING_END participant=A009 rel=1787.494 unix=1781246613893 bjt=2026-06-12T14:43:33.893+08:00 edf=FM142001.EDF source=ue_formal reason=experiment_end_door
2026-06-12T14:43:33.999+08:00 FORMAL_RECORDING step=RECORDING_STOPPED success=1 result=0
2026-06-12T14:43:34.000+08:00 FORMAL_RECORDING step=EDF_CLOSED success=1 edf=FM142001.EDF result=0
2026-06-12T14:43:38.045+08:00 EDF_RECEIVE_ATTEMPT source_tag=formal attempt=full_path source=FM142001.EDF dest=../../../../../../Project/UE5/Gallery/Saved/ExperimentData/EDF/FM142001.EDF dest_is_path=0 result=75523752 exists=1 size=75523752
2026-06-12T14:43:38.045+08:00 FORMAL_RECORDING step=EDF_RECEIVED_TO_DPC success=1 edf=FM142001.EDF local=../../../../../../Project/UE5/Gallery/Saved/ExperimentData/EDF/FM142001.EDF result=75523752 size=75523752
2026-06-12T14:43:38.045+08:00 FORMAL_RECORDING step=FINISHED success=1 reason=experiment_end_door edf=FM142001.EDF local=../../../../../../Project/UE5/Gallery/Saved/ExperimentData/EDF/FM142001.EDF
