2026-06-16T17:20:57.321+08:00 STATUS start_ui_status sdk=connected host=not_connected log=
2026-06-16T17:22:49.543+08:00 FORMAL_RECORDING step=EDF_OPEN_REQUESTED success=1 participant=B008 edf=FM172249.EDF source=calibration_button
2026-06-16T17:22:49.543+08:00 CONNECT method=open_eyelink_connection ip=100.1.1.1
2026-06-16T17:22:49.578+08:00 CONNECT_RESULT method=open_eyelink_connection result=0 connected=1
2026-06-16T17:22:49.578+08:00 STATUS host_connected=1 sdk_available=1 note=connection_opened_high_level
2026-06-16T17:22:49.578+08:00 FORMAL_RECORDING step=HOST_CONNECTED success=1 sdk=1 host=1 source=calibration_button
2026-06-16T17:22:49.632+08:00 FORMAL_RECORDING step=EDF_OPENED success=1 edf=FM172249.EDF result=0 source=calibration_button
2026-06-16T17:22:49.678+08:00 FORMAL_EDF_MARKER sdk=1 host=1 opened=1 sent=1 message=FORMAL_EDF_OPENED participant=B008 rel=110.709 unix=1781601769678 bjt=2026-06-16T17:22:49.678+08:00 edf=FM172249.EDF source=ue_formal open_result=0 source_tag=calibration_button
2026-06-16T17:22:49.678+08:00 FORMAL_EDF_MARKER sdk=1 host=1 opened=1 sent=1 message=FORMAL_SESSION_PREPARED participant=B008 rel=110.709 unix=1781601769678 bjt=2026-06-16T17:22:49.678+08:00 edf=FM172249.EDF source=ue_formal calibration_complete=0
2026-06-16T17:22:49.679+08:00 FORMAL_EDF_MARKER sdk=1 host=1 opened=1 sent=1 message=CALIBRATION_REQUESTED participant=B008 rel=110.709 unix=1781601769678 bjt=2026-06-16T17:22:49.678+08:00 edf=FM172249.EDF source=ue_formal open_result=0
2026-06-16T17:22:49.679+08:00 CALIBRATION step=REQUESTED success=1 note=run_eyelink_tracker_setup
2026-06-16T17:22:49.679+08:00 CALIBRATION step=HOST_CONNECTED success=1 sdk=1 host=1 graphics=1
2026-06-16T17:22:49.684+08:00 CALIBRATION_DISPLAY_INIT success=1 result=0 error=
2026-06-16T17:22:49.684+08:00 CALIBRATION_DISPLAY_LIST count=2 requested_index=1 explicit=1
2026-06-16T17:22:49.685+08:00 CALIBRATION_DISPLAY index=0 name=Dell XPS 15 SDC414D Display bounds_result=0 x=0 y=0 w=1920 h=1080 mode_result=0 mode_w=1920 mode_h=1080 refresh=60
2026-06-16T17:22:49.685+08:00 CALIBRATION_DISPLAY index=1 name=Acer GR235H bounds_result=0 x=0 y=-1080 w=1920 h=1080 mode_result=0 mode_w=1920 mode_h=1080 refresh=60
2026-06-16T17:22:49.805+08:00 CALIBRATION step=GRAPHICS_INITIALIZED success=1 result=0 explicit_request=1 display_index=1 window_ptr=0000019A80504BA0 width=1920 height=1080 bits=32 refresh=60.00
2026-06-16T17:22:49.823+08:00 CALIBRATION step=REGISTERED_WINDOW_MOVED success=1 requested_display=1 actual_display=1 requested_x=0 requested_y=-1080 requested_w=1920 requested_h=1080 actual_x=0 actual_y=-1080 actual_w=1920 actual_h=1080
2026-06-16T17:22:49.826+08:00 FORMAL_EDF_MARKER sdk=1 host=1 opened=1 sent=1 message=CALIBRATION_SETUP_START participant=B008 rel=110.709 unix=1781601769826 bjt=2026-06-16T17:22:49.826+08:00 edf=FM172249.EDF source=ue_formal calibration_type=HV9 width=1920 height=1080
2026-06-16T17:22:49.826+08:00 CALIBRATION step=TRACKER_SETUP_BEGIN success=1 detail=call_do_tracker_setup
2026-06-16T17:32:57.806+08:00 CALIBRATION step=TRACKER_SETUP_RETURNED success=1 result=0
2026-06-16T17:32:57.806+08:00 FORMAL_EDF_MARKER sdk=1 host=1 opened=1 sent=1 message=CALIBRATION_SETUP_END participant=B008 rel=110.709 unix=1781602377806 bjt=2026-06-16T17:32:57.806+08:00 edf=FM172249.EDF source=ue_formal setup_result=0
2026-06-16T17:32:59.849+08:00 CALIBRATION step=GRAPHICS_CLOSED success=1
2026-06-16T17:32:59.849+08:00 CALIBRATION step=CALIBRATION_WINDOW_DESTROYED success=1
2026-06-16T17:32:59.850+08:00 CALIBRATION step=FINISHED success=1 result=0
2026-06-16T17:32:59.850+08:00 FORMAL_EDF_MARKER sdk=1 host=1 opened=1 sent=1 message=CALIBRATION_STATUS participant=B008 rel=110.709 unix=1781602379850 bjt=2026-06-16T17:32:59.850+08:00 edf=FM172249.EDF source=ue_formal calibration_complete=1
2026-06-16T17:32:59.850+08:00 FORMAL_CALIBRATION step=FINISHED success=1 participant=B008 edf=FM172249.EDF open_result=0
2026-06-16T17:32:59.851+08:00 STATUS start_ui_status sdk=connected host=connected log=../../../../../../Project/UE5/Gallery/Saved/ExperimentLogs/EyeLinkMarkers_20260616_172057_321.log
2026-06-16T17:33:01.454+08:00 FORMAL_RECORDING step=EDF_ALREADY_OPEN success=1 participant=B008 edf=FM172249.EDF source=start_button_preopened calibration_complete=1
2026-06-16T17:33:01.463+08:00 FORMAL_RECORDING step=RECORDING_STARTED success=1 result=0 edf=FM172249.EDF preopened=1 calibration_complete=1
2026-06-16T17:33:01.464+08:00 MARKER sdk=1 host=1 enabled=1 sent=1 result=0 message=FORMAL_RECORDING_START participant=B008 rel=112.694 unix=1781602381463 bjt=2026-06-16T17:33:01.463+08:00 edf=FM172249.EDF source=ue_formal open_result=0 record_result=0 edf_preopened=1 calibration_complete=1
2026-06-16T17:33:01.464+08:00 STATUS formal_recording_start_requested participant=B008 success=1 edf=FM172249.EDF calibration_complete=1
2026-06-16T17:33:01.464+08:00 STATUS start_ui_status sdk=connected host=connected log=../../../../../../Project/UE5/Gallery/Saved/ExperimentLogs/EyeLinkMarkers_20260616_172057_321.log
2026-06-16T17:33:01.464+08:00 MARKER sdk=1 host=1 enabled=1 sent=1 result=0 message=RECORDING_TIME_REFERENCE participant=B008 output_id=B008 rel=112.694 unix=1781602381464 bjt=2026-06-16T17:33:01.464+08:00 source=ue_session_start
2026-06-16T17:33:01.464+08:00 MARKER sdk=1 host=1 enabled=1 sent=1 result=0 message=SESSION_START participant=B008 output_id=B008 rel=112.694 unix=1781602381464 bjt=2026-06-16T17:33:01.464+08:00
2026-06-16T17:33:01.464+08:00 MARKER sdk=1 host=1 enabled=1 sent=1 result=0 message=EXPERIMENT_RUN_MODE EXP1_THEN_EXP2
2026-06-16T17:33:01.470+08:00 MARKER sdk=1 host=1 enabled=1 sent=1 result=0 message=SCREEN_RECORDING_REQUEST enabled=1 started=1 participant=B008 output_id=B008
2026-06-16T17:33:04.624+08:00 MARKER sdk=1 host=1 enabled=1 sent=1 result=0 message=TRIALID T001
2026-06-16T17:33:04.624+08:00 MARKER sdk=1 host=1 enabled=1 sent=1 result=0 message=EVENT LOADING_INTERACT trial=T001 rel=115.881 unix=1781602384651 bjt=2026-06-16T17:33:04.650+08:00
2026-06-16T17:33:04.624+08:00 MARKER sdk=1 host=1 enabled=1 sent=1 result=0 message=EVENT LOADING_START trial=T001 rel=115.881 unix=1781602384651 bjt=2026-06-16T17:33:04.650+08:00
2026-06-16T17:33:04.625+08:00 MARKER sdk=1 host=1 enabled=1 sent=1 result=0 message=TRIAL_META exp=EXP1 participant=B008 participant_output_id=B008 exhibit_id=Ex1_TEST exhibit_name=测试展品 condition=A latin_group=NA sequence_index=-1 sequence_label=NA
2026-06-16T17:33:06.606+08:00 MARKER sdk=1 host=1 enabled=1 sent=1 result=0 message=EVENT LOADING_COMPLETE trial=T001 rel=117.865 unix=1781602386634 bjt=2026-06-16T17:33:06.634+08:00
2026-06-16T17:33:07.125+08:00 MARKER sdk=1 host=1 enabled=1 sent=1 result=0 message=EVENT VIEWER_ENTER trial=T001 rel=118.382 unix=1781602387151 bjt=2026-06-16T17:33:07.151+08:00
2026-06-16T17:33:07.126+08:00 MARKER sdk=1 host=1 enabled=1 sent=1 result=0 message=EVENT QUESTION_START trial=T001 rel=118.382 unix=1781602387151 bjt=2026-06-16T17:33:07.151+08:00 q=1 total=2 correct_index=-1 correct_label=NotAnswered
2026-06-16T17:33:09.375+08:00 MARKER sdk=1 host=1 enabled=1 sent=1 result=0 message=EVENT QUESTION_SUBMIT trial=T001 rel=120.617 unix=1781602389386 bjt=2026-06-16T17:33:09.386+08:00 q=1 option=A correct_index=-1 correct_label=NotAnswered is_correct=-1
2026-06-16T17:33:09.375+08:00 MARKER sdk=1 host=1 enabled=1 sent=1 result=0 message=EVENT QUESTION_START trial=T001 rel=120.617 unix=1781602389386 bjt=2026-06-16T17:33:09.386+08:00 q=2 total=2 correct_index=-1 correct_label=NotAnswered
2026-06-16T17:33:10.275+08:00 MARKER sdk=1 host=1 enabled=1 sent=1 result=0 message=EVENT QUESTION_SUBMIT trial=T001 rel=121.517 unix=1781602390286 bjt=2026-06-16T17:33:10.286+08:00 q=2 option=B correct_index=-1 correct_label=NotAnswered is_correct=-1
2026-06-16T17:33:10.408+08:00 MARKER sdk=1 host=1 enabled=1 sent=1 result=0 message=EVENT VIEWER_EXIT trial=T001 rel=121.667 unix=1781602390436 bjt=2026-06-16T17:33:10.436+08:00
2026-06-16T17:33:10.409+08:00 MARKER sdk=1 host=1 enabled=1 sent=1 result=0 message=EVENT TRIAL_RESULT trial=T001 rel=121.667 unix=1781602390436 bjt=2026-06-16T17:33:10.436+08:00 rows=2
2026-06-16T17:33:13.657+08:00 MARKER sdk=1 host=1 enabled=1 sent=1 result=0 message=TRIALID T002
2026-06-16T17:33:13.658+08:00 MARKER sdk=1 host=1 enabled=1 sent=1 result=0 message=EVENT LOADING_INTERACT trial=T002 rel=124.916 unix=1781602393685 bjt=2026-06-16T17:33:13.685+08:00
2026-06-16T17:33:13.658+08:00 MARKER sdk=1 host=1 enabled=1 sent=1 result=0 message=EVENT LOADING_START trial=T002 rel=124.916 unix=1781602393685 bjt=2026-06-16T17:33:13.685+08:00
2026-06-16T17:33:13.658+08:00 MARKER sdk=1 host=1 enabled=1 sent=1 result=0 message=TRIAL_META exp=EXP1 participant=B008 participant_output_id=B008 exhibit_id=01 exhibit_name=半岛香炉 condition=B latin_group=G3 sequence_index=1 sequence_label=G3_T01
2026-06-16T17:33:23.642+08:00 MARKER sdk=1 host=1 enabled=1 sent=1 result=0 message=EVENT LOADING_COMPLETE trial=T002 rel=134.900 unix=1781602403670 bjt=2026-06-16T17:33:23.669+08:00
2026-06-16T17:33:24.545+08:00 MARKER sdk=1 host=1 enabled=1 sent=1 result=0 message=EVENT VIEWER_ENTER trial=T002 rel=135.803 unix=1781602404573 bjt=2026-06-16T17:33:24.572+08:00
2026-06-16T17:33:24.545+08:00 MARKER sdk=1 host=1 enabled=1 sent=1 result=0 message=EVENT QUESTION_START trial=T002 rel=135.803 unix=1781602404573 bjt=2026-06-16T17:33:24.572+08:00 q=1 total=2 correct_index=1 correct_label=B
2026-06-16T17:33:26.111+08:00 MARKER sdk=1 host=1 enabled=1 sent=1 result=0 message=EVENT QUESTION_SUBMIT trial=T002 rel=137.353 unix=1781602406123 bjt=2026-06-16T17:33:26.122+08:00 q=1 option=B correct_index=1 correct_label=B is_correct=1
2026-06-16T17:33:26.112+08:00 MARKER sdk=1 host=1 enabled=1 sent=1 result=0 message=EVENT QUESTION_START trial=T002 rel=137.353 unix=1781602406123 bjt=2026-06-16T17:33:26.122+08:00 q=2 total=2 correct_index=1 correct_label=B
2026-06-16T17:33:27.477+08:00 MARKER sdk=1 host=1 enabled=1 sent=1 result=0 message=EVENT QUESTION_SUBMIT trial=T002 rel=138.720 unix=1781602407489 bjt=2026-06-16T17:33:27.489+08:00 q=2 option=A correct_index=1 correct_label=B is_correct=0
2026-06-16T17:33:31.024+08:00 MARKER sdk=1 host=1 enabled=1 sent=1 result=0 message=EVENT VIEWER_EXIT trial=T002 rel=142.283 unix=1781602411052 bjt=2026-06-16T17:33:31.052+08:00
2026-06-16T17:33:31.025+08:00 MARKER sdk=1 host=1 enabled=1 sent=1 result=0 message=EVENT TRIAL_RESULT trial=T002 rel=142.283 unix=1781602411052 bjt=2026-06-16T17:33:31.052+08:00 rows=2
2026-06-16T17:34:15.397+08:00 MARKER sdk=1 host=1 enabled=1 sent=1 result=0 message=TRIALID T003
2026-06-16T17:34:15.398+08:00 MARKER sdk=1 host=1 enabled=1 sent=1 result=0 message=EVENT LOADING_INTERACT trial=T003 rel=186.655 unix=1781602455424 bjt=2026-06-16T17:34:15.424+08:00
2026-06-16T17:34:15.398+08:00 MARKER sdk=1 host=1 enabled=1 sent=1 result=0 message=EVENT LOADING_START trial=T003 rel=186.655 unix=1781602455424 bjt=2026-06-16T17:34:15.424+08:00
2026-06-16T17:34:15.398+08:00 MARKER sdk=1 host=1 enabled=1 sent=1 result=0 message=EVENT VIEWER_ENTER trial=T003 rel=186.655 unix=1781602455424 bjt=2026-06-16T17:34:15.424+08:00 mode=progressive_no_progress_bar
2026-06-16T17:34:15.398+08:00 MARKER sdk=1 host=1 enabled=1 sent=1 result=0 message=TRIAL_META exp=EXP1 participant=B008 participant_output_id=B008 exhibit_id=02 exhibit_name=中国青铜器 condition=C_MINUS latin_group=G3 sequence_index=2 sequence_label=G3_T02
2026-06-16T17:34:21.391+08:00 MARKER sdk=1 host=1 enabled=1 sent=1 result=0 message=EVENT PROGRESSIVE_USABLE trial=T003 rel=192.649 unix=1781602461418 bjt=2026-06-16T17:34:21.418+08:00
2026-06-16T17:34:21.394+08:00 MARKER sdk=1 host=1 enabled=1 sent=1 result=0 message=EVENT QUESTION_START trial=T003 rel=192.649 unix=1781602461418 bjt=2026-06-16T17:34:21.418+08:00 q=1 total=2 correct_index=1 correct_label=B
2026-06-16T17:34:24.650+08:00 MARKER sdk=1 host=1 enabled=1 sent=1 result=0 message=EVENT QUESTION_SUBMIT trial=T003 rel=195.892 unix=1781602464661 bjt=2026-06-16T17:34:24.661+08:00 q=1 option=B correct_index=1 correct_label=B is_correct=1
2026-06-16T17:34:24.651+08:00 MARKER sdk=1 host=1 enabled=1 sent=1 result=0 message=EVENT QUESTION_START trial=T003 rel=195.892 unix=1781602464661 bjt=2026-06-16T17:34:24.661+08:00 q=2 total=2 correct_index=1 correct_label=B
2026-06-16T17:34:25.383+08:00 MARKER sdk=1 host=1 enabled=1 sent=1 result=0 message=EVENT LOADING_COMPLETE trial=T003 rel=196.642 unix=1781602465411 bjt=2026-06-16T17:34:25.411+08:00
2026-06-16T17:34:29.118+08:00 MARKER sdk=1 host=1 enabled=1 sent=1 result=0 message=EVENT QUESTION_SUBMIT trial=T003 rel=200.360 unix=1781602469130 bjt=2026-06-16T17:34:29.129+08:00 q=2 option=B correct_index=1 correct_label=B is_correct=1
2026-06-16T17:34:30.241+08:00 MARKER sdk=1 host=1 enabled=1 sent=1 result=0 message=EVENT VIEWER_EXIT trial=T003 rel=201.500 unix=1781602470269 bjt=2026-06-16T17:34:30.269+08:00
2026-06-16T17:34:30.242+08:00 MARKER sdk=1 host=1 enabled=1 sent=1 result=0 message=EVENT TRIAL_RESULT trial=T003 rel=201.500 unix=1781602470269 bjt=2026-06-16T17:34:30.269+08:00 rows=2
2026-06-16T17:35:05.209+08:00 MARKER sdk=1 host=1 enabled=1 sent=1 result=0 message=TRIALID T004
2026-06-16T17:35:05.209+08:00 MARKER sdk=1 host=1 enabled=1 sent=1 result=0 message=EVENT LOADING_INTERACT trial=T004 rel=236.467 unix=1781602505237 bjt=2026-06-16T17:35:05.236+08:00
2026-06-16T17:35:05.209+08:00 MARKER sdk=1 host=1 enabled=1 sent=1 result=0 message=EVENT LOADING_START trial=T004 rel=236.467 unix=1781602505237 bjt=2026-06-16T17:35:05.236+08:00
2026-06-16T17:35:05.210+08:00 MARKER sdk=1 host=1 enabled=1 sent=1 result=0 message=EVENT VIEWER_ENTER trial=T004 rel=236.467 unix=1781602505237 bjt=2026-06-16T17:35:05.236+08:00 mode=progressive
2026-06-16T17:35:05.210+08:00 MARKER sdk=1 host=1 enabled=1 sent=1 result=0 message=TRIAL_META exp=EXP1 participant=B008 participant_output_id=B008 exhibit_id=03 exhibit_name=希腊陶具 condition=C latin_group=G3 sequence_index=3 sequence_label=G3_T03
2026-06-16T17:35:11.206+08:00 MARKER sdk=1 host=1 enabled=1 sent=1 result=0 message=EVENT PROGRESSIVE_USABLE trial=T004 rel=242.462 unix=1781602511232 bjt=2026-06-16T17:35:11.231+08:00
2026-06-16T17:35:11.208+08:00 MARKER sdk=1 host=1 enabled=1 sent=1 result=0 message=EVENT QUESTION_START trial=T004 rel=242.462 unix=1781602511232 bjt=2026-06-16T17:35:11.231+08:00 q=1 total=2 correct_index=0 correct_label=A
2026-06-16T17:35:14.765+08:00 MARKER sdk=1 host=1 enabled=1 sent=1 result=0 message=EVENT QUESTION_SUBMIT trial=T004 rel=246.007 unix=1781602514777 bjt=2026-06-16T17:35:14.776+08:00 q=1 option=A correct_index=0 correct_label=A is_correct=1
2026-06-16T17:35:14.766+08:00 MARKER sdk=1 host=1 enabled=1 sent=1 result=0 message=EVENT QUESTION_START trial=T004 rel=246.007 unix=1781602514777 bjt=2026-06-16T17:35:14.776+08:00 q=2 total=2 correct_index=2 correct_label=C
2026-06-16T17:35:15.199+08:00 MARKER sdk=1 host=1 enabled=1 sent=1 result=0 message=EVENT LOADING_COMPLETE trial=T004 rel=246.456 unix=1781602515225 bjt=2026-06-16T17:35:15.225+08:00
2026-06-16T17:35:16.599+08:00 MARKER sdk=1 host=1 enabled=1 sent=1 result=0 message=EVENT QUESTION_SUBMIT trial=T004 rel=247.841 unix=1781602516610 bjt=2026-06-16T17:35:16.610+08:00 q=2 option=C correct_index=2 correct_label=C is_correct=1
2026-06-16T17:35:17.474+08:00 MARKER sdk=1 host=1 enabled=1 sent=1 result=0 message=EVENT VIEWER_EXIT trial=T004 rel=248.731 unix=1781602517501 bjt=2026-06-16T17:35:17.500+08:00
2026-06-16T17:35:17.475+08:00 MARKER sdk=1 host=1 enabled=1 sent=1 result=0 message=EVENT TRIAL_RESULT trial=T004 rel=248.731 unix=1781602517501 bjt=2026-06-16T17:35:17.500+08:00 rows=2
2026-06-16T17:35:46.667+08:00 MARKER sdk=1 host=1 enabled=1 sent=1 result=0 message=TRIALID T005
2026-06-16T17:35:46.667+08:00 MARKER sdk=1 host=1 enabled=1 sent=1 result=0 message=EVENT LOADING_INTERACT trial=T005 rel=277.926 unix=1781602546695 bjt=2026-06-16T17:35:46.695+08:00
2026-06-16T17:35:46.668+08:00 MARKER sdk=1 host=1 enabled=1 sent=1 result=0 message=EVENT LOADING_START trial=T005 rel=277.926 unix=1781602546695 bjt=2026-06-16T17:35:46.695+08:00
2026-06-16T17:35:46.668+08:00 MARKER sdk=1 host=1 enabled=1 sent=1 result=0 message=TRIAL_META exp=EXP1 participant=B008 participant_output_id=B008 exhibit_id=04 exhibit_name=中国花瓶 condition=A latin_group=G3 sequence_index=4 sequence_label=G3_T04
2026-06-16T17:35:56.653+08:00 MARKER sdk=1 host=1 enabled=1 sent=1 result=0 message=EVENT LOADING_COMPLETE trial=T005 rel=287.911 unix=1781602556681 bjt=2026-06-16T17:35:56.680+08:00
2026-06-16T17:35:57.823+08:00 MARKER sdk=1 host=1 enabled=1 sent=1 result=0 message=EVENT VIEWER_ENTER trial=T005 rel=289.081 unix=1781602557850 bjt=2026-06-16T17:35:57.850+08:00
2026-06-16T17:35:57.824+08:00 MARKER sdk=1 host=1 enabled=1 sent=1 result=0 message=EVENT QUESTION_START trial=T005 rel=289.081 unix=1781602557850 bjt=2026-06-16T17:35:57.850+08:00 q=1 total=2 correct_index=2 correct_label=C
2026-06-16T17:36:00.242+08:00 MARKER sdk=1 host=1 enabled=1 sent=1 result=0 message=EVENT QUESTION_SUBMIT trial=T005 rel=291.485 unix=1781602560254 bjt=2026-06-16T17:36:00.254+08:00 q=1 option=C correct_index=2 correct_label=C is_correct=1
2026-06-16T17:36:00.243+08:00 MARKER sdk=1 host=1 enabled=1 sent=1 result=0 message=EVENT QUESTION_START trial=T005 rel=291.485 unix=1781602560254 bjt=2026-06-16T17:36:00.254+08:00 q=2 total=2 correct_index=3 correct_label=D
2026-06-16T17:36:03.329+08:00 MARKER sdk=1 host=1 enabled=1 sent=1 result=0 message=EVENT QUESTION_SUBMIT trial=T005 rel=294.571 unix=1781602563340 bjt=2026-06-16T17:36:03.340+08:00 q=2 option=D correct_index=3 correct_label=D is_correct=1
2026-06-16T17:36:03.701+08:00 MARKER sdk=1 host=1 enabled=1 sent=1 result=0 message=EVENT VIEWER_EXIT trial=T005 rel=294.957 unix=1781602563727 bjt=2026-06-16T17:36:03.727+08:00
2026-06-16T17:36:03.701+08:00 MARKER sdk=1 host=1 enabled=1 sent=1 result=0 message=EVENT TRIAL_RESULT trial=T005 rel=294.957 unix=1781602563727 bjt=2026-06-16T17:36:03.727+08:00 rows=2
2026-06-16T17:36:24.609+08:00 MARKER sdk=1 host=1 enabled=1 sent=1 result=0 message=TRIALID T006
2026-06-16T17:36:24.609+08:00 MARKER sdk=1 host=1 enabled=1 sent=1 result=0 message=EVENT LOADING_INTERACT trial=T006 rel=315.867 unix=1781602584637 bjt=2026-06-16T17:36:24.636+08:00
2026-06-16T17:36:24.609+08:00 MARKER sdk=1 host=1 enabled=1 sent=1 result=0 message=EVENT LOADING_START trial=T006 rel=315.867 unix=1781602584637 bjt=2026-06-16T17:36:24.636+08:00
2026-06-16T17:36:24.609+08:00 MARKER sdk=1 host=1 enabled=1 sent=1 result=0 message=TRIAL_META exp=EXP1 participant=B008 participant_output_id=B008 exhibit_id=05 exhibit_name=雅典双耳罐 condition=A_PLUS latin_group=G3 sequence_index=5 sequence_label=G3_T05
2026-06-16T17:36:34.597+08:00 MARKER sdk=1 host=1 enabled=1 sent=1 result=0 message=EVENT LOADING_COMPLETE trial=T006 rel=325.855 unix=1781602594625 bjt=2026-06-16T17:36:34.625+08:00
2026-06-16T17:36:35.214+08:00 MARKER sdk=1 host=1 enabled=1 sent=1 result=0 message=EVENT VIEWER_ENTER trial=T006 rel=326.472 unix=1781602595242 bjt=2026-06-16T17:36:35.241+08:00
2026-06-16T17:36:35.215+08:00 MARKER sdk=1 host=1 enabled=1 sent=1 result=0 message=EVENT QUESTION_START trial=T006 rel=326.472 unix=1781602595242 bjt=2026-06-16T17:36:35.241+08:00 q=1 total=2 correct_index=0 correct_label=A
2026-06-16T17:36:36.899+08:00 MARKER sdk=1 host=1 enabled=1 sent=1 result=0 message=EVENT QUESTION_SUBMIT trial=T006 rel=328.141 unix=1781602596911 bjt=2026-06-16T17:36:36.910+08:00 q=1 option=A correct_index=0 correct_label=A is_correct=1
2026-06-16T17:36:36.900+08:00 MARKER sdk=1 host=1 enabled=1 sent=1 result=0 message=EVENT QUESTION_START trial=T006 rel=328.141 unix=1781602596911 bjt=2026-06-16T17:36:36.910+08:00 q=2 total=2 correct_index=2 correct_label=C
2026-06-16T17:36:37.756+08:00 MARKER sdk=1 host=1 enabled=1 sent=1 result=0 message=EVENT QUESTION_SUBMIT trial=T006 rel=328.998 unix=1781602597768 bjt=2026-06-16T17:36:37.768+08:00 q=2 option=C correct_index=2 correct_label=C is_correct=1
2026-06-16T17:36:38.058+08:00 MARKER sdk=1 host=1 enabled=1 sent=1 result=0 message=EVENT VIEWER_EXIT trial=T006 rel=329.316 unix=1781602598086 bjt=2026-06-16T17:36:38.085+08:00
2026-06-16T17:36:38.059+08:00 MARKER sdk=1 host=1 enabled=1 sent=1 result=0 message=EVENT TRIAL_RESULT trial=T006 rel=329.316 unix=1781602598086 bjt=2026-06-16T17:36:38.085+08:00 rows=2
2026-06-16T17:38:23.299+08:00 MARKER sdk=1 host=1 enabled=1 sent=1 result=0 message=TRIALID Exp2_001
2026-06-16T17:38:23.300+08:00 MARKER sdk=1 host=1 enabled=1 sent=1 result=0 message=EVENT EXP2_LOADING_START trial_id=Exp2_001 rel=434.554535 unix=1781602703324 bjt=2026-06-16T17:38:23.324+08:00 condition=E4_FIXED_NONPROGRESSIVE
2026-06-16T17:38:23.300+08:00 MARKER sdk=1 host=1 enabled=1 sent=1 result=0 message=TRIAL_META exp=EXP2 participant=B008 participant_output_id=B008 trial_id=Exp2_001 condition=E4_FIXED_NONPROGRESSIVE spatial_continuity=0 progressive_availability=0
2026-06-16T17:38:23.301+08:00 MARKER sdk=1 host=1 enabled=1 sent=1 result=0 message=TRIAL_META_TASK trial_id=Exp2_001 target_index=4 target_display_index=4 target_content_index=1 target_label=左脸
2026-06-16T17:38:23.301+08:00 MARKER sdk=1 host=1 enabled=1 sent=1 result=0 message=TRIAL_META_SEQUENCE trial_id=Exp2_001 slot_permutation=1:2|2:3|3:4|4:1 sequence_group=4 sequence_index=1
2026-06-16T17:38:35.291+08:00 MARKER sdk=1 host=1 enabled=1 sent=1 result=0 message=EVENT EXP2_OBJECT_STAGE_CHANGED trial_id=Exp2_001 rel=446.549957 unix=1781602715320 bjt=2026-06-16T17:38:35.319+08:00 condition=E4_FIXED_NONPROGRESSIVE object_index=1 previous_stage=0 new_stage=3 progress=1.000000 object_stages=1:3|2:0|3:0|
2026-06-16T17:38:35.292+08:00 MARKER sdk=1 host=1 enabled=1 sent=1 result=0 message=EVENT EXP2_STAGE_3_START trial_id=Exp2_001 rel=446.549957 unix=1781602715320 bjt=2026-06-16T17:38:35.319+08:00 condition=E4_FIXED_NONPROGRESSIVE stage=3 first_object_index=1 progress=1.000000 object_stages=1:3|2:0|3:0|4:0
2026-06-16T17:38:35.292+08:00 MARKER sdk=1 host=1 enabled=1 sent=1 result=0 message=EVENT EXP2_OBJECT_STAGE_CHANGED trial_id=Exp2_001 rel=446.549957 unix=1781602715320 bjt=2026-06-16T17:38:35.319+08:00 condition=E4_FIXED_NONPROGRESSIVE object_index=2 previous_stage=0 new_stage=3 progress=1.000000 object_stages=1:3|2:3|3:0|
2026-06-16T17:38:35.293+08:00 MARKER sdk=1 host=1 enabled=1 sent=1 result=0 message=EVENT EXP2_OBJECT_STAGE_CHANGED trial_id=Exp2_001 rel=446.549957 unix=1781602715320 bjt=2026-06-16T17:38:35.319+08:00 condition=E4_FIXED_NONPROGRESSIVE object_index=3 previous_stage=0 new_stage=3 progress=1.000000 object_stages=1:3|2:3|3:3|
2026-06-16T17:38:35.293+08:00 MARKER sdk=1 host=1 enabled=1 sent=1 result=0 message=EVENT EXP2_OBJECT_STAGE_CHANGED trial_id=Exp2_001 rel=446.549957 unix=1781602715320 bjt=2026-06-16T17:38:35.319+08:00 condition=E4_FIXED_NONPROGRESSIVE object_index=4 previous_stage=0 new_stage=3 progress=1.000000 object_stages=1:3|2:3|3:3|
2026-06-16T17:38:35.294+08:00 MARKER sdk=1 host=1 enabled=1 sent=1 result=0 message=EVENT EXP2_LOADING_COMPLETE trial_id=Exp2_001 rel=446.549957 unix=1781602715320 bjt=2026-06-16T17:38:35.319+08:00 condition=E4_FIXED_NONPROGRESSIVE
2026-06-16T17:38:38.231+08:00 MARKER sdk=1 host=1 enabled=1 sent=1 result=0 message=EVENT EXP2_PENDING_SELECTION trial_id=Exp2_001 rel=449.488373 unix=1781602718258 bjt=2026-06-16T17:38:38.258+08:00 condition=E4_FIXED_NONPROGRESSIVE selected=4 selected_content=1 changes=1
2026-06-16T17:38:39.870+08:00 MARKER sdk=1 host=1 enabled=1 sent=1 result=0 message=EVENT EXP2_SUBMIT_SELECTION trial_id=Exp2_001 rel=451.128052 unix=1781602719898 bjt=2026-06-16T17:38:39.897+08:00 condition=E4_FIXED_NONPROGRESSIVE selected=4 selected_content=1 correct=1
2026-06-16T17:38:39.871+08:00 MARKER sdk=1 host=1 enabled=1 sent=1 result=0 message=TRIAL_RESULT Exp2_001 selected=4 correct=1
2026-06-16T17:39:10.900+08:00 MARKER sdk=1 host=1 enabled=1 sent=1 result=0 message=TRIALID Exp2_002
2026-06-16T17:39:10.900+08:00 MARKER sdk=1 host=1 enabled=1 sent=1 result=0 message=EVENT EXP2_LOADING_START trial_id=Exp2_002 rel=482.157257 unix=1781602750927 bjt=2026-06-16T17:39:10.926+08:00 condition=E1_SPATIAL_PROGRESSIVE
2026-06-16T17:39:10.901+08:00 MARKER sdk=1 host=1 enabled=1 sent=1 result=0 message=TRIAL_META exp=EXP2 participant=B008 participant_output_id=B008 trial_id=Exp2_002 condition=E1_SPATIAL_PROGRESSIVE spatial_continuity=1 progressive_availability=1
2026-06-16T17:39:10.901+08:00 MARKER sdk=1 host=1 enabled=1 sent=1 result=0 message=TRIAL_META_TASK trial_id=Exp2_002 target_index=2 target_display_index=2 target_content_index=3 target_label=脖子
2026-06-16T17:39:10.901+08:00 MARKER sdk=1 host=1 enabled=1 sent=1 result=0 message=TRIAL_META_SEQUENCE trial_id=Exp2_002 slot_permutation=1:4|2:3|3:1|4:2 sequence_group=4 sequence_index=2
2026-06-16T17:39:14.897+08:00 MARKER sdk=1 host=1 enabled=1 sent=1 result=0 message=EVENT EXP2_OBJECT_STAGE_CHANGED trial_id=Exp2_002 rel=486.155823 unix=1781602754925 bjt=2026-06-16T17:39:14.925+08:00 condition=E1_SPATIAL_PROGRESSIVE object_index=1 previous_stage=0 new_stage=1 progress=0.334608 object_stages=1:1|2:0|3:0|4
2026-06-16T17:39:14.898+08:00 MARKER sdk=1 host=1 enabled=1 sent=1 result=0 message=EVENT EXP2_STAGE_1_START trial_id=Exp2_002 rel=486.155823 unix=1781602754925 bjt=2026-06-16T17:39:14.925+08:00 condition=E1_SPATIAL_PROGRESSIVE stage=1 first_object_index=1 progress=0.334608 object_stages=1:1|2:0|3:0|4:0
2026-06-16T17:39:14.898+08:00 MARKER sdk=1 host=1 enabled=1 sent=1 result=0 message=EVENT EXP2_OBJECT_STAGE_CHANGED trial_id=Exp2_002 rel=486.155823 unix=1781602754925 bjt=2026-06-16T17:39:14.925+08:00 condition=E1_SPATIAL_PROGRESSIVE object_index=2 previous_stage=0 new_stage=1 progress=0.334608 object_stages=1:1|2:1|3:0|4
2026-06-16T17:39:14.898+08:00 MARKER sdk=1 host=1 enabled=1 sent=1 result=0 message=EVENT EXP2_OBJECT_STAGE_CHANGED trial_id=Exp2_002 rel=486.155823 unix=1781602754925 bjt=2026-06-16T17:39:14.925+08:00 condition=E1_SPATIAL_PROGRESSIVE object_index=3 previous_stage=0 new_stage=1 progress=0.334608 object_stages=1:1|2:1|3:1|4
2026-06-16T17:39:14.899+08:00 MARKER sdk=1 host=1 enabled=1 sent=1 result=0 message=EVENT EXP2_OBJECT_STAGE_CHANGED trial_id=Exp2_002 rel=486.155823 unix=1781602754925 bjt=2026-06-16T17:39:14.925+08:00 condition=E1_SPATIAL_PROGRESSIVE object_index=4 previous_stage=0 new_stage=1 progress=0.334608 object_stages=1:1|2:1|3:1|4
2026-06-16T17:39:16.885+08:00 MARKER sdk=1 host=1 enabled=1 sent=1 result=0 message=EVENT EXP2_OBJECT_STAGE_CHANGED trial_id=Exp2_002 rel=488.143005 unix=1781602756913 bjt=2026-06-16T17:39:16.912+08:00 condition=E1_SPATIAL_PROGRESSIVE object_index=1 previous_stage=1 new_stage=2 progress=0.500209 object_stages=1:2|2:1|3:1|4
2026-06-16T17:39:16.885+08:00 MARKER sdk=1 host=1 enabled=1 sent=1 result=0 message=EVENT EXP2_STAGE_2_START trial_id=Exp2_002 rel=488.143005 unix=1781602756913 bjt=2026-06-16T17:39:16.912+08:00 condition=E1_SPATIAL_PROGRESSIVE stage=2 first_object_index=1 progress=0.500209 object_stages=1:2|2:1|3:1|4:1
2026-06-16T17:39:16.886+08:00 MARKER sdk=1 host=1 enabled=1 sent=1 result=0 message=EVENT EXP2_OBJECT_STAGE_CHANGED trial_id=Exp2_002 rel=488.143005 unix=1781602756913 bjt=2026-06-16T17:39:16.912+08:00 condition=E1_SPATIAL_PROGRESSIVE object_index=2 previous_stage=1 new_stage=2 progress=0.500209 object_stages=1:2|2:2|3:1|4
2026-06-16T17:39:16.886+08:00 MARKER sdk=1 host=1 enabled=1 sent=1 result=0 message=EVENT EXP2_PROGRESSIVE_USABLE trial_id=Exp2_002 rel=488.143005 unix=1781602756913 bjt=2026-06-16T17:39:16.912+08:00 condition=E1_SPATIAL_PROGRESSIVE target_display_index=2 target_content_index=3 target_label=脖子 stage=2 progress=0.500209
2026-06-16T17:39:16.887+08:00 MARKER sdk=1 host=1 enabled=1 sent=1 result=0 message=EVENT EXP2_OBJECT_STAGE_CHANGED trial_id=Exp2_002 rel=488.143005 unix=1781602756913 bjt=2026-06-16T17:39:16.912+08:00 condition=E1_SPATIAL_PROGRESSIVE object_index=3 previous_stage=1 new_stage=2 progress=0.500209 object_stages=1:2|2:2|3:2|4
2026-06-16T17:39:16.887+08:00 MARKER sdk=1 host=1 enabled=1 sent=1 result=0 message=EVENT EXP2_OBJECT_STAGE_CHANGED trial_id=Exp2_002 rel=488.143005 unix=1781602756913 bjt=2026-06-16T17:39:16.912+08:00 condition=E1_SPATIAL_PROGRESSIVE object_index=4 previous_stage=1 new_stage=2 progress=0.500209 object_stages=1:2|2:2|3:2|4
2026-06-16T17:39:18.485+08:00 MARKER sdk=1 host=1 enabled=1 sent=1 result=0 message=EVENT EXP2_PREJUDGE trial_id=Exp2_002 rel=489.743683 unix=1781602758513 bjt=2026-06-16T17:39:18.513+08:00 condition=E1_SPATIAL_PROGRESSIVE selected=2 correct=1 confidence=-1 selected_content=3
2026-06-16T17:39:22.888+08:00 MARKER sdk=1 host=1 enabled=1 sent=1 result=0 message=EVENT EXP2_OBJECT_STAGE_CHANGED trial_id=Exp2_002 rel=494.145935 unix=1781602762916 bjt=2026-06-16T17:39:22.915+08:00 condition=E1_SPATIAL_PROGRESSIVE object_index=1 previous_stage=2 new_stage=3 progress=1.000000 object_stages=1:3|2:2|3:2|4
2026-06-16T17:39:22.889+08:00 MARKER sdk=1 host=1 enabled=1 sent=1 result=0 message=EVENT EXP2_STAGE_3_START trial_id=Exp2_002 rel=494.145935 unix=1781602762916 bjt=2026-06-16T17:39:22.915+08:00 condition=E1_SPATIAL_PROGRESSIVE stage=3 first_object_index=1 progress=1.000000 object_stages=1:3|2:2|3:2|4:2
2026-06-16T17:39:22.889+08:00 MARKER sdk=1 host=1 enabled=1 sent=1 result=0 message=EVENT EXP2_OBJECT_STAGE_CHANGED trial_id=Exp2_002 rel=494.145935 unix=1781602762916 bjt=2026-06-16T17:39:22.915+08:00 condition=E1_SPATIAL_PROGRESSIVE object_index=2 previous_stage=2 new_stage=3 progress=1.000000 object_stages=1:3|2:3|3:2|4
2026-06-16T17:39:22.890+08:00 MARKER sdk=1 host=1 enabled=1 sent=1 result=0 message=EVENT EXP2_OBJECT_STAGE_CHANGED trial_id=Exp2_002 rel=494.145935 unix=1781602762916 bjt=2026-06-16T17:39:22.915+08:00 condition=E1_SPATIAL_PROGRESSIVE object_index=3 previous_stage=2 new_stage=3 progress=1.000000 object_stages=1:3|2:3|3:3|4
2026-06-16T17:39:22.890+08:00 MARKER sdk=1 host=1 enabled=1 sent=1 result=0 message=EVENT EXP2_OBJECT_STAGE_CHANGED trial_id=Exp2_002 rel=494.145935 unix=1781602762916 bjt=2026-06-16T17:39:22.915+08:00 condition=E1_SPATIAL_PROGRESSIVE object_index=4 previous_stage=2 new_stage=3 progress=1.000000 object_stages=1:3|2:3|3:3|4
2026-06-16T17:39:22.890+08:00 MARKER sdk=1 host=1 enabled=1 sent=1 result=0 message=EVENT EXP2_LOADING_COMPLETE trial_id=Exp2_002 rel=494.145935 unix=1781602762916 bjt=2026-06-16T17:39:22.915+08:00 condition=E1_SPATIAL_PROGRESSIVE
2026-06-16T17:39:23.932+08:00 MARKER sdk=1 host=1 enabled=1 sent=1 result=0 message=EVENT EXP2_PENDING_SELECTION trial_id=Exp2_002 rel=495.190155 unix=1781602763960 bjt=2026-06-16T17:39:23.959+08:00 condition=E1_SPATIAL_PROGRESSIVE selected=2 selected_content=3 changes=1
2026-06-16T17:39:24.983+08:00 MARKER sdk=1 host=1 enabled=1 sent=1 result=0 message=EVENT EXP2_SUBMIT_SELECTION trial_id=Exp2_002 rel=496.241028 unix=1781602765011 bjt=2026-06-16T17:39:25.010+08:00 condition=E1_SPATIAL_PROGRESSIVE selected=2 selected_content=3 correct=1
2026-06-16T17:39:24.983+08:00 MARKER sdk=1 host=1 enabled=1 sent=1 result=0 message=TRIAL_RESULT Exp2_002 selected=2 correct=1
2026-06-16T17:39:52.892+08:00 MARKER sdk=1 host=1 enabled=1 sent=1 result=0 message=TRIALID Exp2_003
2026-06-16T17:39:52.892+08:00 MARKER sdk=1 host=1 enabled=1 sent=1 result=0 message=EVENT EXP2_LOADING_START trial_id=Exp2_003 rel=524.149170 unix=1781602792919 bjt=2026-06-16T17:39:52.918+08:00 condition=E3_SPATIAL_NONPROGRESSIVE
2026-06-16T17:39:52.892+08:00 MARKER sdk=1 host=1 enabled=1 sent=1 result=0 message=TRIAL_META exp=EXP2 participant=B008 participant_output_id=B008 trial_id=Exp2_003 condition=E3_SPATIAL_NONPROGRESSIVE spatial_continuity=1 progressive_availability=0
2026-06-16T17:39:52.892+08:00 MARKER sdk=1 host=1 enabled=1 sent=1 result=0 message=TRIAL_META_TASK trial_id=Exp2_003 target_index=3 target_display_index=3 target_content_index=2 target_label=右脸
2026-06-16T17:39:52.892+08:00 MARKER sdk=1 host=1 enabled=1 sent=1 result=0 message=TRIAL_META_SEQUENCE trial_id=Exp2_003 slot_permutation=1:3|2:4|3:2|4:1 sequence_group=4 sequence_index=3
2026-06-16T17:40:04.876+08:00 MARKER sdk=1 host=1 enabled=1 sent=1 result=0 message=EVENT EXP2_OBJECT_STAGE_CHANGED trial_id=Exp2_003 rel=536.134216 unix=1781602804904 bjt=2026-06-16T17:40:04.903+08:00 condition=E3_SPATIAL_NONPROGRESSIVE object_index=1 previous_stage=0 new_stage=3 progress=1.000000 object_stages=1:3|2:0|3:
2026-06-16T17:40:04.876+08:00 MARKER sdk=1 host=1 enabled=1 sent=1 result=0 message=EVENT EXP2_STAGE_3_START trial_id=Exp2_003 rel=536.134216 unix=1781602804904 bjt=2026-06-16T17:40:04.903+08:00 condition=E3_SPATIAL_NONPROGRESSIVE stage=3 first_object_index=1 progress=1.000000 object_stages=1:3|2:0|3:0|4:0
2026-06-16T17:40:04.877+08:00 MARKER sdk=1 host=1 enabled=1 sent=1 result=0 message=EVENT EXP2_OBJECT_STAGE_CHANGED trial_id=Exp2_003 rel=536.134216 unix=1781602804904 bjt=2026-06-16T17:40:04.903+08:00 condition=E3_SPATIAL_NONPROGRESSIVE object_index=2 previous_stage=0 new_stage=3 progress=1.000000 object_stages=1:3|2:3|3:
2026-06-16T17:40:04.877+08:00 MARKER sdk=1 host=1 enabled=1 sent=1 result=0 message=EVENT EXP2_OBJECT_STAGE_CHANGED trial_id=Exp2_003 rel=536.134216 unix=1781602804904 bjt=2026-06-16T17:40:04.903+08:00 condition=E3_SPATIAL_NONPROGRESSIVE object_index=3 previous_stage=0 new_stage=3 progress=1.000000 object_stages=1:3|2:3|3:
2026-06-16T17:40:04.878+08:00 MARKER sdk=1 host=1 enabled=1 sent=1 result=0 message=EVENT EXP2_OBJECT_STAGE_CHANGED trial_id=Exp2_003 rel=536.134216 unix=1781602804904 bjt=2026-06-16T17:40:04.903+08:00 condition=E3_SPATIAL_NONPROGRESSIVE object_index=4 previous_stage=0 new_stage=3 progress=1.000000 object_stages=1:3|2:3|3:
2026-06-16T17:40:04.878+08:00 MARKER sdk=1 host=1 enabled=1 sent=1 result=0 message=EVENT EXP2_LOADING_COMPLETE trial_id=Exp2_003 rel=536.134216 unix=1781602804904 bjt=2026-06-16T17:40:04.903+08:00 condition=E3_SPATIAL_NONPROGRESSIVE
2026-06-16T17:40:11.189+08:00 MARKER sdk=1 host=1 enabled=1 sent=1 result=0 message=EVENT EXP2_PENDING_SELECTION trial_id=Exp2_003 rel=542.447144 unix=1781602811217 bjt=2026-06-16T17:40:11.216+08:00 condition=E3_SPATIAL_NONPROGRESSIVE selected=3 selected_content=2 changes=1
2026-06-16T17:40:12.539+08:00 MARKER sdk=1 host=1 enabled=1 sent=1 result=0 message=EVENT EXP2_SUBMIT_SELECTION trial_id=Exp2_003 rel=543.797302 unix=1781602812567 bjt=2026-06-16T17:40:12.566+08:00 condition=E3_SPATIAL_NONPROGRESSIVE selected=3 selected_content=2 correct=1
2026-06-16T17:40:12.540+08:00 MARKER sdk=1 host=1 enabled=1 sent=1 result=0 message=TRIAL_RESULT Exp2_003 selected=3 correct=1
2026-06-16T17:40:41.875+08:00 MARKER sdk=1 host=1 enabled=1 sent=1 result=0 message=TRIALID Exp2_004
2026-06-16T17:40:41.876+08:00 MARKER sdk=1 host=1 enabled=1 sent=1 result=0 message=EVENT EXP2_LOADING_START trial_id=Exp2_004 rel=573.131714 unix=1781602841901 bjt=2026-06-16T17:40:41.901+08:00 condition=E2_FIXED_PROGRESSIVE
2026-06-16T17:40:41.876+08:00 MARKER sdk=1 host=1 enabled=1 sent=1 result=0 message=TRIAL_META exp=EXP2 participant=B008 participant_output_id=B008 trial_id=Exp2_004 condition=E2_FIXED_PROGRESSIVE spatial_continuity=0 progressive_availability=1
2026-06-16T17:40:41.876+08:00 MARKER sdk=1 host=1 enabled=1 sent=1 result=0 message=TRIAL_META_TASK trial_id=Exp2_004 target_index=1 target_display_index=1 target_content_index=4 target_label=头顶
2026-06-16T17:40:41.876+08:00 MARKER sdk=1 host=1 enabled=1 sent=1 result=0 message=TRIAL_META_SEQUENCE trial_id=Exp2_004 slot_permutation=1:4|2:1|3:2|4:3 sequence_group=4 sequence_index=4
2026-06-16T17:40:45.866+08:00 MARKER sdk=1 host=1 enabled=1 sent=1 result=0 message=EVENT EXP2_OBJECT_STAGE_CHANGED trial_id=Exp2_004 rel=577.124268 unix=1781602845894 bjt=2026-06-16T17:40:45.893+08:00 condition=E2_FIXED_PROGRESSIVE object_index=1 previous_stage=0 new_stage=1 progress=0.334101 object_stages=1:1|2:0|3:0|4:0
2026-06-16T17:40:45.866+08:00 MARKER sdk=1 host=1 enabled=1 sent=1 result=0 message=EVENT EXP2_STAGE_1_START trial_id=Exp2_004 rel=577.124268 unix=1781602845894 bjt=2026-06-16T17:40:45.893+08:00 condition=E2_FIXED_PROGRESSIVE stage=1 first_object_index=1 progress=0.334101 object_stages=1:1|2:0|3:0|4:0
2026-06-16T17:40:45.867+08:00 MARKER sdk=1 host=1 enabled=1 sent=1 result=0 message=EVENT EXP2_OBJECT_STAGE_CHANGED trial_id=Exp2_004 rel=577.124268 unix=1781602845894 bjt=2026-06-16T17:40:45.893+08:00 condition=E2_FIXED_PROGRESSIVE object_index=2 previous_stage=0 new_stage=1 progress=0.334101 object_stages=1:1|2:1|3:0|4:0
2026-06-16T17:40:45.868+08:00 MARKER sdk=1 host=1 enabled=1 sent=1 result=0 message=EVENT EXP2_OBJECT_STAGE_CHANGED trial_id=Exp2_004 rel=577.124268 unix=1781602845894 bjt=2026-06-16T17:40:45.893+08:00 condition=E2_FIXED_PROGRESSIVE object_index=3 previous_stage=0 new_stage=1 progress=0.334101 object_stages=1:1|2:1|3:1|4:0
2026-06-16T17:40:45.868+08:00 MARKER sdk=1 host=1 enabled=1 sent=1 result=0 message=EVENT EXP2_OBJECT_STAGE_CHANGED trial_id=Exp2_004 rel=577.124268 unix=1781602845894 bjt=2026-06-16T17:40:45.893+08:00 condition=E2_FIXED_PROGRESSIVE object_index=4 previous_stage=0 new_stage=1 progress=0.334101 object_stages=1:1|2:1|3:1|4:1
2026-06-16T17:40:47.868+08:00 MARKER sdk=1 host=1 enabled=1 sent=1 result=0 message=EVENT EXP2_OBJECT_STAGE_CHANGED trial_id=Exp2_004 rel=579.126892 unix=1781602847897 bjt=2026-06-16T17:40:47.896+08:00 condition=E2_FIXED_PROGRESSIVE object_index=1 previous_stage=1 new_stage=2 progress=0.500986 object_stages=1:2|2:1|3:1|4:1
2026-06-16T17:40:47.869+08:00 MARKER sdk=1 host=1 enabled=1 sent=1 result=0 message=EVENT EXP2_STAGE_2_START trial_id=Exp2_004 rel=579.126892 unix=1781602847897 bjt=2026-06-16T17:40:47.896+08:00 condition=E2_FIXED_PROGRESSIVE stage=2 first_object_index=1 progress=0.500986 object_stages=1:2|2:1|3:1|4:1
2026-06-16T17:40:47.869+08:00 MARKER sdk=1 host=1 enabled=1 sent=1 result=0 message=EVENT EXP2_PROGRESSIVE_USABLE trial_id=Exp2_004 rel=579.126892 unix=1781602847897 bjt=2026-06-16T17:40:47.896+08:00 condition=E2_FIXED_PROGRESSIVE target_display_index=1 target_content_index=4 target_label=头顶 stage=2 progress=0.500986
2026-06-16T17:40:47.870+08:00 MARKER sdk=1 host=1 enabled=1 sent=1 result=0 message=EVENT EXP2_OBJECT_STAGE_CHANGED trial_id=Exp2_004 rel=579.126892 unix=1781602847897 bjt=2026-06-16T17:40:47.896+08:00 condition=E2_FIXED_PROGRESSIVE object_index=2 previous_stage=1 new_stage=2 progress=0.500986 object_stages=1:2|2:2|3:1|4:1
2026-06-16T17:40:47.871+08:00 MARKER sdk=1 host=1 enabled=1 sent=1 result=0 message=EVENT EXP2_OBJECT_STAGE_CHANGED trial_id=Exp2_004 rel=579.126892 unix=1781602847897 bjt=2026-06-16T17:40:47.896+08:00 condition=E2_FIXED_PROGRESSIVE object_index=3 previous_stage=1 new_stage=2 progress=0.500986 object_stages=1:2|2:2|3:2|4:1
2026-06-16T17:40:47.871+08:00 MARKER sdk=1 host=1 enabled=1 sent=1 result=0 message=EVENT EXP2_OBJECT_STAGE_CHANGED trial_id=Exp2_004 rel=579.126892 unix=1781602847897 bjt=2026-06-16T17:40:47.896+08:00 condition=E2_FIXED_PROGRESSIVE object_index=4 previous_stage=1 new_stage=2 progress=0.500986 object_stages=1:2|2:2|3:2|4:2
2026-06-16T17:40:51.071+08:00 MARKER sdk=1 host=1 enabled=1 sent=1 result=0 message=EVENT EXP2_PREJUDGE trial_id=Exp2_004 rel=582.329163 unix=1781602851099 bjt=2026-06-16T17:40:51.098+08:00 condition=E2_FIXED_PROGRESSIVE selected=1 correct=1 confidence=-1 selected_content=4
2026-06-16T17:40:53.872+08:00 MARKER sdk=1 host=1 enabled=1 sent=1 result=0 message=EVENT EXP2_OBJECT_STAGE_CHANGED trial_id=Exp2_004 rel=585.130737 unix=1781602853900 bjt=2026-06-16T17:40:53.900+08:00 condition=E2_FIXED_PROGRESSIVE object_index=1 previous_stage=2 new_stage=3 progress=1.000000 object_stages=1:3|2:2|3:2|4:2
2026-06-16T17:40:53.873+08:00 MARKER sdk=1 host=1 enabled=1 sent=1 result=0 message=EVENT EXP2_STAGE_3_START trial_id=Exp2_004 rel=585.130737 unix=1781602853900 bjt=2026-06-16T17:40:53.900+08:00 condition=E2_FIXED_PROGRESSIVE stage=3 first_object_index=1 progress=1.000000 object_stages=1:3|2:2|3:2|4:2
2026-06-16T17:40:53.874+08:00 MARKER sdk=1 host=1 enabled=1 sent=1 result=0 message=EVENT EXP2_OBJECT_STAGE_CHANGED trial_id=Exp2_004 rel=585.130737 unix=1781602853900 bjt=2026-06-16T17:40:53.900+08:00 condition=E2_FIXED_PROGRESSIVE object_index=2 previous_stage=2 new_stage=3 progress=1.000000 object_stages=1:3|2:3|3:2|4:2
2026-06-16T17:40:53.874+08:00 MARKER sdk=1 host=1 enabled=1 sent=1 result=0 message=EVENT EXP2_OBJECT_STAGE_CHANGED trial_id=Exp2_004 rel=585.130737 unix=1781602853900 bjt=2026-06-16T17:40:53.900+08:00 condition=E2_FIXED_PROGRESSIVE object_index=3 previous_stage=2 new_stage=3 progress=1.000000 object_stages=1:3|2:3|3:3|4:2
2026-06-16T17:40:53.875+08:00 MARKER sdk=1 host=1 enabled=1 sent=1 result=0 message=EVENT EXP2_OBJECT_STAGE_CHANGED trial_id=Exp2_004 rel=585.130737 unix=1781602853900 bjt=2026-06-16T17:40:53.900+08:00 condition=E2_FIXED_PROGRESSIVE object_index=4 previous_stage=2 new_stage=3 progress=1.000000 object_stages=1:3|2:3|3:3|4:3
2026-06-16T17:40:53.875+08:00 MARKER sdk=1 host=1 enabled=1 sent=1 result=0 message=EVENT EXP2_LOADING_COMPLETE trial_id=Exp2_004 rel=585.130737 unix=1781602853900 bjt=2026-06-16T17:40:53.900+08:00 condition=E2_FIXED_PROGRESSIVE
2026-06-16T17:40:55.830+08:00 MARKER sdk=1 host=1 enabled=1 sent=1 result=0 message=EVENT EXP2_PENDING_SELECTION trial_id=Exp2_004 rel=587.088562 unix=1781602855858 bjt=2026-06-16T17:40:55.858+08:00 condition=E2_FIXED_PROGRESSIVE selected=1 selected_content=4 changes=1
2026-06-16T17:40:56.734+08:00 MARKER sdk=1 host=1 enabled=1 sent=1 result=0 message=EVENT EXP2_SUBMIT_SELECTION trial_id=Exp2_004 rel=587.992126 unix=1781602856762 bjt=2026-06-16T17:40:56.761+08:00 condition=E2_FIXED_PROGRESSIVE selected=1 selected_content=4 correct=1
2026-06-16T17:40:56.735+08:00 MARKER sdk=1 host=1 enabled=1 sent=1 result=0 message=TRIAL_RESULT Exp2_004 selected=1 correct=1
2026-06-16T17:41:23.494+08:00 MARKER sdk=1 host=1 enabled=1 sent=1 result=0 message=EVENT EXPERIMENT_END_SCREEN_SHOWN participant=B008 output_id=B008 unix=1781602883494 bjt=2026-06-16_17:41:23.494
2026-06-16T17:41:23.494+08:00 FORMAL_RECORDING step=FINISH_REQUESTED success=1 reason=experiment_end_door edf=FM172249.EDF recording=1 opened=1
2026-06-16T17:41:23.494+08:00 MARKER sdk=1 host=1 enabled=1 sent=1 result=0 message=FORMAL_RECORDING_END participant=B008 rel=614.752 unix=1781602883494 bjt=2026-06-16T17:41:23.494+08:00 edf=FM172249.EDF source=ue_formal reason=experiment_end_door
2026-06-16T17:41:23.695+08:00 FORMAL_RECORDING step=END_MARKER_FLUSH_WAIT success=1 duration_ms=200
2026-06-16T17:41:23.802+08:00 FORMAL_RECORDING step=RECORDING_STOPPED success=1 result=0
2026-06-16T17:41:23.802+08:00 FORMAL_RECORDING step=EDF_CLOSED success=1 edf=FM172249.EDF result=0
2026-06-16T17:41:24.900+08:00 EDF_RECEIVE_ATTEMPT source_tag=formal attempt=full_path source=FM172249.EDF dest=../../../../../../Project/UE5/Gallery/Saved/ExperimentData/EDF/FM172249.EDF dest_is_path=0 result=27722088 exists=1 size=27722088
2026-06-16T17:41:24.900+08:00 FORMAL_RECORDING step=EDF_RECEIVED_TO_DPC success=1 edf=FM172249.EDF local=../../../../../../Project/UE5/Gallery/Saved/ExperimentData/EDF/FM172249.EDF result=27722088 size=27722088
2026-06-16T17:41:24.900+08:00 FORMAL_RECORDING step=FINISHED success=1 reason=experiment_end_door edf=FM172249.EDF local=../../../../../../Project/UE5/Gallery/Saved/ExperimentData/EDF/FM172249.EDF
