2026-06-12T16:37:41.898+08:00 STATUS start_ui_status sdk=connected host=not_connected log=
2026-06-12T16:38:12.421+08:00 DRYRUN step=DRYRUN_REQUESTED success=1 detail=participant=A014 edf=DR163812.EDF
2026-06-12T16:38:12.466+08:00 CONNECT method=open_eyelink_connection ip=100.1.1.1
2026-06-12T16:38:12.514+08:00 CONNECT_RESULT method=open_eyelink_connection result=0 connected=1
2026-06-12T16:38:12.514+08:00 STATUS host_connected=1 sdk_available=1 note=connection_opened_high_level
2026-06-12T16:38:12.514+08:00 DRYRUN step=HOST_CONNECTED success=1 detail=sdk=1 host=1
2026-06-12T16:38:12.514+08:00 STATUS start_ui_status sdk=connected host=connected log=../../../../../../Project/UE5/Gallery/Saved/ExperimentLogs/EyeLinkMarkers_20260612_163741_898.log
2026-06-12T16:38:12.568+08:00 DRYRUN step=EDF_OPENED success=1 detail=edf=DR163812.EDF result=0
2026-06-12T16:38:12.637+08:00 DRYRUN step=RECORDING_STARTED success=1 detail=result=0
2026-06-12T16:38:12.637+08:00 MARKER sdk=1 host=1 enabled=1 sent=1 result=0 message=DRYRUN_START participant=A014 rel=30.900 unix=1781253492637 bjt=2026-06-12T16:38:12.637+08:00 edf=DR163812.EDF source=ue_dryrun
2026-06-12T16:38:12.637+08:00 DRYRUN step=MARKER_SENT success=1 detail=event=DRYRUN_START host=1
2026-06-12T16:38:13.633+08:00 MARKER sdk=1 host=1 enabled=1 sent=1 result=0 message=LOAD_START participant=A014 rel=31.904 unix=1781253493633 bjt=2026-06-12T16:38:13.633+08:00 edf=DR163812.EDF source=ue_dryrun
2026-06-12T16:38:13.634+08:00 DRYRUN step=MARKER_SENT success=1 detail=event=LOAD_START host=1
2026-06-12T16:38:14.633+08:00 MARKER sdk=1 host=1 enabled=1 sent=1 result=0 message=LOAD_END participant=A014 rel=32.904 unix=1781253494633 bjt=2026-06-12T16:38:14.633+08:00 edf=DR163812.EDF source=ue_dryrun
2026-06-12T16:38:14.633+08:00 DRYRUN step=MARKER_SENT success=1 detail=event=LOAD_END host=1
2026-06-12T16:38:15.633+08:00 MARKER sdk=1 host=1 enabled=1 sent=1 result=0 message=BUTTON_PRESS_TEST participant=A014 rel=33.904 unix=1781253495633 bjt=2026-06-12T16:38:15.633+08:00 edf=DR163812.EDF source=ue_dryrun
2026-06-12T16:38:15.633+08:00 DRYRUN step=MARKER_SENT success=1 detail=event=BUTTON_PRESS_TEST host=1
2026-06-12T16:38:16.633+08:00 MARKER sdk=1 host=1 enabled=1 sent=1 result=0 message=DRYRUN_END participant=A014 rel=34.904 unix=1781253496633 bjt=2026-06-12T16:38:16.633+08:00 edf=DR163812.EDF source=ue_dryrun
2026-06-12T16:38:16.633+08:00 DRYRUN step=MARKER_SENT success=1 detail=event=DRYRUN_END host=1
2026-06-12T16:38:16.838+08:00 DRYRUN step=RECORDING_STOPPED success=1 detail=result=0
2026-06-12T16:38:16.839+08:00 DRYRUN step=EDF_CLOSED success=1 detail=edf=DR163812.EDF result=0
2026-06-12T16:38:17.022+08:00 EDF_RECEIVE_ATTEMPT attempt=full_path source=DR163812.EDF dest=../../../../../../Project/UE5/Gallery/Saved/ExperimentData/EDF/DR163812.EDF dest_is_path=0 result=225491 exists=1 size=225491
2026-06-12T16:38:17.022+08:00 DRYRUN step=EDF_RECEIVED_TO_DPC success=1 detail=edf=DR163812.EDF local=../../../../../../Project/UE5/Gallery/Saved/ExperimentData/EDF/DR163812.EDF result=225491 size=225491
2026-06-12T16:38:17.022+08:00 DRYRUN step=DRYRUN_FINISHED success=1 detail=dry run completed; EDF copied to DPC: ../../../../../../Project/UE5/Gallery/Saved/ExperimentData/EDF/DR163812.EDF
2026-06-12T16:39:35.312+08:00 FORMAL_RECORDING step=EDF_OPEN_REQUESTED success=1 participant=A014 edf=FM163935.EDF source=calibration_button
2026-06-12T16:39:35.312+08:00 FORMAL_RECORDING step=HOST_CONNECTED success=1 sdk=1 host=1 source=calibration_button
2026-06-12T16:39:35.318+08:00 FORMAL_RECORDING step=EDF_OPENED success=1 edf=FM163935.EDF result=0 source=calibration_button
2026-06-12T16:39:35.318+08:00 FORMAL_EDF_MARKER sdk=1 host=1 opened=1 sent=1 message=FORMAL_EDF_OPENED participant=A014 rel=113.567 unix=1781253575318 bjt=2026-06-12T16:39:35.318+08:00 edf=FM163935.EDF source=ue_formal open_result=0 source_tag=calibration_button
2026-06-12T16:39:35.319+08:00 FORMAL_EDF_MARKER sdk=1 host=1 opened=1 sent=1 message=FORMAL_SESSION_PREPARED participant=A014 rel=113.567 unix=1781253575319 bjt=2026-06-12T16:39:35.319+08:00 edf=FM163935.EDF source=ue_formal calibration_complete=0
2026-06-12T16:39:35.319+08:00 FORMAL_EDF_MARKER sdk=1 host=1 opened=1 sent=1 message=CALIBRATION_REQUESTED participant=A014 rel=113.567 unix=1781253575319 bjt=2026-06-12T16:39:35.319+08:00 edf=FM163935.EDF source=ue_formal open_result=0
2026-06-12T16:39:35.319+08:00 CALIBRATION step=REQUESTED success=1 note=run_eyelink_tracker_setup
2026-06-12T16:39:35.319+08:00 CALIBRATION step=HOST_CONNECTED success=1 sdk=1 host=1 graphics=1
2026-06-12T16:39:35.322+08:00 CALIBRATION_DISPLAY_INIT success=1 result=0 error=
2026-06-12T16:39:35.322+08:00 CALIBRATION_DISPLAY_LIST count=2 requested_index=1 explicit=1
2026-06-12T16:39:35.322+08:00 CALIBRATION_DISPLAY index=0 name=Dell XPS 15 SDC414D Display bounds_result=0 x=0 y=0 w=1920 h=1080 mode_result=0 mode_w=1920 mode_h=1080 refresh=60
2026-06-12T16:39:35.322+08:00 CALIBRATION_DISPLAY index=1 name=Acer GR235H bounds_result=0 x=0 y=-1080 w=1920 h=1080 mode_result=0 mode_w=1920 mode_h=1080 refresh=60
2026-06-12T16:39:35.464+08:00 CALIBRATION step=GRAPHICS_INITIALIZED success=1 result=0 explicit_request=1 display_index=1 window_ptr=0000024FEFD94868 width=1920 height=1080 bits=32 refresh=60.00
2026-06-12T16:39:35.481+08:00 CALIBRATION step=REGISTERED_WINDOW_MOVED success=1 requested_display=1 actual_display=1 requested_x=0 requested_y=-1080 requested_w=1920 requested_h=1080 actual_x=0 actual_y=-1080 actual_w=1920 actual_h=1080
2026-06-12T16:39:35.484+08:00 FORMAL_EDF_MARKER sdk=1 host=1 opened=1 sent=1 message=CALIBRATION_SETUP_START participant=A014 rel=113.567 unix=1781253575484 bjt=2026-06-12T16:39:35.484+08:00 edf=FM163935.EDF source=ue_formal calibration_type=HV9 width=1920 height=1080
2026-06-12T16:39:35.484+08:00 CALIBRATION step=TRACKER_SETUP_BEGIN success=1 detail=call_do_tracker_setup
2026-06-12T16:41:36.769+08:00 CALIBRATION step=TRACKER_SETUP_RETURNED success=1 result=0
2026-06-12T16:41:36.769+08:00 FORMAL_EDF_MARKER sdk=1 host=1 opened=1 sent=1 message=CALIBRATION_SETUP_END participant=A014 rel=113.567 unix=1781253696769 bjt=2026-06-12T16:41:36.769+08:00 edf=FM163935.EDF source=ue_formal setup_result=0
2026-06-12T16:41:38.811+08:00 CALIBRATION step=GRAPHICS_CLOSED success=1
2026-06-12T16:41:38.812+08:00 CALIBRATION step=CALIBRATION_WINDOW_DESTROYED success=1
2026-06-12T16:41:38.812+08:00 CALIBRATION step=FINISHED success=1 result=0
2026-06-12T16:41:38.812+08:00 FORMAL_EDF_MARKER sdk=1 host=1 opened=1 sent=1 message=CALIBRATION_STATUS participant=A014 rel=113.567 unix=1781253698812 bjt=2026-06-12T16:41:38.812+08:00 edf=FM163935.EDF source=ue_formal calibration_complete=1
2026-06-12T16:41:38.812+08:00 FORMAL_CALIBRATION step=FINISHED success=1 participant=A014 edf=FM163935.EDF open_result=0
2026-06-12T16:41:38.812+08:00 STATUS start_ui_status sdk=connected host=connected log=../../../../../../Project/UE5/Gallery/Saved/ExperimentLogs/EyeLinkMarkers_20260612_163741_898.log
2026-06-12T16:41:46.482+08:00 FORMAL_RECORDING step=EDF_ALREADY_OPEN success=1 participant=A014 edf=FM163935.EDF source=start_button_preopened calibration_complete=1
2026-06-12T16:41:46.491+08:00 FORMAL_RECORDING step=RECORDING_STARTED success=1 result=0 edf=FM163935.EDF preopened=1 calibration_complete=1
2026-06-12T16:41:46.491+08:00 MARKER sdk=1 host=1 enabled=1 sent=1 result=0 message=FORMAL_RECORDING_START participant=A014 rel=120.964 unix=1781253706491 bjt=2026-06-12T16:41:46.491+08:00 edf=FM163935.EDF source=ue_formal open_result=0 record_result=0 edf_preopened=1 calibration_complete=1
2026-06-12T16:41:46.492+08:00 STATUS formal_recording_start_requested participant=A014 success=1 edf=FM163935.EDF calibration_complete=1
2026-06-12T16:41:46.492+08:00 STATUS start_ui_status sdk=connected host=connected log=../../../../../../Project/UE5/Gallery/Saved/ExperimentLogs/EyeLinkMarkers_20260612_163741_898.log
2026-06-12T16:41:46.492+08:00 MARKER sdk=1 host=1 enabled=1 sent=1 result=0 message=RECORDING_TIME_REFERENCE participant=A014 rel=120.964 unix=1781253706492 bjt=2026-06-12T16:41:46.492+08:00 source=ue_session_start
2026-06-12T16:41:46.492+08:00 MARKER sdk=1 host=1 enabled=1 sent=1 result=0 message=SESSION_START participant=A014 rel=120.964 unix=1781253706492 bjt=2026-06-12T16:41:46.492+08:00
2026-06-12T16:41:46.492+08:00 MARKER sdk=1 host=1 enabled=1 sent=1 result=0 message=EXPERIMENT_RUN_MODE EXP1_THEN_EXP2
2026-06-12T16:41:46.496+08:00 MARKER sdk=1 host=1 enabled=1 sent=1 result=0 message=SCREEN_RECORDING_REQUEST enabled=1 started=1 participant=A014
2026-06-12T16:42:32.751+08:00 MARKER sdk=1 host=1 enabled=1 sent=1 result=0 message=TRIALID T001
2026-06-12T16:42:32.751+08:00 MARKER sdk=1 host=1 enabled=1 sent=1 result=0 message=EVENT LOADING_INTERACT trial=T001 rel=167.249 unix=1781253752776 bjt=2026-06-12T16:42:32.776+08:00
2026-06-12T16:42:32.751+08:00 MARKER sdk=1 host=1 enabled=1 sent=1 result=0 message=EVENT LOADING_START trial=T001 rel=167.249 unix=1781253752776 bjt=2026-06-12T16:42:32.776+08:00
2026-06-12T16:42:32.751+08:00 MARKER sdk=1 host=1 enabled=1 sent=1 result=0 message=!V TRIAL_VAR participant A014
2026-06-12T16:42:32.752+08:00 MARKER sdk=1 host=1 enabled=1 sent=1 result=0 message=!V TRIAL_VAR experiment EXP1
2026-06-12T16:42:32.752+08:00 MARKER sdk=1 host=1 enabled=1 sent=1 result=0 message=!V TRIAL_VAR exhibit_id Ex1_TEST
2026-06-12T16:42:32.752+08:00 MARKER sdk=1 host=1 enabled=1 sent=1 result=0 message=!V TRIAL_VAR exhibit_name 测试展品
2026-06-12T16:42:32.752+08:00 MARKER sdk=1 host=1 enabled=1 sent=1 result=0 message=!V TRIAL_VAR condition A
2026-06-12T16:42:32.752+08:00 MARKER sdk=1 host=1 enabled=1 sent=1 result=0 message=!V TRIAL_VAR latin_group NA
2026-06-12T16:42:32.752+08:00 MARKER sdk=1 host=1 enabled=1 sent=1 result=0 message=!V TRIAL_VAR sequence_index -1
2026-06-12T16:42:32.752+08:00 MARKER sdk=1 host=1 enabled=1 sent=1 result=0 message=!V TRIAL_VAR sequence_label NA
2026-06-12T16:42:34.743+08:00 MARKER sdk=1 host=1 enabled=1 sent=1 result=0 message=EVENT LOADING_COMPLETE trial=T001 rel=169.241 unix=1781253754769 bjt=2026-06-12T16:42:34.768+08:00
2026-06-12T16:42:44.849+08:00 MARKER sdk=1 host=1 enabled=1 sent=1 result=0 message=EVENT VIEWER_ENTER trial=T001 rel=179.345 unix=1781253764873 bjt=2026-06-12T16:42:44.872+08:00
2026-06-12T16:42:44.850+08:00 MARKER sdk=1 host=1 enabled=1 sent=1 result=0 message=EVENT QUESTION_START trial=T001 rel=179.345 unix=1781253764873 bjt=2026-06-12T16:42:44.872+08:00 q=1 total=2 correct_index=-1 correct_label=NotAnswered
2026-06-12T16:42:55.936+08:00 MARKER sdk=1 host=1 enabled=1 sent=1 result=0 message=EVENT QUESTION_SUBMIT trial=T001 rel=190.419 unix=1781253775946 bjt=2026-06-12T16:42:55.946+08:00 q=1 option=A correct_index=-1 correct_label=NotAnswered is_correct=-1
2026-06-12T16:42:55.938+08:00 MARKER sdk=1 host=1 enabled=1 sent=1 result=0 message=EVENT QUESTION_START trial=T001 rel=190.419 unix=1781253775946 bjt=2026-06-12T16:42:55.946+08:00 q=2 total=2 correct_index=-1 correct_label=NotAnswered
2026-06-12T16:43:16.734+08:00 MARKER sdk=1 host=1 enabled=1 sent=1 result=0 message=EVENT QUESTION_SUBMIT trial=T001 rel=211.216 unix=1781253796744 bjt=2026-06-12T16:43:16.743+08:00 q=2 option=B correct_index=-1 correct_label=NotAnswered is_correct=-1
2026-06-12T16:43:18.933+08:00 MARKER sdk=1 host=1 enabled=1 sent=1 result=0 message=EVENT VIEWER_EXIT trial=T001 rel=213.431 unix=1781253798958 bjt=2026-06-12T16:43:18.958+08:00
2026-06-12T16:43:18.933+08:00 MARKER sdk=1 host=1 enabled=1 sent=1 result=0 message=EVENT TRIAL_RESULT trial=T001 rel=213.431 unix=1781253798958 bjt=2026-06-12T16:43:18.958+08:00 rows=2
2026-06-12T16:43:38.356+08:00 MARKER sdk=1 host=1 enabled=1 sent=1 result=0 message=TRIALID T002
2026-06-12T16:43:38.356+08:00 MARKER sdk=1 host=1 enabled=1 sent=1 result=0 message=EVENT LOADING_INTERACT trial=T002 rel=232.854 unix=1781253818382 bjt=2026-06-12T16:43:38.381+08:00
2026-06-12T16:43:38.357+08:00 MARKER sdk=1 host=1 enabled=1 sent=1 result=0 message=EVENT LOADING_START trial=T002 rel=232.854 unix=1781253818382 bjt=2026-06-12T16:43:38.381+08:00
2026-06-12T16:43:38.357+08:00 MARKER sdk=1 host=1 enabled=1 sent=1 result=0 message=!V TRIAL_VAR participant A014
2026-06-12T16:43:38.357+08:00 MARKER sdk=1 host=1 enabled=1 sent=1 result=0 message=!V TRIAL_VAR experiment EXP1
2026-06-12T16:43:38.357+08:00 MARKER sdk=1 host=1 enabled=1 sent=1 result=0 message=!V TRIAL_VAR exhibit_id 01
2026-06-12T16:43:38.357+08:00 MARKER sdk=1 host=1 enabled=1 sent=1 result=0 message=!V TRIAL_VAR exhibit_name 半岛香炉
2026-06-12T16:43:38.358+08:00 MARKER sdk=1 host=1 enabled=1 sent=1 result=0 message=!V TRIAL_VAR condition A_PLUS
2026-06-12T16:43:38.358+08:00 MARKER sdk=1 host=1 enabled=1 sent=1 result=0 message=!V TRIAL_VAR latin_group G2
2026-06-12T16:43:38.358+08:00 MARKER sdk=1 host=1 enabled=1 sent=1 result=0 message=!V TRIAL_VAR sequence_index 1
2026-06-12T16:43:38.358+08:00 MARKER sdk=1 host=1 enabled=1 sent=1 result=0 message=!V TRIAL_VAR sequence_label G2_T01
2026-06-12T16:43:48.351+08:00 MARKER sdk=1 host=1 enabled=1 sent=1 result=0 message=EVENT LOADING_COMPLETE trial=T002 rel=242.850 unix=1781253828377 bjt=2026-06-12T16:43:48.377+08:00
2026-06-12T16:43:55.724+08:00 MARKER sdk=1 host=1 enabled=1 sent=1 result=0 message=EVENT VIEWER_ENTER trial=T002 rel=250.221 unix=1781253835748 bjt=2026-06-12T16:43:55.748+08:00
2026-06-12T16:43:55.724+08:00 MARKER sdk=1 host=1 enabled=1 sent=1 result=0 message=EVENT QUESTION_START trial=T002 rel=250.221 unix=1781253835748 bjt=2026-06-12T16:43:55.748+08:00 q=1 total=2 correct_index=1 correct_label=B
2026-06-12T16:44:00.416+08:00 MARKER sdk=1 host=1 enabled=1 sent=1 result=0 message=EVENT QUESTION_SUBMIT trial=T002 rel=254.898 unix=1781253840426 bjt=2026-06-12T16:44:00.425+08:00 q=1 option=A correct_index=1 correct_label=B is_correct=0
2026-06-12T16:44:00.417+08:00 MARKER sdk=1 host=1 enabled=1 sent=1 result=0 message=EVENT QUESTION_START trial=T002 rel=254.898 unix=1781253840426 bjt=2026-06-12T16:44:00.425+08:00 q=2 total=2 correct_index=1 correct_label=B
2026-06-12T16:44:10.403+08:00 MARKER sdk=1 host=1 enabled=1 sent=1 result=0 message=EVENT QUESTION_SUBMIT trial=T002 rel=264.883 unix=1781253850411 bjt=2026-06-12T16:44:10.411+08:00 q=2 option=A correct_index=1 correct_label=B is_correct=0
2026-06-12T16:44:12.280+08:00 MARKER sdk=1 host=1 enabled=1 sent=1 result=0 message=EVENT VIEWER_EXIT trial=T002 rel=266.778 unix=1781253852305 bjt=2026-06-12T16:44:12.305+08:00
2026-06-12T16:44:12.280+08:00 MARKER sdk=1 host=1 enabled=1 sent=1 result=0 message=EVENT TRIAL_RESULT trial=T002 rel=266.778 unix=1781253852305 bjt=2026-06-12T16:44:12.305+08:00 rows=2
2026-06-12T16:45:28.259+08:00 MARKER sdk=1 host=1 enabled=1 sent=1 result=0 message=TRIALID T003
2026-06-12T16:45:28.260+08:00 MARKER sdk=1 host=1 enabled=1 sent=1 result=0 message=EVENT LOADING_INTERACT trial=T003 rel=342.757 unix=1781253928285 bjt=2026-06-12T16:45:28.284+08:00
2026-06-12T16:45:28.261+08:00 MARKER sdk=1 host=1 enabled=1 sent=1 result=0 message=EVENT LOADING_START trial=T003 rel=342.757 unix=1781253928285 bjt=2026-06-12T16:45:28.284+08:00
2026-06-12T16:45:28.261+08:00 MARKER sdk=1 host=1 enabled=1 sent=1 result=0 message=!V TRIAL_VAR participant A014
2026-06-12T16:45:28.261+08:00 MARKER sdk=1 host=1 enabled=1 sent=1 result=0 message=!V TRIAL_VAR experiment EXP1
2026-06-12T16:45:28.261+08:00 MARKER sdk=1 host=1 enabled=1 sent=1 result=0 message=!V TRIAL_VAR exhibit_id 02
2026-06-12T16:45:28.262+08:00 MARKER sdk=1 host=1 enabled=1 sent=1 result=0 message=!V TRIAL_VAR exhibit_name 中国青铜器
2026-06-12T16:45:28.262+08:00 MARKER sdk=1 host=1 enabled=1 sent=1 result=0 message=!V TRIAL_VAR condition B
2026-06-12T16:45:28.262+08:00 MARKER sdk=1 host=1 enabled=1 sent=1 result=0 message=!V TRIAL_VAR latin_group G2
2026-06-12T16:45:28.262+08:00 MARKER sdk=1 host=1 enabled=1 sent=1 result=0 message=!V TRIAL_VAR sequence_index 2
2026-06-12T16:45:28.263+08:00 MARKER sdk=1 host=1 enabled=1 sent=1 result=0 message=!V TRIAL_VAR sequence_label G2_T02
2026-06-12T16:45:38.259+08:00 MARKER sdk=1 host=1 enabled=1 sent=1 result=0 message=EVENT LOADING_COMPLETE trial=T003 rel=352.757 unix=1781253938284 bjt=2026-06-12T16:45:38.284+08:00
2026-06-12T16:45:39.802+08:00 MARKER sdk=1 host=1 enabled=1 sent=1 result=0 message=EVENT VIEWER_ENTER trial=T003 rel=354.300 unix=1781253939828 bjt=2026-06-12T16:45:39.827+08:00
2026-06-12T16:45:39.803+08:00 MARKER sdk=1 host=1 enabled=1 sent=1 result=0 message=EVENT QUESTION_START trial=T003 rel=354.300 unix=1781253939828 bjt=2026-06-12T16:45:39.827+08:00 q=1 total=2 correct_index=1 correct_label=B
2026-06-12T16:45:45.034+08:00 MARKER sdk=1 host=1 enabled=1 sent=1 result=0 message=EVENT QUESTION_SUBMIT trial=T003 rel=359.518 unix=1781253945045 bjt=2026-06-12T16:45:45.045+08:00 q=1 option=B correct_index=1 correct_label=B is_correct=1
2026-06-12T16:45:45.035+08:00 MARKER sdk=1 host=1 enabled=1 sent=1 result=0 message=EVENT QUESTION_START trial=T003 rel=359.518 unix=1781253945045 bjt=2026-06-12T16:45:45.045+08:00 q=2 total=2 correct_index=1 correct_label=B
2026-06-12T16:45:56.791+08:00 MARKER sdk=1 host=1 enabled=1 sent=1 result=0 message=EVENT QUESTION_SUBMIT trial=T003 rel=371.274 unix=1781253956801 bjt=2026-06-12T16:45:56.801+08:00 q=2 option=B correct_index=1 correct_label=B is_correct=1
2026-06-12T16:45:58.364+08:00 MARKER sdk=1 host=1 enabled=1 sent=1 result=0 message=EVENT VIEWER_EXIT trial=T003 rel=372.863 unix=1781253958390 bjt=2026-06-12T16:45:58.390+08:00
2026-06-12T16:45:58.364+08:00 MARKER sdk=1 host=1 enabled=1 sent=1 result=0 message=EVENT TRIAL_RESULT trial=T003 rel=372.863 unix=1781253958390 bjt=2026-06-12T16:45:58.390+08:00 rows=2
2026-06-12T16:46:40.726+08:00 MARKER sdk=1 host=1 enabled=1 sent=1 result=0 message=TRIALID T004
2026-06-12T16:46:40.727+08:00 MARKER sdk=1 host=1 enabled=1 sent=1 result=0 message=EVENT LOADING_INTERACT trial=T004 rel=415.224 unix=1781254000751 bjt=2026-06-12T16:46:40.751+08:00
2026-06-12T16:46:40.727+08:00 MARKER sdk=1 host=1 enabled=1 sent=1 result=0 message=EVENT LOADING_START trial=T004 rel=415.224 unix=1781254000751 bjt=2026-06-12T16:46:40.751+08:00
2026-06-12T16:46:40.728+08:00 MARKER sdk=1 host=1 enabled=1 sent=1 result=0 message=!V TRIAL_VAR participant A014
2026-06-12T16:46:40.728+08:00 MARKER sdk=1 host=1 enabled=1 sent=1 result=0 message=!V TRIAL_VAR experiment EXP1
2026-06-12T16:46:40.728+08:00 MARKER sdk=1 host=1 enabled=1 sent=1 result=0 message=!V TRIAL_VAR exhibit_id 03
2026-06-12T16:46:40.728+08:00 MARKER sdk=1 host=1 enabled=1 sent=1 result=0 message=!V TRIAL_VAR exhibit_name 希腊陶具
2026-06-12T16:46:40.728+08:00 MARKER sdk=1 host=1 enabled=1 sent=1 result=0 message=!V TRIAL_VAR condition C_MINUS
2026-06-12T16:46:40.728+08:00 MARKER sdk=1 host=1 enabled=1 sent=1 result=0 message=!V TRIAL_VAR latin_group G2
2026-06-12T16:46:40.728+08:00 MARKER sdk=1 host=1 enabled=1 sent=1 result=0 message=!V TRIAL_VAR sequence_index 3
2026-06-12T16:46:40.728+08:00 MARKER sdk=1 host=1 enabled=1 sent=1 result=0 message=!V TRIAL_VAR sequence_label G2_T03
2026-06-12T16:46:40.729+08:00 MARKER sdk=1 host=1 enabled=1 sent=1 result=0 message=EVENT VIEWER_ENTER trial=T004 rel=415.224 unix=1781254000751 bjt=2026-06-12T16:46:40.751+08:00 mode=progressive_no_progress_bar
2026-06-12T16:46:46.724+08:00 MARKER sdk=1 host=1 enabled=1 sent=1 result=0 message=EVENT PROGRESSIVE_USABLE trial=T004 rel=421.221 unix=1781254006748 bjt=2026-06-12T16:46:46.748+08:00
2026-06-12T16:46:46.726+08:00 MARKER sdk=1 host=1 enabled=1 sent=1 result=0 message=EVENT QUESTION_START trial=T004 rel=421.221 unix=1781254006748 bjt=2026-06-12T16:46:46.748+08:00 q=1 total=2 correct_index=0 correct_label=A
2026-06-12T16:46:50.724+08:00 MARKER sdk=1 host=1 enabled=1 sent=1 result=0 message=EVENT LOADING_COMPLETE trial=T004 rel=425.223 unix=1781254010751 bjt=2026-06-12T16:46:50.750+08:00
2026-06-12T16:46:53.866+08:00 MARKER sdk=1 host=1 enabled=1 sent=1 result=0 message=EVENT QUESTION_SUBMIT trial=T004 rel=428.349 unix=1781254013876 bjt=2026-06-12T16:46:53.876+08:00 q=1 option=A correct_index=0 correct_label=A is_correct=1
2026-06-12T16:46:53.867+08:00 MARKER sdk=1 host=1 enabled=1 sent=1 result=0 message=EVENT QUESTION_START trial=T004 rel=428.349 unix=1781254013876 bjt=2026-06-12T16:46:53.876+08:00 q=2 total=2 correct_index=2 correct_label=C
2026-06-12T16:46:56.172+08:00 MARKER sdk=1 host=1 enabled=1 sent=1 result=0 message=EVENT QUESTION_SUBMIT trial=T004 rel=430.655 unix=1781254016183 bjt=2026-06-12T16:46:56.182+08:00 q=2 option=C correct_index=2 correct_label=C is_correct=1
2026-06-12T16:46:57.823+08:00 MARKER sdk=1 host=1 enabled=1 sent=1 result=0 message=EVENT VIEWER_EXIT trial=T004 rel=432.321 unix=1781254017849 bjt=2026-06-12T16:46:57.848+08:00
2026-06-12T16:46:57.823+08:00 MARKER sdk=1 host=1 enabled=1 sent=1 result=0 message=EVENT TRIAL_RESULT trial=T004 rel=432.321 unix=1781254017849 bjt=2026-06-12T16:46:57.848+08:00 rows=2
2026-06-12T16:46:58.064+08:00 MARKER sdk=1 host=1 enabled=1 sent=1 result=0 message=TRIALID T005
2026-06-12T16:46:58.064+08:00 MARKER sdk=1 host=1 enabled=1 sent=1 result=0 message=EVENT LOADING_INTERACT trial=T005 rel=415.224 unix=1781254000751 bjt=2026-06-12T16:46:40.751+08:00
2026-06-12T16:46:58.064+08:00 MARKER sdk=1 host=1 enabled=1 sent=1 result=0 message=!V TRIAL_VAR participant A014
2026-06-12T16:46:58.064+08:00 MARKER sdk=1 host=1 enabled=1 sent=1 result=0 message=!V TRIAL_VAR experiment EXP1
2026-06-12T16:46:58.065+08:00 MARKER sdk=1 host=1 enabled=1 sent=1 result=0 message=!V TRIAL_VAR exhibit_id 03
2026-06-12T16:46:58.065+08:00 MARKER sdk=1 host=1 enabled=1 sent=1 result=0 message=!V TRIAL_VAR exhibit_name 希腊陶具
2026-06-12T16:46:58.065+08:00 MARKER sdk=1 host=1 enabled=1 sent=1 result=0 message=!V TRIAL_VAR condition C_MINUS
2026-06-12T16:46:58.065+08:00 MARKER sdk=1 host=1 enabled=1 sent=1 result=0 message=!V TRIAL_VAR latin_group NA
2026-06-12T16:46:58.066+08:00 MARKER sdk=1 host=1 enabled=1 sent=1 result=0 message=!V TRIAL_VAR sequence_index -1
2026-06-12T16:46:58.066+08:00 MARKER sdk=1 host=1 enabled=1 sent=1 result=0 message=!V TRIAL_VAR sequence_label NA
2026-06-12T16:46:58.066+08:00 MARKER sdk=1 host=1 enabled=1 sent=1 result=0 message=EVENT QUESTION_START trial=T005 rel=432.562 unix=1781254018090 bjt=2026-06-12T16:46:58.089+08:00 q=1 total=2 correct_index=0 correct_label=A
2026-06-12T16:46:58.998+08:00 MARKER sdk=1 host=1 enabled=1 sent=1 result=0 message=EVENT VIEWER_EXIT trial=T005 rel=433.497 unix=1781254019024 bjt=2026-06-12T16:46:59.024+08:00
2026-06-12T16:46:58.999+08:00 MARKER sdk=1 host=1 enabled=1 sent=1 result=0 message=EVENT TRIAL_RESULT trial=T005 rel=433.497 unix=1781254019024 bjt=2026-06-12T16:46:59.024+08:00 rows=2
2026-06-12T16:48:04.438+08:00 MARKER sdk=1 host=1 enabled=1 sent=1 result=0 message=TRIALID T006
2026-06-12T16:48:04.438+08:00 MARKER sdk=1 host=1 enabled=1 sent=1 result=0 message=EVENT LOADING_INTERACT trial=T006 rel=498.936 unix=1781254084463 bjt=2026-06-12T16:48:04.463+08:00
2026-06-12T16:48:04.438+08:00 MARKER sdk=1 host=1 enabled=1 sent=1 result=0 message=EVENT LOADING_START trial=T006 rel=498.936 unix=1781254084463 bjt=2026-06-12T16:48:04.463+08:00
2026-06-12T16:48:04.438+08:00 MARKER sdk=1 host=1 enabled=1 sent=1 result=0 message=!V TRIAL_VAR participant A014
2026-06-12T16:48:04.438+08:00 MARKER sdk=1 host=1 enabled=1 sent=1 result=0 message=!V TRIAL_VAR experiment EXP1
2026-06-12T16:48:04.439+08:00 MARKER sdk=1 host=1 enabled=1 sent=1 result=0 message=!V TRIAL_VAR exhibit_id 04
2026-06-12T16:48:04.439+08:00 MARKER sdk=1 host=1 enabled=1 sent=1 result=0 message=!V TRIAL_VAR exhibit_name 中国花瓶
2026-06-12T16:48:04.439+08:00 MARKER sdk=1 host=1 enabled=1 sent=1 result=0 message=!V TRIAL_VAR condition C
2026-06-12T16:48:04.439+08:00 MARKER sdk=1 host=1 enabled=1 sent=1 result=0 message=!V TRIAL_VAR latin_group G2
2026-06-12T16:48:04.439+08:00 MARKER sdk=1 host=1 enabled=1 sent=1 result=0 message=!V TRIAL_VAR sequence_index 4
2026-06-12T16:48:04.439+08:00 MARKER sdk=1 host=1 enabled=1 sent=1 result=0 message=!V TRIAL_VAR sequence_label G2_T04
2026-06-12T16:48:04.451+08:00 MARKER sdk=1 host=1 enabled=1 sent=1 result=0 message=EVENT VIEWER_ENTER trial=T006 rel=498.936 unix=1781254084463 bjt=2026-06-12T16:48:04.463+08:00 mode=progressive
2026-06-12T16:48:10.437+08:00 MARKER sdk=1 host=1 enabled=1 sent=1 result=0 message=EVENT PROGRESSIVE_USABLE trial=T006 rel=504.935 unix=1781254090462 bjt=2026-06-12T16:48:10.462+08:00
2026-06-12T16:48:10.438+08:00 MARKER sdk=1 host=1 enabled=1 sent=1 result=0 message=EVENT QUESTION_START trial=T006 rel=504.935 unix=1781254090462 bjt=2026-06-12T16:48:10.462+08:00 q=1 total=2 correct_index=2 correct_label=C
2026-06-12T16:48:14.421+08:00 MARKER sdk=1 host=1 enabled=1 sent=1 result=0 message=EVENT LOADING_COMPLETE trial=T006 rel=508.920 unix=1781254094448 bjt=2026-06-12T16:48:14.447+08:00
2026-06-12T16:48:17.584+08:00 MARKER sdk=1 host=1 enabled=1 sent=1 result=0 message=EVENT QUESTION_SUBMIT trial=T006 rel=512.063 unix=1781254097591 bjt=2026-06-12T16:48:17.590+08:00 q=1 option=A correct_index=2 correct_label=C is_correct=0
2026-06-12T16:48:17.585+08:00 MARKER sdk=1 host=1 enabled=1 sent=1 result=0 message=EVENT QUESTION_START trial=T006 rel=512.063 unix=1781254097591 bjt=2026-06-12T16:48:17.590+08:00 q=2 total=2 correct_index=3 correct_label=D
2026-06-12T16:48:20.693+08:00 MARKER sdk=1 host=1 enabled=1 sent=1 result=0 message=EVENT QUESTION_SUBMIT trial=T006 rel=515.176 unix=1781254100703 bjt=2026-06-12T16:48:20.703+08:00 q=2 option=D correct_index=3 correct_label=D is_correct=1
2026-06-12T16:48:22.534+08:00 MARKER sdk=1 host=1 enabled=1 sent=1 result=0 message=EVENT VIEWER_EXIT trial=T006 rel=517.033 unix=1781254102561 bjt=2026-06-12T16:48:22.560+08:00
2026-06-12T16:48:22.534+08:00 MARKER sdk=1 host=1 enabled=1 sent=1 result=0 message=EVENT TRIAL_RESULT trial=T006 rel=517.033 unix=1781254102561 bjt=2026-06-12T16:48:22.560+08:00 rows=2
2026-06-12T16:49:05.487+08:00 MARKER sdk=1 host=1 enabled=1 sent=1 result=0 message=TRIALID T007
2026-06-12T16:49:05.487+08:00 MARKER sdk=1 host=1 enabled=1 sent=1 result=0 message=EVENT LOADING_INTERACT trial=T007 rel=559.985 unix=1781254145513 bjt=2026-06-12T16:49:05.513+08:00
2026-06-12T16:49:05.487+08:00 MARKER sdk=1 host=1 enabled=1 sent=1 result=0 message=EVENT LOADING_START trial=T007 rel=559.985 unix=1781254145513 bjt=2026-06-12T16:49:05.513+08:00
2026-06-12T16:49:05.488+08:00 MARKER sdk=1 host=1 enabled=1 sent=1 result=0 message=!V TRIAL_VAR participant A014
2026-06-12T16:49:05.488+08:00 MARKER sdk=1 host=1 enabled=1 sent=1 result=0 message=!V TRIAL_VAR experiment EXP1
2026-06-12T16:49:05.488+08:00 MARKER sdk=1 host=1 enabled=1 sent=1 result=0 message=!V TRIAL_VAR exhibit_id 05
2026-06-12T16:49:05.488+08:00 MARKER sdk=1 host=1 enabled=1 sent=1 result=0 message=!V TRIAL_VAR exhibit_name 雅典双耳罐
2026-06-12T16:49:05.488+08:00 MARKER sdk=1 host=1 enabled=1 sent=1 result=0 message=!V TRIAL_VAR condition A
2026-06-12T16:49:05.488+08:00 MARKER sdk=1 host=1 enabled=1 sent=1 result=0 message=!V TRIAL_VAR latin_group G2
2026-06-12T16:49:05.489+08:00 MARKER sdk=1 host=1 enabled=1 sent=1 result=0 message=!V TRIAL_VAR sequence_index 5
2026-06-12T16:49:05.489+08:00 MARKER sdk=1 host=1 enabled=1 sent=1 result=0 message=!V TRIAL_VAR sequence_label G2_T05
2026-06-12T16:49:15.484+08:00 MARKER sdk=1 host=1 enabled=1 sent=1 result=0 message=EVENT LOADING_COMPLETE trial=T007 rel=569.983 unix=1781254155511 bjt=2026-06-12T16:49:15.510+08:00
2026-06-12T16:49:17.598+08:00 MARKER sdk=1 host=1 enabled=1 sent=1 result=0 message=EVENT VIEWER_ENTER trial=T007 rel=572.096 unix=1781254157624 bjt=2026-06-12T16:49:17.623+08:00
2026-06-12T16:49:17.598+08:00 MARKER sdk=1 host=1 enabled=1 sent=1 result=0 message=EVENT QUESTION_START trial=T007 rel=572.096 unix=1781254157624 bjt=2026-06-12T16:49:17.623+08:00 q=1 total=2 correct_index=0 correct_label=A
2026-06-12T16:49:21.584+08:00 MARKER sdk=1 host=1 enabled=1 sent=1 result=0 message=EVENT QUESTION_SUBMIT trial=T007 rel=576.067 unix=1781254161594 bjt=2026-06-12T16:49:21.594+08:00 q=1 option=A correct_index=0 correct_label=A is_correct=1
2026-06-12T16:49:21.584+08:00 MARKER sdk=1 host=1 enabled=1 sent=1 result=0 message=EVENT QUESTION_START trial=T007 rel=576.067 unix=1781254161594 bjt=2026-06-12T16:49:21.594+08:00 q=2 total=2 correct_index=2 correct_label=C
2026-06-12T16:49:26.790+08:00 MARKER sdk=1 host=1 enabled=1 sent=1 result=0 message=EVENT QUESTION_SUBMIT trial=T007 rel=581.273 unix=1781254166801 bjt=2026-06-12T16:49:26.800+08:00 q=2 option=C correct_index=2 correct_label=C is_correct=1
2026-06-12T16:49:27.622+08:00 MARKER sdk=1 host=1 enabled=1 sent=1 result=0 message=EVENT VIEWER_EXIT trial=T007 rel=582.121 unix=1781254167649 bjt=2026-06-12T16:49:27.648+08:00
2026-06-12T16:49:27.623+08:00 MARKER sdk=1 host=1 enabled=1 sent=1 result=0 message=EVENT TRIAL_RESULT trial=T007 rel=582.121 unix=1781254167649 bjt=2026-06-12T16:49:27.648+08:00 rows=2
2026-06-12T16:54:39.042+08:00 MARKER sdk=1 host=1 enabled=1 sent=1 result=0 message=TRIALID Exp2_001
2026-06-12T16:54:39.042+08:00 MARKER sdk=1 host=1 enabled=1 sent=1 result=0 message=!V TRIAL_VAR participant A014
2026-06-12T16:54:39.042+08:00 MARKER sdk=1 host=1 enabled=1 sent=1 result=0 message=!V TRIAL_VAR experiment EXP2
2026-06-12T16:54:39.042+08:00 MARKER sdk=1 host=1 enabled=1 sent=1 result=0 message=!V TRIAL_VAR condition E4_FIXED_NONPROGRESSIVE
2026-06-12T16:54:39.042+08:00 MARKER sdk=1 host=1 enabled=1 sent=1 result=0 message=!V TRIAL_VAR spatial_continuity 0
2026-06-12T16:54:39.043+08:00 MARKER sdk=1 host=1 enabled=1 sent=1 result=0 message=!V TRIAL_VAR progressive_availability 0
2026-06-12T16:54:39.043+08:00 MARKER sdk=1 host=1 enabled=1 sent=1 result=0 message=!V TRIAL_VAR target_index 4
2026-06-12T16:54:39.043+08:00 MARKER sdk=1 host=1 enabled=1 sent=1 result=0 message=!V TRIAL_VAR target_display_index 4
2026-06-12T16:54:39.044+08:00 MARKER sdk=1 host=1 enabled=1 sent=1 result=0 message=!V TRIAL_VAR target_content_index 1
2026-06-12T16:54:39.044+08:00 MARKER sdk=1 host=1 enabled=1 sent=1 result=0 message=!V TRIAL_VAR target_label 左脸
2026-06-12T16:54:39.044+08:00 MARKER sdk=1 host=1 enabled=1 sent=1 result=0 message=!V TRIAL_VAR slot_permutation 1:2|2:3|3:4|4:1
2026-06-12T16:54:39.044+08:00 MARKER sdk=1 host=1 enabled=1 sent=1 result=0 message=!V TRIAL_VAR sequence_group 4
2026-06-12T16:54:39.044+08:00 MARKER sdk=1 host=1 enabled=1 sent=1 result=0 message=!V TRIAL_VAR sequence_index 1
2026-06-12T16:54:39.044+08:00 MARKER sdk=1 host=1 enabled=1 sent=1 result=0 message=EVENT EXP2_LOADING_START trial_id=Exp2_001 rel=893.538391 unix=1781254479066 bjt=2026-06-12T16:54:39.065+08:00 condition=E4_FIXED_NONPROGRESSIVE
2026-06-12T16:54:51.038+08:00 MARKER sdk=1 host=1 enabled=1 sent=1 result=0 message=EVENT EXP2_OBJECT_STAGE_CHANGED trial_id=Exp2_001 rel=905.536194 unix=1781254491064 bjt=2026-06-12T16:54:51.063+08:00 condition=E4_FIXED_NONPROGRESSIVE object_index=1 previous_stage=0 new_stage=3 progress=1.000000 object_stages=1:3|2:0|3:0|
2026-06-12T16:54:51.039+08:00 MARKER sdk=1 host=1 enabled=1 sent=1 result=0 message=EVENT EXP2_STAGE_3_START trial_id=Exp2_001 rel=905.536194 unix=1781254491064 bjt=2026-06-12T16:54:51.063+08:00 condition=E4_FIXED_NONPROGRESSIVE stage=3 first_object_index=1 progress=1.000000 object_stages=1:3|2:0|3:0|4:0
2026-06-12T16:54:51.040+08:00 MARKER sdk=1 host=1 enabled=1 sent=1 result=0 message=EVENT EXP2_OBJECT_STAGE_CHANGED trial_id=Exp2_001 rel=905.536194 unix=1781254491064 bjt=2026-06-12T16:54:51.063+08:00 condition=E4_FIXED_NONPROGRESSIVE object_index=2 previous_stage=0 new_stage=3 progress=1.000000 object_stages=1:3|2:3|3:0|
2026-06-12T16:54:51.040+08:00 MARKER sdk=1 host=1 enabled=1 sent=1 result=0 message=EVENT EXP2_OBJECT_STAGE_CHANGED trial_id=Exp2_001 rel=905.536194 unix=1781254491064 bjt=2026-06-12T16:54:51.063+08:00 condition=E4_FIXED_NONPROGRESSIVE object_index=3 previous_stage=0 new_stage=3 progress=1.000000 object_stages=1:3|2:3|3:3|
2026-06-12T16:54:51.041+08:00 MARKER sdk=1 host=1 enabled=1 sent=1 result=0 message=EVENT EXP2_OBJECT_STAGE_CHANGED trial_id=Exp2_001 rel=905.536194 unix=1781254491064 bjt=2026-06-12T16:54:51.063+08:00 condition=E4_FIXED_NONPROGRESSIVE object_index=4 previous_stage=0 new_stage=3 progress=1.000000 object_stages=1:3|2:3|3:3|
2026-06-12T16:54:51.042+08:00 MARKER sdk=1 host=1 enabled=1 sent=1 result=0 message=EVENT EXP2_LOADING_COMPLETE trial_id=Exp2_001 rel=905.536194 unix=1781254491064 bjt=2026-06-12T16:54:51.063+08:00 condition=E4_FIXED_NONPROGRESSIVE
2026-06-12T16:54:59.756+08:00 MARKER sdk=1 host=1 enabled=1 sent=1 result=0 message=EVENT EXP2_PENDING_SELECTION trial_id=Exp2_001 rel=914.255432 unix=1781254499783 bjt=2026-06-12T16:54:59.782+08:00 condition=E4_FIXED_NONPROGRESSIVE selected=4 selected_content=1 changes=1
2026-06-12T16:55:08.142+08:00 MARKER sdk=1 host=1 enabled=1 sent=1 result=0 message=EVENT EXP2_SUBMIT_SELECTION trial_id=Exp2_001 rel=922.639832 unix=1781254508167 bjt=2026-06-12T16:55:08.167+08:00 condition=E4_FIXED_NONPROGRESSIVE selected=4 selected_content=1 correct=1
2026-06-12T16:55:08.144+08:00 MARKER sdk=1 host=1 enabled=1 sent=1 result=0 message=TRIAL_RESULT Exp2_001 selected=4 correct=1
2026-06-12T16:56:13.764+08:00 MARKER sdk=1 host=1 enabled=1 sent=1 result=0 message=TRIALID Exp2_002
2026-06-12T16:56:13.764+08:00 MARKER sdk=1 host=1 enabled=1 sent=1 result=0 message=!V TRIAL_VAR participant A014
2026-06-12T16:56:13.764+08:00 MARKER sdk=1 host=1 enabled=1 sent=1 result=0 message=!V TRIAL_VAR experiment EXP2
2026-06-12T16:56:13.764+08:00 MARKER sdk=1 host=1 enabled=1 sent=1 result=0 message=!V TRIAL_VAR condition E1_SPATIAL_PROGRESSIVE
2026-06-12T16:56:13.765+08:00 MARKER sdk=1 host=1 enabled=1 sent=1 result=0 message=!V TRIAL_VAR spatial_continuity 1
2026-06-12T16:56:13.765+08:00 MARKER sdk=1 host=1 enabled=1 sent=1 result=0 message=!V TRIAL_VAR progressive_availability 1
2026-06-12T16:56:13.765+08:00 MARKER sdk=1 host=1 enabled=1 sent=1 result=0 message=!V TRIAL_VAR target_index 2
2026-06-12T16:56:13.765+08:00 MARKER sdk=1 host=1 enabled=1 sent=1 result=0 message=!V TRIAL_VAR target_display_index 2
2026-06-12T16:56:13.765+08:00 MARKER sdk=1 host=1 enabled=1 sent=1 result=0 message=!V TRIAL_VAR target_content_index 3
2026-06-12T16:56:13.765+08:00 MARKER sdk=1 host=1 enabled=1 sent=1 result=0 message=!V TRIAL_VAR target_label 脖子
2026-06-12T16:56:13.765+08:00 MARKER sdk=1 host=1 enabled=1 sent=1 result=0 message=!V TRIAL_VAR slot_permutation 1:4|2:3|3:1|4:2
2026-06-12T16:56:13.765+08:00 MARKER sdk=1 host=1 enabled=1 sent=1 result=0 message=!V TRIAL_VAR sequence_group 4
2026-06-12T16:56:13.766+08:00 MARKER sdk=1 host=1 enabled=1 sent=1 result=0 message=!V TRIAL_VAR sequence_index 2
2026-06-12T16:56:13.766+08:00 MARKER sdk=1 host=1 enabled=1 sent=1 result=0 message=EVENT EXP2_LOADING_START trial_id=Exp2_002 rel=988.192810 unix=1781254573720 bjt=2026-06-12T16:56:13.720+08:00 condition=E1_SPATIAL_PROGRESSIVE
2026-06-12T16:56:17.745+08:00 MARKER sdk=1 host=1 enabled=1 sent=1 result=0 message=EVENT EXP2_OBJECT_STAGE_CHANGED trial_id=Exp2_002 rel=992.174683 unix=1781254577702 bjt=2026-06-12T16:56:17.702+08:00 condition=E1_SPATIAL_PROGRESSIVE object_index=1 previous_stage=0 new_stage=1 progress=0.333640 object_stages=1:1|2:0|3:0|4
2026-06-12T16:56:17.746+08:00 MARKER sdk=1 host=1 enabled=1 sent=1 result=0 message=EVENT EXP2_STAGE_1_START trial_id=Exp2_002 rel=992.174683 unix=1781254577702 bjt=2026-06-12T16:56:17.702+08:00 condition=E1_SPATIAL_PROGRESSIVE stage=1 first_object_index=1 progress=0.333640 object_stages=1:1|2:0|3:0|4:0
2026-06-12T16:56:17.746+08:00 MARKER sdk=1 host=1 enabled=1 sent=1 result=0 message=EVENT EXP2_OBJECT_STAGE_CHANGED trial_id=Exp2_002 rel=992.174683 unix=1781254577702 bjt=2026-06-12T16:56:17.702+08:00 condition=E1_SPATIAL_PROGRESSIVE object_index=2 previous_stage=0 new_stage=1 progress=0.333640 object_stages=1:1|2:1|3:0|4
2026-06-12T16:56:17.747+08:00 MARKER sdk=1 host=1 enabled=1 sent=1 result=0 message=EVENT EXP2_OBJECT_STAGE_CHANGED trial_id=Exp2_002 rel=992.174683 unix=1781254577702 bjt=2026-06-12T16:56:17.702+08:00 condition=E1_SPATIAL_PROGRESSIVE object_index=3 previous_stage=0 new_stage=1 progress=0.333640 object_stages=1:1|2:1|3:1|4
2026-06-12T16:56:17.747+08:00 MARKER sdk=1 host=1 enabled=1 sent=1 result=0 message=EVENT EXP2_OBJECT_STAGE_CHANGED trial_id=Exp2_002 rel=992.174683 unix=1781254577702 bjt=2026-06-12T16:56:17.702+08:00 condition=E1_SPATIAL_PROGRESSIVE object_index=4 previous_stage=0 new_stage=1 progress=0.333640 object_stages=1:1|2:1|3:1|4
2026-06-12T16:56:19.751+08:00 MARKER sdk=1 host=1 enabled=1 sent=1 result=0 message=EVENT EXP2_OBJECT_STAGE_CHANGED trial_id=Exp2_002 rel=994.180664 unix=1781254579708 bjt=2026-06-12T16:56:19.708+08:00 condition=E1_SPATIAL_PROGRESSIVE object_index=1 previous_stage=1 new_stage=2 progress=0.500808 object_stages=1:2|2:1|3:1|4
2026-06-12T16:56:19.752+08:00 MARKER sdk=1 host=1 enabled=1 sent=1 result=0 message=EVENT EXP2_STAGE_2_START trial_id=Exp2_002 rel=994.180664 unix=1781254579708 bjt=2026-06-12T16:56:19.708+08:00 condition=E1_SPATIAL_PROGRESSIVE stage=2 first_object_index=1 progress=0.500808 object_stages=1:2|2:1|3:1|4:1
2026-06-12T16:56:19.752+08:00 MARKER sdk=1 host=1 enabled=1 sent=1 result=0 message=EVENT EXP2_OBJECT_STAGE_CHANGED trial_id=Exp2_002 rel=994.180664 unix=1781254579708 bjt=2026-06-12T16:56:19.708+08:00 condition=E1_SPATIAL_PROGRESSIVE object_index=2 previous_stage=1 new_stage=2 progress=0.500808 object_stages=1:2|2:2|3:1|4
2026-06-12T16:56:19.753+08:00 MARKER sdk=1 host=1 enabled=1 sent=1 result=0 message=EVENT EXP2_PROGRESSIVE_USABLE trial_id=Exp2_002 rel=994.180664 unix=1781254579708 bjt=2026-06-12T16:56:19.708+08:00 condition=E1_SPATIAL_PROGRESSIVE target_display_index=2 target_content_index=3 target_label=脖子 stage=2 progress=0.500808
2026-06-12T16:56:19.753+08:00 MARKER sdk=1 host=1 enabled=1 sent=1 result=0 message=EVENT EXP2_OBJECT_STAGE_CHANGED trial_id=Exp2_002 rel=994.180664 unix=1781254579708 bjt=2026-06-12T16:56:19.708+08:00 condition=E1_SPATIAL_PROGRESSIVE object_index=3 previous_stage=1 new_stage=2 progress=0.500808 object_stages=1:2|2:2|3:2|4
2026-06-12T16:56:19.753+08:00 MARKER sdk=1 host=1 enabled=1 sent=1 result=0 message=EVENT EXP2_OBJECT_STAGE_CHANGED trial_id=Exp2_002 rel=994.180664 unix=1781254579708 bjt=2026-06-12T16:56:19.708+08:00 condition=E1_SPATIAL_PROGRESSIVE object_index=4 previous_stage=1 new_stage=2 progress=0.500808 object_stages=1:2|2:2|3:2|4
2026-06-12T16:56:22.642+08:00 MARKER sdk=1 host=1 enabled=1 sent=1 result=0 message=EVENT EXP2_PREJUDGE trial_id=Exp2_002 rel=997.071594 unix=1781254582599 bjt=2026-06-12T16:56:22.599+08:00 condition=E1_SPATIAL_PROGRESSIVE selected=2 correct=1 confidence=-1 selected_content=3
2026-06-12T16:56:25.757+08:00 MARKER sdk=1 host=1 enabled=1 sent=1 result=0 message=EVENT EXP2_OBJECT_STAGE_CHANGED trial_id=Exp2_002 rel=1000.186157 unix=1781254585714 bjt=2026-06-12T16:56:25.713+08:00 condition=E1_SPATIAL_PROGRESSIVE object_index=1 previous_stage=2 new_stage=3 progress=1.000000 object_stages=1:3|2:2|3:2|
2026-06-12T16:56:25.758+08:00 MARKER sdk=1 host=1 enabled=1 sent=1 result=0 message=EVENT EXP2_STAGE_3_START trial_id=Exp2_002 rel=1000.186157 unix=1781254585714 bjt=2026-06-12T16:56:25.713+08:00 condition=E1_SPATIAL_PROGRESSIVE stage=3 first_object_index=1 progress=1.000000 object_stages=1:3|2:2|3:2|4:2
2026-06-12T16:56:25.758+08:00 MARKER sdk=1 host=1 enabled=1 sent=1 result=0 message=EVENT EXP2_OBJECT_STAGE_CHANGED trial_id=Exp2_002 rel=1000.186157 unix=1781254585714 bjt=2026-06-12T16:56:25.713+08:00 condition=E1_SPATIAL_PROGRESSIVE object_index=2 previous_stage=2 new_stage=3 progress=1.000000 object_stages=1:3|2:3|3:2|
2026-06-12T16:56:25.758+08:00 MARKER sdk=1 host=1 enabled=1 sent=1 result=0 message=EVENT EXP2_OBJECT_STAGE_CHANGED trial_id=Exp2_002 rel=1000.186157 unix=1781254585714 bjt=2026-06-12T16:56:25.713+08:00 condition=E1_SPATIAL_PROGRESSIVE object_index=3 previous_stage=2 new_stage=3 progress=1.000000 object_stages=1:3|2:3|3:3|
2026-06-12T16:56:25.759+08:00 MARKER sdk=1 host=1 enabled=1 sent=1 result=0 message=EVENT EXP2_OBJECT_STAGE_CHANGED trial_id=Exp2_002 rel=1000.186157 unix=1781254585714 bjt=2026-06-12T16:56:25.713+08:00 condition=E1_SPATIAL_PROGRESSIVE object_index=4 previous_stage=2 new_stage=3 progress=1.000000 object_stages=1:3|2:3|3:3|
2026-06-12T16:56:25.759+08:00 MARKER sdk=1 host=1 enabled=1 sent=1 result=0 message=EVENT EXP2_LOADING_COMPLETE trial_id=Exp2_002 rel=1000.186157 unix=1781254585714 bjt=2026-06-12T16:56:25.713+08:00 condition=E1_SPATIAL_PROGRESSIVE
2026-06-12T16:56:27.527+08:00 MARKER sdk=1 host=1 enabled=1 sent=1 result=0 message=EVENT EXP2_PENDING_SELECTION trial_id=Exp2_002 rel=1001.956482 unix=1781254587484 bjt=2026-06-12T16:56:27.484+08:00 condition=E1_SPATIAL_PROGRESSIVE selected=2 selected_content=3 changes=1
2026-06-12T16:56:30.560+08:00 MARKER sdk=1 host=1 enabled=1 sent=1 result=0 message=EVENT EXP2_SUBMIT_SELECTION trial_id=Exp2_002 rel=1004.988770 unix=1781254590516 bjt=2026-06-12T16:56:30.516+08:00 condition=E1_SPATIAL_PROGRESSIVE selected=2 selected_content=3 correct=1
2026-06-12T16:56:30.562+08:00 MARKER sdk=1 host=1 enabled=1 sent=1 result=0 message=TRIAL_RESULT Exp2_002 selected=2 correct=1
2026-06-12T16:57:16.820+08:00 MARKER sdk=1 host=1 enabled=1 sent=1 result=0 message=TRIALID Exp2_003
2026-06-12T16:57:16.820+08:00 MARKER sdk=1 host=1 enabled=1 sent=1 result=0 message=!V TRIAL_VAR participant A014
2026-06-12T16:57:16.820+08:00 MARKER sdk=1 host=1 enabled=1 sent=1 result=0 message=!V TRIAL_VAR experiment EXP2
2026-06-12T16:57:16.821+08:00 MARKER sdk=1 host=1 enabled=1 sent=1 result=0 message=!V TRIAL_VAR condition E3_SPATIAL_NONPROGRESSIVE
2026-06-12T16:57:16.821+08:00 MARKER sdk=1 host=1 enabled=1 sent=1 result=0 message=!V TRIAL_VAR spatial_continuity 1
2026-06-12T16:57:16.821+08:00 MARKER sdk=1 host=1 enabled=1 sent=1 result=0 message=!V TRIAL_VAR progressive_availability 0
2026-06-12T16:57:16.821+08:00 MARKER sdk=1 host=1 enabled=1 sent=1 result=0 message=!V TRIAL_VAR target_index 3
2026-06-12T16:57:16.821+08:00 MARKER sdk=1 host=1 enabled=1 sent=1 result=0 message=!V TRIAL_VAR target_display_index 3
2026-06-12T16:57:16.821+08:00 MARKER sdk=1 host=1 enabled=1 sent=1 result=0 message=!V TRIAL_VAR target_content_index 2
2026-06-12T16:57:16.821+08:00 MARKER sdk=1 host=1 enabled=1 sent=1 result=0 message=!V TRIAL_VAR target_label 右脸
2026-06-12T16:57:16.821+08:00 MARKER sdk=1 host=1 enabled=1 sent=1 result=0 message=!V TRIAL_VAR slot_permutation 1:3|2:4|3:2|4:1
2026-06-12T16:57:16.821+08:00 MARKER sdk=1 host=1 enabled=1 sent=1 result=0 message=!V TRIAL_VAR sequence_group 4
2026-06-12T16:57:16.822+08:00 MARKER sdk=1 host=1 enabled=1 sent=1 result=0 message=!V TRIAL_VAR sequence_index 3
2026-06-12T16:57:16.822+08:00 MARKER sdk=1 host=1 enabled=1 sent=1 result=0 message=EVENT EXP2_LOADING_START trial_id=Exp2_003 rel=1051.249268 unix=1781254636777 bjt=2026-06-12T16:57:16.776+08:00 condition=E3_SPATIAL_NONPROGRESSIVE
2026-06-12T16:57:28.817+08:00 MARKER sdk=1 host=1 enabled=1 sent=1 result=0 message=EVENT EXP2_OBJECT_STAGE_CHANGED trial_id=Exp2_003 rel=1063.246948 unix=1781254648774 bjt=2026-06-12T16:57:28.774+08:00 condition=E3_SPATIAL_NONPROGRESSIVE object_index=1 previous_stage=0 new_stage=3 progress=1.000000 object_stages=1:3|2:0|3
2026-06-12T16:57:28.818+08:00 MARKER sdk=1 host=1 enabled=1 sent=1 result=0 message=EVENT EXP2_STAGE_3_START trial_id=Exp2_003 rel=1063.246948 unix=1781254648774 bjt=2026-06-12T16:57:28.774+08:00 condition=E3_SPATIAL_NONPROGRESSIVE stage=3 first_object_index=1 progress=1.000000 object_stages=1:3|2:0|3:0|4:0
2026-06-12T16:57:28.818+08:00 MARKER sdk=1 host=1 enabled=1 sent=1 result=0 message=EVENT EXP2_OBJECT_STAGE_CHANGED trial_id=Exp2_003 rel=1063.246948 unix=1781254648774 bjt=2026-06-12T16:57:28.774+08:00 condition=E3_SPATIAL_NONPROGRESSIVE object_index=2 previous_stage=0 new_stage=3 progress=1.000000 object_stages=1:3|2:3|3
2026-06-12T16:57:28.819+08:00 MARKER sdk=1 host=1 enabled=1 sent=1 result=0 message=EVENT EXP2_OBJECT_STAGE_CHANGED trial_id=Exp2_003 rel=1063.246948 unix=1781254648774 bjt=2026-06-12T16:57:28.774+08:00 condition=E3_SPATIAL_NONPROGRESSIVE object_index=3 previous_stage=0 new_stage=3 progress=1.000000 object_stages=1:3|2:3|3
2026-06-12T16:57:28.819+08:00 MARKER sdk=1 host=1 enabled=1 sent=1 result=0 message=EVENT EXP2_OBJECT_STAGE_CHANGED trial_id=Exp2_003 rel=1063.246948 unix=1781254648774 bjt=2026-06-12T16:57:28.774+08:00 condition=E3_SPATIAL_NONPROGRESSIVE object_index=4 previous_stage=0 new_stage=3 progress=1.000000 object_stages=1:3|2:3|3
2026-06-12T16:57:28.820+08:00 MARKER sdk=1 host=1 enabled=1 sent=1 result=0 message=EVENT EXP2_LOADING_COMPLETE trial_id=Exp2_003 rel=1063.246948 unix=1781254648774 bjt=2026-06-12T16:57:28.774+08:00 condition=E3_SPATIAL_NONPROGRESSIVE
2026-06-12T16:57:33.563+08:00 MARKER sdk=1 host=1 enabled=1 sent=1 result=0 message=EVENT EXP2_PENDING_SELECTION trial_id=Exp2_003 rel=1067.992432 unix=1781254653520 bjt=2026-06-12T16:57:33.519+08:00 condition=E3_SPATIAL_NONPROGRESSIVE selected=3 selected_content=2 changes=1
2026-06-12T16:57:39.458+08:00 MARKER sdk=1 host=1 enabled=1 sent=1 result=0 message=EVENT EXP2_SUBMIT_SELECTION trial_id=Exp2_003 rel=1073.887573 unix=1781254659415 bjt=2026-06-12T16:57:39.415+08:00 condition=E3_SPATIAL_NONPROGRESSIVE selected=3 selected_content=2 correct=1
2026-06-12T16:57:39.459+08:00 MARKER sdk=1 host=1 enabled=1 sent=1 result=0 message=TRIAL_RESULT Exp2_003 selected=3 correct=1
2026-06-12T16:58:37.020+08:00 MARKER sdk=1 host=1 enabled=1 sent=1 result=0 message=TRIALID Exp2_004
2026-06-12T16:58:37.021+08:00 MARKER sdk=1 host=1 enabled=1 sent=1 result=0 message=!V TRIAL_VAR participant A014
2026-06-12T16:58:37.021+08:00 MARKER sdk=1 host=1 enabled=1 sent=1 result=0 message=!V TRIAL_VAR experiment EXP2
2026-06-12T16:58:37.021+08:00 MARKER sdk=1 host=1 enabled=1 sent=1 result=0 message=!V TRIAL_VAR condition E2_FIXED_PROGRESSIVE
2026-06-12T16:58:37.021+08:00 MARKER sdk=1 host=1 enabled=1 sent=1 result=0 message=!V TRIAL_VAR spatial_continuity 0
2026-06-12T16:58:37.022+08:00 MARKER sdk=1 host=1 enabled=1 sent=1 result=0 message=!V TRIAL_VAR progressive_availability 1
2026-06-12T16:58:37.022+08:00 MARKER sdk=1 host=1 enabled=1 sent=1 result=0 message=!V TRIAL_VAR target_index 1
2026-06-12T16:58:37.022+08:00 MARKER sdk=1 host=1 enabled=1 sent=1 result=0 message=!V TRIAL_VAR target_display_index 1
2026-06-12T16:58:37.022+08:00 MARKER sdk=1 host=1 enabled=1 sent=1 result=0 message=!V TRIAL_VAR target_content_index 4
2026-06-12T16:58:37.022+08:00 MARKER sdk=1 host=1 enabled=1 sent=1 result=0 message=!V TRIAL_VAR target_label 头顶
2026-06-12T16:58:37.022+08:00 MARKER sdk=1 host=1 enabled=1 sent=1 result=0 message=!V TRIAL_VAR slot_permutation 1:4|2:1|3:2|4:3
2026-06-12T16:58:37.022+08:00 MARKER sdk=1 host=1 enabled=1 sent=1 result=0 message=!V TRIAL_VAR sequence_group 4
2026-06-12T16:58:37.022+08:00 MARKER sdk=1 host=1 enabled=1 sent=1 result=0 message=!V TRIAL_VAR sequence_index 4
2026-06-12T16:58:37.022+08:00 MARKER sdk=1 host=1 enabled=1 sent=1 result=0 message=EVENT EXP2_LOADING_START trial_id=Exp2_004 rel=1131.449463 unix=1781254716977 bjt=2026-06-12T16:58:36.976+08:00 condition=E2_FIXED_PROGRESSIVE
2026-06-12T16:58:41.005+08:00 MARKER sdk=1 host=1 enabled=1 sent=1 result=0 message=EVENT EXP2_OBJECT_STAGE_CHANGED trial_id=Exp2_004 rel=1135.433838 unix=1781254720961 bjt=2026-06-12T16:58:40.961+08:00 condition=E2_FIXED_PROGRESSIVE object_index=1 previous_stage=0 new_stage=1 progress=0.333419 object_stages=1:1|2:0|3:0|4:
2026-06-12T16:58:41.007+08:00 MARKER sdk=1 host=1 enabled=1 sent=1 result=0 message=EVENT EXP2_STAGE_1_START trial_id=Exp2_004 rel=1135.433838 unix=1781254720961 bjt=2026-06-12T16:58:40.961+08:00 condition=E2_FIXED_PROGRESSIVE stage=1 first_object_index=1 progress=0.333419 object_stages=1:1|2:0|3:0|4:0
2026-06-12T16:58:41.008+08:00 MARKER sdk=1 host=1 enabled=1 sent=1 result=0 message=EVENT EXP2_OBJECT_STAGE_CHANGED trial_id=Exp2_004 rel=1135.433838 unix=1781254720961 bjt=2026-06-12T16:58:40.961+08:00 condition=E2_FIXED_PROGRESSIVE object_index=2 previous_stage=0 new_stage=1 progress=0.333419 object_stages=1:1|2:1|3:0|4:
2026-06-12T16:58:41.009+08:00 MARKER sdk=1 host=1 enabled=1 sent=1 result=0 message=EVENT EXP2_OBJECT_STAGE_CHANGED trial_id=Exp2_004 rel=1135.433838 unix=1781254720961 bjt=2026-06-12T16:58:40.961+08:00 condition=E2_FIXED_PROGRESSIVE object_index=3 previous_stage=0 new_stage=1 progress=0.333419 object_stages=1:1|2:1|3:1|4:
2026-06-12T16:58:41.009+08:00 MARKER sdk=1 host=1 enabled=1 sent=1 result=0 message=EVENT EXP2_OBJECT_STAGE_CHANGED trial_id=Exp2_004 rel=1135.433838 unix=1781254720961 bjt=2026-06-12T16:58:40.961+08:00 condition=E2_FIXED_PROGRESSIVE object_index=4 previous_stage=0 new_stage=1 progress=0.333419 object_stages=1:1|2:1|3:1|4:
2026-06-12T16:58:43.020+08:00 MARKER sdk=1 host=1 enabled=1 sent=1 result=0 message=EVENT EXP2_OBJECT_STAGE_CHANGED trial_id=Exp2_004 rel=1137.449097 unix=1781254722977 bjt=2026-06-12T16:58:42.976+08:00 condition=E2_FIXED_PROGRESSIVE object_index=1 previous_stage=1 new_stage=2 progress=0.501356 object_stages=1:2|2:1|3:1|4:
2026-06-12T16:58:43.021+08:00 MARKER sdk=1 host=1 enabled=1 sent=1 result=0 message=EVENT EXP2_STAGE_2_START trial_id=Exp2_004 rel=1137.449097 unix=1781254722977 bjt=2026-06-12T16:58:42.976+08:00 condition=E2_FIXED_PROGRESSIVE stage=2 first_object_index=1 progress=0.501356 object_stages=1:2|2:1|3:1|4:1
2026-06-12T16:58:43.021+08:00 MARKER sdk=1 host=1 enabled=1 sent=1 result=0 message=EVENT EXP2_PROGRESSIVE_USABLE trial_id=Exp2_004 rel=1137.449097 unix=1781254722977 bjt=2026-06-12T16:58:42.976+08:00 condition=E2_FIXED_PROGRESSIVE target_display_index=1 target_content_index=4 target_label=头顶 stage=2 progress=0.501356
2026-06-12T16:58:43.022+08:00 MARKER sdk=1 host=1 enabled=1 sent=1 result=0 message=EVENT EXP2_OBJECT_STAGE_CHANGED trial_id=Exp2_004 rel=1137.449097 unix=1781254722977 bjt=2026-06-12T16:58:42.976+08:00 condition=E2_FIXED_PROGRESSIVE object_index=2 previous_stage=1 new_stage=2 progress=0.501356 object_stages=1:2|2:2|3:1|4:
2026-06-12T16:58:43.023+08:00 MARKER sdk=1 host=1 enabled=1 sent=1 result=0 message=EVENT EXP2_OBJECT_STAGE_CHANGED trial_id=Exp2_004 rel=1137.449097 unix=1781254722977 bjt=2026-06-12T16:58:42.976+08:00 condition=E2_FIXED_PROGRESSIVE object_index=3 previous_stage=1 new_stage=2 progress=0.501356 object_stages=1:2|2:2|3:2|4:
2026-06-12T16:58:43.024+08:00 MARKER sdk=1 host=1 enabled=1 sent=1 result=0 message=EVENT EXP2_OBJECT_STAGE_CHANGED trial_id=Exp2_004 rel=1137.449097 unix=1781254722977 bjt=2026-06-12T16:58:42.976+08:00 condition=E2_FIXED_PROGRESSIVE object_index=4 previous_stage=1 new_stage=2 progress=0.501356 object_stages=1:2|2:2|3:2|4:
2026-06-12T16:58:49.007+08:00 MARKER sdk=1 host=1 enabled=1 sent=1 result=0 message=EVENT EXP2_OBJECT_STAGE_CHANGED trial_id=Exp2_004 rel=1143.436768 unix=1781254728964 bjt=2026-06-12T16:58:48.964+08:00 condition=E2_FIXED_PROGRESSIVE object_index=1 previous_stage=2 new_stage=3 progress=1.000000 object_stages=1:3|2:2|3:2|4:
2026-06-12T16:58:49.008+08:00 MARKER sdk=1 host=1 enabled=1 sent=1 result=0 message=EVENT EXP2_STAGE_3_START trial_id=Exp2_004 rel=1143.436768 unix=1781254728964 bjt=2026-06-12T16:58:48.964+08:00 condition=E2_FIXED_PROGRESSIVE stage=3 first_object_index=1 progress=1.000000 object_stages=1:3|2:2|3:2|4:2
2026-06-12T16:58:49.008+08:00 MARKER sdk=1 host=1 enabled=1 sent=1 result=0 message=EVENT EXP2_OBJECT_STAGE_CHANGED trial_id=Exp2_004 rel=1143.436768 unix=1781254728964 bjt=2026-06-12T16:58:48.964+08:00 condition=E2_FIXED_PROGRESSIVE object_index=2 previous_stage=2 new_stage=3 progress=1.000000 object_stages=1:3|2:3|3:2|4:
2026-06-12T16:58:49.009+08:00 MARKER sdk=1 host=1 enabled=1 sent=1 result=0 message=EVENT EXP2_OBJECT_STAGE_CHANGED trial_id=Exp2_004 rel=1143.436768 unix=1781254728964 bjt=2026-06-12T16:58:48.964+08:00 condition=E2_FIXED_PROGRESSIVE object_index=3 previous_stage=2 new_stage=3 progress=1.000000 object_stages=1:3|2:3|3:3|4:
2026-06-12T16:58:49.009+08:00 MARKER sdk=1 host=1 enabled=1 sent=1 result=0 message=EVENT EXP2_OBJECT_STAGE_CHANGED trial_id=Exp2_004 rel=1143.436768 unix=1781254728964 bjt=2026-06-12T16:58:48.964+08:00 condition=E2_FIXED_PROGRESSIVE object_index=4 previous_stage=2 new_stage=3 progress=1.000000 object_stages=1:3|2:3|3:3|4:
2026-06-12T16:58:49.010+08:00 MARKER sdk=1 host=1 enabled=1 sent=1 result=0 message=EVENT EXP2_LOADING_COMPLETE trial_id=Exp2_004 rel=1143.436768 unix=1781254728964 bjt=2026-06-12T16:58:48.964+08:00 condition=E2_FIXED_PROGRESSIVE
2026-06-12T16:58:50.346+08:00 MARKER sdk=1 host=1 enabled=1 sent=1 result=0 message=EVENT EXP2_PENDING_SELECTION trial_id=Exp2_004 rel=1144.774536 unix=1781254730302 bjt=2026-06-12T16:58:50.302+08:00 condition=E2_FIXED_PROGRESSIVE selected=1 selected_content=4 changes=1
2026-06-12T16:58:55.475+08:00 MARKER sdk=1 host=1 enabled=1 sent=1 result=0 message=EVENT EXP2_SUBMIT_SELECTION trial_id=Exp2_004 rel=1149.904419 unix=1781254735432 bjt=2026-06-12T16:58:55.431+08:00 condition=E2_FIXED_PROGRESSIVE selected=1 selected_content=4 correct=1
2026-06-12T16:58:55.476+08:00 MARKER sdk=1 host=1 enabled=1 sent=1 result=0 message=TRIAL_RESULT Exp2_004 selected=1 correct=1
2026-06-12T16:59:45.199+08:00 MARKER sdk=1 host=1 enabled=1 sent=1 result=0 message=EVENT EXPERIMENT_END_SCREEN_SHOWN participant=A014 unix=1781254785199 bjt=2026-06-12_16:59:45.199
2026-06-12T16:59:45.200+08:00 FORMAL_RECORDING step=FINISH_REQUESTED success=1 reason=experiment_end_door edf=FM163935.EDF recording=1 opened=1
2026-06-12T16:59:45.201+08:00 MARKER sdk=1 host=1 enabled=1 sent=1 result=0 message=FORMAL_RECORDING_END participant=A014 rel=1199.627 unix=1781254785200 bjt=2026-06-12T16:59:45.200+08:00 edf=FM163935.EDF source=ue_formal reason=experiment_end_door
2026-06-12T16:59:45.307+08:00 FORMAL_RECORDING step=RECORDING_STOPPED success=1 result=0
2026-06-12T16:59:45.308+08:00 FORMAL_RECORDING step=EDF_CLOSED success=1 edf=FM163935.EDF result=0
2026-06-12T16:59:47.488+08:00 EDF_RECEIVE_ATTEMPT source_tag=formal attempt=full_path source=FM163935.EDF dest=../../../../../../Project/UE5/Gallery/Saved/ExperimentData/EDF/FM163935.EDF dest_is_path=0 result=59510724 exists=1 size=59510724
2026-06-12T16:59:47.488+08:00 FORMAL_RECORDING step=EDF_RECEIVED_TO_DPC success=1 edf=FM163935.EDF local=../../../../../../Project/UE5/Gallery/Saved/ExperimentData/EDF/FM163935.EDF result=59510724 size=59510724
2026-06-12T16:59:47.488+08:00 FORMAL_RECORDING step=FINISHED success=1 reason=experiment_end_door edf=FM163935.EDF local=../../../../../../Project/UE5/Gallery/Saved/ExperimentData/EDF/FM163935.EDF
