2026-06-13T14:30:00.674+08:00 STATUS start_ui_status sdk=connected host=not_connected log=
2026-06-13T14:31:13.637+08:00 FORMAL_RECORDING step=EDF_OPEN_REQUESTED success=1 participant=A026 edf=FM143113.EDF source=calibration_button
2026-06-13T14:31:13.638+08:00 CONNECT method=open_eyelink_connection ip=100.1.1.1
2026-06-13T14:31:13.686+08:00 CONNECT_RESULT method=open_eyelink_connection result=0 connected=1
2026-06-13T14:31:13.686+08:00 STATUS host_connected=1 sdk_available=1 note=connection_opened_high_level
2026-06-13T14:31:13.686+08:00 FORMAL_RECORDING step=HOST_CONNECTED success=1 sdk=1 host=1 source=calibration_button
2026-06-13T14:31:13.705+08:00 FORMAL_RECORDING step=EDF_OPENED success=1 edf=FM143113.EDF result=0 source=calibration_button
2026-06-13T14:31:13.749+08:00 FORMAL_EDF_MARKER sdk=1 host=1 opened=1 sent=1 message=FORMAL_EDF_OPENED participant=A026 rel=73.148 unix=1781332273749 bjt=2026-06-13T14:31:13.749+08:00 edf=FM143113.EDF source=ue_formal open_result=0 source_tag=calibration_button
2026-06-13T14:31:13.750+08:00 FORMAL_EDF_MARKER sdk=1 host=1 opened=1 sent=1 message=FORMAL_SESSION_PREPARED participant=A026 rel=73.148 unix=1781332273750 bjt=2026-06-13T14:31:13.750+08:00 edf=FM143113.EDF source=ue_formal calibration_complete=0
2026-06-13T14:31:13.750+08:00 FORMAL_EDF_MARKER sdk=1 host=1 opened=1 sent=1 message=CALIBRATION_REQUESTED participant=A026 rel=73.148 unix=1781332273750 bjt=2026-06-13T14:31:13.750+08:00 edf=FM143113.EDF source=ue_formal open_result=0
2026-06-13T14:31:13.750+08:00 CALIBRATION step=REQUESTED success=1 note=run_eyelink_tracker_setup
2026-06-13T14:31:13.750+08:00 CALIBRATION step=HOST_CONNECTED success=1 sdk=1 host=1 graphics=1
2026-06-13T14:31:13.756+08:00 CALIBRATION_DISPLAY_INIT success=1 result=0 error=
2026-06-13T14:31:13.756+08:00 CALIBRATION_DISPLAY_LIST count=2 requested_index=1 explicit=1
2026-06-13T14:31:13.756+08:00 CALIBRATION_DISPLAY index=0 name=Dell XPS 15 SDC414D Display bounds_result=0 x=0 y=0 w=1920 h=1080 mode_result=0 mode_w=1920 mode_h=1080 refresh=60
2026-06-13T14:31:13.756+08:00 CALIBRATION_DISPLAY index=1 name=Acer GR235H bounds_result=0 x=0 y=-1080 w=1920 h=1080 mode_result=0 mode_w=1920 mode_h=1080 refresh=60
2026-06-13T14:31:13.872+08:00 CALIBRATION step=GRAPHICS_INITIALIZED success=1 result=0 explicit_request=1 display_index=1 window_ptr=000001D094022698 width=1920 height=1080 bits=32 refresh=60.00
2026-06-13T14:31:13.890+08:00 CALIBRATION step=REGISTERED_WINDOW_MOVED success=1 requested_display=1 actual_display=1 requested_x=0 requested_y=-1080 requested_w=1920 requested_h=1080 actual_x=0 actual_y=-1080 actual_w=1920 actual_h=1080
2026-06-13T14:31:13.904+08:00 FORMAL_EDF_MARKER sdk=1 host=1 opened=1 sent=1 message=CALIBRATION_SETUP_START participant=A026 rel=73.148 unix=1781332273904 bjt=2026-06-13T14:31:13.904+08:00 edf=FM143113.EDF source=ue_formal calibration_type=HV9 width=1920 height=1080
2026-06-13T14:31:13.905+08:00 CALIBRATION step=TRACKER_SETUP_BEGIN success=1 detail=call_do_tracker_setup
2026-06-13T14:32:09.712+08:00 CALIBRATION step=TRACKER_SETUP_RETURNED success=1 result=0
2026-06-13T14:32:09.712+08:00 FORMAL_EDF_MARKER sdk=1 host=1 opened=1 sent=1 message=CALIBRATION_SETUP_END participant=A026 rel=73.148 unix=1781332329712 bjt=2026-06-13T14:32:09.712+08:00 edf=FM143113.EDF source=ue_formal setup_result=0
2026-06-13T14:32:11.763+08:00 CALIBRATION step=GRAPHICS_CLOSED success=1
2026-06-13T14:32:11.763+08:00 CALIBRATION step=CALIBRATION_WINDOW_DESTROYED success=1
2026-06-13T14:32:11.763+08:00 CALIBRATION step=FINISHED success=1 result=0
2026-06-13T14:32:11.763+08:00 FORMAL_EDF_MARKER sdk=1 host=1 opened=1 sent=1 message=CALIBRATION_STATUS participant=A026 rel=73.148 unix=1781332331763 bjt=2026-06-13T14:32:11.763+08:00 edf=FM143113.EDF source=ue_formal calibration_complete=1
2026-06-13T14:32:11.763+08:00 FORMAL_CALIBRATION step=FINISHED success=1 participant=A026 edf=FM143113.EDF open_result=0
2026-06-13T14:32:11.763+08:00 STATUS start_ui_status sdk=connected host=connected log=../../../../../../Project/UE5/Gallery/Saved/ExperimentLogs/EyeLinkMarkers_20260613_143000_674.log
2026-06-13T14:32:20.911+08:00 FORMAL_RECORDING step=EDF_ALREADY_OPEN success=1 participant=A026 edf=FM143113.EDF source=start_button_preopened calibration_complete=1
2026-06-13T14:32:20.920+08:00 FORMAL_RECORDING step=RECORDING_STARTED success=1 result=0 edf=FM143113.EDF preopened=1 calibration_complete=1
2026-06-13T14:32:20.920+08:00 MARKER sdk=1 host=1 enabled=1 sent=1 result=0 message=FORMAL_RECORDING_START participant=A026 rel=82.020 unix=1781332340920 bjt=2026-06-13T14:32:20.920+08:00 edf=FM143113.EDF source=ue_formal open_result=0 record_result=0 edf_preopened=1 calibration_complete=1
2026-06-13T14:32:20.920+08:00 STATUS formal_recording_start_requested participant=A026 success=1 edf=FM143113.EDF calibration_complete=1
2026-06-13T14:32:20.920+08:00 STATUS start_ui_status sdk=connected host=connected log=../../../../../../Project/UE5/Gallery/Saved/ExperimentLogs/EyeLinkMarkers_20260613_143000_674.log
2026-06-13T14:32:20.920+08:00 MARKER sdk=1 host=1 enabled=1 sent=1 result=0 message=RECORDING_TIME_REFERENCE participant=A026 rel=82.020 unix=1781332340920 bjt=2026-06-13T14:32:20.920+08:00 source=ue_session_start
2026-06-13T14:32:20.920+08:00 MARKER sdk=1 host=1 enabled=1 sent=1 result=0 message=SESSION_START participant=A026 rel=82.020 unix=1781332340920 bjt=2026-06-13T14:32:20.920+08:00
2026-06-13T14:32:20.921+08:00 MARKER sdk=1 host=1 enabled=1 sent=1 result=0 message=EXPERIMENT_RUN_MODE EXP1_THEN_EXP2
2026-06-13T14:32:20.974+08:00 MARKER sdk=1 host=1 enabled=1 sent=1 result=0 message=SCREEN_RECORDING_REQUEST enabled=1 started=1 participant=A026
2026-06-13T14:33:07.103+08:00 MARKER sdk=1 host=1 enabled=1 sent=1 result=0 message=TRIALID T001
2026-06-13T14:33:07.103+08:00 MARKER sdk=1 host=1 enabled=1 sent=1 result=0 message=EVENT LOADING_INTERACT trial=T001 rel=128.227 unix=1781332387127 bjt=2026-06-13T14:33:07.127+08:00
2026-06-13T14:33:07.104+08:00 MARKER sdk=1 host=1 enabled=1 sent=1 result=0 message=EVENT LOADING_START trial=T001 rel=128.227 unix=1781332387127 bjt=2026-06-13T14:33:07.127+08:00
2026-06-13T14:33:07.104+08:00 MARKER sdk=1 host=1 enabled=1 sent=1 result=0 message=!V TRIAL_VAR participant A026
2026-06-13T14:33:07.104+08:00 MARKER sdk=1 host=1 enabled=1 sent=1 result=0 message=!V TRIAL_VAR experiment EXP1
2026-06-13T14:33:07.104+08:00 MARKER sdk=1 host=1 enabled=1 sent=1 result=0 message=!V TRIAL_VAR exhibit_id Ex1_TEST
2026-06-13T14:33:07.104+08:00 MARKER sdk=1 host=1 enabled=1 sent=1 result=0 message=!V TRIAL_VAR exhibit_name 测试展品
2026-06-13T14:33:07.105+08:00 MARKER sdk=1 host=1 enabled=1 sent=1 result=0 message=!V TRIAL_VAR condition A
2026-06-13T14:33:07.105+08:00 MARKER sdk=1 host=1 enabled=1 sent=1 result=0 message=!V TRIAL_VAR latin_group NA
2026-06-13T14:33:07.105+08:00 MARKER sdk=1 host=1 enabled=1 sent=1 result=0 message=!V TRIAL_VAR sequence_index -1
2026-06-13T14:33:07.105+08:00 MARKER sdk=1 host=1 enabled=1 sent=1 result=0 message=!V TRIAL_VAR sequence_label NA
2026-06-13T14:33:09.098+08:00 MARKER sdk=1 host=1 enabled=1 sent=1 result=0 message=EVENT LOADING_COMPLETE trial=T001 rel=130.223 unix=1781332389122 bjt=2026-06-13T14:33:09.122+08:00
2026-06-13T14:33:15.617+08:00 MARKER sdk=1 host=1 enabled=1 sent=1 result=0 message=EVENT VIEWER_ENTER trial=T001 rel=136.738 unix=1781332395638 bjt=2026-06-13T14:33:15.637+08:00
2026-06-13T14:33:15.618+08:00 MARKER sdk=1 host=1 enabled=1 sent=1 result=0 message=EVENT QUESTION_START trial=T001 rel=136.738 unix=1781332395638 bjt=2026-06-13T14:33:15.637+08:00 q=1 total=2 correct_index=-1 correct_label=NotAnswered
2026-06-13T14:33:26.634+08:00 MARKER sdk=1 host=1 enabled=1 sent=1 result=0 message=EVENT QUESTION_SUBMIT trial=T001 rel=147.743 unix=1781332406642 bjt=2026-06-13T14:33:26.642+08:00 q=1 option=A correct_index=-1 correct_label=NotAnswered is_correct=-1
2026-06-13T14:33:26.635+08:00 MARKER sdk=1 host=1 enabled=1 sent=1 result=0 message=EVENT QUESTION_START trial=T001 rel=147.743 unix=1781332406642 bjt=2026-06-13T14:33:26.642+08:00 q=2 total=2 correct_index=-1 correct_label=NotAnswered
2026-06-13T14:33:33.677+08:00 MARKER sdk=1 host=1 enabled=1 sent=1 result=0 message=EVENT QUESTION_SUBMIT trial=T001 rel=154.785 unix=1781332413685 bjt=2026-06-13T14:33:33.685+08:00 q=2 option=B correct_index=-1 correct_label=NotAnswered is_correct=-1
2026-06-13T14:33:49.972+08:00 MARKER sdk=1 host=1 enabled=1 sent=1 result=0 message=EVENT VIEWER_EXIT trial=T001 rel=171.096 unix=1781332429996 bjt=2026-06-13T14:33:49.995+08:00
2026-06-13T14:33:49.972+08:00 MARKER sdk=1 host=1 enabled=1 sent=1 result=0 message=EVENT TRIAL_RESULT trial=T001 rel=171.096 unix=1781332429996 bjt=2026-06-13T14:33:49.995+08:00 rows=2
2026-06-13T14:34:39.054+08:00 MARKER sdk=1 host=1 enabled=1 sent=1 result=0 message=TRIALID T002
2026-06-13T14:34:39.055+08:00 MARKER sdk=1 host=1 enabled=1 sent=1 result=0 message=EVENT LOADING_INTERACT trial=T002 rel=220.178 unix=1781332479078 bjt=2026-06-13T14:34:39.078+08:00
2026-06-13T14:34:39.055+08:00 MARKER sdk=1 host=1 enabled=1 sent=1 result=0 message=EVENT LOADING_START trial=T002 rel=220.178 unix=1781332479078 bjt=2026-06-13T14:34:39.078+08:00
2026-06-13T14:34:39.056+08:00 MARKER sdk=1 host=1 enabled=1 sent=1 result=0 message=!V TRIAL_VAR participant A026
2026-06-13T14:34:39.056+08:00 MARKER sdk=1 host=1 enabled=1 sent=1 result=0 message=!V TRIAL_VAR experiment EXP1
2026-06-13T14:34:39.056+08:00 MARKER sdk=1 host=1 enabled=1 sent=1 result=0 message=!V TRIAL_VAR exhibit_id 01
2026-06-13T14:34:39.056+08:00 MARKER sdk=1 host=1 enabled=1 sent=1 result=0 message=!V TRIAL_VAR exhibit_name 半岛香炉
2026-06-13T14:34:39.056+08:00 MARKER sdk=1 host=1 enabled=1 sent=1 result=0 message=!V TRIAL_VAR condition B
2026-06-13T14:34:39.057+08:00 MARKER sdk=1 host=1 enabled=1 sent=1 result=0 message=!V TRIAL_VAR latin_group G3
2026-06-13T14:34:39.057+08:00 MARKER sdk=1 host=1 enabled=1 sent=1 result=0 message=!V TRIAL_VAR sequence_index 1
2026-06-13T14:34:39.057+08:00 MARKER sdk=1 host=1 enabled=1 sent=1 result=0 message=!V TRIAL_VAR sequence_label G3_T01
2026-06-13T14:34:49.047+08:00 MARKER sdk=1 host=1 enabled=1 sent=1 result=0 message=EVENT LOADING_COMPLETE trial=T002 rel=230.172 unix=1781332489072 bjt=2026-06-13T14:34:49.071+08:00
2026-06-13T14:34:54.342+08:00 MARKER sdk=1 host=1 enabled=1 sent=1 result=0 message=EVENT VIEWER_ENTER trial=T002 rel=235.466 unix=1781332494366 bjt=2026-06-13T14:34:54.365+08:00
2026-06-13T14:34:54.343+08:00 MARKER sdk=1 host=1 enabled=1 sent=1 result=0 message=EVENT QUESTION_START trial=T002 rel=235.466 unix=1781332494366 bjt=2026-06-13T14:34:54.365+08:00 q=1 total=2 correct_index=1 correct_label=B
2026-06-13T14:35:00.865+08:00 MARKER sdk=1 host=1 enabled=1 sent=1 result=0 message=EVENT QUESTION_SUBMIT trial=T002 rel=241.974 unix=1781332500874 bjt=2026-06-13T14:35:00.873+08:00 q=1 option=C correct_index=1 correct_label=B is_correct=0
2026-06-13T14:35:00.866+08:00 MARKER sdk=1 host=1 enabled=1 sent=1 result=0 message=EVENT QUESTION_START trial=T002 rel=241.974 unix=1781332500874 bjt=2026-06-13T14:35:00.873+08:00 q=2 total=2 correct_index=1 correct_label=B
2026-06-13T14:35:10.271+08:00 MARKER sdk=1 host=1 enabled=1 sent=1 result=0 message=EVENT QUESTION_SUBMIT trial=T002 rel=251.378 unix=1781332510278 bjt=2026-06-13T14:35:10.278+08:00 q=2 option=A correct_index=1 correct_label=B is_correct=0
2026-06-13T14:35:12.169+08:00 MARKER sdk=1 host=1 enabled=1 sent=1 result=0 message=EVENT VIEWER_EXIT trial=T002 rel=253.292 unix=1781332512192 bjt=2026-06-13T14:35:12.192+08:00
2026-06-13T14:35:12.169+08:00 MARKER sdk=1 host=1 enabled=1 sent=1 result=0 message=EVENT TRIAL_RESULT trial=T002 rel=253.292 unix=1781332512192 bjt=2026-06-13T14:35:12.192+08:00 rows=2
2026-06-13T14:36:39.255+08:00 MARKER sdk=1 host=1 enabled=1 sent=1 result=0 message=TRIALID T003
2026-06-13T14:36:39.256+08:00 MARKER sdk=1 host=1 enabled=1 sent=1 result=0 message=EVENT LOADING_INTERACT trial=T003 rel=340.379 unix=1781332599279 bjt=2026-06-13T14:36:39.278+08:00
2026-06-13T14:36:39.256+08:00 MARKER sdk=1 host=1 enabled=1 sent=1 result=0 message=EVENT LOADING_START trial=T003 rel=340.379 unix=1781332599279 bjt=2026-06-13T14:36:39.278+08:00
2026-06-13T14:36:39.256+08:00 MARKER sdk=1 host=1 enabled=1 sent=1 result=0 message=!V TRIAL_VAR participant A026
2026-06-13T14:36:39.257+08:00 MARKER sdk=1 host=1 enabled=1 sent=1 result=0 message=!V TRIAL_VAR experiment EXP1
2026-06-13T14:36:39.257+08:00 MARKER sdk=1 host=1 enabled=1 sent=1 result=0 message=!V TRIAL_VAR exhibit_id 02
2026-06-13T14:36:39.257+08:00 MARKER sdk=1 host=1 enabled=1 sent=1 result=0 message=!V TRIAL_VAR exhibit_name 中国青铜器
2026-06-13T14:36:39.257+08:00 MARKER sdk=1 host=1 enabled=1 sent=1 result=0 message=!V TRIAL_VAR condition C_MINUS
2026-06-13T14:36:39.257+08:00 MARKER sdk=1 host=1 enabled=1 sent=1 result=0 message=!V TRIAL_VAR latin_group G3
2026-06-13T14:36:39.257+08:00 MARKER sdk=1 host=1 enabled=1 sent=1 result=0 message=!V TRIAL_VAR sequence_index 2
2026-06-13T14:36:39.257+08:00 MARKER sdk=1 host=1 enabled=1 sent=1 result=0 message=!V TRIAL_VAR sequence_label G3_T02
2026-06-13T14:36:39.257+08:00 MARKER sdk=1 host=1 enabled=1 sent=1 result=0 message=EVENT VIEWER_ENTER trial=T003 rel=340.379 unix=1781332599279 bjt=2026-06-13T14:36:39.278+08:00 mode=progressive_no_progress_bar
2026-06-13T14:36:45.242+08:00 MARKER sdk=1 host=1 enabled=1 sent=1 result=0 message=EVENT PROGRESSIVE_USABLE trial=T003 rel=346.367 unix=1781332605267 bjt=2026-06-13T14:36:45.266+08:00
2026-06-13T14:36:45.244+08:00 MARKER sdk=1 host=1 enabled=1 sent=1 result=0 message=EVENT QUESTION_START trial=T003 rel=346.367 unix=1781332605267 bjt=2026-06-13T14:36:45.266+08:00 q=1 total=2 correct_index=1 correct_label=B
2026-06-13T14:36:49.246+08:00 MARKER sdk=1 host=1 enabled=1 sent=1 result=0 message=EVENT LOADING_COMPLETE trial=T003 rel=350.370 unix=1781332609270 bjt=2026-06-13T14:36:49.269+08:00
2026-06-13T14:36:54.479+08:00 MARKER sdk=1 host=1 enabled=1 sent=1 result=0 message=EVENT QUESTION_SUBMIT trial=T003 rel=355.588 unix=1781332614488 bjt=2026-06-13T14:36:54.487+08:00 q=1 option=B correct_index=1 correct_label=B is_correct=1
2026-06-13T14:36:54.480+08:00 MARKER sdk=1 host=1 enabled=1 sent=1 result=0 message=EVENT QUESTION_START trial=T003 rel=355.588 unix=1781332614488 bjt=2026-06-13T14:36:54.487+08:00 q=2 total=2 correct_index=1 correct_label=B
2026-06-13T14:36:57.507+08:00 MARKER sdk=1 host=1 enabled=1 sent=1 result=0 message=EVENT VIEWER_EXIT trial=T003 rel=358.626 unix=1781332617526 bjt=2026-06-13T14:36:57.525+08:00
2026-06-13T14:36:57.508+08:00 MARKER sdk=1 host=1 enabled=1 sent=1 result=0 message=EVENT TRIAL_RESULT trial=T003 rel=358.626 unix=1781332617526 bjt=2026-06-13T14:36:57.525+08:00 rows=2
2026-06-13T14:36:58.958+08:00 MARKER sdk=1 host=1 enabled=1 sent=1 result=0 message=TRIALID T004
2026-06-13T14:36:58.958+08:00 MARKER sdk=1 host=1 enabled=1 sent=1 result=0 message=EVENT LOADING_INTERACT trial=T004 rel=340.379 unix=1781332599279 bjt=2026-06-13T14:36:39.278+08:00
2026-06-13T14:36:58.959+08:00 MARKER sdk=1 host=1 enabled=1 sent=1 result=0 message=!V TRIAL_VAR participant A026
2026-06-13T14:36:58.959+08:00 MARKER sdk=1 host=1 enabled=1 sent=1 result=0 message=!V TRIAL_VAR experiment EXP1
2026-06-13T14:36:58.959+08:00 MARKER sdk=1 host=1 enabled=1 sent=1 result=0 message=!V TRIAL_VAR exhibit_id 02
2026-06-13T14:36:58.959+08:00 MARKER sdk=1 host=1 enabled=1 sent=1 result=0 message=!V TRIAL_VAR exhibit_name 中国青铜器
2026-06-13T14:36:58.959+08:00 MARKER sdk=1 host=1 enabled=1 sent=1 result=0 message=!V TRIAL_VAR condition C_MINUS
2026-06-13T14:36:58.959+08:00 MARKER sdk=1 host=1 enabled=1 sent=1 result=0 message=!V TRIAL_VAR latin_group NA
2026-06-13T14:36:58.959+08:00 MARKER sdk=1 host=1 enabled=1 sent=1 result=0 message=!V TRIAL_VAR sequence_index -1
2026-06-13T14:36:58.959+08:00 MARKER sdk=1 host=1 enabled=1 sent=1 result=0 message=!V TRIAL_VAR sequence_label NA
2026-06-13T14:36:58.960+08:00 MARKER sdk=1 host=1 enabled=1 sent=1 result=0 message=EVENT QUESTION_START trial=T004 rel=360.081 unix=1781332618981 bjt=2026-06-13T14:36:58.981+08:00 q=1 total=2 correct_index=1 correct_label=B
2026-06-13T14:37:10.366+08:00 MARKER sdk=1 host=1 enabled=1 sent=1 result=0 message=EVENT QUESTION_SUBMIT trial=T004 rel=371.474 unix=1781332630374 bjt=2026-06-13T14:37:10.373+08:00 q=1 option=B correct_index=1 correct_label=B is_correct=1
2026-06-13T14:37:10.366+08:00 MARKER sdk=1 host=1 enabled=1 sent=1 result=0 message=EVENT QUESTION_START trial=T004 rel=371.474 unix=1781332630374 bjt=2026-06-13T14:37:10.373+08:00 q=2 total=2 correct_index=1 correct_label=B
2026-06-13T14:37:16.640+08:00 MARKER sdk=1 host=1 enabled=1 sent=1 result=0 message=EVENT QUESTION_SUBMIT trial=T004 rel=377.749 unix=1781332636648 bjt=2026-06-13T14:37:16.648+08:00 q=2 option=B correct_index=1 correct_label=B is_correct=1
2026-06-13T14:37:19.525+08:00 MARKER sdk=1 host=1 enabled=1 sent=1 result=0 message=EVENT VIEWER_EXIT trial=T004 rel=380.649 unix=1781332639549 bjt=2026-06-13T14:37:19.548+08:00
2026-06-13T14:37:19.525+08:00 MARKER sdk=1 host=1 enabled=1 sent=1 result=0 message=EVENT TRIAL_RESULT trial=T004 rel=380.649 unix=1781332639549 bjt=2026-06-13T14:37:19.548+08:00 rows=2
2026-06-13T14:38:26.253+08:00 MARKER sdk=1 host=1 enabled=1 sent=1 result=0 message=TRIALID T005
2026-06-13T14:38:26.254+08:00 MARKER sdk=1 host=1 enabled=1 sent=1 result=0 message=EVENT LOADING_INTERACT trial=T005 rel=447.376 unix=1781332706275 bjt=2026-06-13T14:38:26.275+08:00
2026-06-13T14:38:26.254+08:00 MARKER sdk=1 host=1 enabled=1 sent=1 result=0 message=EVENT LOADING_START trial=T005 rel=447.376 unix=1781332706275 bjt=2026-06-13T14:38:26.275+08:00
2026-06-13T14:38:26.255+08:00 MARKER sdk=1 host=1 enabled=1 sent=1 result=0 message=!V TRIAL_VAR participant A026
2026-06-13T14:38:26.255+08:00 MARKER sdk=1 host=1 enabled=1 sent=1 result=0 message=!V TRIAL_VAR experiment EXP1
2026-06-13T14:38:26.255+08:00 MARKER sdk=1 host=1 enabled=1 sent=1 result=0 message=!V TRIAL_VAR exhibit_id 03
2026-06-13T14:38:26.255+08:00 MARKER sdk=1 host=1 enabled=1 sent=1 result=0 message=!V TRIAL_VAR exhibit_name 希腊陶具
2026-06-13T14:38:26.255+08:00 MARKER sdk=1 host=1 enabled=1 sent=1 result=0 message=!V TRIAL_VAR condition C
2026-06-13T14:38:26.255+08:00 MARKER sdk=1 host=1 enabled=1 sent=1 result=0 message=!V TRIAL_VAR latin_group G3
2026-06-13T14:38:26.255+08:00 MARKER sdk=1 host=1 enabled=1 sent=1 result=0 message=!V TRIAL_VAR sequence_index 3
2026-06-13T14:38:26.255+08:00 MARKER sdk=1 host=1 enabled=1 sent=1 result=0 message=!V TRIAL_VAR sequence_label G3_T03
2026-06-13T14:38:26.256+08:00 MARKER sdk=1 host=1 enabled=1 sent=1 result=0 message=EVENT VIEWER_ENTER trial=T005 rel=447.376 unix=1781332706275 bjt=2026-06-13T14:38:26.275+08:00 mode=progressive
2026-06-13T14:38:32.236+08:00 MARKER sdk=1 host=1 enabled=1 sent=1 result=0 message=EVENT PROGRESSIVE_USABLE trial=T005 rel=453.359 unix=1781332712259 bjt=2026-06-13T14:38:32.259+08:00
2026-06-13T14:38:32.237+08:00 MARKER sdk=1 host=1 enabled=1 sent=1 result=0 message=EVENT QUESTION_START trial=T005 rel=453.359 unix=1781332712259 bjt=2026-06-13T14:38:32.259+08:00 q=1 total=2 correct_index=0 correct_label=A
2026-06-13T14:38:36.246+08:00 MARKER sdk=1 host=1 enabled=1 sent=1 result=0 message=EVENT LOADING_COMPLETE trial=T005 rel=457.371 unix=1781332716270 bjt=2026-06-13T14:38:36.270+08:00
2026-06-13T14:38:39.673+08:00 MARKER sdk=1 host=1 enabled=1 sent=1 result=0 message=EVENT QUESTION_SUBMIT trial=T005 rel=460.782 unix=1781332719682 bjt=2026-06-13T14:38:39.681+08:00 q=1 option=C correct_index=0 correct_label=A is_correct=0
2026-06-13T14:38:39.674+08:00 MARKER sdk=1 host=1 enabled=1 sent=1 result=0 message=EVENT QUESTION_START trial=T005 rel=460.782 unix=1781332719682 bjt=2026-06-13T14:38:39.681+08:00 q=2 total=2 correct_index=2 correct_label=C
2026-06-13T14:38:47.831+08:00 MARKER sdk=1 host=1 enabled=1 sent=1 result=0 message=EVENT QUESTION_SUBMIT trial=T005 rel=468.940 unix=1781332727840 bjt=2026-06-13T14:38:47.839+08:00 q=2 option=C correct_index=2 correct_label=C is_correct=1
2026-06-13T14:38:50.315+08:00 MARKER sdk=1 host=1 enabled=1 sent=1 result=0 message=EVENT VIEWER_EXIT trial=T005 rel=471.440 unix=1781332730339 bjt=2026-06-13T14:38:50.339+08:00
2026-06-13T14:38:50.315+08:00 MARKER sdk=1 host=1 enabled=1 sent=1 result=0 message=EVENT TRIAL_RESULT trial=T005 rel=471.440 unix=1781332730339 bjt=2026-06-13T14:38:50.339+08:00 rows=2
2026-06-13T14:40:03.647+08:00 MARKER sdk=1 host=1 enabled=1 sent=1 result=0 message=TRIALID T006
2026-06-13T14:40:03.647+08:00 MARKER sdk=1 host=1 enabled=1 sent=1 result=0 message=EVENT LOADING_INTERACT trial=T006 rel=544.771 unix=1781332803671 bjt=2026-06-13T14:40:03.670+08:00
2026-06-13T14:40:03.648+08:00 MARKER sdk=1 host=1 enabled=1 sent=1 result=0 message=EVENT LOADING_START trial=T006 rel=544.771 unix=1781332803671 bjt=2026-06-13T14:40:03.670+08:00
2026-06-13T14:40:03.648+08:00 MARKER sdk=1 host=1 enabled=1 sent=1 result=0 message=!V TRIAL_VAR participant A026
2026-06-13T14:40:03.648+08:00 MARKER sdk=1 host=1 enabled=1 sent=1 result=0 message=!V TRIAL_VAR experiment EXP1
2026-06-13T14:40:03.648+08:00 MARKER sdk=1 host=1 enabled=1 sent=1 result=0 message=!V TRIAL_VAR exhibit_id 04
2026-06-13T14:40:03.648+08:00 MARKER sdk=1 host=1 enabled=1 sent=1 result=0 message=!V TRIAL_VAR exhibit_name 中国花瓶
2026-06-13T14:40:03.648+08:00 MARKER sdk=1 host=1 enabled=1 sent=1 result=0 message=!V TRIAL_VAR condition A
2026-06-13T14:40:03.648+08:00 MARKER sdk=1 host=1 enabled=1 sent=1 result=0 message=!V TRIAL_VAR latin_group G3
2026-06-13T14:40:03.648+08:00 MARKER sdk=1 host=1 enabled=1 sent=1 result=0 message=!V TRIAL_VAR sequence_index 4
2026-06-13T14:40:03.649+08:00 MARKER sdk=1 host=1 enabled=1 sent=1 result=0 message=!V TRIAL_VAR sequence_label G3_T04
2026-06-13T14:40:13.642+08:00 MARKER sdk=1 host=1 enabled=1 sent=1 result=0 message=EVENT LOADING_COMPLETE trial=T006 rel=554.766 unix=1781332813666 bjt=2026-06-13T14:40:13.666+08:00
2026-06-13T14:40:16.929+08:00 MARKER sdk=1 host=1 enabled=1 sent=1 result=0 message=EVENT VIEWER_ENTER trial=T006 rel=558.052 unix=1781332816952 bjt=2026-06-13T14:40:16.952+08:00
2026-06-13T14:40:16.930+08:00 MARKER sdk=1 host=1 enabled=1 sent=1 result=0 message=EVENT QUESTION_START trial=T006 rel=558.052 unix=1781332816952 bjt=2026-06-13T14:40:16.952+08:00 q=1 total=2 correct_index=2 correct_label=C
2026-06-13T14:40:20.837+08:00 MARKER sdk=1 host=1 enabled=1 sent=1 result=0 message=EVENT QUESTION_SUBMIT trial=T006 rel=561.945 unix=1781332820845 bjt=2026-06-13T14:40:20.845+08:00 q=1 option=C correct_index=2 correct_label=C is_correct=1
2026-06-13T14:40:20.838+08:00 MARKER sdk=1 host=1 enabled=1 sent=1 result=0 message=EVENT QUESTION_START trial=T006 rel=561.945 unix=1781332820845 bjt=2026-06-13T14:40:20.845+08:00 q=2 total=2 correct_index=3 correct_label=D
2026-06-13T14:40:25.015+08:00 MARKER sdk=1 host=1 enabled=1 sent=1 result=0 message=EVENT QUESTION_SUBMIT trial=T006 rel=566.123 unix=1781332825023 bjt=2026-06-13T14:40:25.023+08:00 q=2 option=D correct_index=3 correct_label=D is_correct=1
2026-06-13T14:40:26.680+08:00 MARKER sdk=1 host=1 enabled=1 sent=1 result=0 message=EVENT VIEWER_EXIT trial=T006 rel=567.803 unix=1781332826703 bjt=2026-06-13T14:40:26.703+08:00
2026-06-13T14:40:26.680+08:00 MARKER sdk=1 host=1 enabled=1 sent=1 result=0 message=EVENT TRIAL_RESULT trial=T006 rel=567.803 unix=1781332826703 bjt=2026-06-13T14:40:26.703+08:00 rows=2
2026-06-13T14:41:36.237+08:00 MARKER sdk=1 host=1 enabled=1 sent=1 result=0 message=TRIALID T007
2026-06-13T14:41:36.237+08:00 MARKER sdk=1 host=1 enabled=1 sent=1 result=0 message=EVENT LOADING_INTERACT trial=T007 rel=637.361 unix=1781332896261 bjt=2026-06-13T14:41:36.261+08:00
2026-06-13T14:41:36.237+08:00 MARKER sdk=1 host=1 enabled=1 sent=1 result=0 message=EVENT LOADING_START trial=T007 rel=637.361 unix=1781332896261 bjt=2026-06-13T14:41:36.261+08:00
2026-06-13T14:41:36.237+08:00 MARKER sdk=1 host=1 enabled=1 sent=1 result=0 message=!V TRIAL_VAR participant A026
2026-06-13T14:41:36.237+08:00 MARKER sdk=1 host=1 enabled=1 sent=1 result=0 message=!V TRIAL_VAR experiment EXP1
2026-06-13T14:41:36.238+08:00 MARKER sdk=1 host=1 enabled=1 sent=1 result=0 message=!V TRIAL_VAR exhibit_id 05
2026-06-13T14:41:36.238+08:00 MARKER sdk=1 host=1 enabled=1 sent=1 result=0 message=!V TRIAL_VAR exhibit_name 雅典双耳罐
2026-06-13T14:41:36.238+08:00 MARKER sdk=1 host=1 enabled=1 sent=1 result=0 message=!V TRIAL_VAR condition A_PLUS
2026-06-13T14:41:36.238+08:00 MARKER sdk=1 host=1 enabled=1 sent=1 result=0 message=!V TRIAL_VAR latin_group G3
2026-06-13T14:41:36.238+08:00 MARKER sdk=1 host=1 enabled=1 sent=1 result=0 message=!V TRIAL_VAR sequence_index 5
2026-06-13T14:41:36.238+08:00 MARKER sdk=1 host=1 enabled=1 sent=1 result=0 message=!V TRIAL_VAR sequence_label G3_T05
2026-06-13T14:41:46.235+08:00 MARKER sdk=1 host=1 enabled=1 sent=1 result=0 message=EVENT LOADING_COMPLETE trial=T007 rel=647.359 unix=1781332906259 bjt=2026-06-13T14:41:46.259+08:00
2026-06-13T14:41:48.647+08:00 MARKER sdk=1 host=1 enabled=1 sent=1 result=0 message=EVENT VIEWER_ENTER trial=T007 rel=649.769 unix=1781332908669 bjt=2026-06-13T14:41:48.669+08:00
2026-06-13T14:41:48.647+08:00 MARKER sdk=1 host=1 enabled=1 sent=1 result=0 message=EVENT QUESTION_START trial=T007 rel=649.769 unix=1781332908669 bjt=2026-06-13T14:41:48.669+08:00 q=1 total=2 correct_index=0 correct_label=A
2026-06-13T14:41:56.452+08:00 MARKER sdk=1 host=1 enabled=1 sent=1 result=0 message=EVENT QUESTION_SUBMIT trial=T007 rel=657.560 unix=1781332916460 bjt=2026-06-13T14:41:56.459+08:00 q=1 option=A correct_index=0 correct_label=A is_correct=1
2026-06-13T14:41:56.452+08:00 MARKER sdk=1 host=1 enabled=1 sent=1 result=0 message=EVENT QUESTION_START trial=T007 rel=657.560 unix=1781332916460 bjt=2026-06-13T14:41:56.459+08:00 q=2 total=2 correct_index=2 correct_label=C
2026-06-13T14:42:06.000+08:00 MARKER sdk=1 host=1 enabled=1 sent=1 result=0 message=EVENT QUESTION_SUBMIT trial=T007 rel=667.108 unix=1781332926008 bjt=2026-06-13T14:42:06.007+08:00 q=2 option=C correct_index=2 correct_label=C is_correct=1
2026-06-13T14:42:07.532+08:00 MARKER sdk=1 host=1 enabled=1 sent=1 result=0 message=EVENT VIEWER_EXIT trial=T007 rel=668.657 unix=1781332927557 bjt=2026-06-13T14:42:07.556+08:00
2026-06-13T14:42:07.532+08:00 MARKER sdk=1 host=1 enabled=1 sent=1 result=0 message=EVENT TRIAL_RESULT trial=T007 rel=668.657 unix=1781332927557 bjt=2026-06-13T14:42:07.556+08:00 rows=2
2026-06-13T14:47:03.503+08:00 MARKER sdk=1 host=1 enabled=1 sent=1 result=0 message=TRIALID Exp2_001
2026-06-13T14:47:03.503+08:00 MARKER sdk=1 host=1 enabled=1 sent=1 result=0 message=!V TRIAL_VAR participant A026
2026-06-13T14:47:03.503+08:00 MARKER sdk=1 host=1 enabled=1 sent=1 result=0 message=!V TRIAL_VAR experiment EXP2
2026-06-13T14:47:03.504+08:00 MARKER sdk=1 host=1 enabled=1 sent=1 result=0 message=!V TRIAL_VAR condition E3_SPATIAL_NONPROGRESSIVE
2026-06-13T14:47:03.504+08:00 MARKER sdk=1 host=1 enabled=1 sent=1 result=0 message=!V TRIAL_VAR spatial_continuity 1
2026-06-13T14:47:03.504+08:00 MARKER sdk=1 host=1 enabled=1 sent=1 result=0 message=!V TRIAL_VAR progressive_availability 0
2026-06-13T14:47:03.504+08:00 MARKER sdk=1 host=1 enabled=1 sent=1 result=0 message=!V TRIAL_VAR target_index 2
2026-06-13T14:47:03.504+08:00 MARKER sdk=1 host=1 enabled=1 sent=1 result=0 message=!V TRIAL_VAR target_display_index 2
2026-06-13T14:47:03.505+08:00 MARKER sdk=1 host=1 enabled=1 sent=1 result=0 message=!V TRIAL_VAR target_content_index 1
2026-06-13T14:47:03.505+08:00 MARKER sdk=1 host=1 enabled=1 sent=1 result=0 message=!V TRIAL_VAR target_label 左脸
2026-06-13T14:47:03.505+08:00 MARKER sdk=1 host=1 enabled=1 sent=1 result=0 message=!V TRIAL_VAR slot_permutation 1:4|2:1|3:2|4:3
2026-06-13T14:47:03.505+08:00 MARKER sdk=1 host=1 enabled=1 sent=1 result=0 message=!V TRIAL_VAR sequence_group 3
2026-06-13T14:47:03.506+08:00 MARKER sdk=1 host=1 enabled=1 sent=1 result=0 message=!V TRIAL_VAR sequence_index 1
2026-06-13T14:47:03.506+08:00 MARKER sdk=1 host=1 enabled=1 sent=1 result=0 message=EVENT EXP2_LOADING_START trial_id=Exp2_001 rel=964.624939 unix=1781333223525 bjt=2026-06-13T14:47:03.524+08:00 condition=E3_SPATIAL_NONPROGRESSIVE
2026-06-13T14:47:15.496+08:00 MARKER sdk=1 host=1 enabled=1 sent=1 result=0 message=EVENT EXP2_OBJECT_STAGE_CHANGED trial_id=Exp2_001 rel=976.620117 unix=1781333235520 bjt=2026-06-13T14:47:15.519+08:00 condition=E3_SPATIAL_NONPROGRESSIVE object_index=1 previous_stage=0 new_stage=3 progress=1.000000 object_stages=1:3|2:0|3:
2026-06-13T14:47:15.498+08:00 MARKER sdk=1 host=1 enabled=1 sent=1 result=0 message=EVENT EXP2_STAGE_3_START trial_id=Exp2_001 rel=976.620117 unix=1781333235520 bjt=2026-06-13T14:47:15.519+08:00 condition=E3_SPATIAL_NONPROGRESSIVE stage=3 first_object_index=1 progress=1.000000 object_stages=1:3|2:0|3:0|4:0
2026-06-13T14:47:15.499+08:00 MARKER sdk=1 host=1 enabled=1 sent=1 result=0 message=EVENT EXP2_OBJECT_STAGE_CHANGED trial_id=Exp2_001 rel=976.620117 unix=1781333235520 bjt=2026-06-13T14:47:15.519+08:00 condition=E3_SPATIAL_NONPROGRESSIVE object_index=2 previous_stage=0 new_stage=3 progress=1.000000 object_stages=1:3|2:3|3:
2026-06-13T14:47:15.500+08:00 MARKER sdk=1 host=1 enabled=1 sent=1 result=0 message=EVENT EXP2_OBJECT_STAGE_CHANGED trial_id=Exp2_001 rel=976.620117 unix=1781333235520 bjt=2026-06-13T14:47:15.519+08:00 condition=E3_SPATIAL_NONPROGRESSIVE object_index=3 previous_stage=0 new_stage=3 progress=1.000000 object_stages=1:3|2:3|3:
2026-06-13T14:47:15.500+08:00 MARKER sdk=1 host=1 enabled=1 sent=1 result=0 message=EVENT EXP2_OBJECT_STAGE_CHANGED trial_id=Exp2_001 rel=976.620117 unix=1781333235520 bjt=2026-06-13T14:47:15.519+08:00 condition=E3_SPATIAL_NONPROGRESSIVE object_index=4 previous_stage=0 new_stage=3 progress=1.000000 object_stages=1:3|2:3|3:
2026-06-13T14:47:15.501+08:00 MARKER sdk=1 host=1 enabled=1 sent=1 result=0 message=EVENT EXP2_LOADING_COMPLETE trial_id=Exp2_001 rel=976.620117 unix=1781333235520 bjt=2026-06-13T14:47:15.519+08:00 condition=E3_SPATIAL_NONPROGRESSIVE
2026-06-13T14:47:29.686+08:00 MARKER sdk=1 host=1 enabled=1 sent=1 result=0 message=EVENT EXP2_PENDING_SELECTION trial_id=Exp2_001 rel=990.809326 unix=1781333249709 bjt=2026-06-13T14:47:29.709+08:00 condition=E3_SPATIAL_NONPROGRESSIVE selected=1 selected_content=4 changes=1
2026-06-13T14:47:33.748+08:00 MARKER sdk=1 host=1 enabled=1 sent=1 result=0 message=EVENT EXP2_PENDING_SELECTION trial_id=Exp2_001 rel=994.871948 unix=1781333253772 bjt=2026-06-13T14:47:33.771+08:00 condition=E3_SPATIAL_NONPROGRESSIVE selected=2 selected_content=1 changes=2
2026-06-13T14:47:42.872+08:00 MARKER sdk=1 host=1 enabled=1 sent=1 result=0 message=EVENT EXP2_PENDING_SELECTION trial_id=Exp2_001 rel=1003.995239 unix=1781333262895 bjt=2026-06-13T14:47:42.895+08:00 condition=E3_SPATIAL_NONPROGRESSIVE selected=3 selected_content=2 changes=3
2026-06-13T14:48:09.821+08:00 MARKER sdk=1 host=1 enabled=1 sent=1 result=0 message=EVENT EXP2_PENDING_SELECTION trial_id=Exp2_001 rel=1030.945435 unix=1781333289845 bjt=2026-06-13T14:48:09.845+08:00 condition=E3_SPATIAL_NONPROGRESSIVE selected=2 selected_content=1 changes=4
2026-06-13T14:48:12.893+08:00 MARKER sdk=1 host=1 enabled=1 sent=1 result=0 message=EVENT EXP2_SUBMIT_SELECTION trial_id=Exp2_001 rel=1034.016357 unix=1781333292916 bjt=2026-06-13T14:48:12.916+08:00 condition=E3_SPATIAL_NONPROGRESSIVE selected=2 selected_content=1 correct=1
2026-06-13T14:48:12.894+08:00 MARKER sdk=1 host=1 enabled=1 sent=1 result=0 message=TRIAL_RESULT Exp2_001 selected=2 correct=1
2026-06-13T14:49:30.923+08:00 MARKER sdk=1 host=1 enabled=1 sent=1 result=0 message=TRIALID Exp2_002
2026-06-13T14:49:30.923+08:00 MARKER sdk=1 host=1 enabled=1 sent=1 result=0 message=!V TRIAL_VAR participant A026
2026-06-13T14:49:30.924+08:00 MARKER sdk=1 host=1 enabled=1 sent=1 result=0 message=!V TRIAL_VAR experiment EXP2
2026-06-13T14:49:30.924+08:00 MARKER sdk=1 host=1 enabled=1 sent=1 result=0 message=!V TRIAL_VAR condition E4_FIXED_NONPROGRESSIVE
2026-06-13T14:49:30.924+08:00 MARKER sdk=1 host=1 enabled=1 sent=1 result=0 message=!V TRIAL_VAR spatial_continuity 0
2026-06-13T14:49:30.924+08:00 MARKER sdk=1 host=1 enabled=1 sent=1 result=0 message=!V TRIAL_VAR progressive_availability 0
2026-06-13T14:49:30.924+08:00 MARKER sdk=1 host=1 enabled=1 sent=1 result=0 message=!V TRIAL_VAR target_index 1
2026-06-13T14:49:30.924+08:00 MARKER sdk=1 host=1 enabled=1 sent=1 result=0 message=!V TRIAL_VAR target_display_index 1
2026-06-13T14:49:30.924+08:00 MARKER sdk=1 host=1 enabled=1 sent=1 result=0 message=!V TRIAL_VAR target_content_index 2
2026-06-13T14:49:30.924+08:00 MARKER sdk=1 host=1 enabled=1 sent=1 result=0 message=!V TRIAL_VAR target_label 右脸
2026-06-13T14:49:30.924+08:00 MARKER sdk=1 host=1 enabled=1 sent=1 result=0 message=!V TRIAL_VAR slot_permutation 1:2|2:1|3:3|4:4
2026-06-13T14:49:30.924+08:00 MARKER sdk=1 host=1 enabled=1 sent=1 result=0 message=!V TRIAL_VAR sequence_group 3
2026-06-13T14:49:30.925+08:00 MARKER sdk=1 host=1 enabled=1 sent=1 result=0 message=!V TRIAL_VAR sequence_index 2
2026-06-13T14:49:30.925+08:00 MARKER sdk=1 host=1 enabled=1 sent=1 result=0 message=EVENT EXP2_LOADING_START trial_id=Exp2_002 rel=1111.912354 unix=1781333370812 bjt=2026-06-13T14:49:30.812+08:00 condition=E4_FIXED_NONPROGRESSIVE
2026-06-13T14:49:42.913+08:00 MARKER sdk=1 host=1 enabled=1 sent=1 result=0 message=EVENT EXP2_OBJECT_STAGE_CHANGED trial_id=Exp2_002 rel=1123.904907 unix=1781333382805 bjt=2026-06-13T14:49:42.804+08:00 condition=E4_FIXED_NONPROGRESSIVE object_index=1 previous_stage=0 new_stage=3 progress=1.000000 object_stages=1:3|2:0|3:0
2026-06-13T14:49:42.914+08:00 MARKER sdk=1 host=1 enabled=1 sent=1 result=0 message=EVENT EXP2_STAGE_3_START trial_id=Exp2_002 rel=1123.904907 unix=1781333382805 bjt=2026-06-13T14:49:42.804+08:00 condition=E4_FIXED_NONPROGRESSIVE stage=3 first_object_index=1 progress=1.000000 object_stages=1:3|2:0|3:0|4:0
2026-06-13T14:49:42.915+08:00 MARKER sdk=1 host=1 enabled=1 sent=1 result=0 message=EVENT EXP2_OBJECT_STAGE_CHANGED trial_id=Exp2_002 rel=1123.904907 unix=1781333382805 bjt=2026-06-13T14:49:42.804+08:00 condition=E4_FIXED_NONPROGRESSIVE object_index=2 previous_stage=0 new_stage=3 progress=1.000000 object_stages=1:3|2:3|3:0
2026-06-13T14:49:42.915+08:00 MARKER sdk=1 host=1 enabled=1 sent=1 result=0 message=EVENT EXP2_OBJECT_STAGE_CHANGED trial_id=Exp2_002 rel=1123.904907 unix=1781333382805 bjt=2026-06-13T14:49:42.804+08:00 condition=E4_FIXED_NONPROGRESSIVE object_index=3 previous_stage=0 new_stage=3 progress=1.000000 object_stages=1:3|2:3|3:3
2026-06-13T14:49:42.915+08:00 MARKER sdk=1 host=1 enabled=1 sent=1 result=0 message=EVENT EXP2_OBJECT_STAGE_CHANGED trial_id=Exp2_002 rel=1123.904907 unix=1781333382805 bjt=2026-06-13T14:49:42.804+08:00 condition=E4_FIXED_NONPROGRESSIVE object_index=4 previous_stage=0 new_stage=3 progress=1.000000 object_stages=1:3|2:3|3:3
2026-06-13T14:49:42.916+08:00 MARKER sdk=1 host=1 enabled=1 sent=1 result=0 message=EVENT EXP2_LOADING_COMPLETE trial_id=Exp2_002 rel=1123.904907 unix=1781333382805 bjt=2026-06-13T14:49:42.804+08:00 condition=E4_FIXED_NONPROGRESSIVE
2026-06-13T14:49:49.769+08:00 MARKER sdk=1 host=1 enabled=1 sent=1 result=0 message=EVENT EXP2_PENDING_SELECTION trial_id=Exp2_002 rel=1130.760498 unix=1781333389660 bjt=2026-06-13T14:49:49.660+08:00 condition=E4_FIXED_NONPROGRESSIVE selected=1 selected_content=2 changes=1
2026-06-13T14:49:56.291+08:00 MARKER sdk=1 host=1 enabled=1 sent=1 result=0 message=EVENT EXP2_SUBMIT_SELECTION trial_id=Exp2_002 rel=1137.282349 unix=1781333396182 bjt=2026-06-13T14:49:56.182+08:00 condition=E4_FIXED_NONPROGRESSIVE selected=1 selected_content=2 correct=1
2026-06-13T14:49:56.293+08:00 MARKER sdk=1 host=1 enabled=1 sent=1 result=0 message=TRIAL_RESULT Exp2_002 selected=1 correct=1
2026-06-13T14:51:09.946+08:00 MARKER sdk=1 host=1 enabled=1 sent=1 result=0 message=TRIALID Exp2_003
2026-06-13T14:51:09.946+08:00 MARKER sdk=1 host=1 enabled=1 sent=1 result=0 message=!V TRIAL_VAR participant A026
2026-06-13T14:51:09.946+08:00 MARKER sdk=1 host=1 enabled=1 sent=1 result=0 message=!V TRIAL_VAR experiment EXP2
2026-06-13T14:51:09.946+08:00 MARKER sdk=1 host=1 enabled=1 sent=1 result=0 message=!V TRIAL_VAR condition E2_FIXED_PROGRESSIVE
2026-06-13T14:51:09.946+08:00 MARKER sdk=1 host=1 enabled=1 sent=1 result=0 message=!V TRIAL_VAR spatial_continuity 0
2026-06-13T14:51:09.947+08:00 MARKER sdk=1 host=1 enabled=1 sent=1 result=0 message=!V TRIAL_VAR progressive_availability 1
2026-06-13T14:51:09.947+08:00 MARKER sdk=1 host=1 enabled=1 sent=1 result=0 message=!V TRIAL_VAR target_index 4
2026-06-13T14:51:09.947+08:00 MARKER sdk=1 host=1 enabled=1 sent=1 result=0 message=!V TRIAL_VAR target_display_index 4
2026-06-13T14:51:09.947+08:00 MARKER sdk=1 host=1 enabled=1 sent=1 result=0 message=!V TRIAL_VAR target_content_index 3
2026-06-13T14:51:09.947+08:00 MARKER sdk=1 host=1 enabled=1 sent=1 result=0 message=!V TRIAL_VAR target_label 脖子
2026-06-13T14:51:09.947+08:00 MARKER sdk=1 host=1 enabled=1 sent=1 result=0 message=!V TRIAL_VAR slot_permutation 1:2|2:4|3:1|4:3
2026-06-13T14:51:09.947+08:00 MARKER sdk=1 host=1 enabled=1 sent=1 result=0 message=!V TRIAL_VAR sequence_group 3
2026-06-13T14:51:09.948+08:00 MARKER sdk=1 host=1 enabled=1 sent=1 result=0 message=!V TRIAL_VAR sequence_index 3
2026-06-13T14:51:09.948+08:00 MARKER sdk=1 host=1 enabled=1 sent=1 result=0 message=EVENT EXP2_LOADING_START trial_id=Exp2_003 rel=1210.937012 unix=1781333469837 bjt=2026-06-13T14:51:09.836+08:00 condition=E2_FIXED_PROGRESSIVE
2026-06-13T14:51:13.931+08:00 MARKER sdk=1 host=1 enabled=1 sent=1 result=0 message=EVENT EXP2_OBJECT_STAGE_CHANGED trial_id=Exp2_003 rel=1214.922241 unix=1781333473822 bjt=2026-06-13T14:51:13.822+08:00 condition=E2_FIXED_PROGRESSIVE object_index=1 previous_stage=0 new_stage=1 progress=0.333499 object_stages=1:1|2:0|3:0|4:
2026-06-13T14:51:13.932+08:00 MARKER sdk=1 host=1 enabled=1 sent=1 result=0 message=EVENT EXP2_STAGE_1_START trial_id=Exp2_003 rel=1214.922241 unix=1781333473822 bjt=2026-06-13T14:51:13.822+08:00 condition=E2_FIXED_PROGRESSIVE stage=1 first_object_index=1 progress=0.333499 object_stages=1:1|2:0|3:0|4:0
2026-06-13T14:51:13.933+08:00 MARKER sdk=1 host=1 enabled=1 sent=1 result=0 message=EVENT EXP2_OBJECT_STAGE_CHANGED trial_id=Exp2_003 rel=1214.922241 unix=1781333473822 bjt=2026-06-13T14:51:13.822+08:00 condition=E2_FIXED_PROGRESSIVE object_index=2 previous_stage=0 new_stage=1 progress=0.333499 object_stages=1:1|2:1|3:0|4:
2026-06-13T14:51:13.933+08:00 MARKER sdk=1 host=1 enabled=1 sent=1 result=0 message=EVENT EXP2_OBJECT_STAGE_CHANGED trial_id=Exp2_003 rel=1214.922241 unix=1781333473822 bjt=2026-06-13T14:51:13.822+08:00 condition=E2_FIXED_PROGRESSIVE object_index=3 previous_stage=0 new_stage=1 progress=0.333499 object_stages=1:1|2:1|3:1|4:
2026-06-13T14:51:13.933+08:00 MARKER sdk=1 host=1 enabled=1 sent=1 result=0 message=EVENT EXP2_OBJECT_STAGE_CHANGED trial_id=Exp2_003 rel=1214.922241 unix=1781333473822 bjt=2026-06-13T14:51:13.822+08:00 condition=E2_FIXED_PROGRESSIVE object_index=4 previous_stage=0 new_stage=1 progress=0.333499 object_stages=1:1|2:1|3:1|4:
2026-06-13T14:51:15.942+08:00 MARKER sdk=1 host=1 enabled=1 sent=1 result=0 message=EVENT EXP2_OBJECT_STAGE_CHANGED trial_id=Exp2_003 rel=1216.933716 unix=1781333475834 bjt=2026-06-13T14:51:15.833+08:00 condition=E2_FIXED_PROGRESSIVE object_index=1 previous_stage=1 new_stage=2 progress=0.501121 object_stages=1:2|2:1|3:1|4:
2026-06-13T14:51:15.942+08:00 MARKER sdk=1 host=1 enabled=1 sent=1 result=0 message=EVENT EXP2_STAGE_2_START trial_id=Exp2_003 rel=1216.933716 unix=1781333475834 bjt=2026-06-13T14:51:15.833+08:00 condition=E2_FIXED_PROGRESSIVE stage=2 first_object_index=1 progress=0.501121 object_stages=1:2|2:1|3:1|4:1
2026-06-13T14:51:15.943+08:00 MARKER sdk=1 host=1 enabled=1 sent=1 result=0 message=EVENT EXP2_OBJECT_STAGE_CHANGED trial_id=Exp2_003 rel=1216.933716 unix=1781333475834 bjt=2026-06-13T14:51:15.833+08:00 condition=E2_FIXED_PROGRESSIVE object_index=2 previous_stage=1 new_stage=2 progress=0.501121 object_stages=1:2|2:2|3:1|4:
2026-06-13T14:51:15.944+08:00 MARKER sdk=1 host=1 enabled=1 sent=1 result=0 message=EVENT EXP2_OBJECT_STAGE_CHANGED trial_id=Exp2_003 rel=1216.933716 unix=1781333475834 bjt=2026-06-13T14:51:15.833+08:00 condition=E2_FIXED_PROGRESSIVE object_index=3 previous_stage=1 new_stage=2 progress=0.501121 object_stages=1:2|2:2|3:2|4:
2026-06-13T14:51:15.944+08:00 MARKER sdk=1 host=1 enabled=1 sent=1 result=0 message=EVENT EXP2_OBJECT_STAGE_CHANGED trial_id=Exp2_003 rel=1216.933716 unix=1781333475834 bjt=2026-06-13T14:51:15.833+08:00 condition=E2_FIXED_PROGRESSIVE object_index=4 previous_stage=1 new_stage=2 progress=0.501121 object_stages=1:2|2:2|3:2|4:
2026-06-13T14:51:15.944+08:00 MARKER sdk=1 host=1 enabled=1 sent=1 result=0 message=EVENT EXP2_PROGRESSIVE_USABLE trial_id=Exp2_003 rel=1216.933716 unix=1781333475834 bjt=2026-06-13T14:51:15.833+08:00 condition=E2_FIXED_PROGRESSIVE target_display_index=4 target_content_index=3 target_label=脖子 stage=2 progress=0.501121
2026-06-13T14:51:21.935+08:00 MARKER sdk=1 host=1 enabled=1 sent=1 result=0 message=EVENT EXP2_OBJECT_STAGE_CHANGED trial_id=Exp2_003 rel=1222.925293 unix=1781333481825 bjt=2026-06-13T14:51:21.825+08:00 condition=E2_FIXED_PROGRESSIVE object_index=1 previous_stage=2 new_stage=3 progress=1.000000 object_stages=1:3|2:2|3:2|4:
2026-06-13T14:51:21.936+08:00 MARKER sdk=1 host=1 enabled=1 sent=1 result=0 message=EVENT EXP2_STAGE_3_START trial_id=Exp2_003 rel=1222.925293 unix=1781333481825 bjt=2026-06-13T14:51:21.825+08:00 condition=E2_FIXED_PROGRESSIVE stage=3 first_object_index=1 progress=1.000000 object_stages=1:3|2:2|3:2|4:2
2026-06-13T14:51:21.936+08:00 MARKER sdk=1 host=1 enabled=1 sent=1 result=0 message=EVENT EXP2_OBJECT_STAGE_CHANGED trial_id=Exp2_003 rel=1222.925293 unix=1781333481825 bjt=2026-06-13T14:51:21.825+08:00 condition=E2_FIXED_PROGRESSIVE object_index=2 previous_stage=2 new_stage=3 progress=1.000000 object_stages=1:3|2:3|3:2|4:
2026-06-13T14:51:21.937+08:00 MARKER sdk=1 host=1 enabled=1 sent=1 result=0 message=EVENT EXP2_OBJECT_STAGE_CHANGED trial_id=Exp2_003 rel=1222.925293 unix=1781333481825 bjt=2026-06-13T14:51:21.825+08:00 condition=E2_FIXED_PROGRESSIVE object_index=3 previous_stage=2 new_stage=3 progress=1.000000 object_stages=1:3|2:3|3:3|4:
2026-06-13T14:51:21.937+08:00 MARKER sdk=1 host=1 enabled=1 sent=1 result=0 message=EVENT EXP2_OBJECT_STAGE_CHANGED trial_id=Exp2_003 rel=1222.925293 unix=1781333481825 bjt=2026-06-13T14:51:21.825+08:00 condition=E2_FIXED_PROGRESSIVE object_index=4 previous_stage=2 new_stage=3 progress=1.000000 object_stages=1:3|2:3|3:3|4:
2026-06-13T14:51:21.938+08:00 MARKER sdk=1 host=1 enabled=1 sent=1 result=0 message=EVENT EXP2_LOADING_COMPLETE trial_id=Exp2_003 rel=1222.925293 unix=1781333481825 bjt=2026-06-13T14:51:21.825+08:00 condition=E2_FIXED_PROGRESSIVE
2026-06-13T14:51:25.505+08:00 MARKER sdk=1 host=1 enabled=1 sent=1 result=0 message=EVENT EXP2_PENDING_SELECTION trial_id=Exp2_003 rel=1226.496460 unix=1781333485396 bjt=2026-06-13T14:51:25.396+08:00 condition=E2_FIXED_PROGRESSIVE selected=4 selected_content=3 changes=1
2026-06-13T14:51:30.676+08:00 MARKER sdk=1 host=1 enabled=1 sent=1 result=0 message=EVENT EXP2_SUBMIT_SELECTION trial_id=Exp2_003 rel=1231.667969 unix=1781333490568 bjt=2026-06-13T14:51:30.567+08:00 condition=E2_FIXED_PROGRESSIVE selected=4 selected_content=3 correct=1
2026-06-13T14:51:30.677+08:00 MARKER sdk=1 host=1 enabled=1 sent=1 result=0 message=TRIAL_RESULT Exp2_003 selected=4 correct=1
2026-06-13T14:52:36.802+08:00 MARKER sdk=1 host=1 enabled=1 sent=1 result=0 message=TRIALID Exp2_004
2026-06-13T14:52:36.803+08:00 MARKER sdk=1 host=1 enabled=1 sent=1 result=0 message=!V TRIAL_VAR participant A026
2026-06-13T14:52:36.803+08:00 MARKER sdk=1 host=1 enabled=1 sent=1 result=0 message=!V TRIAL_VAR experiment EXP2
2026-06-13T14:52:36.803+08:00 MARKER sdk=1 host=1 enabled=1 sent=1 result=0 message=!V TRIAL_VAR condition E1_SPATIAL_PROGRESSIVE
2026-06-13T14:52:36.803+08:00 MARKER sdk=1 host=1 enabled=1 sent=1 result=0 message=!V TRIAL_VAR spatial_continuity 1
2026-06-13T14:52:36.803+08:00 MARKER sdk=1 host=1 enabled=1 sent=1 result=0 message=!V TRIAL_VAR progressive_availability 1
2026-06-13T14:52:36.803+08:00 MARKER sdk=1 host=1 enabled=1 sent=1 result=0 message=!V TRIAL_VAR target_index 3
2026-06-13T14:52:36.804+08:00 MARKER sdk=1 host=1 enabled=1 sent=1 result=0 message=!V TRIAL_VAR target_display_index 3
2026-06-13T14:52:36.804+08:00 MARKER sdk=1 host=1 enabled=1 sent=1 result=0 message=!V TRIAL_VAR target_content_index 4
2026-06-13T14:52:36.804+08:00 MARKER sdk=1 host=1 enabled=1 sent=1 result=0 message=!V TRIAL_VAR target_label 头顶
2026-06-13T14:52:36.804+08:00 MARKER sdk=1 host=1 enabled=1 sent=1 result=0 message=!V TRIAL_VAR slot_permutation 1:3|2:1|3:4|4:2
2026-06-13T14:52:36.804+08:00 MARKER sdk=1 host=1 enabled=1 sent=1 result=0 message=!V TRIAL_VAR sequence_group 3
2026-06-13T14:52:36.804+08:00 MARKER sdk=1 host=1 enabled=1 sent=1 result=0 message=!V TRIAL_VAR sequence_index 4
2026-06-13T14:52:36.804+08:00 MARKER sdk=1 host=1 enabled=1 sent=1 result=0 message=EVENT EXP2_LOADING_START trial_id=Exp2_004 rel=1297.792847 unix=1781333556693 bjt=2026-06-13T14:52:36.692+08:00 condition=E1_SPATIAL_PROGRESSIVE
2026-06-13T14:52:40.792+08:00 MARKER sdk=1 host=1 enabled=1 sent=1 result=0 message=EVENT EXP2_OBJECT_STAGE_CHANGED trial_id=Exp2_004 rel=1301.782471 unix=1781333560682 bjt=2026-06-13T14:52:40.682+08:00 condition=E1_SPATIAL_PROGRESSIVE object_index=1 previous_stage=0 new_stage=1 progress=0.333859 object_stages=1:1|2:0|3:0|
2026-06-13T14:52:40.793+08:00 MARKER sdk=1 host=1 enabled=1 sent=1 result=0 message=EVENT EXP2_STAGE_1_START trial_id=Exp2_004 rel=1301.782471 unix=1781333560682 bjt=2026-06-13T14:52:40.682+08:00 condition=E1_SPATIAL_PROGRESSIVE stage=1 first_object_index=1 progress=0.333859 object_stages=1:1|2:0|3:0|4:0
2026-06-13T14:52:40.794+08:00 MARKER sdk=1 host=1 enabled=1 sent=1 result=0 message=EVENT EXP2_OBJECT_STAGE_CHANGED trial_id=Exp2_004 rel=1301.782471 unix=1781333560682 bjt=2026-06-13T14:52:40.682+08:00 condition=E1_SPATIAL_PROGRESSIVE object_index=2 previous_stage=0 new_stage=1 progress=0.333859 object_stages=1:1|2:1|3:0|
2026-06-13T14:52:40.795+08:00 MARKER sdk=1 host=1 enabled=1 sent=1 result=0 message=EVENT EXP2_OBJECT_STAGE_CHANGED trial_id=Exp2_004 rel=1301.782471 unix=1781333560682 bjt=2026-06-13T14:52:40.682+08:00 condition=E1_SPATIAL_PROGRESSIVE object_index=3 previous_stage=0 new_stage=1 progress=0.333859 object_stages=1:1|2:1|3:1|
2026-06-13T14:52:40.795+08:00 MARKER sdk=1 host=1 enabled=1 sent=1 result=0 message=EVENT EXP2_OBJECT_STAGE_CHANGED trial_id=Exp2_004 rel=1301.782471 unix=1781333560682 bjt=2026-06-13T14:52:40.682+08:00 condition=E1_SPATIAL_PROGRESSIVE object_index=4 previous_stage=0 new_stage=1 progress=0.333859 object_stages=1:1|2:1|3:1|
2026-06-13T14:52:42.804+08:00 MARKER sdk=1 host=1 enabled=1 sent=1 result=0 message=EVENT EXP2_OBJECT_STAGE_CHANGED trial_id=Exp2_004 rel=1303.794189 unix=1781333562694 bjt=2026-06-13T14:52:42.694+08:00 condition=E1_SPATIAL_PROGRESSIVE object_index=1 previous_stage=1 new_stage=2 progress=0.501502 object_stages=1:2|2:1|3:1|
2026-06-13T14:52:42.804+08:00 MARKER sdk=1 host=1 enabled=1 sent=1 result=0 message=EVENT EXP2_STAGE_2_START trial_id=Exp2_004 rel=1303.794189 unix=1781333562694 bjt=2026-06-13T14:52:42.694+08:00 condition=E1_SPATIAL_PROGRESSIVE stage=2 first_object_index=1 progress=0.501502 object_stages=1:2|2:1|3:1|4:1
2026-06-13T14:52:42.805+08:00 MARKER sdk=1 host=1 enabled=1 sent=1 result=0 message=EVENT EXP2_OBJECT_STAGE_CHANGED trial_id=Exp2_004 rel=1303.794189 unix=1781333562694 bjt=2026-06-13T14:52:42.694+08:00 condition=E1_SPATIAL_PROGRESSIVE object_index=2 previous_stage=1 new_stage=2 progress=0.501502 object_stages=1:2|2:2|3:1|
2026-06-13T14:52:42.805+08:00 MARKER sdk=1 host=1 enabled=1 sent=1 result=0 message=EVENT EXP2_OBJECT_STAGE_CHANGED trial_id=Exp2_004 rel=1303.794189 unix=1781333562694 bjt=2026-06-13T14:52:42.694+08:00 condition=E1_SPATIAL_PROGRESSIVE object_index=3 previous_stage=1 new_stage=2 progress=0.501502 object_stages=1:2|2:2|3:2|
2026-06-13T14:52:42.805+08:00 MARKER sdk=1 host=1 enabled=1 sent=1 result=0 message=EVENT EXP2_PROGRESSIVE_USABLE trial_id=Exp2_004 rel=1303.794189 unix=1781333562694 bjt=2026-06-13T14:52:42.694+08:00 condition=E1_SPATIAL_PROGRESSIVE target_display_index=3 target_content_index=4 target_label=头顶 stage=2 progress=0.501502
2026-06-13T14:52:42.806+08:00 MARKER sdk=1 host=1 enabled=1 sent=1 result=0 message=EVENT EXP2_OBJECT_STAGE_CHANGED trial_id=Exp2_004 rel=1303.794189 unix=1781333562694 bjt=2026-06-13T14:52:42.694+08:00 condition=E1_SPATIAL_PROGRESSIVE object_index=4 previous_stage=1 new_stage=2 progress=0.501502 object_stages=1:2|2:2|3:2|
2026-06-13T14:52:48.800+08:00 MARKER sdk=1 host=1 enabled=1 sent=1 result=0 message=EVENT EXP2_OBJECT_STAGE_CHANGED trial_id=Exp2_004 rel=1309.791504 unix=1781333568691 bjt=2026-06-13T14:52:48.691+08:00 condition=E1_SPATIAL_PROGRESSIVE object_index=1 previous_stage=2 new_stage=3 progress=1.000000 object_stages=1:3|2:2|3:2|
2026-06-13T14:52:48.801+08:00 MARKER sdk=1 host=1 enabled=1 sent=1 result=0 message=EVENT EXP2_STAGE_3_START trial_id=Exp2_004 rel=1309.791504 unix=1781333568691 bjt=2026-06-13T14:52:48.691+08:00 condition=E1_SPATIAL_PROGRESSIVE stage=3 first_object_index=1 progress=1.000000 object_stages=1:3|2:2|3:2|4:2
2026-06-13T14:52:48.801+08:00 MARKER sdk=1 host=1 enabled=1 sent=1 result=0 message=EVENT EXP2_OBJECT_STAGE_CHANGED trial_id=Exp2_004 rel=1309.791504 unix=1781333568691 bjt=2026-06-13T14:52:48.691+08:00 condition=E1_SPATIAL_PROGRESSIVE object_index=2 previous_stage=2 new_stage=3 progress=1.000000 object_stages=1:3|2:3|3:2|
2026-06-13T14:52:48.802+08:00 MARKER sdk=1 host=1 enabled=1 sent=1 result=0 message=EVENT EXP2_OBJECT_STAGE_CHANGED trial_id=Exp2_004 rel=1309.791504 unix=1781333568691 bjt=2026-06-13T14:52:48.691+08:00 condition=E1_SPATIAL_PROGRESSIVE object_index=3 previous_stage=2 new_stage=3 progress=1.000000 object_stages=1:3|2:3|3:3|
2026-06-13T14:52:48.802+08:00 MARKER sdk=1 host=1 enabled=1 sent=1 result=0 message=EVENT EXP2_OBJECT_STAGE_CHANGED trial_id=Exp2_004 rel=1309.791504 unix=1781333568691 bjt=2026-06-13T14:52:48.691+08:00 condition=E1_SPATIAL_PROGRESSIVE object_index=4 previous_stage=2 new_stage=3 progress=1.000000 object_stages=1:3|2:3|3:3|
2026-06-13T14:52:48.803+08:00 MARKER sdk=1 host=1 enabled=1 sent=1 result=0 message=EVENT EXP2_LOADING_COMPLETE trial_id=Exp2_004 rel=1309.791504 unix=1781333568691 bjt=2026-06-13T14:52:48.691+08:00 condition=E1_SPATIAL_PROGRESSIVE
2026-06-13T14:52:53.272+08:00 MARKER sdk=1 host=1 enabled=1 sent=1 result=0 message=EVENT EXP2_PENDING_SELECTION trial_id=Exp2_004 rel=1314.263550 unix=1781333573163 bjt=2026-06-13T14:52:53.163+08:00 condition=E1_SPATIAL_PROGRESSIVE selected=3 selected_content=4 changes=1
2026-06-13T14:52:59.374+08:00 MARKER sdk=1 host=1 enabled=1 sent=1 result=0 message=EVENT EXP2_SUBMIT_SELECTION trial_id=Exp2_004 rel=1320.365967 unix=1781333579266 bjt=2026-06-13T14:52:59.265+08:00 condition=E1_SPATIAL_PROGRESSIVE selected=3 selected_content=4 correct=1
2026-06-13T14:52:59.375+08:00 MARKER sdk=1 host=1 enabled=1 sent=1 result=0 message=TRIAL_RESULT Exp2_004 selected=3 correct=1
2026-06-13T14:54:15.716+08:00 MARKER sdk=1 host=1 enabled=1 sent=1 result=0 message=EVENT EXPERIMENT_END_SCREEN_SHOWN participant=A026 unix=1781333655716 bjt=2026-06-13_14:54:15.716
2026-06-13T14:54:15.717+08:00 FORMAL_RECORDING step=FINISH_REQUESTED success=1 reason=experiment_end_door edf=FM143113.EDF recording=1 opened=1
2026-06-13T14:54:15.717+08:00 MARKER sdk=1 host=1 enabled=1 sent=1 result=0 message=FORMAL_RECORDING_END participant=A026 rel=1396.708 unix=1781333655717 bjt=2026-06-13T14:54:15.717+08:00 edf=FM143113.EDF source=ue_formal reason=experiment_end_door
2026-06-13T14:54:15.823+08:00 FORMAL_RECORDING step=RECORDING_STOPPED success=1 result=0
2026-06-13T14:54:15.823+08:00 FORMAL_RECORDING step=EDF_CLOSED success=1 edf=FM143113.EDF result=0
2026-06-13T14:54:18.499+08:00 EDF_RECEIVE_ATTEMPT source_tag=formal attempt=full_path source=FM143113.EDF dest=../../../../../../Project/UE5/Gallery/Saved/ExperimentData/EDF/FM143113.EDF dest_is_path=0 result=72596461 exists=1 size=72596461
2026-06-13T14:54:18.499+08:00 FORMAL_RECORDING step=EDF_RECEIVED_TO_DPC success=1 edf=FM143113.EDF local=../../../../../../Project/UE5/Gallery/Saved/ExperimentData/EDF/FM143113.EDF result=72596461 size=72596461
2026-06-13T14:54:18.499+08:00 FORMAL_RECORDING step=FINISHED success=1 reason=experiment_end_door edf=FM143113.EDF local=../../../../../../Project/UE5/Gallery/Saved/ExperimentData/EDF/FM143113.EDF
