2026-06-15T20:49:49.866+08:00 STATUS start_ui_status sdk=connected host=not_connected log=
2026-06-15T20:50:23.381+08:00 FORMAL_RECORDING step=EDF_OPEN_REQUESTED success=1 participant=A035 edf=FM205023.EDF source=calibration_button
2026-06-15T20:50:23.382+08:00 CONNECT method=open_eyelink_connection ip=100.1.1.1
2026-06-15T20:50:23.416+08:00 CONNECT_RESULT method=open_eyelink_connection result=0 connected=1
2026-06-15T20:50:23.416+08:00 STATUS host_connected=1 sdk_available=1 note=connection_opened_high_level
2026-06-15T20:50:23.416+08:00 FORMAL_RECORDING step=HOST_CONNECTED success=1 sdk=1 host=1 source=calibration_button
2026-06-15T20:50:23.464+08:00 FORMAL_RECORDING step=EDF_OPENED success=1 edf=FM205023.EDF result=0 source=calibration_button
2026-06-15T20:50:23.510+08:00 FORMAL_EDF_MARKER sdk=1 host=1 opened=1 sent=1 message=FORMAL_EDF_OPENED participant=A035 rel=31.081 unix=1781527823509 bjt=2026-06-15T20:50:23.509+08:00 edf=FM205023.EDF source=ue_formal open_result=0 source_tag=calibration_button
2026-06-15T20:50:23.510+08:00 FORMAL_EDF_MARKER sdk=1 host=1 opened=1 sent=1 message=FORMAL_SESSION_PREPARED participant=A035 rel=31.081 unix=1781527823510 bjt=2026-06-15T20:50:23.510+08:00 edf=FM205023.EDF source=ue_formal calibration_complete=0
2026-06-15T20:50:23.510+08:00 FORMAL_EDF_MARKER sdk=1 host=1 opened=1 sent=1 message=CALIBRATION_REQUESTED participant=A035 rel=31.081 unix=1781527823510 bjt=2026-06-15T20:50:23.510+08:00 edf=FM205023.EDF source=ue_formal open_result=0
2026-06-15T20:50:23.510+08:00 CALIBRATION step=REQUESTED success=1 note=run_eyelink_tracker_setup
2026-06-15T20:50:23.510+08:00 CALIBRATION step=HOST_CONNECTED success=1 sdk=1 host=1 graphics=1
2026-06-15T20:50:23.515+08:00 CALIBRATION_DISPLAY_INIT success=1 result=0 error=
2026-06-15T20:50:23.515+08:00 CALIBRATION_DISPLAY_LIST count=2 requested_index=1 explicit=1
2026-06-15T20:50:23.515+08:00 CALIBRATION_DISPLAY index=0 name=Dell XPS 15 SDC414D Display bounds_result=0 x=0 y=0 w=1920 h=1080 mode_result=0 mode_w=1920 mode_h=1080 refresh=60
2026-06-15T20:50:23.515+08:00 CALIBRATION_DISPLAY index=1 name=Acer GR235H bounds_result=0 x=0 y=-1080 w=1920 h=1080 mode_result=0 mode_w=1920 mode_h=1080 refresh=60
2026-06-15T20:50:23.616+08:00 CALIBRATION step=GRAPHICS_INITIALIZED success=1 result=0 explicit_request=1 display_index=1 window_ptr=000001E481B04E68 width=1920 height=1080 bits=32 refresh=60.00
2026-06-15T20:50:23.627+08:00 CALIBRATION step=REGISTERED_WINDOW_MOVED success=1 requested_display=1 actual_display=1 requested_x=0 requested_y=-1080 requested_w=1920 requested_h=1080 actual_x=0 actual_y=-1080 actual_w=1920 actual_h=1080
2026-06-15T20:50:23.631+08:00 FORMAL_EDF_MARKER sdk=1 host=1 opened=1 sent=1 message=CALIBRATION_SETUP_START participant=A035 rel=31.081 unix=1781527823631 bjt=2026-06-15T20:50:23.631+08:00 edf=FM205023.EDF source=ue_formal calibration_type=HV9 width=1920 height=1080
2026-06-15T20:50:23.631+08:00 CALIBRATION step=TRACKER_SETUP_BEGIN success=1 detail=call_do_tracker_setup
2026-06-15T20:56:30.229+08:00 CALIBRATION step=TRACKER_SETUP_RETURNED success=1 result=0
2026-06-15T20:56:30.230+08:00 FORMAL_EDF_MARKER sdk=1 host=1 opened=1 sent=1 message=CALIBRATION_SETUP_END participant=A035 rel=31.081 unix=1781528190229 bjt=2026-06-15T20:56:30.229+08:00 edf=FM205023.EDF source=ue_formal setup_result=0
2026-06-15T20:56:32.276+08:00 CALIBRATION step=GRAPHICS_CLOSED success=1
2026-06-15T20:56:32.277+08:00 CALIBRATION step=CALIBRATION_WINDOW_DESTROYED success=1
2026-06-15T20:56:32.277+08:00 CALIBRATION step=FINISHED success=1 result=0
2026-06-15T20:56:32.277+08:00 FORMAL_EDF_MARKER sdk=1 host=1 opened=1 sent=1 message=CALIBRATION_STATUS participant=A035 rel=31.081 unix=1781528192277 bjt=2026-06-15T20:56:32.277+08:00 edf=FM205023.EDF source=ue_formal calibration_complete=1
2026-06-15T20:56:32.277+08:00 FORMAL_CALIBRATION step=FINISHED success=1 participant=A035 edf=FM205023.EDF open_result=0
2026-06-15T20:56:32.277+08:00 STATUS start_ui_status sdk=connected host=connected log=../../../../../../Project/UE5/Gallery/Saved/ExperimentLogs/EyeLinkMarkers_20260615_204949_866.log
2026-06-15T20:56:40.043+08:00 FORMAL_RECORDING step=EDF_ALREADY_OPEN success=1 participant=A035 edf=FM205023.EDF source=start_button_preopened calibration_complete=1
2026-06-15T20:56:40.051+08:00 FORMAL_RECORDING step=RECORDING_STARTED success=1 result=0 edf=FM205023.EDF preopened=1 calibration_complete=1
2026-06-15T20:56:40.051+08:00 MARKER sdk=1 host=1 enabled=1 sent=1 result=0 message=FORMAL_RECORDING_START participant=A035 rel=38.536 unix=1781528200051 bjt=2026-06-15T20:56:40.051+08:00 edf=FM205023.EDF source=ue_formal open_result=0 record_result=0 edf_preopened=1 calibration_complete=1
2026-06-15T20:56:40.051+08:00 STATUS formal_recording_start_requested participant=A035 success=1 edf=FM205023.EDF calibration_complete=1
2026-06-15T20:56:40.051+08:00 STATUS start_ui_status sdk=connected host=connected log=../../../../../../Project/UE5/Gallery/Saved/ExperimentLogs/EyeLinkMarkers_20260615_204949_866.log
2026-06-15T20:56:40.051+08:00 MARKER sdk=1 host=1 enabled=1 sent=1 result=0 message=RECORDING_TIME_REFERENCE participant=A035 output_id=A035 rel=38.536 unix=1781528200051 bjt=2026-06-15T20:56:40.051+08:00 source=ue_session_start
2026-06-15T20:56:40.051+08:00 MARKER sdk=1 host=1 enabled=1 sent=1 result=0 message=SESSION_START participant=A035 output_id=A035 rel=38.536 unix=1781528200051 bjt=2026-06-15T20:56:40.051+08:00
2026-06-15T20:56:40.051+08:00 MARKER sdk=1 host=1 enabled=1 sent=1 result=0 message=EXPERIMENT_RUN_MODE EXP1_THEN_EXP2
2026-06-15T20:56:40.057+08:00 MARKER sdk=1 host=1 enabled=1 sent=1 result=0 message=SCREEN_RECORDING_REQUEST enabled=1 started=1 participant=A035 output_id=A035
2026-06-15T20:57:24.078+08:00 MARKER sdk=1 host=1 enabled=1 sent=1 result=0 message=TRIALID T001
2026-06-15T20:57:24.079+08:00 MARKER sdk=1 host=1 enabled=1 sent=1 result=0 message=EVENT LOADING_INTERACT trial=T001 rel=82.590 unix=1781528244105 bjt=2026-06-15T20:57:24.104+08:00
2026-06-15T20:57:24.079+08:00 MARKER sdk=1 host=1 enabled=1 sent=1 result=0 message=EVENT LOADING_START trial=T001 rel=82.590 unix=1781528244105 bjt=2026-06-15T20:57:24.104+08:00
2026-06-15T20:57:24.079+08:00 MARKER sdk=1 host=1 enabled=1 sent=1 result=0 message=TRIAL_META exp=EXP1 participant=A035 participant_output_id=A035 exhibit_id=Ex1_TEST exhibit_name=测试展品 condition=A latin_group=NA sequence_index=-1 sequence_label=NA
2026-06-15T20:57:26.071+08:00 MARKER sdk=1 host=1 enabled=1 sent=1 result=0 message=EVENT LOADING_COMPLETE trial=T001 rel=84.583 unix=1781528246098 bjt=2026-06-15T20:57:26.098+08:00
2026-06-15T20:57:30.886+08:00 MARKER sdk=1 host=1 enabled=1 sent=1 result=0 message=EVENT VIEWER_ENTER trial=T001 rel=89.396 unix=1781528250911 bjt=2026-06-15T20:57:30.910+08:00
2026-06-15T20:57:30.886+08:00 MARKER sdk=1 host=1 enabled=1 sent=1 result=0 message=EVENT QUESTION_START trial=T001 rel=89.396 unix=1781528250911 bjt=2026-06-15T20:57:30.910+08:00 q=1 total=2 correct_index=-1 correct_label=NotAnswered
2026-06-15T20:57:37.066+08:00 MARKER sdk=1 host=1 enabled=1 sent=1 result=0 message=EVENT QUESTION_SUBMIT trial=T001 rel=95.561 unix=1781528257076 bjt=2026-06-15T20:57:37.076+08:00 q=1 option=A correct_index=-1 correct_label=NotAnswered is_correct=-1
2026-06-15T20:57:37.067+08:00 MARKER sdk=1 host=1 enabled=1 sent=1 result=0 message=EVENT QUESTION_START trial=T001 rel=95.561 unix=1781528257076 bjt=2026-06-15T20:57:37.076+08:00 q=2 total=2 correct_index=-1 correct_label=NotAnswered
2026-06-15T20:57:52.439+08:00 MARKER sdk=1 host=1 enabled=1 sent=1 result=0 message=EVENT QUESTION_SUBMIT trial=T001 rel=110.928 unix=1781528272443 bjt=2026-06-15T20:57:52.443+08:00 q=2 option=A correct_index=-1 correct_label=NotAnswered is_correct=-1
2026-06-15T20:57:53.922+08:00 MARKER sdk=1 host=1 enabled=1 sent=1 result=0 message=EVENT VIEWER_EXIT trial=T001 rel=112.434 unix=1781528273949 bjt=2026-06-15T20:57:53.949+08:00
2026-06-15T20:57:53.923+08:00 MARKER sdk=1 host=1 enabled=1 sent=1 result=0 message=EVENT TRIAL_RESULT trial=T001 rel=112.434 unix=1781528273949 bjt=2026-06-15T20:57:53.949+08:00 rows=2
2026-06-15T20:58:25.433+08:00 MARKER sdk=1 host=1 enabled=1 sent=1 result=0 message=TRIALID T002
2026-06-15T20:58:25.434+08:00 MARKER sdk=1 host=1 enabled=1 sent=1 result=0 message=EVENT LOADING_INTERACT trial=T002 rel=143.946 unix=1781528305461 bjt=2026-06-15T20:58:25.460+08:00
2026-06-15T20:58:25.434+08:00 MARKER sdk=1 host=1 enabled=1 sent=1 result=0 message=EVENT LOADING_START trial=T002 rel=143.946 unix=1781528305461 bjt=2026-06-15T20:58:25.460+08:00
2026-06-15T20:58:25.434+08:00 MARKER sdk=1 host=1 enabled=1 sent=1 result=0 message=EVENT VIEWER_ENTER trial=T002 rel=143.946 unix=1781528305461 bjt=2026-06-15T20:58:25.460+08:00 mode=progressive_no_progress_bar
2026-06-15T20:58:25.434+08:00 MARKER sdk=1 host=1 enabled=1 sent=1 result=0 message=TRIAL_META exp=EXP1 participant=A035 participant_output_id=A035 exhibit_id=01 exhibit_name=半岛香炉 condition=C_MINUS latin_group=G4 sequence_index=1 sequence_label=G4_T01
2026-06-15T20:58:31.425+08:00 MARKER sdk=1 host=1 enabled=1 sent=1 result=0 message=EVENT PROGRESSIVE_USABLE trial=T002 rel=149.936 unix=1781528311451 bjt=2026-06-15T20:58:31.451+08:00
2026-06-15T20:58:31.426+08:00 MARKER sdk=1 host=1 enabled=1 sent=1 result=0 message=EVENT QUESTION_START trial=T002 rel=149.936 unix=1781528311451 bjt=2026-06-15T20:58:31.451+08:00 q=1 total=2 correct_index=1 correct_label=B
2026-06-15T20:58:35.421+08:00 MARKER sdk=1 host=1 enabled=1 sent=1 result=0 message=EVENT LOADING_COMPLETE trial=T002 rel=153.933 unix=1781528315448 bjt=2026-06-15T20:58:35.447+08:00
2026-06-15T20:58:45.346+08:00 MARKER sdk=1 host=1 enabled=1 sent=1 result=0 message=EVENT QUESTION_SUBMIT trial=T002 rel=163.840 unix=1781528325355 bjt=2026-06-15T20:58:45.354+08:00 q=1 option=B correct_index=1 correct_label=B is_correct=1
2026-06-15T20:58:45.354+08:00 MARKER sdk=1 host=1 enabled=1 sent=1 result=0 message=EVENT QUESTION_START trial=T002 rel=163.840 unix=1781528325355 bjt=2026-06-15T20:58:45.354+08:00 q=2 total=2 correct_index=1 correct_label=B
2026-06-15T20:58:49.438+08:00 MARKER sdk=1 host=1 enabled=1 sent=1 result=0 message=EVENT QUESTION_SUBMIT trial=T002 rel=167.926 unix=1781528329441 bjt=2026-06-15T20:58:49.440+08:00 q=2 option=A correct_index=1 correct_label=B is_correct=0
2026-06-15T20:58:51.369+08:00 MARKER sdk=1 host=1 enabled=1 sent=1 result=0 message=EVENT VIEWER_EXIT trial=T002 rel=169.881 unix=1781528331396 bjt=2026-06-15T20:58:51.395+08:00
2026-06-15T20:58:51.369+08:00 MARKER sdk=1 host=1 enabled=1 sent=1 result=0 message=EVENT TRIAL_RESULT trial=T002 rel=169.881 unix=1781528331396 bjt=2026-06-15T20:58:51.395+08:00 rows=2
2026-06-15T21:00:58.924+08:00 MARKER sdk=1 host=1 enabled=1 sent=1 result=0 message=TRIALID T003
2026-06-15T21:00:58.925+08:00 MARKER sdk=1 host=1 enabled=1 sent=1 result=0 message=EVENT LOADING_INTERACT trial=T003 rel=297.436 unix=1781528458951 bjt=2026-06-15T21:00:58.951+08:00
2026-06-15T21:00:58.925+08:00 MARKER sdk=1 host=1 enabled=1 sent=1 result=0 message=EVENT LOADING_START trial=T003 rel=297.436 unix=1781528458951 bjt=2026-06-15T21:00:58.951+08:00
2026-06-15T21:00:58.925+08:00 MARKER sdk=1 host=1 enabled=1 sent=1 result=0 message=EVENT VIEWER_ENTER trial=T003 rel=297.436 unix=1781528458951 bjt=2026-06-15T21:00:58.951+08:00 mode=progressive
2026-06-15T21:00:58.926+08:00 MARKER sdk=1 host=1 enabled=1 sent=1 result=0 message=TRIAL_META exp=EXP1 participant=A035 participant_output_id=A035 exhibit_id=02 exhibit_name=中国青铜器 condition=C latin_group=G4 sequence_index=2 sequence_label=G4_T02
2026-06-15T21:01:04.913+08:00 MARKER sdk=1 host=1 enabled=1 sent=1 result=0 message=EVENT PROGRESSIVE_USABLE trial=T003 rel=303.424 unix=1781528464939 bjt=2026-06-15T21:01:04.939+08:00
2026-06-15T21:01:04.915+08:00 MARKER sdk=1 host=1 enabled=1 sent=1 result=0 message=EVENT QUESTION_START trial=T003 rel=303.424 unix=1781528464939 bjt=2026-06-15T21:01:04.939+08:00 q=1 total=2 correct_index=1 correct_label=B
2026-06-15T21:01:08.915+08:00 MARKER sdk=1 host=1 enabled=1 sent=1 result=0 message=EVENT LOADING_COMPLETE trial=T003 rel=307.428 unix=1781528468942 bjt=2026-06-15T21:01:08.942+08:00
2026-06-15T21:01:16.128+08:00 MARKER sdk=1 host=1 enabled=1 sent=1 result=0 message=EVENT QUESTION_SUBMIT trial=T003 rel=314.625 unix=1781528476140 bjt=2026-06-15T21:01:16.139+08:00 q=1 option=B correct_index=1 correct_label=B is_correct=1
2026-06-15T21:01:16.129+08:00 MARKER sdk=1 host=1 enabled=1 sent=1 result=0 message=EVENT QUESTION_START trial=T003 rel=314.625 unix=1781528476140 bjt=2026-06-15T21:01:16.139+08:00 q=2 total=2 correct_index=1 correct_label=B
2026-06-15T21:01:28.316+08:00 MARKER sdk=1 host=1 enabled=1 sent=1 result=0 message=EVENT QUESTION_SUBMIT trial=T003 rel=326.813 unix=1781528488328 bjt=2026-06-15T21:01:28.327+08:00 q=2 option=B correct_index=1 correct_label=B is_correct=1
2026-06-15T21:01:30.233+08:00 MARKER sdk=1 host=1 enabled=1 sent=1 result=0 message=EVENT VIEWER_EXIT trial=T003 rel=328.745 unix=1781528490260 bjt=2026-06-15T21:01:30.260+08:00
2026-06-15T21:01:30.234+08:00 MARKER sdk=1 host=1 enabled=1 sent=1 result=0 message=EVENT TRIAL_RESULT trial=T003 rel=328.745 unix=1781528490260 bjt=2026-06-15T21:01:30.260+08:00 rows=2
2026-06-15T21:03:04.699+08:00 MARKER sdk=1 host=1 enabled=1 sent=1 result=0 message=TRIALID T004
2026-06-15T21:03:04.699+08:00 MARKER sdk=1 host=1 enabled=1 sent=1 result=0 message=EVENT LOADING_INTERACT trial=T004 rel=423.211 unix=1781528584726 bjt=2026-06-15T21:03:04.725+08:00
2026-06-15T21:03:04.699+08:00 MARKER sdk=1 host=1 enabled=1 sent=1 result=0 message=EVENT LOADING_START trial=T004 rel=423.211 unix=1781528584726 bjt=2026-06-15T21:03:04.725+08:00
2026-06-15T21:03:04.699+08:00 MARKER sdk=1 host=1 enabled=1 sent=1 result=0 message=TRIAL_META exp=EXP1 participant=A035 participant_output_id=A035 exhibit_id=03 exhibit_name=希腊陶具 condition=A latin_group=G4 sequence_index=3 sequence_label=G4_T03
2026-06-15T21:03:14.698+08:00 MARKER sdk=1 host=1 enabled=1 sent=1 result=0 message=EVENT LOADING_COMPLETE trial=T004 rel=433.210 unix=1781528594725 bjt=2026-06-15T21:03:14.725+08:00
2026-06-15T21:03:21.059+08:00 MARKER sdk=1 host=1 enabled=1 sent=1 result=0 message=EVENT VIEWER_ENTER trial=T004 rel=439.571 unix=1781528601086 bjt=2026-06-15T21:03:21.086+08:00
2026-06-15T21:03:21.060+08:00 MARKER sdk=1 host=1 enabled=1 sent=1 result=0 message=EVENT QUESTION_START trial=T004 rel=439.571 unix=1781528601086 bjt=2026-06-15T21:03:21.086+08:00 q=1 total=2 correct_index=0 correct_label=A
2026-06-15T21:03:30.417+08:00 MARKER sdk=1 host=1 enabled=1 sent=1 result=0 message=EVENT QUESTION_SUBMIT trial=T004 rel=448.914 unix=1781528610429 bjt=2026-06-15T21:03:30.428+08:00 q=1 option=A correct_index=0 correct_label=A is_correct=1
2026-06-15T21:03:30.418+08:00 MARKER sdk=1 host=1 enabled=1 sent=1 result=0 message=EVENT QUESTION_START trial=T004 rel=448.914 unix=1781528610429 bjt=2026-06-15T21:03:30.428+08:00 q=2 total=2 correct_index=2 correct_label=C
2026-06-15T21:03:33.589+08:00 MARKER sdk=1 host=1 enabled=1 sent=1 result=0 message=EVENT QUESTION_SUBMIT trial=T004 rel=452.086 unix=1781528613601 bjt=2026-06-15T21:03:33.601+08:00 q=2 option=C correct_index=2 correct_label=C is_correct=1
2026-06-15T21:03:35.517+08:00 MARKER sdk=1 host=1 enabled=1 sent=1 result=0 message=EVENT VIEWER_EXIT trial=T004 rel=454.029 unix=1781528615544 bjt=2026-06-15T21:03:35.543+08:00
2026-06-15T21:03:35.517+08:00 MARKER sdk=1 host=1 enabled=1 sent=1 result=0 message=EVENT TRIAL_RESULT trial=T004 rel=454.029 unix=1781528615544 bjt=2026-06-15T21:03:35.543+08:00 rows=2
2026-06-15T21:05:03.786+08:00 MARKER sdk=1 host=1 enabled=1 sent=1 result=0 message=TRIALID T005
2026-06-15T21:05:03.787+08:00 MARKER sdk=1 host=1 enabled=1 sent=1 result=0 message=EVENT LOADING_INTERACT trial=T005 rel=542.297 unix=1781528703812 bjt=2026-06-15T21:05:03.812+08:00
2026-06-15T21:05:03.787+08:00 MARKER sdk=1 host=1 enabled=1 sent=1 result=0 message=EVENT LOADING_START trial=T005 rel=542.297 unix=1781528703812 bjt=2026-06-15T21:05:03.812+08:00
2026-06-15T21:05:03.787+08:00 MARKER sdk=1 host=1 enabled=1 sent=1 result=0 message=TRIAL_META exp=EXP1 participant=A035 participant_output_id=A035 exhibit_id=04 exhibit_name=中国花瓶 condition=A_PLUS latin_group=G4 sequence_index=4 sequence_label=G4_T04
2026-06-15T21:05:13.774+08:00 MARKER sdk=1 host=1 enabled=1 sent=1 result=0 message=EVENT LOADING_COMPLETE trial=T005 rel=552.287 unix=1781528713802 bjt=2026-06-15T21:05:13.802+08:00
2026-06-15T21:05:16.663+08:00 MARKER sdk=1 host=1 enabled=1 sent=1 result=0 message=EVENT VIEWER_ENTER trial=T005 rel=555.175 unix=1781528716690 bjt=2026-06-15T21:05:16.689+08:00
2026-06-15T21:05:16.663+08:00 MARKER sdk=1 host=1 enabled=1 sent=1 result=0 message=EVENT QUESTION_START trial=T005 rel=555.175 unix=1781528716690 bjt=2026-06-15T21:05:16.689+08:00 q=1 total=2 correct_index=2 correct_label=C
2026-06-15T21:05:24.576+08:00 MARKER sdk=1 host=1 enabled=1 sent=1 result=0 message=EVENT QUESTION_SUBMIT trial=T005 rel=563.073 unix=1781528724588 bjt=2026-06-15T21:05:24.587+08:00 q=1 option=A correct_index=2 correct_label=C is_correct=0
2026-06-15T21:05:24.577+08:00 MARKER sdk=1 host=1 enabled=1 sent=1 result=0 message=EVENT QUESTION_START trial=T005 rel=563.073 unix=1781528724588 bjt=2026-06-15T21:05:24.587+08:00 q=2 total=2 correct_index=3 correct_label=D
2026-06-15T21:05:27.395+08:00 MARKER sdk=1 host=1 enabled=1 sent=1 result=0 message=EVENT QUESTION_SUBMIT trial=T005 rel=565.892 unix=1781528727407 bjt=2026-06-15T21:05:27.406+08:00 q=2 option=D correct_index=3 correct_label=D is_correct=1
2026-06-15T21:05:28.579+08:00 MARKER sdk=1 host=1 enabled=1 sent=1 result=0 message=EVENT VIEWER_EXIT trial=T005 rel=567.091 unix=1781528728606 bjt=2026-06-15T21:05:28.606+08:00
2026-06-15T21:05:28.579+08:00 MARKER sdk=1 host=1 enabled=1 sent=1 result=0 message=EVENT TRIAL_RESULT trial=T005 rel=567.091 unix=1781528728606 bjt=2026-06-15T21:05:28.606+08:00 rows=2
2026-06-15T21:07:00.298+08:00 MARKER sdk=1 host=1 enabled=1 sent=1 result=0 message=TRIALID T006
2026-06-15T21:07:00.298+08:00 MARKER sdk=1 host=1 enabled=1 sent=1 result=0 message=EVENT LOADING_INTERACT trial=T006 rel=658.810 unix=1781528820325 bjt=2026-06-15T21:07:00.325+08:00
2026-06-15T21:07:00.298+08:00 MARKER sdk=1 host=1 enabled=1 sent=1 result=0 message=EVENT LOADING_START trial=T006 rel=658.810 unix=1781528820325 bjt=2026-06-15T21:07:00.325+08:00
2026-06-15T21:07:00.298+08:00 MARKER sdk=1 host=1 enabled=1 sent=1 result=0 message=TRIAL_META exp=EXP1 participant=A035 participant_output_id=A035 exhibit_id=05 exhibit_name=雅典双耳罐 condition=B latin_group=G4 sequence_index=5 sequence_label=G4_T05
2026-06-15T21:07:10.289+08:00 MARKER sdk=1 host=1 enabled=1 sent=1 result=0 message=EVENT LOADING_COMPLETE trial=T006 rel=668.801 unix=1781528830316 bjt=2026-06-15T21:07:10.315+08:00
2026-06-15T21:07:16.152+08:00 MARKER sdk=1 host=1 enabled=1 sent=1 result=0 message=EVENT VIEWER_ENTER trial=T006 rel=674.662 unix=1781528836177 bjt=2026-06-15T21:07:16.176+08:00
2026-06-15T21:07:16.152+08:00 MARKER sdk=1 host=1 enabled=1 sent=1 result=0 message=EVENT QUESTION_START trial=T006 rel=674.662 unix=1781528836177 bjt=2026-06-15T21:07:16.176+08:00 q=1 total=2 correct_index=0 correct_label=A
2026-06-15T21:07:21.953+08:00 MARKER sdk=1 host=1 enabled=1 sent=1 result=0 message=EVENT QUESTION_SUBMIT trial=T006 rel=680.450 unix=1781528841965 bjt=2026-06-15T21:07:21.964+08:00 q=1 option=A correct_index=0 correct_label=A is_correct=1
2026-06-15T21:07:21.954+08:00 MARKER sdk=1 host=1 enabled=1 sent=1 result=0 message=EVENT QUESTION_START trial=T006 rel=680.450 unix=1781528841965 bjt=2026-06-15T21:07:21.964+08:00 q=2 total=2 correct_index=2 correct_label=C
2026-06-15T21:07:24.597+08:00 MARKER sdk=1 host=1 enabled=1 sent=1 result=0 message=EVENT QUESTION_SUBMIT trial=T006 rel=683.093 unix=1781528844608 bjt=2026-06-15T21:07:24.608+08:00 q=2 option=C correct_index=2 correct_label=C is_correct=1
2026-06-15T21:07:26.647+08:00 MARKER sdk=1 host=1 enabled=1 sent=1 result=0 message=EVENT VIEWER_EXIT trial=T006 rel=685.159 unix=1781528846674 bjt=2026-06-15T21:07:26.674+08:00
2026-06-15T21:07:26.647+08:00 MARKER sdk=1 host=1 enabled=1 sent=1 result=0 message=EVENT TRIAL_RESULT trial=T006 rel=685.159 unix=1781528846674 bjt=2026-06-15T21:07:26.674+08:00 rows=2
2026-06-15T21:21:06.260+08:00 MARKER sdk=1 host=1 enabled=1 sent=1 result=0 message=TRIALID Exp2_001
2026-06-15T21:21:06.260+08:00 MARKER sdk=1 host=1 enabled=1 sent=1 result=0 message=EVENT EXP2_LOADING_START trial_id=Exp2_001 rel=1504.769165 unix=1781529666284 bjt=2026-06-15T21:21:06.284+08:00 condition=E2_FIXED_PROGRESSIVE
2026-06-15T21:21:06.261+08:00 MARKER sdk=1 host=1 enabled=1 sent=1 result=0 message=TRIAL_META exp=EXP2 participant=A035 participant_output_id=A035 trial_id=Exp2_001 condition=E2_FIXED_PROGRESSIVE spatial_continuity=0 progressive_availability=1
2026-06-15T21:21:06.261+08:00 MARKER sdk=1 host=1 enabled=1 sent=1 result=0 message=TRIAL_META_TASK trial_id=Exp2_001 target_index=3 target_display_index=3 target_content_index=1 target_label=左脸
2026-06-15T21:21:06.261+08:00 MARKER sdk=1 host=1 enabled=1 sent=1 result=0 message=TRIAL_META_SEQUENCE trial_id=Exp2_001 slot_permutation=1:3|2:4|3:1|4:2 sequence_group=2 sequence_index=1
2026-06-15T21:21:10.248+08:00 MARKER sdk=1 host=1 enabled=1 sent=1 result=0 message=EVENT EXP2_OBJECT_STAGE_CHANGED trial_id=Exp2_001 rel=1508.761108 unix=1781529670276 bjt=2026-06-15T21:21:10.275+08:00 condition=E2_FIXED_PROGRESSIVE object_index=1 previous_stage=0 new_stage=1 progress=0.334291 object_stages=1:1|2:0|3:0|4:
2026-06-15T21:21:10.249+08:00 MARKER sdk=1 host=1 enabled=1 sent=1 result=0 message=EVENT EXP2_STAGE_1_START trial_id=Exp2_001 rel=1508.761108 unix=1781529670276 bjt=2026-06-15T21:21:10.275+08:00 condition=E2_FIXED_PROGRESSIVE stage=1 first_object_index=1 progress=0.334291 object_stages=1:1|2:0|3:0|4:0
2026-06-15T21:21:10.250+08:00 MARKER sdk=1 host=1 enabled=1 sent=1 result=0 message=EVENT EXP2_OBJECT_STAGE_CHANGED trial_id=Exp2_001 rel=1508.761108 unix=1781529670276 bjt=2026-06-15T21:21:10.275+08:00 condition=E2_FIXED_PROGRESSIVE object_index=2 previous_stage=0 new_stage=1 progress=0.334291 object_stages=1:1|2:1|3:0|4:
2026-06-15T21:21:10.252+08:00 MARKER sdk=1 host=1 enabled=1 sent=1 result=0 message=EVENT EXP2_OBJECT_STAGE_CHANGED trial_id=Exp2_001 rel=1508.761108 unix=1781529670276 bjt=2026-06-15T21:21:10.275+08:00 condition=E2_FIXED_PROGRESSIVE object_index=3 previous_stage=0 new_stage=1 progress=0.334291 object_stages=1:1|2:1|3:1|4:
2026-06-15T21:21:10.252+08:00 MARKER sdk=1 host=1 enabled=1 sent=1 result=0 message=EVENT EXP2_OBJECT_STAGE_CHANGED trial_id=Exp2_001 rel=1508.761108 unix=1781529670276 bjt=2026-06-15T21:21:10.275+08:00 condition=E2_FIXED_PROGRESSIVE object_index=4 previous_stage=0 new_stage=1 progress=0.334291 object_stages=1:1|2:1|3:1|4:
2026-06-15T21:21:12.247+08:00 MARKER sdk=1 host=1 enabled=1 sent=1 result=0 message=EVENT EXP2_OBJECT_STAGE_CHANGED trial_id=Exp2_001 rel=1510.759033 unix=1781529672274 bjt=2026-06-15T21:21:12.273+08:00 condition=E2_FIXED_PROGRESSIVE object_index=1 previous_stage=1 new_stage=2 progress=0.500784 object_stages=1:2|2:1|3:1|4:
2026-06-15T21:21:12.248+08:00 MARKER sdk=1 host=1 enabled=1 sent=1 result=0 message=EVENT EXP2_STAGE_2_START trial_id=Exp2_001 rel=1510.759033 unix=1781529672274 bjt=2026-06-15T21:21:12.273+08:00 condition=E2_FIXED_PROGRESSIVE stage=2 first_object_index=1 progress=0.500784 object_stages=1:2|2:1|3:1|4:1
2026-06-15T21:21:12.249+08:00 MARKER sdk=1 host=1 enabled=1 sent=1 result=0 message=EVENT EXP2_OBJECT_STAGE_CHANGED trial_id=Exp2_001 rel=1510.759033 unix=1781529672274 bjt=2026-06-15T21:21:12.273+08:00 condition=E2_FIXED_PROGRESSIVE object_index=2 previous_stage=1 new_stage=2 progress=0.500784 object_stages=1:2|2:2|3:1|4:
2026-06-15T21:21:12.249+08:00 MARKER sdk=1 host=1 enabled=1 sent=1 result=0 message=EVENT EXP2_OBJECT_STAGE_CHANGED trial_id=Exp2_001 rel=1510.759033 unix=1781529672274 bjt=2026-06-15T21:21:12.273+08:00 condition=E2_FIXED_PROGRESSIVE object_index=3 previous_stage=1 new_stage=2 progress=0.500784 object_stages=1:2|2:2|3:2|4:
2026-06-15T21:21:12.250+08:00 MARKER sdk=1 host=1 enabled=1 sent=1 result=0 message=EVENT EXP2_PROGRESSIVE_USABLE trial_id=Exp2_001 rel=1510.759033 unix=1781529672274 bjt=2026-06-15T21:21:12.273+08:00 condition=E2_FIXED_PROGRESSIVE target_display_index=3 target_content_index=1 target_label=左脸 stage=2 progress=0.500784
2026-06-15T21:21:12.251+08:00 MARKER sdk=1 host=1 enabled=1 sent=1 result=0 message=EVENT EXP2_OBJECT_STAGE_CHANGED trial_id=Exp2_001 rel=1510.759033 unix=1781529672274 bjt=2026-06-15T21:21:12.273+08:00 condition=E2_FIXED_PROGRESSIVE object_index=4 previous_stage=1 new_stage=2 progress=0.500784 object_stages=1:2|2:2|3:2|4:
2026-06-15T21:21:18.241+08:00 MARKER sdk=1 host=1 enabled=1 sent=1 result=0 message=EVENT EXP2_OBJECT_STAGE_CHANGED trial_id=Exp2_001 rel=1516.752930 unix=1781529678268 bjt=2026-06-15T21:21:18.267+08:00 condition=E2_FIXED_PROGRESSIVE object_index=1 previous_stage=2 new_stage=3 progress=1.000000 object_stages=1:3|2:2|3:2|4:
2026-06-15T21:21:18.244+08:00 MARKER sdk=1 host=1 enabled=1 sent=1 result=0 message=EVENT EXP2_STAGE_3_START trial_id=Exp2_001 rel=1516.752930 unix=1781529678268 bjt=2026-06-15T21:21:18.267+08:00 condition=E2_FIXED_PROGRESSIVE stage=3 first_object_index=1 progress=1.000000 object_stages=1:3|2:2|3:2|4:2
2026-06-15T21:21:18.245+08:00 MARKER sdk=1 host=1 enabled=1 sent=1 result=0 message=EVENT EXP2_OBJECT_STAGE_CHANGED trial_id=Exp2_001 rel=1516.752930 unix=1781529678268 bjt=2026-06-15T21:21:18.267+08:00 condition=E2_FIXED_PROGRESSIVE object_index=2 previous_stage=2 new_stage=3 progress=1.000000 object_stages=1:3|2:3|3:2|4:
2026-06-15T21:21:18.247+08:00 MARKER sdk=1 host=1 enabled=1 sent=1 result=0 message=EVENT EXP2_OBJECT_STAGE_CHANGED trial_id=Exp2_001 rel=1516.752930 unix=1781529678268 bjt=2026-06-15T21:21:18.267+08:00 condition=E2_FIXED_PROGRESSIVE object_index=3 previous_stage=2 new_stage=3 progress=1.000000 object_stages=1:3|2:3|3:3|4:
2026-06-15T21:21:18.248+08:00 MARKER sdk=1 host=1 enabled=1 sent=1 result=0 message=EVENT EXP2_OBJECT_STAGE_CHANGED trial_id=Exp2_001 rel=1516.752930 unix=1781529678268 bjt=2026-06-15T21:21:18.267+08:00 condition=E2_FIXED_PROGRESSIVE object_index=4 previous_stage=2 new_stage=3 progress=1.000000 object_stages=1:3|2:3|3:3|4:
2026-06-15T21:21:18.249+08:00 MARKER sdk=1 host=1 enabled=1 sent=1 result=0 message=EVENT EXP2_LOADING_COMPLETE trial_id=Exp2_001 rel=1516.752930 unix=1781529678268 bjt=2026-06-15T21:21:18.267+08:00 condition=E2_FIXED_PROGRESSIVE
2026-06-15T21:21:22.032+08:00 MARKER sdk=1 host=1 enabled=1 sent=1 result=0 message=EVENT EXP2_PENDING_SELECTION trial_id=Exp2_001 rel=1520.545044 unix=1781529682060 bjt=2026-06-15T21:21:22.059+08:00 condition=E2_FIXED_PROGRESSIVE selected=4 selected_content=2 changes=1
2026-06-15T21:21:36.773+08:00 MARKER sdk=1 host=1 enabled=1 sent=1 result=0 message=EVENT EXP2_PENDING_SELECTION trial_id=Exp2_001 rel=1535.285278 unix=1781529696800 bjt=2026-06-15T21:21:36.800+08:00 condition=E2_FIXED_PROGRESSIVE selected=3 selected_content=1 changes=2
2026-06-15T21:21:53.126+08:00 MARKER sdk=1 host=1 enabled=1 sent=1 result=0 message=EVENT EXP2_SUBMIT_SELECTION trial_id=Exp2_001 rel=1551.637085 unix=1781529713152 bjt=2026-06-15T21:21:53.151+08:00 condition=E2_FIXED_PROGRESSIVE selected=3 selected_content=1 correct=1
2026-06-15T21:21:53.127+08:00 MARKER sdk=1 host=1 enabled=1 sent=1 result=0 message=TRIAL_RESULT Exp2_001 selected=3 correct=1
2026-06-15T21:23:42.574+08:00 MARKER sdk=1 host=1 enabled=1 sent=1 result=0 message=TRIALID Exp2_002
2026-06-15T21:23:42.575+08:00 MARKER sdk=1 host=1 enabled=1 sent=1 result=0 message=EVENT EXP2_LOADING_START trial_id=Exp2_002 rel=1661.036743 unix=1781529822552 bjt=2026-06-15T21:23:42.551+08:00 condition=E3_SPATIAL_NONPROGRESSIVE
2026-06-15T21:23:42.575+08:00 MARKER sdk=1 host=1 enabled=1 sent=1 result=0 message=TRIAL_META exp=EXP2 participant=A035 participant_output_id=A035 trial_id=Exp2_002 condition=E3_SPATIAL_NONPROGRESSIVE spatial_continuity=1 progressive_availability=0
2026-06-15T21:23:42.575+08:00 MARKER sdk=1 host=1 enabled=1 sent=1 result=0 message=TRIAL_META_TASK trial_id=Exp2_002 target_index=1 target_display_index=1 target_content_index=3 target_label=脖子
2026-06-15T21:23:42.575+08:00 MARKER sdk=1 host=1 enabled=1 sent=1 result=0 message=TRIAL_META_SEQUENCE trial_id=Exp2_002 slot_permutation=1:3|2:1|3:2|4:4 sequence_group=2 sequence_index=2
2026-06-15T21:23:54.564+08:00 MARKER sdk=1 host=1 enabled=1 sent=1 result=0 message=EVENT EXP2_OBJECT_STAGE_CHANGED trial_id=Exp2_002 rel=1673.027100 unix=1781529834542 bjt=2026-06-15T21:23:54.541+08:00 condition=E3_SPATIAL_NONPROGRESSIVE object_index=1 previous_stage=0 new_stage=3 progress=1.000000 object_stages=1:3|2:0|3
2026-06-15T21:23:54.565+08:00 MARKER sdk=1 host=1 enabled=1 sent=1 result=0 message=EVENT EXP2_STAGE_3_START trial_id=Exp2_002 rel=1673.027100 unix=1781529834542 bjt=2026-06-15T21:23:54.541+08:00 condition=E3_SPATIAL_NONPROGRESSIVE stage=3 first_object_index=1 progress=1.000000 object_stages=1:3|2:0|3:0|4:0
2026-06-15T21:23:54.566+08:00 MARKER sdk=1 host=1 enabled=1 sent=1 result=0 message=EVENT EXP2_OBJECT_STAGE_CHANGED trial_id=Exp2_002 rel=1673.027100 unix=1781529834542 bjt=2026-06-15T21:23:54.541+08:00 condition=E3_SPATIAL_NONPROGRESSIVE object_index=2 previous_stage=0 new_stage=3 progress=1.000000 object_stages=1:3|2:3|3
2026-06-15T21:23:54.566+08:00 MARKER sdk=1 host=1 enabled=1 sent=1 result=0 message=EVENT EXP2_OBJECT_STAGE_CHANGED trial_id=Exp2_002 rel=1673.027100 unix=1781529834542 bjt=2026-06-15T21:23:54.541+08:00 condition=E3_SPATIAL_NONPROGRESSIVE object_index=3 previous_stage=0 new_stage=3 progress=1.000000 object_stages=1:3|2:3|3
2026-06-15T21:23:54.566+08:00 MARKER sdk=1 host=1 enabled=1 sent=1 result=0 message=EVENT EXP2_OBJECT_STAGE_CHANGED trial_id=Exp2_002 rel=1673.027100 unix=1781529834542 bjt=2026-06-15T21:23:54.541+08:00 condition=E3_SPATIAL_NONPROGRESSIVE object_index=4 previous_stage=0 new_stage=3 progress=1.000000 object_stages=1:3|2:3|3
2026-06-15T21:23:54.567+08:00 MARKER sdk=1 host=1 enabled=1 sent=1 result=0 message=EVENT EXP2_LOADING_COMPLETE trial_id=Exp2_002 rel=1673.027100 unix=1781529834542 bjt=2026-06-15T21:23:54.541+08:00 condition=E3_SPATIAL_NONPROGRESSIVE
2026-06-15T21:24:01.495+08:00 MARKER sdk=1 host=1 enabled=1 sent=1 result=0 message=EVENT EXP2_PENDING_SELECTION trial_id=Exp2_002 rel=1679.958130 unix=1781529841473 bjt=2026-06-15T21:24:01.473+08:00 condition=E3_SPATIAL_NONPROGRESSIVE selected=1 selected_content=3 changes=1
2026-06-15T21:24:05.024+08:00 MARKER sdk=1 host=1 enabled=1 sent=1 result=0 message=EVENT EXP2_SUBMIT_SELECTION trial_id=Exp2_002 rel=1683.487305 unix=1781529845002 bjt=2026-06-15T21:24:05.002+08:00 condition=E3_SPATIAL_NONPROGRESSIVE selected=1 selected_content=3 correct=1
2026-06-15T21:24:05.025+08:00 MARKER sdk=1 host=1 enabled=1 sent=1 result=0 message=TRIAL_RESULT Exp2_002 selected=1 correct=1
2026-06-15T21:25:23.251+08:00 MARKER sdk=1 host=1 enabled=1 sent=1 result=0 message=TRIALID Exp2_003
2026-06-15T21:25:23.252+08:00 MARKER sdk=1 host=1 enabled=1 sent=1 result=0 message=EVENT EXP2_LOADING_START trial_id=Exp2_003 rel=1761.713135 unix=1781529923228 bjt=2026-06-15T21:25:23.227+08:00 condition=E1_SPATIAL_PROGRESSIVE
2026-06-15T21:25:23.252+08:00 MARKER sdk=1 host=1 enabled=1 sent=1 result=0 message=TRIAL_META exp=EXP2 participant=A035 participant_output_id=A035 trial_id=Exp2_003 condition=E1_SPATIAL_PROGRESSIVE spatial_continuity=1 progressive_availability=1
2026-06-15T21:25:23.252+08:00 MARKER sdk=1 host=1 enabled=1 sent=1 result=0 message=TRIAL_META_TASK trial_id=Exp2_003 target_index=4 target_display_index=4 target_content_index=2 target_label=右脸
2026-06-15T21:25:23.253+08:00 MARKER sdk=1 host=1 enabled=1 sent=1 result=0 message=TRIAL_META_SEQUENCE trial_id=Exp2_003 slot_permutation=1:4|2:1|3:3|4:2 sequence_group=2 sequence_index=3
2026-06-15T21:25:27.237+08:00 MARKER sdk=1 host=1 enabled=1 sent=1 result=0 message=EVENT EXP2_OBJECT_STAGE_CHANGED trial_id=Exp2_003 rel=1765.700073 unix=1781529927215 bjt=2026-06-15T21:25:27.215+08:00 condition=E1_SPATIAL_PROGRESSIVE object_index=1 previous_stage=0 new_stage=1 progress=0.333632 object_stages=1:1|2:0|3:0|
2026-06-15T21:25:27.237+08:00 MARKER sdk=1 host=1 enabled=1 sent=1 result=0 message=EVENT EXP2_STAGE_1_START trial_id=Exp2_003 rel=1765.700073 unix=1781529927215 bjt=2026-06-15T21:25:27.215+08:00 condition=E1_SPATIAL_PROGRESSIVE stage=1 first_object_index=1 progress=0.333632 object_stages=1:1|2:0|3:0|4:0
2026-06-15T21:25:27.238+08:00 MARKER sdk=1 host=1 enabled=1 sent=1 result=0 message=EVENT EXP2_OBJECT_STAGE_CHANGED trial_id=Exp2_003 rel=1765.700073 unix=1781529927215 bjt=2026-06-15T21:25:27.215+08:00 condition=E1_SPATIAL_PROGRESSIVE object_index=2 previous_stage=0 new_stage=1 progress=0.333632 object_stages=1:1|2:1|3:0|
2026-06-15T21:25:27.238+08:00 MARKER sdk=1 host=1 enabled=1 sent=1 result=0 message=EVENT EXP2_OBJECT_STAGE_CHANGED trial_id=Exp2_003 rel=1765.700073 unix=1781529927215 bjt=2026-06-15T21:25:27.215+08:00 condition=E1_SPATIAL_PROGRESSIVE object_index=3 previous_stage=0 new_stage=1 progress=0.333632 object_stages=1:1|2:1|3:1|
2026-06-15T21:25:27.239+08:00 MARKER sdk=1 host=1 enabled=1 sent=1 result=0 message=EVENT EXP2_OBJECT_STAGE_CHANGED trial_id=Exp2_003 rel=1765.700073 unix=1781529927215 bjt=2026-06-15T21:25:27.215+08:00 condition=E1_SPATIAL_PROGRESSIVE object_index=4 previous_stage=0 new_stage=1 progress=0.333632 object_stages=1:1|2:1|3:1|
2026-06-15T21:25:29.244+08:00 MARKER sdk=1 host=1 enabled=1 sent=1 result=0 message=EVENT EXP2_OBJECT_STAGE_CHANGED trial_id=Exp2_003 rel=1767.707764 unix=1781529929223 bjt=2026-06-15T21:25:29.222+08:00 condition=E1_SPATIAL_PROGRESSIVE object_index=1 previous_stage=1 new_stage=2 progress=0.500940 object_stages=1:2|2:1|3:1|
2026-06-15T21:25:29.245+08:00 MARKER sdk=1 host=1 enabled=1 sent=1 result=0 message=EVENT EXP2_STAGE_2_START trial_id=Exp2_003 rel=1767.707764 unix=1781529929223 bjt=2026-06-15T21:25:29.222+08:00 condition=E1_SPATIAL_PROGRESSIVE stage=2 first_object_index=1 progress=0.500940 object_stages=1:2|2:1|3:1|4:1
2026-06-15T21:25:29.246+08:00 MARKER sdk=1 host=1 enabled=1 sent=1 result=0 message=EVENT EXP2_OBJECT_STAGE_CHANGED trial_id=Exp2_003 rel=1767.707764 unix=1781529929223 bjt=2026-06-15T21:25:29.222+08:00 condition=E1_SPATIAL_PROGRESSIVE object_index=2 previous_stage=1 new_stage=2 progress=0.500940 object_stages=1:2|2:2|3:1|
2026-06-15T21:25:29.246+08:00 MARKER sdk=1 host=1 enabled=1 sent=1 result=0 message=EVENT EXP2_OBJECT_STAGE_CHANGED trial_id=Exp2_003 rel=1767.707764 unix=1781529929223 bjt=2026-06-15T21:25:29.222+08:00 condition=E1_SPATIAL_PROGRESSIVE object_index=3 previous_stage=1 new_stage=2 progress=0.500940 object_stages=1:2|2:2|3:2|
2026-06-15T21:25:29.246+08:00 MARKER sdk=1 host=1 enabled=1 sent=1 result=0 message=EVENT EXP2_OBJECT_STAGE_CHANGED trial_id=Exp2_003 rel=1767.707764 unix=1781529929223 bjt=2026-06-15T21:25:29.222+08:00 condition=E1_SPATIAL_PROGRESSIVE object_index=4 previous_stage=1 new_stage=2 progress=0.500940 object_stages=1:2|2:2|3:2|
2026-06-15T21:25:29.247+08:00 MARKER sdk=1 host=1 enabled=1 sent=1 result=0 message=EVENT EXP2_PROGRESSIVE_USABLE trial_id=Exp2_003 rel=1767.707764 unix=1781529929223 bjt=2026-06-15T21:25:29.222+08:00 condition=E1_SPATIAL_PROGRESSIVE target_display_index=4 target_content_index=2 target_label=右脸 stage=2 progress=0.500940
2026-06-15T21:25:35.246+08:00 MARKER sdk=1 host=1 enabled=1 sent=1 result=0 message=EVENT EXP2_OBJECT_STAGE_CHANGED trial_id=Exp2_003 rel=1773.709351 unix=1781529935224 bjt=2026-06-15T21:25:35.224+08:00 condition=E1_SPATIAL_PROGRESSIVE object_index=1 previous_stage=2 new_stage=3 progress=1.000000 object_stages=1:3|2:2|3:2|
2026-06-15T21:25:35.246+08:00 MARKER sdk=1 host=1 enabled=1 sent=1 result=0 message=EVENT EXP2_STAGE_3_START trial_id=Exp2_003 rel=1773.709351 unix=1781529935224 bjt=2026-06-15T21:25:35.224+08:00 condition=E1_SPATIAL_PROGRESSIVE stage=3 first_object_index=1 progress=1.000000 object_stages=1:3|2:2|3:2|4:2
2026-06-15T21:25:35.247+08:00 MARKER sdk=1 host=1 enabled=1 sent=1 result=0 message=EVENT EXP2_OBJECT_STAGE_CHANGED trial_id=Exp2_003 rel=1773.709351 unix=1781529935224 bjt=2026-06-15T21:25:35.224+08:00 condition=E1_SPATIAL_PROGRESSIVE object_index=2 previous_stage=2 new_stage=3 progress=1.000000 object_stages=1:3|2:3|3:2|
2026-06-15T21:25:35.247+08:00 MARKER sdk=1 host=1 enabled=1 sent=1 result=0 message=EVENT EXP2_OBJECT_STAGE_CHANGED trial_id=Exp2_003 rel=1773.709351 unix=1781529935224 bjt=2026-06-15T21:25:35.224+08:00 condition=E1_SPATIAL_PROGRESSIVE object_index=3 previous_stage=2 new_stage=3 progress=1.000000 object_stages=1:3|2:3|3:3|
2026-06-15T21:25:35.248+08:00 MARKER sdk=1 host=1 enabled=1 sent=1 result=0 message=EVENT EXP2_OBJECT_STAGE_CHANGED trial_id=Exp2_003 rel=1773.709351 unix=1781529935224 bjt=2026-06-15T21:25:35.224+08:00 condition=E1_SPATIAL_PROGRESSIVE object_index=4 previous_stage=2 new_stage=3 progress=1.000000 object_stages=1:3|2:3|3:3|
2026-06-15T21:25:35.248+08:00 MARKER sdk=1 host=1 enabled=1 sent=1 result=0 message=EVENT EXP2_LOADING_COMPLETE trial_id=Exp2_003 rel=1773.709351 unix=1781529935224 bjt=2026-06-15T21:25:35.224+08:00 condition=E1_SPATIAL_PROGRESSIVE
2026-06-15T21:25:38.539+08:00 MARKER sdk=1 host=1 enabled=1 sent=1 result=0 message=EVENT EXP2_PENDING_SELECTION trial_id=Exp2_003 rel=1777.002197 unix=1781529938517 bjt=2026-06-15T21:25:38.517+08:00 condition=E1_SPATIAL_PROGRESSIVE selected=4 selected_content=2 changes=1
2026-06-15T21:25:41.456+08:00 MARKER sdk=1 host=1 enabled=1 sent=1 result=0 message=EVENT EXP2_SUBMIT_SELECTION trial_id=Exp2_003 rel=1779.919067 unix=1781529941434 bjt=2026-06-15T21:25:41.433+08:00 condition=E1_SPATIAL_PROGRESSIVE selected=4 selected_content=2 correct=1
2026-06-15T21:25:41.457+08:00 MARKER sdk=1 host=1 enabled=1 sent=1 result=0 message=TRIAL_RESULT Exp2_003 selected=4 correct=1
2026-06-15T21:27:10.287+08:00 MARKER sdk=1 host=1 enabled=1 sent=1 result=0 message=TRIALID Exp2_004
2026-06-15T21:27:10.287+08:00 MARKER sdk=1 host=1 enabled=1 sent=1 result=0 message=EVENT EXP2_LOADING_START trial_id=Exp2_004 rel=1868.749390 unix=1781530030264 bjt=2026-06-15T21:27:10.264+08:00 condition=E4_FIXED_NONPROGRESSIVE
2026-06-15T21:27:10.287+08:00 MARKER sdk=1 host=1 enabled=1 sent=1 result=0 message=TRIAL_META exp=EXP2 participant=A035 participant_output_id=A035 trial_id=Exp2_004 condition=E4_FIXED_NONPROGRESSIVE spatial_continuity=0 progressive_availability=0
2026-06-15T21:27:10.287+08:00 MARKER sdk=1 host=1 enabled=1 sent=1 result=0 message=TRIAL_META_TASK trial_id=Exp2_004 target_index=2 target_display_index=2 target_content_index=4 target_label=头顶
2026-06-15T21:27:10.287+08:00 MARKER sdk=1 host=1 enabled=1 sent=1 result=0 message=TRIAL_META_SEQUENCE trial_id=Exp2_004 slot_permutation=1:2|2:4|3:3|4:1 sequence_group=2 sequence_index=4
2026-06-15T21:27:22.271+08:00 MARKER sdk=1 host=1 enabled=1 sent=1 result=0 message=EVENT EXP2_OBJECT_STAGE_CHANGED trial_id=Exp2_004 rel=1880.734497 unix=1781530042249 bjt=2026-06-15T21:27:22.249+08:00 condition=E4_FIXED_NONPROGRESSIVE object_index=1 previous_stage=0 new_stage=3 progress=1.000000 object_stages=1:3|2:0|3:0
2026-06-15T21:27:22.272+08:00 MARKER sdk=1 host=1 enabled=1 sent=1 result=0 message=EVENT EXP2_STAGE_3_START trial_id=Exp2_004 rel=1880.734497 unix=1781530042249 bjt=2026-06-15T21:27:22.249+08:00 condition=E4_FIXED_NONPROGRESSIVE stage=3 first_object_index=1 progress=1.000000 object_stages=1:3|2:0|3:0|4:0
2026-06-15T21:27:22.272+08:00 MARKER sdk=1 host=1 enabled=1 sent=1 result=0 message=EVENT EXP2_OBJECT_STAGE_CHANGED trial_id=Exp2_004 rel=1880.734497 unix=1781530042249 bjt=2026-06-15T21:27:22.249+08:00 condition=E4_FIXED_NONPROGRESSIVE object_index=2 previous_stage=0 new_stage=3 progress=1.000000 object_stages=1:3|2:3|3:0
2026-06-15T21:27:22.273+08:00 MARKER sdk=1 host=1 enabled=1 sent=1 result=0 message=EVENT EXP2_OBJECT_STAGE_CHANGED trial_id=Exp2_004 rel=1880.734497 unix=1781530042249 bjt=2026-06-15T21:27:22.249+08:00 condition=E4_FIXED_NONPROGRESSIVE object_index=3 previous_stage=0 new_stage=3 progress=1.000000 object_stages=1:3|2:3|3:3
2026-06-15T21:27:22.273+08:00 MARKER sdk=1 host=1 enabled=1 sent=1 result=0 message=EVENT EXP2_OBJECT_STAGE_CHANGED trial_id=Exp2_004 rel=1880.734497 unix=1781530042249 bjt=2026-06-15T21:27:22.249+08:00 condition=E4_FIXED_NONPROGRESSIVE object_index=4 previous_stage=0 new_stage=3 progress=1.000000 object_stages=1:3|2:3|3:3
2026-06-15T21:27:22.274+08:00 MARKER sdk=1 host=1 enabled=1 sent=1 result=0 message=EVENT EXP2_LOADING_COMPLETE trial_id=Exp2_004 rel=1880.734497 unix=1781530042249 bjt=2026-06-15T21:27:22.249+08:00 condition=E4_FIXED_NONPROGRESSIVE
2026-06-15T21:27:27.801+08:00 MARKER sdk=1 host=1 enabled=1 sent=1 result=0 message=EVENT EXP2_PENDING_SELECTION trial_id=Exp2_004 rel=1886.264526 unix=1781530047779 bjt=2026-06-15T21:27:27.779+08:00 condition=E4_FIXED_NONPROGRESSIVE selected=2 selected_content=4 changes=1
2026-06-15T21:27:30.846+08:00 MARKER sdk=1 host=1 enabled=1 sent=1 result=0 message=EVENT EXP2_SUBMIT_SELECTION trial_id=Exp2_004 rel=1889.309692 unix=1781530050825 bjt=2026-06-15T21:27:30.824+08:00 condition=E4_FIXED_NONPROGRESSIVE selected=2 selected_content=4 correct=1
2026-06-15T21:27:30.847+08:00 MARKER sdk=1 host=1 enabled=1 sent=1 result=0 message=TRIAL_RESULT Exp2_004 selected=2 correct=1
2026-06-15T21:29:08.965+08:00 MARKER sdk=1 host=1 enabled=1 sent=1 result=0 message=EVENT EXPERIMENT_END_SCREEN_SHOWN participant=A035 output_id=A035 unix=1781530148964 bjt=2026-06-15_21:29:08.964
2026-06-15T21:29:08.965+08:00 FORMAL_RECORDING step=FINISH_REQUESTED success=1 reason=experiment_end_door edf=FM205023.EDF recording=1 opened=1
2026-06-15T21:29:08.965+08:00 MARKER sdk=1 host=1 enabled=1 sent=1 result=0 message=FORMAL_RECORDING_END participant=A035 rel=1987.428 unix=1781530148965 bjt=2026-06-15T21:29:08.965+08:00 edf=FM205023.EDF source=ue_formal reason=experiment_end_door
2026-06-15T21:29:09.166+08:00 FORMAL_RECORDING step=END_MARKER_FLUSH_WAIT success=1 duration_ms=200
2026-06-15T21:29:09.270+08:00 FORMAL_RECORDING step=RECORDING_STOPPED success=1 result=0
2026-06-15T21:29:09.271+08:00 FORMAL_RECORDING step=EDF_CLOSED success=1 edf=FM205023.EDF result=0
2026-06-15T21:29:13.136+08:00 EDF_RECEIVE_ATTEMPT source_tag=formal attempt=full_path source=FM205023.EDF dest=../../../../../../Project/UE5/Gallery/Saved/ExperimentData/EDF/FM205023.EDF dest_is_path=0 result=107574575 exists=1 size=107574575
2026-06-15T21:29:13.136+08:00 FORMAL_RECORDING step=EDF_RECEIVED_TO_DPC success=1 edf=FM205023.EDF local=../../../../../../Project/UE5/Gallery/Saved/ExperimentData/EDF/FM205023.EDF result=107574575 size=107574575
2026-06-15T21:29:13.136+08:00 FORMAL_RECORDING step=FINISHED success=1 reason=experiment_end_door edf=FM205023.EDF local=../../../../../../Project/UE5/Gallery/Saved/ExperimentData/EDF/FM205023.EDF
