2026-06-16T20:29:22.036+08:00 STATUS start_ui_status sdk=connected host=not_connected log=
2026-06-16T20:30:33.965+08:00 FORMAL_RECORDING step=EDF_OPEN_REQUESTED success=1 participant=A037 edf=FM203033.EDF source=calibration_button
2026-06-16T20:30:33.966+08:00 CONNECT method=open_eyelink_connection ip=100.1.1.1
2026-06-16T20:30:34.048+08:00 CONNECT_RESULT method=open_eyelink_connection result=0 connected=1
2026-06-16T20:30:34.060+08:00 STATUS host_connected=1 sdk_available=1 note=connection_opened_high_level
2026-06-16T20:30:34.060+08:00 FORMAL_RECORDING step=HOST_CONNECTED success=1 sdk=1 host=1 source=calibration_button
2026-06-16T20:30:34.063+08:00 FORMAL_RECORDING step=EDF_OPENED success=1 edf=FM203033.EDF result=0 source=calibration_button
2026-06-16T20:30:34.064+08:00 FORMAL_EDF_MARKER sdk=1 host=1 opened=1 sent=1 message=FORMAL_EDF_OPENED participant=A037 rel=71.817 unix=1781613034063 bjt=2026-06-16T20:30:34.063+08:00 edf=FM203033.EDF source=ue_formal open_result=0 source_tag=calibration_button
2026-06-16T20:30:34.064+08:00 FORMAL_EDF_MARKER sdk=1 host=1 opened=1 sent=1 message=FORMAL_SESSION_PREPARED participant=A037 rel=71.817 unix=1781613034064 bjt=2026-06-16T20:30:34.064+08:00 edf=FM203033.EDF source=ue_formal calibration_complete=0
2026-06-16T20:30:34.064+08:00 FORMAL_EDF_MARKER sdk=1 host=1 opened=1 sent=1 message=CALIBRATION_REQUESTED participant=A037 rel=71.817 unix=1781613034064 bjt=2026-06-16T20:30:34.064+08:00 edf=FM203033.EDF source=ue_formal open_result=0
2026-06-16T20:30:34.065+08:00 CALIBRATION step=REQUESTED success=1 note=run_eyelink_tracker_setup
2026-06-16T20:30:34.065+08:00 CALIBRATION step=HOST_CONNECTED success=1 sdk=1 host=1 graphics=1
2026-06-16T20:30:34.080+08:00 CALIBRATION_DISPLAY_INIT success=1 result=0 error=
2026-06-16T20:30:34.081+08:00 CALIBRATION_DISPLAY_LIST count=2 requested_index=1 explicit=1
2026-06-16T20:30:34.081+08:00 CALIBRATION_DISPLAY index=0 name=Dell XPS 15 SDC414D Display bounds_result=0 x=0 y=0 w=1920 h=1080 mode_result=0 mode_w=1920 mode_h=1080 refresh=60
2026-06-16T20:30:34.081+08:00 CALIBRATION_DISPLAY index=1 name=Acer GR235H bounds_result=0 x=0 y=-1080 w=1920 h=1080 mode_result=0 mode_w=1920 mode_h=1080 refresh=60
2026-06-16T20:30:34.443+08:00 CALIBRATION step=GRAPHICS_INITIALIZED success=1 result=0 explicit_request=1 display_index=1 window_ptr=0000024E32CB1630 width=1920 height=1080 bits=32 refresh=60.00
2026-06-16T20:30:34.449+08:00 CALIBRATION step=REGISTERED_WINDOW_MOVED success=1 requested_display=1 actual_display=1 requested_x=0 requested_y=-1080 requested_w=1920 requested_h=1080 actual_x=0 actual_y=-1080 actual_w=1920 actual_h=1080
2026-06-16T20:30:34.464+08:00 FORMAL_EDF_MARKER sdk=1 host=1 opened=1 sent=1 message=CALIBRATION_SETUP_START participant=A037 rel=71.817 unix=1781613034464 bjt=2026-06-16T20:30:34.464+08:00 edf=FM203033.EDF source=ue_formal calibration_type=HV9 width=1920 height=1080
2026-06-16T20:30:34.465+08:00 CALIBRATION step=TRACKER_SETUP_BEGIN success=1 detail=call_do_tracker_setup
2026-06-16T20:31:49.221+08:00 CALIBRATION step=TRACKER_SETUP_RETURNED success=1 result=0
2026-06-16T20:31:49.221+08:00 FORMAL_EDF_MARKER sdk=1 host=1 opened=1 sent=1 message=CALIBRATION_SETUP_END participant=A037 rel=71.817 unix=1781613109221 bjt=2026-06-16T20:31:49.221+08:00 edf=FM203033.EDF source=ue_formal setup_result=0
2026-06-16T20:31:51.280+08:00 CALIBRATION step=GRAPHICS_CLOSED success=1
2026-06-16T20:31:51.280+08:00 CALIBRATION step=CALIBRATION_WINDOW_DESTROYED success=1
2026-06-16T20:31:51.280+08:00 CALIBRATION step=FINISHED success=1 result=0
2026-06-16T20:31:51.280+08:00 FORMAL_EDF_MARKER sdk=1 host=1 opened=1 sent=1 message=CALIBRATION_STATUS participant=A037 rel=71.817 unix=1781613111280 bjt=2026-06-16T20:31:51.280+08:00 edf=FM203033.EDF source=ue_formal calibration_complete=1
2026-06-16T20:31:51.280+08:00 FORMAL_CALIBRATION step=FINISHED success=1 participant=A037 edf=FM203033.EDF open_result=0
2026-06-16T20:31:51.281+08:00 STATUS start_ui_status sdk=connected host=connected log=../../../../../../Project/UE5/Gallery/Saved/ExperimentLogs/EyeLinkMarkers_20260616_202922_036.log
2026-06-16T20:31:54.163+08:00 FORMAL_RECORDING step=EDF_ALREADY_OPEN success=1 participant=A037 edf=FM203033.EDF source=start_button_preopened calibration_complete=1
2026-06-16T20:31:54.171+08:00 FORMAL_RECORDING step=RECORDING_STARTED success=1 result=0 edf=FM203033.EDF preopened=1 calibration_complete=1
2026-06-16T20:31:54.172+08:00 MARKER sdk=1 host=1 enabled=1 sent=1 result=0 message=FORMAL_RECORDING_START participant=A037 rel=75.060 unix=1781613114172 bjt=2026-06-16T20:31:54.172+08:00 edf=FM203033.EDF source=ue_formal open_result=0 record_result=0 edf_preopened=1 calibration_complete=1
2026-06-16T20:31:54.172+08:00 STATUS formal_recording_start_requested participant=A037 success=1 edf=FM203033.EDF calibration_complete=1
2026-06-16T20:31:54.173+08:00 STATUS start_ui_status sdk=connected host=connected log=../../../../../../Project/UE5/Gallery/Saved/ExperimentLogs/EyeLinkMarkers_20260616_202922_036.log
2026-06-16T20:31:54.173+08:00 MARKER sdk=1 host=1 enabled=1 sent=1 result=0 message=RECORDING_TIME_REFERENCE participant=A037 output_id=A037_v2 rel=75.060 unix=1781613114173 bjt=2026-06-16T20:31:54.173+08:00 source=ue_session_start
2026-06-16T20:31:54.173+08:00 MARKER sdk=1 host=1 enabled=1 sent=1 result=0 message=SESSION_START participant=A037 output_id=A037_v2 rel=75.060 unix=1781613114173 bjt=2026-06-16T20:31:54.173+08:00
2026-06-16T20:31:54.173+08:00 MARKER sdk=1 host=1 enabled=1 sent=1 result=0 message=EXPERIMENT_RUN_MODE EXP1_THEN_EXP2
2026-06-16T20:31:54.187+08:00 MARKER sdk=1 host=1 enabled=1 sent=1 result=0 message=SCREEN_RECORDING_REQUEST enabled=1 started=1 participant=A037 output_id=A037_v2
2026-06-16T20:34:20.260+08:00 MARKER sdk=1 host=1 enabled=1 sent=1 result=0 message=TRIALID Exp2_001
2026-06-16T20:34:20.261+08:00 MARKER sdk=1 host=1 enabled=1 sent=1 result=0 message=EVENT EXP2_LOADING_START trial_id=Exp2_001 rel=221.175980 unix=1781613260289 bjt=2026-06-16T20:34:20.288+08:00 condition=E1_SPATIAL_PROGRESSIVE
2026-06-16T20:34:20.261+08:00 MARKER sdk=1 host=1 enabled=1 sent=1 result=0 message=TRIAL_META exp=EXP2 participant=A037 participant_output_id=A037_v2 trial_id=Exp2_001 condition=E1_SPATIAL_PROGRESSIVE spatial_continuity=1 progressive_availability=1
2026-06-16T20:34:20.261+08:00 MARKER sdk=1 host=1 enabled=1 sent=1 result=0 message=TRIAL_META_TASK trial_id=Exp2_001 target_index=1 target_display_index=1 target_content_index=1 target_label=左脸
2026-06-16T20:34:20.262+08:00 MARKER sdk=1 host=1 enabled=1 sent=1 result=0 message=TRIAL_META_SEQUENCE trial_id=Exp2_001 slot_permutation=1:1|2:2|3:3|4:4 sequence_group=1 sequence_index=1
2026-06-16T20:34:24.235+08:00 MARKER sdk=1 host=1 enabled=1 sent=1 result=0 message=EVENT EXP2_OBJECT_STAGE_CHANGED trial_id=Exp2_001 rel=225.167221 unix=1781613264280 bjt=2026-06-16T20:34:24.280+08:00 condition=E1_SPATIAL_PROGRESSIVE object_index=1 previous_stage=0 new_stage=1 progress=0.334655 object_stages=1:1|2:0|3:0|4
2026-06-16T20:34:24.236+08:00 MARKER sdk=1 host=1 enabled=1 sent=1 result=0 message=EVENT EXP2_STAGE_1_START trial_id=Exp2_001 rel=225.167221 unix=1781613264280 bjt=2026-06-16T20:34:24.280+08:00 condition=E1_SPATIAL_PROGRESSIVE stage=1 first_object_index=1 progress=0.334655 object_stages=1:1|2:0|3:0|4:0
2026-06-16T20:34:24.238+08:00 MARKER sdk=1 host=1 enabled=1 sent=1 result=0 message=EVENT EXP2_OBJECT_STAGE_CHANGED trial_id=Exp2_001 rel=225.167221 unix=1781613264280 bjt=2026-06-16T20:34:24.280+08:00 condition=E1_SPATIAL_PROGRESSIVE object_index=2 previous_stage=0 new_stage=1 progress=0.334655 object_stages=1:1|2:1|3:0|4
2026-06-16T20:34:24.238+08:00 MARKER sdk=1 host=1 enabled=1 sent=1 result=0 message=EVENT EXP2_OBJECT_STAGE_CHANGED trial_id=Exp2_001 rel=225.167221 unix=1781613264280 bjt=2026-06-16T20:34:24.280+08:00 condition=E1_SPATIAL_PROGRESSIVE object_index=3 previous_stage=0 new_stage=1 progress=0.334655 object_stages=1:1|2:1|3:1|4
2026-06-16T20:34:24.240+08:00 MARKER sdk=1 host=1 enabled=1 sent=1 result=0 message=EVENT EXP2_OBJECT_STAGE_CHANGED trial_id=Exp2_001 rel=225.167221 unix=1781613264280 bjt=2026-06-16T20:34:24.280+08:00 condition=E1_SPATIAL_PROGRESSIVE object_index=4 previous_stage=0 new_stage=1 progress=0.334655 object_stages=1:1|2:1|3:1|4
2026-06-16T20:34:26.237+08:00 MARKER sdk=1 host=1 enabled=1 sent=1 result=0 message=EVENT EXP2_OBJECT_STAGE_CHANGED trial_id=Exp2_001 rel=227.169464 unix=1781613266282 bjt=2026-06-16T20:34:26.282+08:00 condition=E1_SPATIAL_PROGRESSIVE object_index=1 previous_stage=1 new_stage=2 progress=0.501508 object_stages=1:2|2:1|3:1|4
2026-06-16T20:34:26.238+08:00 MARKER sdk=1 host=1 enabled=1 sent=1 result=0 message=EVENT EXP2_STAGE_2_START trial_id=Exp2_001 rel=227.169464 unix=1781613266282 bjt=2026-06-16T20:34:26.282+08:00 condition=E1_SPATIAL_PROGRESSIVE stage=2 first_object_index=1 progress=0.501508 object_stages=1:2|2:1|3:1|4:1
2026-06-16T20:34:26.239+08:00 MARKER sdk=1 host=1 enabled=1 sent=1 result=0 message=EVENT EXP2_PROGRESSIVE_USABLE trial_id=Exp2_001 rel=227.169464 unix=1781613266282 bjt=2026-06-16T20:34:26.282+08:00 condition=E1_SPATIAL_PROGRESSIVE target_display_index=1 target_content_index=1 target_label=左脸 stage=2 progress=0.501508
2026-06-16T20:34:26.240+08:00 MARKER sdk=1 host=1 enabled=1 sent=1 result=0 message=EVENT EXP2_OBJECT_STAGE_CHANGED trial_id=Exp2_001 rel=227.169464 unix=1781613266282 bjt=2026-06-16T20:34:26.282+08:00 condition=E1_SPATIAL_PROGRESSIVE object_index=2 previous_stage=1 new_stage=2 progress=0.501508 object_stages=1:2|2:2|3:1|4
2026-06-16T20:34:26.241+08:00 MARKER sdk=1 host=1 enabled=1 sent=1 result=0 message=EVENT EXP2_OBJECT_STAGE_CHANGED trial_id=Exp2_001 rel=227.169464 unix=1781613266282 bjt=2026-06-16T20:34:26.282+08:00 condition=E1_SPATIAL_PROGRESSIVE object_index=3 previous_stage=1 new_stage=2 progress=0.501508 object_stages=1:2|2:2|3:2|4
2026-06-16T20:34:26.241+08:00 MARKER sdk=1 host=1 enabled=1 sent=1 result=0 message=EVENT EXP2_OBJECT_STAGE_CHANGED trial_id=Exp2_001 rel=227.169464 unix=1781613266282 bjt=2026-06-16T20:34:26.282+08:00 condition=E1_SPATIAL_PROGRESSIVE object_index=4 previous_stage=1 new_stage=2 progress=0.501508 object_stages=1:2|2:2|3:2|4
2026-06-16T20:34:28.943+08:00 MARKER sdk=1 host=1 enabled=1 sent=1 result=0 message=EVENT EXP2_PREJUDGE trial_id=Exp2_001 rel=229.874619 unix=1781613268987 bjt=2026-06-16T20:34:28.987+08:00 condition=E1_SPATIAL_PROGRESSIVE selected=2 correct=0 confidence=-1 selected_content=2
2026-06-16T20:34:32.220+08:00 MARKER sdk=1 host=1 enabled=1 sent=1 result=0 message=EVENT EXP2_OBJECT_STAGE_CHANGED trial_id=Exp2_001 rel=233.152069 unix=1781613272265 bjt=2026-06-16T20:34:32.264+08:00 condition=E1_SPATIAL_PROGRESSIVE object_index=1 previous_stage=2 new_stage=3 progress=1.000000 object_stages=1:3|2:2|3:2|4
2026-06-16T20:34:32.222+08:00 MARKER sdk=1 host=1 enabled=1 sent=1 result=0 message=EVENT EXP2_STAGE_3_START trial_id=Exp2_001 rel=233.152069 unix=1781613272265 bjt=2026-06-16T20:34:32.264+08:00 condition=E1_SPATIAL_PROGRESSIVE stage=3 first_object_index=1 progress=1.000000 object_stages=1:3|2:2|3:2|4:2
2026-06-16T20:34:32.223+08:00 MARKER sdk=1 host=1 enabled=1 sent=1 result=0 message=EVENT EXP2_OBJECT_STAGE_CHANGED trial_id=Exp2_001 rel=233.152069 unix=1781613272265 bjt=2026-06-16T20:34:32.264+08:00 condition=E1_SPATIAL_PROGRESSIVE object_index=2 previous_stage=2 new_stage=3 progress=1.000000 object_stages=1:3|2:3|3:2|4
2026-06-16T20:34:32.223+08:00 MARKER sdk=1 host=1 enabled=1 sent=1 result=0 message=EVENT EXP2_OBJECT_STAGE_CHANGED trial_id=Exp2_001 rel=233.152069 unix=1781613272265 bjt=2026-06-16T20:34:32.264+08:00 condition=E1_SPATIAL_PROGRESSIVE object_index=3 previous_stage=2 new_stage=3 progress=1.000000 object_stages=1:3|2:3|3:3|4
2026-06-16T20:34:32.224+08:00 MARKER sdk=1 host=1 enabled=1 sent=1 result=0 message=EVENT EXP2_OBJECT_STAGE_CHANGED trial_id=Exp2_001 rel=233.152069 unix=1781613272265 bjt=2026-06-16T20:34:32.264+08:00 condition=E1_SPATIAL_PROGRESSIVE object_index=4 previous_stage=2 new_stage=3 progress=1.000000 object_stages=1:3|2:3|3:3|4
2026-06-16T20:34:32.226+08:00 MARKER sdk=1 host=1 enabled=1 sent=1 result=0 message=EVENT EXP2_LOADING_COMPLETE trial_id=Exp2_001 rel=233.152069 unix=1781613272265 bjt=2026-06-16T20:34:32.264+08:00 condition=E1_SPATIAL_PROGRESSIVE
2026-06-16T20:34:37.696+08:00 MARKER sdk=1 host=1 enabled=1 sent=1 result=0 message=EVENT EXP2_PENDING_SELECTION trial_id=Exp2_001 rel=238.629059 unix=1781613277742 bjt=2026-06-16T20:34:37.741+08:00 condition=E1_SPATIAL_PROGRESSIVE selected=1 selected_content=1 changes=1
2026-06-16T20:34:47.168+08:00 MARKER sdk=1 host=1 enabled=1 sent=1 result=0 message=EVENT EXP2_SUBMIT_SELECTION trial_id=Exp2_001 rel=248.099686 unix=1781613287213 bjt=2026-06-16T20:34:47.212+08:00 condition=E1_SPATIAL_PROGRESSIVE selected=1 selected_content=1 correct=1
2026-06-16T20:34:47.169+08:00 MARKER sdk=1 host=1 enabled=1 sent=1 result=0 message=TRIAL_RESULT Exp2_001 selected=1 correct=1
2026-06-16T20:36:12.041+08:00 MARKER sdk=1 host=1 enabled=1 sent=1 result=0 message=TRIALID Exp2_002
2026-06-16T20:36:12.042+08:00 MARKER sdk=1 host=1 enabled=1 sent=1 result=0 message=EVENT EXP2_LOADING_START trial_id=Exp2_002 rel=332.942841 unix=1781613372056 bjt=2026-06-16T20:36:12.055+08:00 condition=E2_FIXED_PROGRESSIVE
2026-06-16T20:36:12.042+08:00 MARKER sdk=1 host=1 enabled=1 sent=1 result=0 message=TRIAL_META exp=EXP2 participant=A037 participant_output_id=A037_v2 trial_id=Exp2_002 condition=E2_FIXED_PROGRESSIVE spatial_continuity=0 progressive_availability=1
2026-06-16T20:36:12.042+08:00 MARKER sdk=1 host=1 enabled=1 sent=1 result=0 message=TRIAL_META_TASK trial_id=Exp2_002 target_index=2 target_display_index=2 target_content_index=2 target_label=右脸
2026-06-16T20:36:12.042+08:00 MARKER sdk=1 host=1 enabled=1 sent=1 result=0 message=TRIAL_META_SEQUENCE trial_id=Exp2_002 slot_permutation=1:3|2:2|3:4|4:1 sequence_group=1 sequence_index=2
2026-06-16T20:36:16.036+08:00 MARKER sdk=1 host=1 enabled=1 sent=1 result=0 message=EVENT EXP2_OBJECT_STAGE_CHANGED trial_id=Exp2_002 rel=336.939453 unix=1781613376052 bjt=2026-06-16T20:36:16.052+08:00 condition=E2_FIXED_PROGRESSIVE object_index=1 previous_stage=0 new_stage=1 progress=0.334578 object_stages=1:1|2:0|3:0|4:0
2026-06-16T20:36:16.038+08:00 MARKER sdk=1 host=1 enabled=1 sent=1 result=0 message=EVENT EXP2_STAGE_1_START trial_id=Exp2_002 rel=336.939453 unix=1781613376052 bjt=2026-06-16T20:36:16.052+08:00 condition=E2_FIXED_PROGRESSIVE stage=1 first_object_index=1 progress=0.334578 object_stages=1:1|2:0|3:0|4:0
2026-06-16T20:36:16.038+08:00 MARKER sdk=1 host=1 enabled=1 sent=1 result=0 message=EVENT EXP2_OBJECT_STAGE_CHANGED trial_id=Exp2_002 rel=336.939453 unix=1781613376052 bjt=2026-06-16T20:36:16.052+08:00 condition=E2_FIXED_PROGRESSIVE object_index=2 previous_stage=0 new_stage=1 progress=0.334578 object_stages=1:1|2:1|3:0|4:0
2026-06-16T20:36:16.039+08:00 MARKER sdk=1 host=1 enabled=1 sent=1 result=0 message=EVENT EXP2_OBJECT_STAGE_CHANGED trial_id=Exp2_002 rel=336.939453 unix=1781613376052 bjt=2026-06-16T20:36:16.052+08:00 condition=E2_FIXED_PROGRESSIVE object_index=3 previous_stage=0 new_stage=1 progress=0.334578 object_stages=1:1|2:1|3:1|4:0
2026-06-16T20:36:16.039+08:00 MARKER sdk=1 host=1 enabled=1 sent=1 result=0 message=EVENT EXP2_OBJECT_STAGE_CHANGED trial_id=Exp2_002 rel=336.939453 unix=1781613376052 bjt=2026-06-16T20:36:16.052+08:00 condition=E2_FIXED_PROGRESSIVE object_index=4 previous_stage=0 new_stage=1 progress=0.334578 object_stages=1:1|2:1|3:1|4:1
2026-06-16T20:36:18.032+08:00 MARKER sdk=1 host=1 enabled=1 sent=1 result=0 message=EVENT EXP2_OBJECT_STAGE_CHANGED trial_id=Exp2_002 rel=338.934113 unix=1781613378047 bjt=2026-06-16T20:36:18.046+08:00 condition=E2_FIXED_PROGRESSIVE object_index=1 previous_stage=1 new_stage=2 progress=0.500799 object_stages=1:2|2:1|3:1|4:1
2026-06-16T20:36:18.033+08:00 MARKER sdk=1 host=1 enabled=1 sent=1 result=0 message=EVENT EXP2_STAGE_2_START trial_id=Exp2_002 rel=338.934113 unix=1781613378047 bjt=2026-06-16T20:36:18.046+08:00 condition=E2_FIXED_PROGRESSIVE stage=2 first_object_index=1 progress=0.500799 object_stages=1:2|2:1|3:1|4:1
2026-06-16T20:36:18.034+08:00 MARKER sdk=1 host=1 enabled=1 sent=1 result=0 message=EVENT EXP2_OBJECT_STAGE_CHANGED trial_id=Exp2_002 rel=338.934113 unix=1781613378047 bjt=2026-06-16T20:36:18.046+08:00 condition=E2_FIXED_PROGRESSIVE object_index=2 previous_stage=1 new_stage=2 progress=0.500799 object_stages=1:2|2:2|3:1|4:1
2026-06-16T20:36:18.034+08:00 MARKER sdk=1 host=1 enabled=1 sent=1 result=0 message=EVENT EXP2_PROGRESSIVE_USABLE trial_id=Exp2_002 rel=338.934113 unix=1781613378047 bjt=2026-06-16T20:36:18.046+08:00 condition=E2_FIXED_PROGRESSIVE target_display_index=2 target_content_index=2 target_label=右脸 stage=2 progress=0.500799
2026-06-16T20:36:18.035+08:00 MARKER sdk=1 host=1 enabled=1 sent=1 result=0 message=EVENT EXP2_OBJECT_STAGE_CHANGED trial_id=Exp2_002 rel=338.934113 unix=1781613378047 bjt=2026-06-16T20:36:18.046+08:00 condition=E2_FIXED_PROGRESSIVE object_index=3 previous_stage=1 new_stage=2 progress=0.500799 object_stages=1:2|2:2|3:2|4:1
2026-06-16T20:36:18.035+08:00 MARKER sdk=1 host=1 enabled=1 sent=1 result=0 message=EVENT EXP2_OBJECT_STAGE_CHANGED trial_id=Exp2_002 rel=338.934113 unix=1781613378047 bjt=2026-06-16T20:36:18.046+08:00 condition=E2_FIXED_PROGRESSIVE object_index=4 previous_stage=1 new_stage=2 progress=0.500799 object_stages=1:2|2:2|3:2|4:2
2026-06-16T20:36:24.042+08:00 MARKER sdk=1 host=1 enabled=1 sent=1 result=0 message=EVENT EXP2_OBJECT_STAGE_CHANGED trial_id=Exp2_002 rel=344.942505 unix=1781613384055 bjt=2026-06-16T20:36:24.055+08:00 condition=E2_FIXED_PROGRESSIVE object_index=1 previous_stage=2 new_stage=3 progress=1.000000 object_stages=1:3|2:2|3:2|4:2
2026-06-16T20:36:24.043+08:00 MARKER sdk=1 host=1 enabled=1 sent=1 result=0 message=EVENT EXP2_STAGE_3_START trial_id=Exp2_002 rel=344.942505 unix=1781613384055 bjt=2026-06-16T20:36:24.055+08:00 condition=E2_FIXED_PROGRESSIVE stage=3 first_object_index=1 progress=1.000000 object_stages=1:3|2:2|3:2|4:2
2026-06-16T20:36:24.044+08:00 MARKER sdk=1 host=1 enabled=1 sent=1 result=0 message=EVENT EXP2_OBJECT_STAGE_CHANGED trial_id=Exp2_002 rel=344.942505 unix=1781613384055 bjt=2026-06-16T20:36:24.055+08:00 condition=E2_FIXED_PROGRESSIVE object_index=2 previous_stage=2 new_stage=3 progress=1.000000 object_stages=1:3|2:3|3:2|4:2
2026-06-16T20:36:24.045+08:00 MARKER sdk=1 host=1 enabled=1 sent=1 result=0 message=EVENT EXP2_OBJECT_STAGE_CHANGED trial_id=Exp2_002 rel=344.942505 unix=1781613384055 bjt=2026-06-16T20:36:24.055+08:00 condition=E2_FIXED_PROGRESSIVE object_index=3 previous_stage=2 new_stage=3 progress=1.000000 object_stages=1:3|2:3|3:3|4:2
2026-06-16T20:36:24.045+08:00 MARKER sdk=1 host=1 enabled=1 sent=1 result=0 message=EVENT EXP2_OBJECT_STAGE_CHANGED trial_id=Exp2_002 rel=344.942505 unix=1781613384055 bjt=2026-06-16T20:36:24.055+08:00 condition=E2_FIXED_PROGRESSIVE object_index=4 previous_stage=2 new_stage=3 progress=1.000000 object_stages=1:3|2:3|3:3|4:3
2026-06-16T20:36:24.046+08:00 MARKER sdk=1 host=1 enabled=1 sent=1 result=0 message=EVENT EXP2_LOADING_COMPLETE trial_id=Exp2_002 rel=344.942505 unix=1781613384055 bjt=2026-06-16T20:36:24.055+08:00 condition=E2_FIXED_PROGRESSIVE
2026-06-16T20:36:32.248+08:00 MARKER sdk=1 host=1 enabled=1 sent=1 result=0 message=EVENT EXP2_PENDING_SELECTION trial_id=Exp2_002 rel=353.150330 unix=1781613392263 bjt=2026-06-16T20:36:32.263+08:00 condition=E2_FIXED_PROGRESSIVE selected=2 selected_content=2 changes=1
2026-06-16T20:36:42.581+08:00 MARKER sdk=1 host=1 enabled=1 sent=1 result=0 message=EVENT EXP2_PENDING_SELECTION trial_id=Exp2_002 rel=363.483032 unix=1781613402596 bjt=2026-06-16T20:36:42.595+08:00 condition=E2_FIXED_PROGRESSIVE selected=2 selected_content=2 changes=1
2026-06-16T20:36:49.530+08:00 MARKER sdk=1 host=1 enabled=1 sent=1 result=0 message=EVENT EXP2_SUBMIT_SELECTION trial_id=Exp2_002 rel=370.430695 unix=1781613409544 bjt=2026-06-16T20:36:49.543+08:00 condition=E2_FIXED_PROGRESSIVE selected=2 selected_content=2 correct=1
2026-06-16T20:36:49.533+08:00 MARKER sdk=1 host=1 enabled=1 sent=1 result=0 message=TRIAL_RESULT Exp2_002 selected=2 correct=1
2026-06-16T20:38:00.802+08:00 MARKER sdk=1 host=1 enabled=1 sent=1 result=0 message=TRIALID Exp2_003
2026-06-16T20:38:00.804+08:00 MARKER sdk=1 host=1 enabled=1 sent=1 result=0 message=EVENT EXP2_LOADING_START trial_id=Exp2_003 rel=441.702698 unix=1781613480816 bjt=2026-06-16T20:38:00.815+08:00 condition=E4_FIXED_NONPROGRESSIVE
2026-06-16T20:38:00.804+08:00 MARKER sdk=1 host=1 enabled=1 sent=1 result=0 message=TRIAL_META exp=EXP2 participant=A037 participant_output_id=A037_v2 trial_id=Exp2_003 condition=E4_FIXED_NONPROGRESSIVE spatial_continuity=0 progressive_availability=0
2026-06-16T20:38:00.805+08:00 MARKER sdk=1 host=1 enabled=1 sent=1 result=0 message=TRIAL_META_TASK trial_id=Exp2_003 target_index=3 target_display_index=3 target_content_index=3 target_label=脖子
2026-06-16T20:38:00.805+08:00 MARKER sdk=1 host=1 enabled=1 sent=1 result=0 message=TRIAL_META_SEQUENCE trial_id=Exp2_003 slot_permutation=1:4|2:1|3:3|4:2 sequence_group=1 sequence_index=3
2026-06-16T20:38:12.795+08:00 MARKER sdk=1 host=1 enabled=1 sent=1 result=0 message=EVENT EXP2_OBJECT_STAGE_CHANGED trial_id=Exp2_003 rel=453.697235 unix=1781613492810 bjt=2026-06-16T20:38:12.810+08:00 condition=E4_FIXED_NONPROGRESSIVE object_index=1 previous_stage=0 new_stage=3 progress=1.000000 object_stages=1:3|2:0|3:0|
2026-06-16T20:38:12.796+08:00 MARKER sdk=1 host=1 enabled=1 sent=1 result=0 message=EVENT EXP2_STAGE_3_START trial_id=Exp2_003 rel=453.697235 unix=1781613492810 bjt=2026-06-16T20:38:12.810+08:00 condition=E4_FIXED_NONPROGRESSIVE stage=3 first_object_index=1 progress=1.000000 object_stages=1:3|2:0|3:0|4:0
2026-06-16T20:38:12.796+08:00 MARKER sdk=1 host=1 enabled=1 sent=1 result=0 message=EVENT EXP2_OBJECT_STAGE_CHANGED trial_id=Exp2_003 rel=453.697235 unix=1781613492810 bjt=2026-06-16T20:38:12.810+08:00 condition=E4_FIXED_NONPROGRESSIVE object_index=2 previous_stage=0 new_stage=3 progress=1.000000 object_stages=1:3|2:3|3:0|
2026-06-16T20:38:12.797+08:00 MARKER sdk=1 host=1 enabled=1 sent=1 result=0 message=EVENT EXP2_OBJECT_STAGE_CHANGED trial_id=Exp2_003 rel=453.697235 unix=1781613492810 bjt=2026-06-16T20:38:12.810+08:00 condition=E4_FIXED_NONPROGRESSIVE object_index=3 previous_stage=0 new_stage=3 progress=1.000000 object_stages=1:3|2:3|3:3|
2026-06-16T20:38:12.798+08:00 MARKER sdk=1 host=1 enabled=1 sent=1 result=0 message=EVENT EXP2_OBJECT_STAGE_CHANGED trial_id=Exp2_003 rel=453.697235 unix=1781613492810 bjt=2026-06-16T20:38:12.810+08:00 condition=E4_FIXED_NONPROGRESSIVE object_index=4 previous_stage=0 new_stage=3 progress=1.000000 object_stages=1:3|2:3|3:3|
2026-06-16T20:38:12.799+08:00 MARKER sdk=1 host=1 enabled=1 sent=1 result=0 message=EVENT EXP2_LOADING_COMPLETE trial_id=Exp2_003 rel=453.697235 unix=1781613492810 bjt=2026-06-16T20:38:12.810+08:00 condition=E4_FIXED_NONPROGRESSIVE
2026-06-16T20:38:19.800+08:00 MARKER sdk=1 host=1 enabled=1 sent=1 result=0 message=EVENT EXP2_PENDING_SELECTION trial_id=Exp2_003 rel=460.701935 unix=1781613499815 bjt=2026-06-16T20:38:19.814+08:00 condition=E4_FIXED_NONPROGRESSIVE selected=3 selected_content=3 changes=1
2026-06-16T20:38:23.352+08:00 MARKER sdk=1 host=1 enabled=1 sent=1 result=0 message=EVENT EXP2_PENDING_SELECTION trial_id=Exp2_003 rel=464.254028 unix=1781613503367 bjt=2026-06-16T20:38:23.366+08:00 condition=E4_FIXED_NONPROGRESSIVE selected=3 selected_content=3 changes=1
2026-06-16T20:38:27.181+08:00 MARKER sdk=1 host=1 enabled=1 sent=1 result=0 message=EVENT EXP2_SUBMIT_SELECTION trial_id=Exp2_003 rel=468.083160 unix=1781613507196 bjt=2026-06-16T20:38:27.196+08:00 condition=E4_FIXED_NONPROGRESSIVE selected=3 selected_content=3 correct=1
2026-06-16T20:38:27.182+08:00 MARKER sdk=1 host=1 enabled=1 sent=1 result=0 message=TRIAL_RESULT Exp2_003 selected=3 correct=1
2026-06-16T20:39:25.554+08:00 MARKER sdk=1 host=1 enabled=1 sent=1 result=0 message=TRIALID Exp2_004
2026-06-16T20:39:25.555+08:00 MARKER sdk=1 host=1 enabled=1 sent=1 result=0 message=EVENT EXP2_LOADING_START trial_id=Exp2_004 rel=526.453430 unix=1781613565566 bjt=2026-06-16T20:39:25.566+08:00 condition=E3_SPATIAL_NONPROGRESSIVE
2026-06-16T20:39:25.555+08:00 MARKER sdk=1 host=1 enabled=1 sent=1 result=0 message=TRIAL_META exp=EXP2 participant=A037 participant_output_id=A037_v2 trial_id=Exp2_004 condition=E3_SPATIAL_NONPROGRESSIVE spatial_continuity=1 progressive_availability=0
2026-06-16T20:39:25.555+08:00 MARKER sdk=1 host=1 enabled=1 sent=1 result=0 message=TRIAL_META_TASK trial_id=Exp2_004 target_index=4 target_display_index=4 target_content_index=4 target_label=头顶
2026-06-16T20:39:25.556+08:00 MARKER sdk=1 host=1 enabled=1 sent=1 result=0 message=TRIAL_META_SEQUENCE trial_id=Exp2_004 slot_permutation=1:1|2:2|3:3|4:4 sequence_group=1 sequence_index=4
2026-06-16T20:39:37.530+08:00 MARKER sdk=1 host=1 enabled=1 sent=1 result=0 message=EVENT EXP2_OBJECT_STAGE_CHANGED trial_id=Exp2_004 rel=538.431030 unix=1781613577544 bjt=2026-06-16T20:39:37.543+08:00 condition=E3_SPATIAL_NONPROGRESSIVE object_index=1 previous_stage=0 new_stage=3 progress=1.000000 object_stages=1:3|2:0|3:
2026-06-16T20:39:37.532+08:00 MARKER sdk=1 host=1 enabled=1 sent=1 result=0 message=EVENT EXP2_STAGE_3_START trial_id=Exp2_004 rel=538.431030 unix=1781613577544 bjt=2026-06-16T20:39:37.543+08:00 condition=E3_SPATIAL_NONPROGRESSIVE stage=3 first_object_index=1 progress=1.000000 object_stages=1:3|2:0|3:0|4:0
2026-06-16T20:39:37.533+08:00 MARKER sdk=1 host=1 enabled=1 sent=1 result=0 message=EVENT EXP2_OBJECT_STAGE_CHANGED trial_id=Exp2_004 rel=538.431030 unix=1781613577544 bjt=2026-06-16T20:39:37.543+08:00 condition=E3_SPATIAL_NONPROGRESSIVE object_index=2 previous_stage=0 new_stage=3 progress=1.000000 object_stages=1:3|2:3|3:
2026-06-16T20:39:37.534+08:00 MARKER sdk=1 host=1 enabled=1 sent=1 result=0 message=EVENT EXP2_OBJECT_STAGE_CHANGED trial_id=Exp2_004 rel=538.431030 unix=1781613577544 bjt=2026-06-16T20:39:37.543+08:00 condition=E3_SPATIAL_NONPROGRESSIVE object_index=3 previous_stage=0 new_stage=3 progress=1.000000 object_stages=1:3|2:3|3:
2026-06-16T20:39:37.535+08:00 MARKER sdk=1 host=1 enabled=1 sent=1 result=0 message=EVENT EXP2_OBJECT_STAGE_CHANGED trial_id=Exp2_004 rel=538.431030 unix=1781613577544 bjt=2026-06-16T20:39:37.543+08:00 condition=E3_SPATIAL_NONPROGRESSIVE object_index=4 previous_stage=0 new_stage=3 progress=1.000000 object_stages=1:3|2:3|3:
2026-06-16T20:39:37.536+08:00 MARKER sdk=1 host=1 enabled=1 sent=1 result=0 message=EVENT EXP2_LOADING_COMPLETE trial_id=Exp2_004 rel=538.431030 unix=1781613577544 bjt=2026-06-16T20:39:37.543+08:00 condition=E3_SPATIAL_NONPROGRESSIVE
2026-06-16T20:40:04.652+08:00 MARKER sdk=1 host=1 enabled=1 sent=1 result=0 message=EVENT EXP2_PENDING_SELECTION trial_id=Exp2_004 rel=565.554138 unix=1781613604667 bjt=2026-06-16T20:40:04.667+08:00 condition=E3_SPATIAL_NONPROGRESSIVE selected=4 selected_content=4 changes=1
2026-06-16T20:40:10.438+08:00 MARKER sdk=1 host=1 enabled=1 sent=1 result=0 message=EVENT EXP2_SUBMIT_SELECTION trial_id=Exp2_004 rel=571.339233 unix=1781613610452 bjt=2026-06-16T20:40:10.452+08:00 condition=E3_SPATIAL_NONPROGRESSIVE selected=4 selected_content=4 correct=1
2026-06-16T20:40:10.439+08:00 MARKER sdk=1 host=1 enabled=1 sent=1 result=0 message=TRIAL_RESULT Exp2_004 selected=4 correct=1
2026-06-16T20:41:02.663+08:00 MARKER sdk=1 host=1 enabled=1 sent=1 result=0 message=EVENT EXPERIMENT_END_SCREEN_SHOWN participant=A037 output_id=A037_v2 unix=1781613662663 bjt=2026-06-16_20:41:02.663
2026-06-16T20:41:02.663+08:00 FORMAL_RECORDING step=FINISH_REQUESTED success=1 reason=experiment_end_door edf=FM203033.EDF recording=1 opened=1
2026-06-16T20:41:02.663+08:00 MARKER sdk=1 host=1 enabled=1 sent=1 result=0 message=FORMAL_RECORDING_END participant=A037 rel=623.564 unix=1781613662663 bjt=2026-06-16T20:41:02.663+08:00 edf=FM203033.EDF source=ue_formal reason=experiment_end_door
2026-06-16T20:41:02.864+08:00 FORMAL_RECORDING step=END_MARKER_FLUSH_WAIT success=1 duration_ms=200
2026-06-16T20:41:02.969+08:00 FORMAL_RECORDING step=RECORDING_STOPPED success=1 result=0
2026-06-16T20:41:02.969+08:00 FORMAL_RECORDING step=EDF_CLOSED success=1 edf=FM203033.EDF result=0
2026-06-16T20:41:04.170+08:00 EDF_RECEIVE_ATTEMPT source_tag=formal attempt=full_path source=FM203033.EDF dest=../../../../../../Project/UE5/Gallery/Saved/ExperimentData/EDF/FM203033.EDF dest_is_path=0 result=30321535 exists=1 size=30321535
2026-06-16T20:41:04.170+08:00 FORMAL_RECORDING step=EDF_RECEIVED_TO_DPC success=1 edf=FM203033.EDF local=../../../../../../Project/UE5/Gallery/Saved/ExperimentData/EDF/FM203033.EDF result=30321535 size=30321535
2026-06-16T20:41:04.170+08:00 FORMAL_RECORDING step=FINISHED success=1 reason=experiment_end_door edf=FM203033.EDF local=../../../../../../Project/UE5/Gallery/Saved/ExperimentData/EDF/FM203033.EDF
