2026-06-16T19:59:15.842+08:00 STATUS start_ui_status sdk=connected host=not_connected log=
2026-06-16T20:06:49.868+08:00 FORMAL_RECORDING step=EDF_OPEN_REQUESTED success=1 participant=A037 edf=FM200649.EDF source=calibration_button
2026-06-16T20:06:49.868+08:00 CONNECT method=open_eyelink_connection ip=100.1.1.1
2026-06-16T20:06:49.903+08:00 CONNECT_RESULT method=open_eyelink_connection result=0 connected=1
2026-06-16T20:06:49.903+08:00 STATUS host_connected=1 sdk_available=1 note=connection_opened_high_level
2026-06-16T20:06:49.903+08:00 FORMAL_RECORDING step=HOST_CONNECTED success=1 sdk=1 host=1 source=calibration_button
2026-06-16T20:06:49.979+08:00 FORMAL_RECORDING step=EDF_OPENED success=1 edf=FM200649.EDF result=0 source=calibration_button
2026-06-16T20:06:50.025+08:00 FORMAL_EDF_MARKER sdk=1 host=1 opened=1 sent=1 message=FORMAL_EDF_OPENED participant=A037 rel=454.160 unix=1781611610025 bjt=2026-06-16T20:06:50.025+08:00 edf=FM200649.EDF source=ue_formal open_result=0 source_tag=calibration_button
2026-06-16T20:06:50.025+08:00 FORMAL_EDF_MARKER sdk=1 host=1 opened=1 sent=1 message=FORMAL_SESSION_PREPARED participant=A037 rel=454.160 unix=1781611610025 bjt=2026-06-16T20:06:50.025+08:00 edf=FM200649.EDF source=ue_formal calibration_complete=0
2026-06-16T20:06:50.025+08:00 FORMAL_EDF_MARKER sdk=1 host=1 opened=1 sent=1 message=CALIBRATION_REQUESTED participant=A037 rel=454.160 unix=1781611610025 bjt=2026-06-16T20:06:50.025+08:00 edf=FM200649.EDF source=ue_formal open_result=0
2026-06-16T20:06:50.025+08:00 CALIBRATION step=REQUESTED success=1 note=run_eyelink_tracker_setup
2026-06-16T20:06:50.026+08:00 CALIBRATION step=HOST_CONNECTED success=1 sdk=1 host=1 graphics=1
2026-06-16T20:06:50.030+08:00 CALIBRATION_DISPLAY_INIT success=1 result=0 error=
2026-06-16T20:06:50.030+08:00 CALIBRATION_DISPLAY_LIST count=2 requested_index=1 explicit=1
2026-06-16T20:06:50.030+08:00 CALIBRATION_DISPLAY index=0 name=Dell XPS 15 SDC414D Display bounds_result=0 x=0 y=0 w=1920 h=1080 mode_result=0 mode_w=1920 mode_h=1080 refresh=60
2026-06-16T20:06:50.031+08:00 CALIBRATION_DISPLAY index=1 name=Acer GR235H bounds_result=0 x=0 y=-1080 w=1920 h=1080 mode_result=0 mode_w=1920 mode_h=1080 refresh=60
2026-06-16T20:06:50.145+08:00 CALIBRATION step=GRAPHICS_INITIALIZED success=1 result=0 explicit_request=1 display_index=1 window_ptr=0000019A80504A10 width=1920 height=1080 bits=32 refresh=60.00
2026-06-16T20:06:50.159+08:00 CALIBRATION step=REGISTERED_WINDOW_MOVED success=1 requested_display=1 actual_display=1 requested_x=0 requested_y=-1080 requested_w=1920 requested_h=1080 actual_x=0 actual_y=-1080 actual_w=1920 actual_h=1080
2026-06-16T20:06:50.182+08:00 FORMAL_EDF_MARKER sdk=1 host=1 opened=1 sent=1 message=CALIBRATION_SETUP_START participant=A037 rel=454.160 unix=1781611610182 bjt=2026-06-16T20:06:50.182+08:00 edf=FM200649.EDF source=ue_formal calibration_type=HV9 width=1920 height=1080
2026-06-16T20:06:50.182+08:00 CALIBRATION step=TRACKER_SETUP_BEGIN success=1 detail=call_do_tracker_setup
2026-06-16T20:07:27.464+08:00 CALIBRATION step=TRACKER_SETUP_RETURNED success=1 result=0
2026-06-16T20:07:27.464+08:00 FORMAL_EDF_MARKER sdk=1 host=1 opened=1 sent=1 message=CALIBRATION_SETUP_END participant=A037 rel=454.160 unix=1781611647464 bjt=2026-06-16T20:07:27.464+08:00 edf=FM200649.EDF source=ue_formal setup_result=0
2026-06-16T20:07:29.505+08:00 CALIBRATION step=GRAPHICS_CLOSED success=1
2026-06-16T20:07:29.505+08:00 CALIBRATION step=CALIBRATION_WINDOW_DESTROYED success=1
2026-06-16T20:07:29.505+08:00 CALIBRATION step=FINISHED success=1 result=0
2026-06-16T20:07:29.505+08:00 FORMAL_EDF_MARKER sdk=1 host=1 opened=1 sent=1 message=CALIBRATION_STATUS participant=A037 rel=454.160 unix=1781611649505 bjt=2026-06-16T20:07:29.505+08:00 edf=FM200649.EDF source=ue_formal calibration_complete=1
2026-06-16T20:07:29.505+08:00 FORMAL_CALIBRATION step=FINISHED success=1 participant=A037 edf=FM200649.EDF open_result=0
2026-06-16T20:07:29.505+08:00 STATUS start_ui_status sdk=connected host=connected log=../../../../../../Project/UE5/Gallery/Saved/ExperimentLogs/EyeLinkMarkers_20260616_195915_842.log
2026-06-16T20:07:37.564+08:00 FORMAL_RECORDING step=EDF_ALREADY_OPEN success=1 participant=A037 edf=FM200649.EDF source=start_button_preopened calibration_complete=1
2026-06-16T20:07:37.573+08:00 FORMAL_RECORDING step=RECORDING_STARTED success=1 result=0 edf=FM200649.EDF preopened=1 calibration_complete=1
2026-06-16T20:07:37.574+08:00 MARKER sdk=1 host=1 enabled=1 sent=1 result=0 message=FORMAL_RECORDING_START participant=A037 rel=461.391 unix=1781611657574 bjt=2026-06-16T20:07:37.574+08:00 edf=FM200649.EDF source=ue_formal open_result=0 record_result=0 edf_preopened=1 calibration_complete=1
2026-06-16T20:07:37.574+08:00 STATUS formal_recording_start_requested participant=A037 success=1 edf=FM200649.EDF calibration_complete=1
2026-06-16T20:07:37.574+08:00 STATUS start_ui_status sdk=connected host=connected log=../../../../../../Project/UE5/Gallery/Saved/ExperimentLogs/EyeLinkMarkers_20260616_195915_842.log
2026-06-16T20:07:37.574+08:00 MARKER sdk=1 host=1 enabled=1 sent=1 result=0 message=RECORDING_TIME_REFERENCE participant=A037 output_id=A037 rel=461.391 unix=1781611657574 bjt=2026-06-16T20:07:37.574+08:00 source=ue_session_start
2026-06-16T20:07:37.574+08:00 MARKER sdk=1 host=1 enabled=1 sent=1 result=0 message=SESSION_START participant=A037 output_id=A037 rel=461.391 unix=1781611657574 bjt=2026-06-16T20:07:37.574+08:00
2026-06-16T20:07:37.574+08:00 MARKER sdk=1 host=1 enabled=1 sent=1 result=0 message=EXPERIMENT_RUN_MODE EXP1_THEN_EXP2
2026-06-16T20:07:37.580+08:00 MARKER sdk=1 host=1 enabled=1 sent=1 result=0 message=SCREEN_RECORDING_REQUEST enabled=1 started=1 participant=A037 output_id=A037
2026-06-16T20:09:00.484+08:00 MARKER sdk=1 host=1 enabled=1 sent=1 result=0 message=TRIALID T001
2026-06-16T20:09:00.485+08:00 MARKER sdk=1 host=1 enabled=1 sent=1 result=0 message=EVENT LOADING_INTERACT trial=T001 rel=544.328 unix=1781611740511 bjt=2026-06-16T20:09:00.511+08:00
2026-06-16T20:09:00.485+08:00 MARKER sdk=1 host=1 enabled=1 sent=1 result=0 message=EVENT LOADING_START trial=T001 rel=544.328 unix=1781611740511 bjt=2026-06-16T20:09:00.511+08:00
2026-06-16T20:09:00.485+08:00 MARKER sdk=1 host=1 enabled=1 sent=1 result=0 message=TRIAL_META exp=EXP1 participant=A037 participant_output_id=A037 exhibit_id=Ex1_TEST exhibit_name=测试展品 condition=A latin_group=NA sequence_index=-1 sequence_label=NA
2026-06-16T20:09:02.475+08:00 MARKER sdk=1 host=1 enabled=1 sent=1 result=0 message=EVENT LOADING_COMPLETE trial=T001 rel=546.319 unix=1781611742502 bjt=2026-06-16T20:09:02.502+08:00
2026-06-16T20:09:06.500+08:00 MARKER sdk=1 host=1 enabled=1 sent=1 result=0 message=EVENT VIEWER_ENTER trial=T001 rel=550.341 unix=1781611746524 bjt=2026-06-16T20:09:06.524+08:00
2026-06-16T20:09:06.500+08:00 MARKER sdk=1 host=1 enabled=1 sent=1 result=0 message=EVENT QUESTION_START trial=T001 rel=550.341 unix=1781611746524 bjt=2026-06-16T20:09:06.524+08:00 q=1 total=2 correct_index=-1 correct_label=NotAnswered
2026-06-16T20:09:31.677+08:00 MARKER sdk=1 host=1 enabled=1 sent=1 result=0 message=EVENT QUESTION_SUBMIT trial=T001 rel=575.505 unix=1781611771688 bjt=2026-06-16T20:09:31.688+08:00 q=1 option=A correct_index=-1 correct_label=NotAnswered is_correct=-1
2026-06-16T20:09:31.678+08:00 MARKER sdk=1 host=1 enabled=1 sent=1 result=0 message=EVENT QUESTION_START trial=T001 rel=575.505 unix=1781611771688 bjt=2026-06-16T20:09:31.688+08:00 q=2 total=2 correct_index=-1 correct_label=NotAnswered
2026-06-16T20:09:35.407+08:00 MARKER sdk=1 host=1 enabled=1 sent=1 result=0 message=EVENT QUESTION_SUBMIT trial=T001 rel=579.236 unix=1781611775419 bjt=2026-06-16T20:09:35.418+08:00 q=2 option=B correct_index=-1 correct_label=NotAnswered is_correct=-1
2026-06-16T20:09:37.379+08:00 MARKER sdk=1 host=1 enabled=1 sent=1 result=0 message=EVENT VIEWER_EXIT trial=T001 rel=581.223 unix=1781611777406 bjt=2026-06-16T20:09:37.406+08:00
2026-06-16T20:09:37.380+08:00 MARKER sdk=1 host=1 enabled=1 sent=1 result=0 message=EVENT TRIAL_RESULT trial=T001 rel=581.223 unix=1781611777406 bjt=2026-06-16T20:09:37.406+08:00 rows=2
2026-06-16T20:10:30.985+08:00 MARKER sdk=1 host=1 enabled=1 sent=1 result=0 message=TRIALID T002
2026-06-16T20:10:30.985+08:00 MARKER sdk=1 host=1 enabled=1 sent=1 result=0 message=EVENT LOADING_INTERACT trial=T002 rel=634.830 unix=1781611831013 bjt=2026-06-16T20:10:31.012+08:00
2026-06-16T20:10:30.986+08:00 MARKER sdk=1 host=1 enabled=1 sent=1 result=0 message=EVENT LOADING_START trial=T002 rel=634.830 unix=1781611831013 bjt=2026-06-16T20:10:31.012+08:00
2026-06-16T20:10:30.986+08:00 MARKER sdk=1 host=1 enabled=1 sent=1 result=0 message=TRIAL_META exp=EXP1 participant=A037 participant_output_id=A037 exhibit_id=01 exhibit_name=半岛香炉 condition=A latin_group=G1 sequence_index=1 sequence_label=G1_T01
2026-06-16T20:10:40.973+08:00 MARKER sdk=1 host=1 enabled=1 sent=1 result=0 message=EVENT LOADING_COMPLETE trial=T002 rel=644.816 unix=1781611840999 bjt=2026-06-16T20:10:40.998+08:00
2026-06-16T20:10:44.102+08:00 MARKER sdk=1 host=1 enabled=1 sent=1 result=0 message=EVENT VIEWER_ENTER trial=T002 rel=647.943 unix=1781611844126 bjt=2026-06-16T20:10:44.126+08:00
2026-06-16T20:10:44.103+08:00 MARKER sdk=1 host=1 enabled=1 sent=1 result=0 message=EVENT QUESTION_START trial=T002 rel=647.943 unix=1781611844126 bjt=2026-06-16T20:10:44.126+08:00 q=1 total=2 correct_index=1 correct_label=B
2026-06-16T20:10:53.814+08:00 MARKER sdk=1 host=1 enabled=1 sent=1 result=0 message=EVENT QUESTION_SUBMIT trial=T002 rel=657.643 unix=1781611853826 bjt=2026-06-16T20:10:53.825+08:00 q=1 option=B correct_index=1 correct_label=B is_correct=1
2026-06-16T20:10:53.815+08:00 MARKER sdk=1 host=1 enabled=1 sent=1 result=0 message=EVENT QUESTION_START trial=T002 rel=657.643 unix=1781611853826 bjt=2026-06-16T20:10:53.825+08:00 q=2 total=2 correct_index=1 correct_label=B
2026-06-16T20:10:59.482+08:00 MARKER sdk=1 host=1 enabled=1 sent=1 result=0 message=EVENT QUESTION_SUBMIT trial=T002 rel=663.310 unix=1781611859493 bjt=2026-06-16T20:10:59.492+08:00 q=2 option=A correct_index=1 correct_label=B is_correct=0
2026-06-16T20:11:01.545+08:00 MARKER sdk=1 host=1 enabled=1 sent=1 result=0 message=EVENT VIEWER_EXIT trial=T002 rel=665.389 unix=1781611861572 bjt=2026-06-16T20:11:01.572+08:00
2026-06-16T20:11:01.546+08:00 MARKER sdk=1 host=1 enabled=1 sent=1 result=0 message=EVENT TRIAL_RESULT trial=T002 rel=665.389 unix=1781611861572 bjt=2026-06-16T20:11:01.572+08:00 rows=2
2026-06-16T20:12:48.417+08:00 MARKER sdk=1 host=1 enabled=1 sent=1 result=0 message=TRIALID T003
2026-06-16T20:12:48.418+08:00 MARKER sdk=1 host=1 enabled=1 sent=1 result=0 message=EVENT LOADING_INTERACT trial=T003 rel=772.261 unix=1781611968444 bjt=2026-06-16T20:12:48.444+08:00
2026-06-16T20:12:48.418+08:00 MARKER sdk=1 host=1 enabled=1 sent=1 result=0 message=EVENT LOADING_START trial=T003 rel=772.261 unix=1781611968444 bjt=2026-06-16T20:12:48.444+08:00
2026-06-16T20:12:48.419+08:00 MARKER sdk=1 host=1 enabled=1 sent=1 result=0 message=TRIAL_META exp=EXP1 participant=A037 participant_output_id=A037 exhibit_id=02 exhibit_name=中国青铜器 condition=A_PLUS latin_group=G1 sequence_index=2 sequence_label=G1_T02
2026-06-16T20:12:58.407+08:00 MARKER sdk=1 host=1 enabled=1 sent=1 result=0 message=EVENT LOADING_COMPLETE trial=T003 rel=782.251 unix=1781611978434 bjt=2026-06-16T20:12:58.434+08:00
2026-06-16T20:13:02.230+08:00 MARKER sdk=1 host=1 enabled=1 sent=1 result=0 message=EVENT VIEWER_ENTER trial=T003 rel=786.072 unix=1781611982255 bjt=2026-06-16T20:13:02.254+08:00
2026-06-16T20:13:02.230+08:00 MARKER sdk=1 host=1 enabled=1 sent=1 result=0 message=EVENT QUESTION_START trial=T003 rel=786.072 unix=1781611982255 bjt=2026-06-16T20:13:02.254+08:00 q=1 total=2 correct_index=1 correct_label=B
2026-06-16T20:13:10.087+08:00 MARKER sdk=1 host=1 enabled=1 sent=1 result=0 message=EVENT QUESTION_SUBMIT trial=T003 rel=793.915 unix=1781611990098 bjt=2026-06-16T20:13:10.097+08:00 q=1 option=B correct_index=1 correct_label=B is_correct=1
2026-06-16T20:13:10.087+08:00 MARKER sdk=1 host=1 enabled=1 sent=1 result=0 message=EVENT QUESTION_START trial=T003 rel=793.915 unix=1781611990098 bjt=2026-06-16T20:13:10.097+08:00 q=2 total=2 correct_index=1 correct_label=B
2026-06-16T20:13:22.486+08:00 MARKER sdk=1 host=1 enabled=1 sent=1 result=0 message=EVENT QUESTION_SUBMIT trial=T003 rel=806.315 unix=1781612002498 bjt=2026-06-16T20:13:22.497+08:00 q=2 option=B correct_index=1 correct_label=B is_correct=1
2026-06-16T20:13:24.773+08:00 MARKER sdk=1 host=1 enabled=1 sent=1 result=0 message=EVENT VIEWER_EXIT trial=T003 rel=808.618 unix=1781612004801 bjt=2026-06-16T20:13:24.800+08:00
2026-06-16T20:13:24.774+08:00 MARKER sdk=1 host=1 enabled=1 sent=1 result=0 message=EVENT TRIAL_RESULT trial=T003 rel=808.618 unix=1781612004801 bjt=2026-06-16T20:13:24.800+08:00 rows=2
2026-06-16T20:14:28.848+08:00 MARKER sdk=1 host=1 enabled=1 sent=1 result=0 message=TRIALID T004
2026-06-16T20:14:28.849+08:00 MARKER sdk=1 host=1 enabled=1 sent=1 result=0 message=EVENT LOADING_INTERACT trial=T004 rel=872.692 unix=1781612068875 bjt=2026-06-16T20:14:28.875+08:00
2026-06-16T20:14:28.849+08:00 MARKER sdk=1 host=1 enabled=1 sent=1 result=0 message=EVENT LOADING_START trial=T004 rel=872.692 unix=1781612068875 bjt=2026-06-16T20:14:28.875+08:00
2026-06-16T20:14:28.849+08:00 MARKER sdk=1 host=1 enabled=1 sent=1 result=0 message=TRIAL_META exp=EXP1 participant=A037 participant_output_id=A037 exhibit_id=03 exhibit_name=希腊陶具 condition=B latin_group=G1 sequence_index=3 sequence_label=G1_T03
2026-06-16T20:14:38.834+08:00 MARKER sdk=1 host=1 enabled=1 sent=1 result=0 message=EVENT LOADING_COMPLETE trial=T004 rel=882.678 unix=1781612078861 bjt=2026-06-16T20:14:38.861+08:00
2026-06-16T20:14:41.178+08:00 MARKER sdk=1 host=1 enabled=1 sent=1 result=0 message=EVENT VIEWER_ENTER trial=T004 rel=885.022 unix=1781612081205 bjt=2026-06-16T20:14:41.205+08:00
2026-06-16T20:14:41.179+08:00 MARKER sdk=1 host=1 enabled=1 sent=1 result=0 message=EVENT QUESTION_START trial=T004 rel=885.022 unix=1781612081205 bjt=2026-06-16T20:14:41.205+08:00 q=1 total=2 correct_index=0 correct_label=A
2026-06-16T20:14:53.422+08:00 MARKER sdk=1 host=1 enabled=1 sent=1 result=0 message=EVENT QUESTION_SUBMIT trial=T004 rel=897.248 unix=1781612093431 bjt=2026-06-16T20:14:53.430+08:00 q=1 option=A correct_index=0 correct_label=A is_correct=1
2026-06-16T20:14:53.423+08:00 MARKER sdk=1 host=1 enabled=1 sent=1 result=0 message=EVENT QUESTION_START trial=T004 rel=897.248 unix=1781612093431 bjt=2026-06-16T20:14:53.430+08:00 q=2 total=2 correct_index=2 correct_label=C
2026-06-16T20:14:56.221+08:00 MARKER sdk=1 host=1 enabled=1 sent=1 result=0 message=EVENT QUESTION_SUBMIT trial=T004 rel=900.050 unix=1781612096233 bjt=2026-06-16T20:14:56.233+08:00 q=2 option=C correct_index=2 correct_label=C is_correct=1
2026-06-16T20:14:57.998+08:00 MARKER sdk=1 host=1 enabled=1 sent=1 result=0 message=EVENT VIEWER_EXIT trial=T004 rel=901.842 unix=1781612098025 bjt=2026-06-16T20:14:58.025+08:00
2026-06-16T20:14:57.999+08:00 MARKER sdk=1 host=1 enabled=1 sent=1 result=0 message=EVENT TRIAL_RESULT trial=T004 rel=901.842 unix=1781612098025 bjt=2026-06-16T20:14:58.025+08:00 rows=2
2026-06-16T20:14:58.500+08:00 MARKER sdk=1 host=1 enabled=1 sent=1 result=0 message=TRIALID T005
2026-06-16T20:14:58.501+08:00 MARKER sdk=1 host=1 enabled=1 sent=1 result=0 message=EVENT LOADING_INTERACT trial=T005 rel=872.692 unix=1781612068875 bjt=2026-06-16T20:14:28.875+08:00
2026-06-16T20:14:58.501+08:00 MARKER sdk=1 host=1 enabled=1 sent=1 result=0 message=TRIAL_META exp=EXP1 participant=A037 participant_output_id=A037 exhibit_id=03 exhibit_name=希腊陶具 condition=B latin_group=NA sequence_index=-1 sequence_label=NA
2026-06-16T20:14:58.501+08:00 MARKER sdk=1 host=1 enabled=1 sent=1 result=0 message=EVENT VIEWER_ENTER trial=T005 rel=902.344 unix=1781612098527 bjt=2026-06-16T20:14:58.527+08:00
2026-06-16T20:14:58.502+08:00 MARKER sdk=1 host=1 enabled=1 sent=1 result=0 message=EVENT QUESTION_START trial=T005 rel=902.344 unix=1781612098527 bjt=2026-06-16T20:14:58.527+08:00 q=1 total=2 correct_index=0 correct_label=A
2026-06-16T20:14:59.251+08:00 MARKER sdk=1 host=1 enabled=1 sent=1 result=0 message=EVENT VIEWER_EXIT trial=T005 rel=903.095 unix=1781612099278 bjt=2026-06-16T20:14:59.278+08:00
2026-06-16T20:14:59.251+08:00 MARKER sdk=1 host=1 enabled=1 sent=1 result=0 message=EVENT TRIAL_RESULT trial=T005 rel=903.095 unix=1781612099278 bjt=2026-06-16T20:14:59.278+08:00 rows=2
2026-06-16T20:16:14.145+08:00 MARKER sdk=1 host=1 enabled=1 sent=1 result=0 message=TRIALID T006
2026-06-16T20:16:14.145+08:00 MARKER sdk=1 host=1 enabled=1 sent=1 result=0 message=EVENT LOADING_INTERACT trial=T006 rel=977.990 unix=1781612174173 bjt=2026-06-16T20:16:14.173+08:00
2026-06-16T20:16:14.145+08:00 MARKER sdk=1 host=1 enabled=1 sent=1 result=0 message=EVENT LOADING_START trial=T006 rel=977.990 unix=1781612174173 bjt=2026-06-16T20:16:14.173+08:00
2026-06-16T20:16:14.146+08:00 MARKER sdk=1 host=1 enabled=1 sent=1 result=0 message=EVENT VIEWER_ENTER trial=T006 rel=977.990 unix=1781612174173 bjt=2026-06-16T20:16:14.173+08:00 mode=progressive_no_progress_bar
2026-06-16T20:16:14.146+08:00 MARKER sdk=1 host=1 enabled=1 sent=1 result=0 message=TRIAL_META exp=EXP1 participant=A037 participant_output_id=A037 exhibit_id=04 exhibit_name=中国花瓶 condition=C_MINUS latin_group=G1 sequence_index=4 sequence_label=G1_T04
2026-06-16T20:16:20.141+08:00 MARKER sdk=1 host=1 enabled=1 sent=1 result=0 message=EVENT PROGRESSIVE_USABLE trial=T006 rel=983.984 unix=1781612180167 bjt=2026-06-16T20:16:20.166+08:00
2026-06-16T20:16:20.144+08:00 MARKER sdk=1 host=1 enabled=1 sent=1 result=0 message=EVENT QUESTION_START trial=T006 rel=983.984 unix=1781612180167 bjt=2026-06-16T20:16:20.166+08:00 q=1 total=2 correct_index=2 correct_label=C
2026-06-16T20:16:24.135+08:00 MARKER sdk=1 host=1 enabled=1 sent=1 result=0 message=EVENT LOADING_COMPLETE trial=T006 rel=987.979 unix=1781612184162 bjt=2026-06-16T20:16:24.162+08:00
2026-06-16T20:16:33.064+08:00 MARKER sdk=1 host=1 enabled=1 sent=1 result=0 message=EVENT QUESTION_SUBMIT trial=T006 rel=996.893 unix=1781612193076 bjt=2026-06-16T20:16:33.075+08:00 q=1 option=A correct_index=2 correct_label=C is_correct=0
2026-06-16T20:16:33.065+08:00 MARKER sdk=1 host=1 enabled=1 sent=1 result=0 message=EVENT QUESTION_START trial=T006 rel=996.893 unix=1781612193076 bjt=2026-06-16T20:16:33.075+08:00 q=2 total=2 correct_index=3 correct_label=D
2026-06-16T20:16:36.197+08:00 MARKER sdk=1 host=1 enabled=1 sent=1 result=0 message=EVENT QUESTION_SUBMIT trial=T006 rel=1000.024 unix=1781612196207 bjt=2026-06-16T20:16:36.207+08:00 q=2 option=D correct_index=3 correct_label=D is_correct=1
2026-06-16T20:16:37.592+08:00 MARKER sdk=1 host=1 enabled=1 sent=1 result=0 message=EVENT VIEWER_EXIT trial=T006 rel=1001.436 unix=1781612197619 bjt=2026-06-16T20:16:37.618+08:00
2026-06-16T20:16:37.593+08:00 MARKER sdk=1 host=1 enabled=1 sent=1 result=0 message=EVENT TRIAL_RESULT trial=T006 rel=1001.436 unix=1781612197619 bjt=2026-06-16T20:16:37.618+08:00 rows=2
2026-06-16T20:18:12.760+08:00 MARKER sdk=1 host=1 enabled=1 sent=1 result=0 message=TRIALID T007
2026-06-16T20:18:12.761+08:00 MARKER sdk=1 host=1 enabled=1 sent=1 result=0 message=EVENT LOADING_INTERACT trial=T007 rel=1096.604 unix=1781612292787 bjt=2026-06-16T20:18:12.787+08:00
2026-06-16T20:18:12.761+08:00 MARKER sdk=1 host=1 enabled=1 sent=1 result=0 message=EVENT LOADING_START trial=T007 rel=1096.604 unix=1781612292787 bjt=2026-06-16T20:18:12.787+08:00
2026-06-16T20:18:12.761+08:00 MARKER sdk=1 host=1 enabled=1 sent=1 result=0 message=EVENT VIEWER_ENTER trial=T007 rel=1096.604 unix=1781612292787 bjt=2026-06-16T20:18:12.787+08:00 mode=progressive
2026-06-16T20:18:12.762+08:00 MARKER sdk=1 host=1 enabled=1 sent=1 result=0 message=TRIAL_META exp=EXP1 participant=A037 participant_output_id=A037 exhibit_id=05 exhibit_name=雅典双耳罐 condition=C latin_group=G1 sequence_index=5 sequence_label=G1_T05
2026-06-16T20:18:18.751+08:00 MARKER sdk=1 host=1 enabled=1 sent=1 result=0 message=EVENT PROGRESSIVE_USABLE trial=T007 rel=1102.595 unix=1781612298778 bjt=2026-06-16T20:18:18.778+08:00
2026-06-16T20:18:18.752+08:00 MARKER sdk=1 host=1 enabled=1 sent=1 result=0 message=EVENT QUESTION_START trial=T007 rel=1102.595 unix=1781612298778 bjt=2026-06-16T20:18:18.778+08:00 q=1 total=2 correct_index=0 correct_label=A
2026-06-16T20:18:22.756+08:00 MARKER sdk=1 host=1 enabled=1 sent=1 result=0 message=EVENT LOADING_COMPLETE trial=T007 rel=1106.600 unix=1781612302783 bjt=2026-06-16T20:18:22.782+08:00
2026-06-16T20:18:31.928+08:00 MARKER sdk=1 host=1 enabled=1 sent=1 result=0 message=EVENT QUESTION_SUBMIT trial=T007 rel=1115.756 unix=1781612311939 bjt=2026-06-16T20:18:31.939+08:00 q=1 option=A correct_index=0 correct_label=A is_correct=1
2026-06-16T20:18:31.929+08:00 MARKER sdk=1 host=1 enabled=1 sent=1 result=0 message=EVENT QUESTION_START trial=T007 rel=1115.756 unix=1781612311939 bjt=2026-06-16T20:18:31.939+08:00 q=2 total=2 correct_index=2 correct_label=C
2026-06-16T20:18:34.888+08:00 MARKER sdk=1 host=1 enabled=1 sent=1 result=0 message=EVENT QUESTION_SUBMIT trial=T007 rel=1118.716 unix=1781612314899 bjt=2026-06-16T20:18:34.899+08:00 q=2 option=C correct_index=2 correct_label=C is_correct=1
2026-06-16T20:18:36.498+08:00 MARKER sdk=1 host=1 enabled=1 sent=1 result=0 message=EVENT VIEWER_EXIT trial=T007 rel=1120.342 unix=1781612316525 bjt=2026-06-16T20:18:36.525+08:00
2026-06-16T20:18:36.498+08:00 MARKER sdk=1 host=1 enabled=1 sent=1 result=0 message=EVENT TRIAL_RESULT trial=T007 rel=1120.342 unix=1781612316525 bjt=2026-06-16T20:18:36.525+08:00 rows=2
