2026-06-12T11:04:56.120+08:00 STATUS start_ui_status sdk=connected host=not_connected log=
2026-06-12T11:06:40.557+08:00 FORMAL_RECORDING step=EDF_OPEN_REQUESTED success=1 participant=A005 edf=FM110640.EDF source=calibration_button
2026-06-12T11:06:40.557+08:00 CONNECT method=open_eyelink_connection ip=100.1.1.1
2026-06-12T11:06:40.591+08:00 CONNECT_RESULT method=open_eyelink_connection result=0 connected=1
2026-06-12T11:06:40.591+08:00 STATUS host_connected=1 sdk_available=1 note=connection_opened_high_level
2026-06-12T11:06:40.591+08:00 FORMAL_RECORDING step=HOST_CONNECTED success=1 sdk=1 host=1 source=calibration_button
2026-06-12T11:06:40.610+08:00 FORMAL_RECORDING step=EDF_OPENED success=1 edf=FM110640.EDF result=0 source=calibration_button
2026-06-12T11:06:40.611+08:00 FORMAL_EDF_MARKER sdk=1 host=1 opened=1 sent=1 message=FORMAL_EDF_OPENED participant=A005 rel=101.559 unix=1781233600611 bjt=2026-06-12T11:06:40.611+08:00 edf=FM110640.EDF source=ue_formal open_result=0 source_tag=calibration_button
2026-06-12T11:06:40.611+08:00 FORMAL_EDF_MARKER sdk=1 host=1 opened=1 sent=1 message=FORMAL_SESSION_PREPARED participant=A005 rel=101.559 unix=1781233600611 bjt=2026-06-12T11:06:40.611+08:00 edf=FM110640.EDF source=ue_formal calibration_complete=0
2026-06-12T11:06:40.611+08:00 FORMAL_EDF_MARKER sdk=1 host=1 opened=1 sent=1 message=CALIBRATION_REQUESTED participant=A005 rel=101.559 unix=1781233600611 bjt=2026-06-12T11:06:40.611+08:00 edf=FM110640.EDF source=ue_formal open_result=0
2026-06-12T11:06:40.611+08:00 CALIBRATION step=REQUESTED success=1 note=run_eyelink_tracker_setup
2026-06-12T11:06:40.611+08:00 CALIBRATION step=HOST_CONNECTED success=1 sdk=1 host=1 graphics=1
2026-06-12T11:06:40.619+08:00 CALIBRATION_DISPLAY_INIT success=1 result=0 error=
2026-06-12T11:06:40.619+08:00 CALIBRATION_DISPLAY_LIST count=2 requested_index=1 explicit=1
2026-06-12T11:06:40.619+08:00 CALIBRATION_DISPLAY index=0 name=Dell XPS 15 SDC414D Display bounds_result=0 x=0 y=0 w=1920 h=1080 mode_result=0 mode_w=1920 mode_h=1080 refresh=60
2026-06-12T11:06:40.619+08:00 CALIBRATION_DISPLAY index=1 name=Acer GR235H bounds_result=0 x=0 y=-1080 w=1920 h=1080 mode_result=0 mode_w=1920 mode_h=1080 refresh=60
2026-06-12T11:06:40.737+08:00 CALIBRATION step=GRAPHICS_INITIALIZED success=1 result=0 explicit_request=1 display_index=1 window_ptr=0000024FEFD94B68 width=1920 height=1080 bits=32 refresh=60.00
2026-06-12T11:06:40.751+08:00 CALIBRATION step=REGISTERED_WINDOW_MOVED success=1 requested_display=1 actual_display=1 requested_x=0 requested_y=-1080 requested_w=1920 requested_h=1080 actual_x=0 actual_y=-1080 actual_w=1920 actual_h=1080
2026-06-12T11:06:40.753+08:00 FORMAL_EDF_MARKER sdk=1 host=1 opened=1 sent=1 message=CALIBRATION_SETUP_START participant=A005 rel=101.559 unix=1781233600753 bjt=2026-06-12T11:06:40.753+08:00 edf=FM110640.EDF source=ue_formal calibration_type=HV9 width=1920 height=1080
2026-06-12T11:06:40.754+08:00 CALIBRATION step=TRACKER_SETUP_BEGIN success=1 detail=call_do_tracker_setup
2026-06-12T11:07:16.141+08:00 CALIBRATION step=TRACKER_SETUP_RETURNED success=1 result=0
2026-06-12T11:07:16.142+08:00 FORMAL_EDF_MARKER sdk=1 host=1 opened=1 sent=1 message=CALIBRATION_SETUP_END participant=A005 rel=101.559 unix=1781233636141 bjt=2026-06-12T11:07:16.141+08:00 edf=FM110640.EDF source=ue_formal setup_result=0
2026-06-12T11:07:18.181+08:00 CALIBRATION step=GRAPHICS_CLOSED success=1
2026-06-12T11:07:18.181+08:00 CALIBRATION step=CALIBRATION_WINDOW_DESTROYED success=1
2026-06-12T11:07:18.181+08:00 CALIBRATION step=FINISHED success=1 result=0
2026-06-12T11:07:18.182+08:00 FORMAL_EDF_MARKER sdk=1 host=1 opened=1 sent=1 message=CALIBRATION_STATUS participant=A005 rel=101.559 unix=1781233638181 bjt=2026-06-12T11:07:18.181+08:00 edf=FM110640.EDF source=ue_formal calibration_complete=1
2026-06-12T11:07:18.182+08:00 FORMAL_CALIBRATION step=FINISHED success=1 participant=A005 edf=FM110640.EDF open_result=0
2026-06-12T11:07:18.182+08:00 STATUS start_ui_status sdk=connected host=connected log=../../../../../../Project/UE5/Gallery/Saved/ExperimentLogs/EyeLinkMarkers_20260612_110456_120.log
2026-06-12T11:07:26.253+08:00 FORMAL_RECORDING step=EDF_ALREADY_OPEN success=1 participant=A005 edf=FM110640.EDF source=start_button_preopened calibration_complete=1
2026-06-12T11:07:26.262+08:00 FORMAL_RECORDING step=RECORDING_STARTED success=1 result=0 edf=FM110640.EDF preopened=1 calibration_complete=1
2026-06-12T11:07:26.262+08:00 MARKER sdk=1 host=1 enabled=1 sent=1 result=0 message=FORMAL_RECORDING_START participant=A005 rel=109.519 unix=1781233646262 bjt=2026-06-12T11:07:26.262+08:00 edf=FM110640.EDF source=ue_formal open_result=0 record_result=0 edf_preopened=1 calibration_complete=1
2026-06-12T11:07:26.262+08:00 STATUS formal_recording_start_requested participant=A005 success=1 edf=FM110640.EDF calibration_complete=1
2026-06-12T11:07:26.262+08:00 STATUS start_ui_status sdk=connected host=connected log=../../../../../../Project/UE5/Gallery/Saved/ExperimentLogs/EyeLinkMarkers_20260612_110456_120.log
2026-06-12T11:07:26.262+08:00 MARKER sdk=1 host=1 enabled=1 sent=1 result=0 message=RECORDING_TIME_REFERENCE participant=A005 rel=109.519 unix=1781233646262 bjt=2026-06-12T11:07:26.262+08:00 source=ue_session_start
2026-06-12T11:07:26.262+08:00 MARKER sdk=1 host=1 enabled=1 sent=1 result=0 message=SESSION_START participant=A005 rel=109.519 unix=1781233646262 bjt=2026-06-12T11:07:26.262+08:00
2026-06-12T11:07:26.262+08:00 MARKER sdk=1 host=1 enabled=1 sent=1 result=0 message=EXPERIMENT_RUN_MODE EXP1_THEN_EXP2
2026-06-12T11:07:26.266+08:00 MARKER sdk=1 host=1 enabled=1 sent=1 result=0 message=SCREEN_RECORDING_REQUEST enabled=1 started=1 participant=A005
2026-06-12T11:08:05.343+08:00 MARKER sdk=1 host=1 enabled=1 sent=1 result=0 message=TRIALID T001
2026-06-12T11:08:05.343+08:00 MARKER sdk=1 host=1 enabled=1 sent=1 result=0 message=EVENT LOADING_INTERACT trial=T001 rel=148.625 unix=1781233685368 bjt=2026-06-12T11:08:05.367+08:00
2026-06-12T11:08:05.344+08:00 MARKER sdk=1 host=1 enabled=1 sent=1 result=0 message=EVENT LOADING_START trial=T001 rel=148.625 unix=1781233685368 bjt=2026-06-12T11:08:05.367+08:00
2026-06-12T11:08:05.344+08:00 MARKER sdk=1 host=1 enabled=1 sent=1 result=0 message=!V TRIAL_VAR participant A005
2026-06-12T11:08:05.344+08:00 MARKER sdk=1 host=1 enabled=1 sent=1 result=0 message=!V TRIAL_VAR experiment EXP1
2026-06-12T11:08:05.344+08:00 MARKER sdk=1 host=1 enabled=1 sent=1 result=0 message=!V TRIAL_VAR exhibit_id Ex1_TEST
2026-06-12T11:08:05.344+08:00 MARKER sdk=1 host=1 enabled=1 sent=1 result=0 message=!V TRIAL_VAR exhibit_name 测试展品
2026-06-12T11:08:05.344+08:00 MARKER sdk=1 host=1 enabled=1 sent=1 result=0 message=!V TRIAL_VAR condition A
2026-06-12T11:08:05.344+08:00 MARKER sdk=1 host=1 enabled=1 sent=1 result=0 message=!V TRIAL_VAR latin_group NA
2026-06-12T11:08:05.344+08:00 MARKER sdk=1 host=1 enabled=1 sent=1 result=0 message=!V TRIAL_VAR sequence_index -1
2026-06-12T11:08:05.345+08:00 MARKER sdk=1 host=1 enabled=1 sent=1 result=0 message=!V TRIAL_VAR sequence_label NA
2026-06-12T11:08:07.328+08:00 MARKER sdk=1 host=1 enabled=1 sent=1 result=0 message=EVENT LOADING_COMPLETE trial=T001 rel=150.610 unix=1781233687353 bjt=2026-06-12T11:08:07.352+08:00
2026-06-12T11:08:10.337+08:00 MARKER sdk=1 host=1 enabled=1 sent=1 result=0 message=EVENT VIEWER_ENTER trial=T001 rel=153.618 unix=1781233690360 bjt=2026-06-12T11:08:10.360+08:00
2026-06-12T11:08:10.338+08:00 MARKER sdk=1 host=1 enabled=1 sent=1 result=0 message=EVENT QUESTION_START trial=T001 rel=153.618 unix=1781233690360 bjt=2026-06-12T11:08:10.360+08:00 q=1 total=2 correct_index=-1 correct_label=NotAnswered
2026-06-12T11:08:34.546+08:00 MARKER sdk=1 host=1 enabled=1 sent=1 result=0 message=EVENT QUESTION_SUBMIT trial=T001 rel=177.813 unix=1781233714555 bjt=2026-06-12T11:08:34.555+08:00 q=1 option=A correct_index=-1 correct_label=NotAnswered is_correct=-1
2026-06-12T11:08:34.547+08:00 MARKER sdk=1 host=1 enabled=1 sent=1 result=0 message=EVENT QUESTION_START trial=T001 rel=177.813 unix=1781233714555 bjt=2026-06-12T11:08:34.555+08:00 q=2 total=2 correct_index=-1 correct_label=NotAnswered
2026-06-12T11:08:48.765+08:00 MARKER sdk=1 host=1 enabled=1 sent=1 result=0 message=EVENT QUESTION_SUBMIT trial=T001 rel=192.032 unix=1781233728775 bjt=2026-06-12T11:08:48.774+08:00 q=2 option=B correct_index=-1 correct_label=NotAnswered is_correct=-1
2026-06-12T11:08:50.351+08:00 MARKER sdk=1 host=1 enabled=1 sent=1 result=0 message=EVENT VIEWER_EXIT trial=T001 rel=193.633 unix=1781233730375 bjt=2026-06-12T11:08:50.375+08:00
2026-06-12T11:08:50.351+08:00 MARKER sdk=1 host=1 enabled=1 sent=1 result=0 message=EVENT TRIAL_RESULT trial=T001 rel=193.633 unix=1781233730375 bjt=2026-06-12T11:08:50.375+08:00 rows=2
2026-06-12T11:09:32.493+08:00 MARKER sdk=1 host=1 enabled=1 sent=1 result=0 message=TRIALID T002
2026-06-12T11:09:32.494+08:00 MARKER sdk=1 host=1 enabled=1 sent=1 result=0 message=EVENT LOADING_INTERACT trial=T002 rel=235.776 unix=1781233772518 bjt=2026-06-12T11:09:32.518+08:00
2026-06-12T11:09:32.494+08:00 MARKER sdk=1 host=1 enabled=1 sent=1 result=0 message=EVENT LOADING_START trial=T002 rel=235.776 unix=1781233772518 bjt=2026-06-12T11:09:32.518+08:00
2026-06-12T11:09:32.494+08:00 MARKER sdk=1 host=1 enabled=1 sent=1 result=0 message=!V TRIAL_VAR participant A005
2026-06-12T11:09:32.495+08:00 MARKER sdk=1 host=1 enabled=1 sent=1 result=0 message=!V TRIAL_VAR experiment EXP1
2026-06-12T11:09:32.495+08:00 MARKER sdk=1 host=1 enabled=1 sent=1 result=0 message=!V TRIAL_VAR exhibit_id 01
2026-06-12T11:09:32.495+08:00 MARKER sdk=1 host=1 enabled=1 sent=1 result=0 message=!V TRIAL_VAR exhibit_name 半岛香炉
2026-06-12T11:09:32.495+08:00 MARKER sdk=1 host=1 enabled=1 sent=1 result=0 message=!V TRIAL_VAR condition C
2026-06-12T11:09:32.495+08:00 MARKER sdk=1 host=1 enabled=1 sent=1 result=0 message=!V TRIAL_VAR latin_group G5
2026-06-12T11:09:32.496+08:00 MARKER sdk=1 host=1 enabled=1 sent=1 result=0 message=!V TRIAL_VAR sequence_index 1
2026-06-12T11:09:32.496+08:00 MARKER sdk=1 host=1 enabled=1 sent=1 result=0 message=!V TRIAL_VAR sequence_label G5_T01
2026-06-12T11:09:32.496+08:00 MARKER sdk=1 host=1 enabled=1 sent=1 result=0 message=EVENT VIEWER_ENTER trial=T002 rel=235.776 unix=1781233772518 bjt=2026-06-12T11:09:32.518+08:00 mode=progressive
2026-06-12T11:09:38.487+08:00 MARKER sdk=1 host=1 enabled=1 sent=1 result=0 message=EVENT PROGRESSIVE_USABLE trial=T002 rel=241.768 unix=1781233778510 bjt=2026-06-12T11:09:38.510+08:00
2026-06-12T11:09:38.489+08:00 MARKER sdk=1 host=1 enabled=1 sent=1 result=0 message=EVENT QUESTION_START trial=T002 rel=241.768 unix=1781233778510 bjt=2026-06-12T11:09:38.510+08:00 q=1 total=2 correct_index=1 correct_label=B
2026-06-12T11:09:42.490+08:00 MARKER sdk=1 host=1 enabled=1 sent=1 result=0 message=EVENT LOADING_COMPLETE trial=T002 rel=245.772 unix=1781233782515 bjt=2026-06-12T11:09:42.514+08:00
2026-06-12T11:09:42.622+08:00 MARKER sdk=1 host=1 enabled=1 sent=1 result=0 message=EVENT QUESTION_SUBMIT trial=T002 rel=245.889 unix=1781233782631 bjt=2026-06-12T11:09:42.631+08:00 q=1 option=B correct_index=1 correct_label=B is_correct=1
2026-06-12T11:09:42.623+08:00 MARKER sdk=1 host=1 enabled=1 sent=1 result=0 message=EVENT QUESTION_START trial=T002 rel=245.889 unix=1781233782631 bjt=2026-06-12T11:09:42.631+08:00 q=2 total=2 correct_index=1 correct_label=B
2026-06-12T11:09:47.312+08:00 MARKER sdk=1 host=1 enabled=1 sent=1 result=0 message=EVENT QUESTION_SUBMIT trial=T002 rel=250.579 unix=1781233787321 bjt=2026-06-12T11:09:47.321+08:00 q=2 option=A correct_index=1 correct_label=B is_correct=0
2026-06-12T11:09:48.803+08:00 MARKER sdk=1 host=1 enabled=1 sent=1 result=0 message=EVENT VIEWER_EXIT trial=T002 rel=252.085 unix=1781233788827 bjt=2026-06-12T11:09:48.827+08:00
2026-06-12T11:09:48.803+08:00 MARKER sdk=1 host=1 enabled=1 sent=1 result=0 message=EVENT TRIAL_RESULT trial=T002 rel=252.085 unix=1781233788827 bjt=2026-06-12T11:09:48.827+08:00 rows=2
2026-06-12T11:09:52.396+08:00 MARKER sdk=1 host=1 enabled=1 sent=1 result=0 message=TRIALID T003
2026-06-12T11:09:52.396+08:00 MARKER sdk=1 host=1 enabled=1 sent=1 result=0 message=EVENT LOADING_INTERACT trial=T003 rel=255.678 unix=1781233792421 bjt=2026-06-12T11:09:52.420+08:00
2026-06-12T11:09:52.397+08:00 MARKER sdk=1 host=1 enabled=1 sent=1 result=0 message=EVENT LOADING_START trial=T003 rel=255.678 unix=1781233792421 bjt=2026-06-12T11:09:52.420+08:00
2026-06-12T11:09:52.397+08:00 MARKER sdk=1 host=1 enabled=1 sent=1 result=0 message=!V TRIAL_VAR participant A005
2026-06-12T11:09:52.397+08:00 MARKER sdk=1 host=1 enabled=1 sent=1 result=0 message=!V TRIAL_VAR experiment EXP1
2026-06-12T11:09:52.397+08:00 MARKER sdk=1 host=1 enabled=1 sent=1 result=0 message=!V TRIAL_VAR exhibit_id 02
2026-06-12T11:09:52.397+08:00 MARKER sdk=1 host=1 enabled=1 sent=1 result=0 message=!V TRIAL_VAR exhibit_name 中国青铜器
2026-06-12T11:09:52.397+08:00 MARKER sdk=1 host=1 enabled=1 sent=1 result=0 message=!V TRIAL_VAR condition A
2026-06-12T11:09:52.398+08:00 MARKER sdk=1 host=1 enabled=1 sent=1 result=0 message=!V TRIAL_VAR latin_group G5
2026-06-12T11:09:52.398+08:00 MARKER sdk=1 host=1 enabled=1 sent=1 result=0 message=!V TRIAL_VAR sequence_index 2
2026-06-12T11:09:52.398+08:00 MARKER sdk=1 host=1 enabled=1 sent=1 result=0 message=!V TRIAL_VAR sequence_label G5_T02
2026-06-12T11:10:02.385+08:00 MARKER sdk=1 host=1 enabled=1 sent=1 result=0 message=EVENT LOADING_COMPLETE trial=T003 rel=265.668 unix=1781233802410 bjt=2026-06-12T11:10:02.410+08:00
2026-06-12T11:10:04.323+08:00 MARKER sdk=1 host=1 enabled=1 sent=1 result=0 message=EVENT VIEWER_ENTER trial=T003 rel=267.604 unix=1781233804346 bjt=2026-06-12T11:10:04.346+08:00
2026-06-12T11:10:04.323+08:00 MARKER sdk=1 host=1 enabled=1 sent=1 result=0 message=EVENT QUESTION_START trial=T003 rel=267.604 unix=1781233804346 bjt=2026-06-12T11:10:04.346+08:00 q=1 total=2 correct_index=1 correct_label=B
2026-06-12T11:10:07.851+08:00 MARKER sdk=1 host=1 enabled=1 sent=1 result=0 message=EVENT QUESTION_SUBMIT trial=T003 rel=271.118 unix=1781233807860 bjt=2026-06-12T11:10:07.860+08:00 q=1 option=B correct_index=1 correct_label=B is_correct=1
2026-06-12T11:10:07.852+08:00 MARKER sdk=1 host=1 enabled=1 sent=1 result=0 message=EVENT QUESTION_START trial=T003 rel=271.118 unix=1781233807860 bjt=2026-06-12T11:10:07.860+08:00 q=2 total=2 correct_index=1 correct_label=B
2026-06-12T11:10:16.949+08:00 MARKER sdk=1 host=1 enabled=1 sent=1 result=0 message=EVENT QUESTION_SUBMIT trial=T003 rel=280.215 unix=1781233816957 bjt=2026-06-12T11:10:16.957+08:00 q=2 option=B correct_index=1 correct_label=B is_correct=1
2026-06-12T11:10:18.242+08:00 MARKER sdk=1 host=1 enabled=1 sent=1 result=0 message=EVENT VIEWER_EXIT trial=T003 rel=281.524 unix=1781233818266 bjt=2026-06-12T11:10:18.266+08:00
2026-06-12T11:10:18.243+08:00 MARKER sdk=1 host=1 enabled=1 sent=1 result=0 message=EVENT TRIAL_RESULT trial=T003 rel=281.524 unix=1781233818266 bjt=2026-06-12T11:10:18.266+08:00 rows=2
2026-06-12T11:12:09.319+08:00 MARKER sdk=1 host=1 enabled=1 sent=1 result=0 message=TRIALID T004
2026-06-12T11:12:09.319+08:00 MARKER sdk=1 host=1 enabled=1 sent=1 result=0 message=EVENT LOADING_INTERACT trial=T004 rel=392.600 unix=1781233929343 bjt=2026-06-12T11:12:09.342+08:00
2026-06-12T11:12:09.319+08:00 MARKER sdk=1 host=1 enabled=1 sent=1 result=0 message=EVENT LOADING_START trial=T004 rel=392.600 unix=1781233929343 bjt=2026-06-12T11:12:09.342+08:00
2026-06-12T11:12:09.319+08:00 MARKER sdk=1 host=1 enabled=1 sent=1 result=0 message=!V TRIAL_VAR participant A005
2026-06-12T11:12:09.319+08:00 MARKER sdk=1 host=1 enabled=1 sent=1 result=0 message=!V TRIAL_VAR experiment EXP1
2026-06-12T11:12:09.320+08:00 MARKER sdk=1 host=1 enabled=1 sent=1 result=0 message=!V TRIAL_VAR exhibit_id 03
2026-06-12T11:12:09.320+08:00 MARKER sdk=1 host=1 enabled=1 sent=1 result=0 message=!V TRIAL_VAR exhibit_name 希腊陶具
2026-06-12T11:12:09.320+08:00 MARKER sdk=1 host=1 enabled=1 sent=1 result=0 message=!V TRIAL_VAR condition A_PLUS
2026-06-12T11:12:09.320+08:00 MARKER sdk=1 host=1 enabled=1 sent=1 result=0 message=!V TRIAL_VAR latin_group G5
2026-06-12T11:12:09.320+08:00 MARKER sdk=1 host=1 enabled=1 sent=1 result=0 message=!V TRIAL_VAR sequence_index 3
2026-06-12T11:12:09.320+08:00 MARKER sdk=1 host=1 enabled=1 sent=1 result=0 message=!V TRIAL_VAR sequence_label G5_T03
2026-06-12T11:12:19.305+08:00 MARKER sdk=1 host=1 enabled=1 sent=1 result=0 message=EVENT LOADING_COMPLETE trial=T004 rel=402.585 unix=1781233939327 bjt=2026-06-12T11:12:19.327+08:00
2026-06-12T11:12:24.517+08:00 MARKER sdk=1 host=1 enabled=1 sent=1 result=0 message=EVENT VIEWER_ENTER trial=T004 rel=407.799 unix=1781233944542 bjt=2026-06-12T11:12:24.541+08:00
2026-06-12T11:12:24.517+08:00 MARKER sdk=1 host=1 enabled=1 sent=1 result=0 message=EVENT QUESTION_START trial=T004 rel=407.799 unix=1781233944542 bjt=2026-06-12T11:12:24.541+08:00 q=1 total=2 correct_index=0 correct_label=A
2026-06-12T11:12:27.853+08:00 MARKER sdk=1 host=1 enabled=1 sent=1 result=0 message=EVENT QUESTION_SUBMIT trial=T004 rel=411.120 unix=1781233947863 bjt=2026-06-12T11:12:27.862+08:00 q=1 option=A correct_index=0 correct_label=A is_correct=1
2026-06-12T11:12:27.854+08:00 MARKER sdk=1 host=1 enabled=1 sent=1 result=0 message=EVENT QUESTION_START trial=T004 rel=411.120 unix=1781233947863 bjt=2026-06-12T11:12:27.862+08:00 q=2 total=2 correct_index=2 correct_label=C
2026-06-12T11:12:31.040+08:00 MARKER sdk=1 host=1 enabled=1 sent=1 result=0 message=EVENT QUESTION_SUBMIT trial=T004 rel=414.307 unix=1781233951050 bjt=2026-06-12T11:12:31.049+08:00 q=2 option=C correct_index=2 correct_label=C is_correct=1
2026-06-12T11:12:32.062+08:00 MARKER sdk=1 host=1 enabled=1 sent=1 result=0 message=EVENT VIEWER_EXIT trial=T004 rel=415.345 unix=1781233952088 bjt=2026-06-12T11:12:32.087+08:00
2026-06-12T11:12:32.063+08:00 MARKER sdk=1 host=1 enabled=1 sent=1 result=0 message=EVENT TRIAL_RESULT trial=T004 rel=415.345 unix=1781233952088 bjt=2026-06-12T11:12:32.087+08:00 rows=2
2026-06-12T11:13:14.047+08:00 MARKER sdk=1 host=1 enabled=1 sent=1 result=0 message=TRIALID T005
2026-06-12T11:13:14.047+08:00 MARKER sdk=1 host=1 enabled=1 sent=1 result=0 message=EVENT LOADING_INTERACT trial=T005 rel=457.329 unix=1781233994072 bjt=2026-06-12T11:13:14.071+08:00
2026-06-12T11:13:14.047+08:00 MARKER sdk=1 host=1 enabled=1 sent=1 result=0 message=EVENT LOADING_START trial=T005 rel=457.329 unix=1781233994072 bjt=2026-06-12T11:13:14.071+08:00
2026-06-12T11:13:14.047+08:00 MARKER sdk=1 host=1 enabled=1 sent=1 result=0 message=!V TRIAL_VAR participant A005
2026-06-12T11:13:14.047+08:00 MARKER sdk=1 host=1 enabled=1 sent=1 result=0 message=!V TRIAL_VAR experiment EXP1
2026-06-12T11:13:14.047+08:00 MARKER sdk=1 host=1 enabled=1 sent=1 result=0 message=!V TRIAL_VAR exhibit_id 04
2026-06-12T11:13:14.047+08:00 MARKER sdk=1 host=1 enabled=1 sent=1 result=0 message=!V TRIAL_VAR exhibit_name 中国花瓶
2026-06-12T11:13:14.047+08:00 MARKER sdk=1 host=1 enabled=1 sent=1 result=0 message=!V TRIAL_VAR condition B
2026-06-12T11:13:14.048+08:00 MARKER sdk=1 host=1 enabled=1 sent=1 result=0 message=!V TRIAL_VAR latin_group G5
2026-06-12T11:13:14.048+08:00 MARKER sdk=1 host=1 enabled=1 sent=1 result=0 message=!V TRIAL_VAR sequence_index 4
2026-06-12T11:13:14.048+08:00 MARKER sdk=1 host=1 enabled=1 sent=1 result=0 message=!V TRIAL_VAR sequence_label G5_T04
2026-06-12T11:13:24.045+08:00 MARKER sdk=1 host=1 enabled=1 sent=1 result=0 message=EVENT LOADING_COMPLETE trial=T005 rel=467.328 unix=1781234004070 bjt=2026-06-12T11:13:24.070+08:00
2026-06-12T11:13:26.423+08:00 MARKER sdk=1 host=1 enabled=1 sent=1 result=0 message=EVENT VIEWER_ENTER trial=T005 rel=469.705 unix=1781234006447 bjt=2026-06-12T11:13:26.447+08:00
2026-06-12T11:13:26.423+08:00 MARKER sdk=1 host=1 enabled=1 sent=1 result=0 message=EVENT QUESTION_START trial=T005 rel=469.705 unix=1781234006447 bjt=2026-06-12T11:13:26.447+08:00 q=1 total=2 correct_index=2 correct_label=C
2026-06-12T11:13:33.140+08:00 MARKER sdk=1 host=1 enabled=1 sent=1 result=0 message=EVENT QUESTION_SUBMIT trial=T005 rel=476.407 unix=1781234013149 bjt=2026-06-12T11:13:33.149+08:00 q=1 option=C correct_index=2 correct_label=C is_correct=1
2026-06-12T11:13:33.140+08:00 MARKER sdk=1 host=1 enabled=1 sent=1 result=0 message=EVENT QUESTION_START trial=T005 rel=476.407 unix=1781234013149 bjt=2026-06-12T11:13:33.149+08:00 q=2 total=2 correct_index=3 correct_label=D
2026-06-12T11:13:35.990+08:00 MARKER sdk=1 host=1 enabled=1 sent=1 result=0 message=EVENT QUESTION_SUBMIT trial=T005 rel=479.257 unix=1781234015999 bjt=2026-06-12T11:13:35.999+08:00 q=2 option=D correct_index=3 correct_label=D is_correct=1
2026-06-12T11:13:37.175+08:00 MARKER sdk=1 host=1 enabled=1 sent=1 result=0 message=EVENT VIEWER_EXIT trial=T005 rel=480.457 unix=1781234017199 bjt=2026-06-12T11:13:37.199+08:00
2026-06-12T11:13:37.176+08:00 MARKER sdk=1 host=1 enabled=1 sent=1 result=0 message=EVENT TRIAL_RESULT trial=T005 rel=480.457 unix=1781234017199 bjt=2026-06-12T11:13:37.199+08:00 rows=2
2026-06-12T11:14:27.194+08:00 MARKER sdk=1 host=1 enabled=1 sent=1 result=0 message=TRIALID T006
2026-06-12T11:14:27.195+08:00 MARKER sdk=1 host=1 enabled=1 sent=1 result=0 message=EVENT LOADING_INTERACT trial=T006 rel=530.476 unix=1781234067219 bjt=2026-06-12T11:14:27.218+08:00
2026-06-12T11:14:27.195+08:00 MARKER sdk=1 host=1 enabled=1 sent=1 result=0 message=EVENT LOADING_START trial=T006 rel=530.476 unix=1781234067219 bjt=2026-06-12T11:14:27.218+08:00
2026-06-12T11:14:27.196+08:00 MARKER sdk=1 host=1 enabled=1 sent=1 result=0 message=!V TRIAL_VAR participant A005
2026-06-12T11:14:27.196+08:00 MARKER sdk=1 host=1 enabled=1 sent=1 result=0 message=!V TRIAL_VAR experiment EXP1
2026-06-12T11:14:27.196+08:00 MARKER sdk=1 host=1 enabled=1 sent=1 result=0 message=!V TRIAL_VAR exhibit_id 05
2026-06-12T11:14:27.197+08:00 MARKER sdk=1 host=1 enabled=1 sent=1 result=0 message=!V TRIAL_VAR exhibit_name 雅典双耳罐
2026-06-12T11:14:27.197+08:00 MARKER sdk=1 host=1 enabled=1 sent=1 result=0 message=!V TRIAL_VAR condition C_MINUS
2026-06-12T11:14:27.197+08:00 MARKER sdk=1 host=1 enabled=1 sent=1 result=0 message=!V TRIAL_VAR latin_group G5
2026-06-12T11:14:27.198+08:00 MARKER sdk=1 host=1 enabled=1 sent=1 result=0 message=!V TRIAL_VAR sequence_index 5
2026-06-12T11:14:27.198+08:00 MARKER sdk=1 host=1 enabled=1 sent=1 result=0 message=!V TRIAL_VAR sequence_label G5_T05
2026-06-12T11:14:27.198+08:00 MARKER sdk=1 host=1 enabled=1 sent=1 result=0 message=EVENT VIEWER_ENTER trial=T006 rel=530.476 unix=1781234067219 bjt=2026-06-12T11:14:27.218+08:00 mode=progressive_no_progress_bar
2026-06-12T11:14:33.182+08:00 MARKER sdk=1 host=1 enabled=1 sent=1 result=0 message=EVENT PROGRESSIVE_USABLE trial=T006 rel=536.464 unix=1781234073206 bjt=2026-06-12T11:14:33.206+08:00
2026-06-12T11:14:33.183+08:00 MARKER sdk=1 host=1 enabled=1 sent=1 result=0 message=EVENT QUESTION_START trial=T006 rel=536.464 unix=1781234073206 bjt=2026-06-12T11:14:33.206+08:00 q=1 total=2 correct_index=0 correct_label=A
2026-06-12T11:14:37.181+08:00 MARKER sdk=1 host=1 enabled=1 sent=1 result=0 message=EVENT LOADING_COMPLETE trial=T006 rel=540.464 unix=1781234077206 bjt=2026-06-12T11:14:37.206+08:00
2026-06-12T11:14:39.580+08:00 MARKER sdk=1 host=1 enabled=1 sent=1 result=0 message=EVENT QUESTION_SUBMIT trial=T006 rel=542.847 unix=1781234079590 bjt=2026-06-12T11:14:39.589+08:00 q=1 option=A correct_index=0 correct_label=A is_correct=1
2026-06-12T11:14:39.581+08:00 MARKER sdk=1 host=1 enabled=1 sent=1 result=0 message=EVENT QUESTION_START trial=T006 rel=542.847 unix=1781234079590 bjt=2026-06-12T11:14:39.589+08:00 q=2 total=2 correct_index=2 correct_label=C
2026-06-12T11:14:44.291+08:00 MARKER sdk=1 host=1 enabled=1 sent=1 result=0 message=EVENT QUESTION_SUBMIT trial=T006 rel=547.558 unix=1781234084300 bjt=2026-06-12T11:14:44.300+08:00 q=2 option=C correct_index=2 correct_label=C is_correct=1
2026-06-12T11:14:45.342+08:00 MARKER sdk=1 host=1 enabled=1 sent=1 result=0 message=EVENT VIEWER_EXIT trial=T006 rel=548.624 unix=1781234085367 bjt=2026-06-12T11:14:45.366+08:00
2026-06-12T11:14:45.342+08:00 MARKER sdk=1 host=1 enabled=1 sent=1 result=0 message=EVENT TRIAL_RESULT trial=T006 rel=548.624 unix=1781234085367 bjt=2026-06-12T11:14:45.366+08:00 rows=2
2026-06-12T11:22:06.840+08:00 MARKER sdk=1 host=1 enabled=1 sent=1 result=0 message=TRIALID Exp2_001
2026-06-12T11:22:06.840+08:00 MARKER sdk=1 host=1 enabled=1 sent=1 result=0 message=!V TRIAL_VAR participant A005
2026-06-12T11:22:06.841+08:00 MARKER sdk=1 host=1 enabled=1 sent=1 result=0 message=!V TRIAL_VAR experiment EXP2
2026-06-12T11:22:06.841+08:00 MARKER sdk=1 host=1 enabled=1 sent=1 result=0 message=!V TRIAL_VAR condition E1_SPATIAL_PROGRESSIVE
2026-06-12T11:22:06.841+08:00 MARKER sdk=1 host=1 enabled=1 sent=1 result=0 message=!V TRIAL_VAR spatial_continuity 1
2026-06-12T11:22:06.842+08:00 MARKER sdk=1 host=1 enabled=1 sent=1 result=0 message=!V TRIAL_VAR progressive_availability 1
2026-06-12T11:22:06.842+08:00 MARKER sdk=1 host=1 enabled=1 sent=1 result=0 message=!V TRIAL_VAR target_index 1
2026-06-12T11:22:06.842+08:00 MARKER sdk=1 host=1 enabled=1 sent=1 result=0 message=!V TRIAL_VAR target_display_index 1
2026-06-12T11:22:06.842+08:00 MARKER sdk=1 host=1 enabled=1 sent=1 result=0 message=!V TRIAL_VAR target_content_index 1
2026-06-12T11:22:06.843+08:00 MARKER sdk=1 host=1 enabled=1 sent=1 result=0 message=!V TRIAL_VAR target_label 左脸
2026-06-12T11:22:06.843+08:00 MARKER sdk=1 host=1 enabled=1 sent=1 result=0 message=!V TRIAL_VAR slot_permutation 1:1|2:2|3:3|4:4
2026-06-12T11:22:06.843+08:00 MARKER sdk=1 host=1 enabled=1 sent=1 result=0 message=!V TRIAL_VAR sequence_group 1
2026-06-12T11:22:06.843+08:00 MARKER sdk=1 host=1 enabled=1 sent=1 result=0 message=!V TRIAL_VAR sequence_index 1
2026-06-12T11:22:06.844+08:00 MARKER sdk=1 host=1 enabled=1 sent=1 result=0 message=EVENT EXP2_LOADING_START trial_id=Exp2_001 rel=990.119446 unix=1781234526862 bjt=2026-06-12T11:22:06.861+08:00 condition=E1_SPATIAL_PROGRESSIVE
2026-06-12T11:22:10.837+08:00 MARKER sdk=1 host=1 enabled=1 sent=1 result=0 message=EVENT EXP2_OBJECT_STAGE_CHANGED trial_id=Exp2_001 rel=994.119019 unix=1781234530862 bjt=2026-06-12T11:22:10.861+08:00 condition=E1_SPATIAL_PROGRESSIVE object_index=1 previous_stage=0 new_stage=1 progress=0.334858 object_stages=1:1|2:0|3:0|4
2026-06-12T11:22:10.838+08:00 MARKER sdk=1 host=1 enabled=1 sent=1 result=0 message=EVENT EXP2_STAGE_1_START trial_id=Exp2_001 rel=994.119019 unix=1781234530862 bjt=2026-06-12T11:22:10.861+08:00 condition=E1_SPATIAL_PROGRESSIVE stage=1 first_object_index=1 progress=0.334858 object_stages=1:1|2:0|3:0|4:0
2026-06-12T11:22:10.839+08:00 MARKER sdk=1 host=1 enabled=1 sent=1 result=0 message=EVENT EXP2_OBJECT_STAGE_CHANGED trial_id=Exp2_001 rel=994.119019 unix=1781234530862 bjt=2026-06-12T11:22:10.861+08:00 condition=E1_SPATIAL_PROGRESSIVE object_index=2 previous_stage=0 new_stage=1 progress=0.334858 object_stages=1:1|2:1|3:0|4
2026-06-12T11:22:10.840+08:00 MARKER sdk=1 host=1 enabled=1 sent=1 result=0 message=EVENT EXP2_OBJECT_STAGE_CHANGED trial_id=Exp2_001 rel=994.119019 unix=1781234530862 bjt=2026-06-12T11:22:10.861+08:00 condition=E1_SPATIAL_PROGRESSIVE object_index=3 previous_stage=0 new_stage=1 progress=0.334858 object_stages=1:1|2:1|3:1|4
2026-06-12T11:22:10.840+08:00 MARKER sdk=1 host=1 enabled=1 sent=1 result=0 message=EVENT EXP2_OBJECT_STAGE_CHANGED trial_id=Exp2_001 rel=994.119019 unix=1781234530862 bjt=2026-06-12T11:22:10.861+08:00 condition=E1_SPATIAL_PROGRESSIVE object_index=4 previous_stage=0 new_stage=1 progress=0.334858 object_stages=1:1|2:1|3:1|4
2026-06-12T11:22:12.827+08:00 MARKER sdk=1 host=1 enabled=1 sent=1 result=0 message=EVENT EXP2_OBJECT_STAGE_CHANGED trial_id=Exp2_001 rel=996.109375 unix=1781234532852 bjt=2026-06-12T11:22:12.851+08:00 condition=E1_SPATIAL_PROGRESSIVE object_index=1 previous_stage=1 new_stage=2 progress=0.500717 object_stages=1:2|2:1|3:1|4
2026-06-12T11:22:12.828+08:00 MARKER sdk=1 host=1 enabled=1 sent=1 result=0 message=EVENT EXP2_STAGE_2_START trial_id=Exp2_001 rel=996.109375 unix=1781234532852 bjt=2026-06-12T11:22:12.851+08:00 condition=E1_SPATIAL_PROGRESSIVE stage=2 first_object_index=1 progress=0.500717 object_stages=1:2|2:1|3:1|4:1
2026-06-12T11:22:12.828+08:00 MARKER sdk=1 host=1 enabled=1 sent=1 result=0 message=EVENT EXP2_PROGRESSIVE_USABLE trial_id=Exp2_001 rel=996.109375 unix=1781234532852 bjt=2026-06-12T11:22:12.851+08:00 condition=E1_SPATIAL_PROGRESSIVE target_display_index=1 target_content_index=1 target_label=左脸 stage=2 progress=0.500717
2026-06-12T11:22:12.829+08:00 MARKER sdk=1 host=1 enabled=1 sent=1 result=0 message=EVENT EXP2_OBJECT_STAGE_CHANGED trial_id=Exp2_001 rel=996.109375 unix=1781234532852 bjt=2026-06-12T11:22:12.851+08:00 condition=E1_SPATIAL_PROGRESSIVE object_index=2 previous_stage=1 new_stage=2 progress=0.500717 object_stages=1:2|2:2|3:1|4
2026-06-12T11:22:12.830+08:00 MARKER sdk=1 host=1 enabled=1 sent=1 result=0 message=EVENT EXP2_OBJECT_STAGE_CHANGED trial_id=Exp2_001 rel=996.109375 unix=1781234532852 bjt=2026-06-12T11:22:12.851+08:00 condition=E1_SPATIAL_PROGRESSIVE object_index=3 previous_stage=1 new_stage=2 progress=0.500717 object_stages=1:2|2:2|3:2|4
2026-06-12T11:22:12.830+08:00 MARKER sdk=1 host=1 enabled=1 sent=1 result=0 message=EVENT EXP2_OBJECT_STAGE_CHANGED trial_id=Exp2_001 rel=996.109375 unix=1781234532852 bjt=2026-06-12T11:22:12.851+08:00 condition=E1_SPATIAL_PROGRESSIVE object_index=4 previous_stage=1 new_stage=2 progress=0.500717 object_stages=1:2|2:2|3:2|4
2026-06-12T11:22:16.702+08:00 MARKER sdk=1 host=1 enabled=1 sent=1 result=0 message=EVENT EXP2_PREJUDGE trial_id=Exp2_001 rel=999.983887 unix=1781234536726 bjt=2026-06-12T11:22:16.726+08:00 condition=E1_SPATIAL_PROGRESSIVE selected=2 correct=0 confidence=-1 selected_content=2
2026-06-12T11:22:18.824+08:00 MARKER sdk=1 host=1 enabled=1 sent=1 result=0 message=EVENT EXP2_OBJECT_STAGE_CHANGED trial_id=Exp2_001 rel=1002.106323 unix=1781234538849 bjt=2026-06-12T11:22:18.848+08:00 condition=E1_SPATIAL_PROGRESSIVE object_index=1 previous_stage=2 new_stage=3 progress=1.000000 object_stages=1:3|2:2|3:2|
2026-06-12T11:22:18.825+08:00 MARKER sdk=1 host=1 enabled=1 sent=1 result=0 message=EVENT EXP2_STAGE_3_START trial_id=Exp2_001 rel=1002.106323 unix=1781234538849 bjt=2026-06-12T11:22:18.848+08:00 condition=E1_SPATIAL_PROGRESSIVE stage=3 first_object_index=1 progress=1.000000 object_stages=1:3|2:2|3:2|4:2
2026-06-12T11:22:18.825+08:00 MARKER sdk=1 host=1 enabled=1 sent=1 result=0 message=EVENT EXP2_OBJECT_STAGE_CHANGED trial_id=Exp2_001 rel=1002.106323 unix=1781234538849 bjt=2026-06-12T11:22:18.848+08:00 condition=E1_SPATIAL_PROGRESSIVE object_index=2 previous_stage=2 new_stage=3 progress=1.000000 object_stages=1:3|2:3|3:2|
2026-06-12T11:22:18.826+08:00 MARKER sdk=1 host=1 enabled=1 sent=1 result=0 message=EVENT EXP2_OBJECT_STAGE_CHANGED trial_id=Exp2_001 rel=1002.106323 unix=1781234538849 bjt=2026-06-12T11:22:18.848+08:00 condition=E1_SPATIAL_PROGRESSIVE object_index=3 previous_stage=2 new_stage=3 progress=1.000000 object_stages=1:3|2:3|3:3|
2026-06-12T11:22:18.827+08:00 MARKER sdk=1 host=1 enabled=1 sent=1 result=0 message=EVENT EXP2_OBJECT_STAGE_CHANGED trial_id=Exp2_001 rel=1002.106323 unix=1781234538849 bjt=2026-06-12T11:22:18.848+08:00 condition=E1_SPATIAL_PROGRESSIVE object_index=4 previous_stage=2 new_stage=3 progress=1.000000 object_stages=1:3|2:3|3:3|
2026-06-12T11:22:18.827+08:00 MARKER sdk=1 host=1 enabled=1 sent=1 result=0 message=EVENT EXP2_LOADING_COMPLETE trial_id=Exp2_001 rel=1002.106323 unix=1781234538849 bjt=2026-06-12T11:22:18.848+08:00 condition=E1_SPATIAL_PROGRESSIVE
2026-06-12T11:22:26.131+08:00 MARKER sdk=1 host=1 enabled=1 sent=1 result=0 message=EVENT EXP2_PENDING_SELECTION trial_id=Exp2_001 rel=1009.414124 unix=1781234546157 bjt=2026-06-12T11:22:26.156+08:00 condition=E1_SPATIAL_PROGRESSIVE selected=2 selected_content=2 changes=1
2026-06-12T11:22:49.987+08:00 MARKER sdk=1 host=1 enabled=1 sent=1 result=0 message=EVENT EXP2_SUBMIT_SELECTION trial_id=Exp2_001 rel=1033.269287 unix=1781234570012 bjt=2026-06-12T11:22:50.011+08:00 condition=E1_SPATIAL_PROGRESSIVE selected=2 selected_content=2 correct=0
2026-06-12T11:22:49.988+08:00 MARKER sdk=1 host=1 enabled=1 sent=1 result=0 message=TRIAL_RESULT Exp2_001 selected=2 correct=0
2026-06-12T11:24:13.663+08:00 MARKER sdk=1 host=1 enabled=1 sent=1 result=0 message=TRIALID Exp2_002
2026-06-12T11:24:13.664+08:00 MARKER sdk=1 host=1 enabled=1 sent=1 result=0 message=!V TRIAL_VAR participant A005
2026-06-12T11:24:13.664+08:00 MARKER sdk=1 host=1 enabled=1 sent=1 result=0 message=!V TRIAL_VAR experiment EXP2
2026-06-12T11:24:13.664+08:00 MARKER sdk=1 host=1 enabled=1 sent=1 result=0 message=!V TRIAL_VAR condition E2_FIXED_PROGRESSIVE
2026-06-12T11:24:13.664+08:00 MARKER sdk=1 host=1 enabled=1 sent=1 result=0 message=!V TRIAL_VAR spatial_continuity 0
2026-06-12T11:24:13.665+08:00 MARKER sdk=1 host=1 enabled=1 sent=1 result=0 message=!V TRIAL_VAR progressive_availability 1
2026-06-12T11:24:13.665+08:00 MARKER sdk=1 host=1 enabled=1 sent=1 result=0 message=!V TRIAL_VAR target_index 2
2026-06-12T11:24:13.665+08:00 MARKER sdk=1 host=1 enabled=1 sent=1 result=0 message=!V TRIAL_VAR target_display_index 2
2026-06-12T11:24:13.665+08:00 MARKER sdk=1 host=1 enabled=1 sent=1 result=0 message=!V TRIAL_VAR target_content_index 2
2026-06-12T11:24:13.665+08:00 MARKER sdk=1 host=1 enabled=1 sent=1 result=0 message=!V TRIAL_VAR target_label 右脸
2026-06-12T11:24:13.665+08:00 MARKER sdk=1 host=1 enabled=1 sent=1 result=0 message=!V TRIAL_VAR slot_permutation 1:3|2:2|3:4|4:1
2026-06-12T11:24:13.665+08:00 MARKER sdk=1 host=1 enabled=1 sent=1 result=0 message=!V TRIAL_VAR sequence_group 1
2026-06-12T11:24:13.665+08:00 MARKER sdk=1 host=1 enabled=1 sent=1 result=0 message=!V TRIAL_VAR sequence_index 2
2026-06-12T11:24:13.665+08:00 MARKER sdk=1 host=1 enabled=1 sent=1 result=0 message=EVENT EXP2_LOADING_START trial_id=Exp2_002 rel=1116.944458 unix=1781234653687 bjt=2026-06-12T11:24:13.687+08:00 condition=E2_FIXED_PROGRESSIVE
2026-06-12T11:24:17.647+08:00 MARKER sdk=1 host=1 enabled=1 sent=1 result=0 message=EVENT EXP2_OBJECT_STAGE_CHANGED trial_id=Exp2_002 rel=1120.929810 unix=1781234657672 bjt=2026-06-12T11:24:17.672+08:00 condition=E2_FIXED_PROGRESSIVE object_index=1 previous_stage=0 new_stage=1 progress=0.333503 object_stages=1:1|2:0|3:0|4:
2026-06-12T11:24:17.648+08:00 MARKER sdk=1 host=1 enabled=1 sent=1 result=0 message=EVENT EXP2_STAGE_1_START trial_id=Exp2_002 rel=1120.929810 unix=1781234657672 bjt=2026-06-12T11:24:17.672+08:00 condition=E2_FIXED_PROGRESSIVE stage=1 first_object_index=1 progress=0.333503 object_stages=1:1|2:0|3:0|4:0
2026-06-12T11:24:17.648+08:00 MARKER sdk=1 host=1 enabled=1 sent=1 result=0 message=EVENT EXP2_OBJECT_STAGE_CHANGED trial_id=Exp2_002 rel=1120.929810 unix=1781234657672 bjt=2026-06-12T11:24:17.672+08:00 condition=E2_FIXED_PROGRESSIVE object_index=2 previous_stage=0 new_stage=1 progress=0.333503 object_stages=1:1|2:1|3:0|4:
2026-06-12T11:24:17.648+08:00 MARKER sdk=1 host=1 enabled=1 sent=1 result=0 message=EVENT EXP2_OBJECT_STAGE_CHANGED trial_id=Exp2_002 rel=1120.929810 unix=1781234657672 bjt=2026-06-12T11:24:17.672+08:00 condition=E2_FIXED_PROGRESSIVE object_index=3 previous_stage=0 new_stage=1 progress=0.333503 object_stages=1:1|2:1|3:1|4:
2026-06-12T11:24:17.649+08:00 MARKER sdk=1 host=1 enabled=1 sent=1 result=0 message=EVENT EXP2_OBJECT_STAGE_CHANGED trial_id=Exp2_002 rel=1120.929810 unix=1781234657672 bjt=2026-06-12T11:24:17.672+08:00 condition=E2_FIXED_PROGRESSIVE object_index=4 previous_stage=0 new_stage=1 progress=0.333503 object_stages=1:1|2:1|3:1|4:
2026-06-12T11:24:19.660+08:00 MARKER sdk=1 host=1 enabled=1 sent=1 result=0 message=EVENT EXP2_OBJECT_STAGE_CHANGED trial_id=Exp2_002 rel=1122.943848 unix=1781234659686 bjt=2026-06-12T11:24:19.686+08:00 condition=E2_FIXED_PROGRESSIVE object_index=1 previous_stage=1 new_stage=2 progress=0.501343 object_stages=1:2|2:1|3:1|4:
2026-06-12T11:24:19.661+08:00 MARKER sdk=1 host=1 enabled=1 sent=1 result=0 message=EVENT EXP2_STAGE_2_START trial_id=Exp2_002 rel=1122.943848 unix=1781234659686 bjt=2026-06-12T11:24:19.686+08:00 condition=E2_FIXED_PROGRESSIVE stage=2 first_object_index=1 progress=0.501343 object_stages=1:2|2:1|3:1|4:1
2026-06-12T11:24:19.662+08:00 MARKER sdk=1 host=1 enabled=1 sent=1 result=0 message=EVENT EXP2_OBJECT_STAGE_CHANGED trial_id=Exp2_002 rel=1122.943848 unix=1781234659686 bjt=2026-06-12T11:24:19.686+08:00 condition=E2_FIXED_PROGRESSIVE object_index=2 previous_stage=1 new_stage=2 progress=0.501343 object_stages=1:2|2:2|3:1|4:
2026-06-12T11:24:19.662+08:00 MARKER sdk=1 host=1 enabled=1 sent=1 result=0 message=EVENT EXP2_PROGRESSIVE_USABLE trial_id=Exp2_002 rel=1122.943848 unix=1781234659686 bjt=2026-06-12T11:24:19.686+08:00 condition=E2_FIXED_PROGRESSIVE target_display_index=2 target_content_index=2 target_label=右脸 stage=2 progress=0.501343
2026-06-12T11:24:19.663+08:00 MARKER sdk=1 host=1 enabled=1 sent=1 result=0 message=EVENT EXP2_OBJECT_STAGE_CHANGED trial_id=Exp2_002 rel=1122.943848 unix=1781234659686 bjt=2026-06-12T11:24:19.686+08:00 condition=E2_FIXED_PROGRESSIVE object_index=3 previous_stage=1 new_stage=2 progress=0.501343 object_stages=1:2|2:2|3:2|4:
2026-06-12T11:24:19.663+08:00 MARKER sdk=1 host=1 enabled=1 sent=1 result=0 message=EVENT EXP2_OBJECT_STAGE_CHANGED trial_id=Exp2_002 rel=1122.943848 unix=1781234659686 bjt=2026-06-12T11:24:19.686+08:00 condition=E2_FIXED_PROGRESSIVE object_index=4 previous_stage=1 new_stage=2 progress=0.501343 object_stages=1:2|2:2|3:2|4:
2026-06-12T11:24:25.659+08:00 MARKER sdk=1 host=1 enabled=1 sent=1 result=0 message=EVENT EXP2_OBJECT_STAGE_CHANGED trial_id=Exp2_002 rel=1128.941528 unix=1781234665684 bjt=2026-06-12T11:24:25.684+08:00 condition=E2_FIXED_PROGRESSIVE object_index=1 previous_stage=2 new_stage=3 progress=1.000000 object_stages=1:3|2:2|3:2|4:
2026-06-12T11:24:25.659+08:00 MARKER sdk=1 host=1 enabled=1 sent=1 result=0 message=EVENT EXP2_STAGE_3_START trial_id=Exp2_002 rel=1128.941528 unix=1781234665684 bjt=2026-06-12T11:24:25.684+08:00 condition=E2_FIXED_PROGRESSIVE stage=3 first_object_index=1 progress=1.000000 object_stages=1:3|2:2|3:2|4:2
2026-06-12T11:24:25.660+08:00 MARKER sdk=1 host=1 enabled=1 sent=1 result=0 message=EVENT EXP2_OBJECT_STAGE_CHANGED trial_id=Exp2_002 rel=1128.941528 unix=1781234665684 bjt=2026-06-12T11:24:25.684+08:00 condition=E2_FIXED_PROGRESSIVE object_index=2 previous_stage=2 new_stage=3 progress=1.000000 object_stages=1:3|2:3|3:2|4:
2026-06-12T11:24:25.661+08:00 MARKER sdk=1 host=1 enabled=1 sent=1 result=0 message=EVENT EXP2_OBJECT_STAGE_CHANGED trial_id=Exp2_002 rel=1128.941528 unix=1781234665684 bjt=2026-06-12T11:24:25.684+08:00 condition=E2_FIXED_PROGRESSIVE object_index=3 previous_stage=2 new_stage=3 progress=1.000000 object_stages=1:3|2:3|3:3|4:
2026-06-12T11:24:25.661+08:00 MARKER sdk=1 host=1 enabled=1 sent=1 result=0 message=EVENT EXP2_OBJECT_STAGE_CHANGED trial_id=Exp2_002 rel=1128.941528 unix=1781234665684 bjt=2026-06-12T11:24:25.684+08:00 condition=E2_FIXED_PROGRESSIVE object_index=4 previous_stage=2 new_stage=3 progress=1.000000 object_stages=1:3|2:3|3:3|4:
2026-06-12T11:24:25.662+08:00 MARKER sdk=1 host=1 enabled=1 sent=1 result=0 message=EVENT EXP2_LOADING_COMPLETE trial_id=Exp2_002 rel=1128.941528 unix=1781234665684 bjt=2026-06-12T11:24:25.684+08:00 condition=E2_FIXED_PROGRESSIVE
2026-06-12T11:24:34.810+08:00 MARKER sdk=1 host=1 enabled=1 sent=1 result=0 message=EVENT EXP2_PENDING_SELECTION trial_id=Exp2_002 rel=1138.092163 unix=1781234674835 bjt=2026-06-12T11:24:34.834+08:00 condition=E2_FIXED_PROGRESSIVE selected=4 selected_content=1 changes=1
2026-06-12T11:24:41.686+08:00 MARKER sdk=1 host=1 enabled=1 sent=1 result=0 message=EVENT EXP2_SUBMIT_SELECTION trial_id=Exp2_002 rel=1144.968018 unix=1781234681711 bjt=2026-06-12T11:24:41.710+08:00 condition=E2_FIXED_PROGRESSIVE selected=4 selected_content=1 correct=0
2026-06-12T11:24:41.686+08:00 MARKER sdk=1 host=1 enabled=1 sent=1 result=0 message=TRIAL_RESULT Exp2_002 selected=4 correct=0
2026-06-12T11:25:45.156+08:00 MARKER sdk=1 host=1 enabled=1 sent=1 result=0 message=TRIALID Exp2_003
2026-06-12T11:25:45.157+08:00 MARKER sdk=1 host=1 enabled=1 sent=1 result=0 message=!V TRIAL_VAR participant A005
2026-06-12T11:25:45.157+08:00 MARKER sdk=1 host=1 enabled=1 sent=1 result=0 message=!V TRIAL_VAR experiment EXP2
2026-06-12T11:25:45.157+08:00 MARKER sdk=1 host=1 enabled=1 sent=1 result=0 message=!V TRIAL_VAR condition E4_FIXED_NONPROGRESSIVE
2026-06-12T11:25:45.157+08:00 MARKER sdk=1 host=1 enabled=1 sent=1 result=0 message=!V TRIAL_VAR spatial_continuity 0
2026-06-12T11:25:45.157+08:00 MARKER sdk=1 host=1 enabled=1 sent=1 result=0 message=!V TRIAL_VAR progressive_availability 0
2026-06-12T11:25:45.157+08:00 MARKER sdk=1 host=1 enabled=1 sent=1 result=0 message=!V TRIAL_VAR target_index 3
2026-06-12T11:25:45.158+08:00 MARKER sdk=1 host=1 enabled=1 sent=1 result=0 message=!V TRIAL_VAR target_display_index 3
2026-06-12T11:25:45.158+08:00 MARKER sdk=1 host=1 enabled=1 sent=1 result=0 message=!V TRIAL_VAR target_content_index 3
2026-06-12T11:25:45.158+08:00 MARKER sdk=1 host=1 enabled=1 sent=1 result=0 message=!V TRIAL_VAR target_label 脖子
2026-06-12T11:25:45.158+08:00 MARKER sdk=1 host=1 enabled=1 sent=1 result=0 message=!V TRIAL_VAR slot_permutation 1:4|2:1|3:3|4:2
2026-06-12T11:25:45.158+08:00 MARKER sdk=1 host=1 enabled=1 sent=1 result=0 message=!V TRIAL_VAR sequence_group 1
2026-06-12T11:25:45.158+08:00 MARKER sdk=1 host=1 enabled=1 sent=1 result=0 message=!V TRIAL_VAR sequence_index 3
2026-06-12T11:25:45.158+08:00 MARKER sdk=1 host=1 enabled=1 sent=1 result=0 message=EVENT EXP2_LOADING_START trial_id=Exp2_003 rel=1208.438232 unix=1781234745181 bjt=2026-06-12T11:25:45.180+08:00 condition=E4_FIXED_NONPROGRESSIVE
2026-06-12T11:25:57.146+08:00 MARKER sdk=1 host=1 enabled=1 sent=1 result=0 message=EVENT EXP2_OBJECT_STAGE_CHANGED trial_id=Exp2_003 rel=1220.428955 unix=1781234757171 bjt=2026-06-12T11:25:57.171+08:00 condition=E4_FIXED_NONPROGRESSIVE object_index=1 previous_stage=0 new_stage=3 progress=1.000000 object_stages=1:3|2:0|3:0
2026-06-12T11:25:57.147+08:00 MARKER sdk=1 host=1 enabled=1 sent=1 result=0 message=EVENT EXP2_STAGE_3_START trial_id=Exp2_003 rel=1220.428955 unix=1781234757171 bjt=2026-06-12T11:25:57.171+08:00 condition=E4_FIXED_NONPROGRESSIVE stage=3 first_object_index=1 progress=1.000000 object_stages=1:3|2:0|3:0|4:0
2026-06-12T11:25:57.147+08:00 MARKER sdk=1 host=1 enabled=1 sent=1 result=0 message=EVENT EXP2_OBJECT_STAGE_CHANGED trial_id=Exp2_003 rel=1220.428955 unix=1781234757171 bjt=2026-06-12T11:25:57.171+08:00 condition=E4_FIXED_NONPROGRESSIVE object_index=2 previous_stage=0 new_stage=3 progress=1.000000 object_stages=1:3|2:3|3:0
2026-06-12T11:25:57.147+08:00 MARKER sdk=1 host=1 enabled=1 sent=1 result=0 message=EVENT EXP2_OBJECT_STAGE_CHANGED trial_id=Exp2_003 rel=1220.428955 unix=1781234757171 bjt=2026-06-12T11:25:57.171+08:00 condition=E4_FIXED_NONPROGRESSIVE object_index=3 previous_stage=0 new_stage=3 progress=1.000000 object_stages=1:3|2:3|3:3
2026-06-12T11:25:57.148+08:00 MARKER sdk=1 host=1 enabled=1 sent=1 result=0 message=EVENT EXP2_OBJECT_STAGE_CHANGED trial_id=Exp2_003 rel=1220.428955 unix=1781234757171 bjt=2026-06-12T11:25:57.171+08:00 condition=E4_FIXED_NONPROGRESSIVE object_index=4 previous_stage=0 new_stage=3 progress=1.000000 object_stages=1:3|2:3|3:3
2026-06-12T11:25:57.148+08:00 MARKER sdk=1 host=1 enabled=1 sent=1 result=0 message=EVENT EXP2_LOADING_COMPLETE trial_id=Exp2_003 rel=1220.428955 unix=1781234757171 bjt=2026-06-12T11:25:57.171+08:00 condition=E4_FIXED_NONPROGRESSIVE
2026-06-12T11:26:00.270+08:00 MARKER sdk=1 host=1 enabled=1 sent=1 result=0 message=EVENT EXP2_PENDING_SELECTION trial_id=Exp2_003 rel=1223.553589 unix=1781234760296 bjt=2026-06-12T11:26:00.296+08:00 condition=E4_FIXED_NONPROGRESSIVE selected=3 selected_content=3 changes=1
2026-06-12T11:26:06.912+08:00 MARKER sdk=1 host=1 enabled=1 sent=1 result=0 message=EVENT EXP2_SUBMIT_SELECTION trial_id=Exp2_003 rel=1230.193848 unix=1781234766936 bjt=2026-06-12T11:26:06.936+08:00 condition=E4_FIXED_NONPROGRESSIVE selected=3 selected_content=3 correct=1
2026-06-12T11:26:06.913+08:00 MARKER sdk=1 host=1 enabled=1 sent=1 result=0 message=TRIAL_RESULT Exp2_003 selected=3 correct=1
2026-06-12T11:27:09.837+08:00 MARKER sdk=1 host=1 enabled=1 sent=1 result=0 message=TRIALID Exp2_004
2026-06-12T11:27:09.837+08:00 MARKER sdk=1 host=1 enabled=1 sent=1 result=0 message=!V TRIAL_VAR participant A005
2026-06-12T11:27:09.838+08:00 MARKER sdk=1 host=1 enabled=1 sent=1 result=0 message=!V TRIAL_VAR experiment EXP2
2026-06-12T11:27:09.838+08:00 MARKER sdk=1 host=1 enabled=1 sent=1 result=0 message=!V TRIAL_VAR condition E3_SPATIAL_NONPROGRESSIVE
2026-06-12T11:27:09.838+08:00 MARKER sdk=1 host=1 enabled=1 sent=1 result=0 message=!V TRIAL_VAR spatial_continuity 1
2026-06-12T11:27:09.838+08:00 MARKER sdk=1 host=1 enabled=1 sent=1 result=0 message=!V TRIAL_VAR progressive_availability 0
2026-06-12T11:27:09.838+08:00 MARKER sdk=1 host=1 enabled=1 sent=1 result=0 message=!V TRIAL_VAR target_index 4
2026-06-12T11:27:09.838+08:00 MARKER sdk=1 host=1 enabled=1 sent=1 result=0 message=!V TRIAL_VAR target_display_index 4
2026-06-12T11:27:09.838+08:00 MARKER sdk=1 host=1 enabled=1 sent=1 result=0 message=!V TRIAL_VAR target_content_index 4
2026-06-12T11:27:09.838+08:00 MARKER sdk=1 host=1 enabled=1 sent=1 result=0 message=!V TRIAL_VAR target_label 头顶
2026-06-12T11:27:09.838+08:00 MARKER sdk=1 host=1 enabled=1 sent=1 result=0 message=!V TRIAL_VAR slot_permutation 1:1|2:2|3:3|4:4
2026-06-12T11:27:09.839+08:00 MARKER sdk=1 host=1 enabled=1 sent=1 result=0 message=!V TRIAL_VAR sequence_group 1
2026-06-12T11:27:09.839+08:00 MARKER sdk=1 host=1 enabled=1 sent=1 result=0 message=!V TRIAL_VAR sequence_index 4
2026-06-12T11:27:09.839+08:00 MARKER sdk=1 host=1 enabled=1 sent=1 result=0 message=EVENT EXP2_LOADING_START trial_id=Exp2_004 rel=1293.119263 unix=1781234829862 bjt=2026-06-12T11:27:09.861+08:00 condition=E3_SPATIAL_NONPROGRESSIVE
2026-06-12T11:27:21.820+08:00 MARKER sdk=1 host=1 enabled=1 sent=1 result=0 message=EVENT EXP2_OBJECT_STAGE_CHANGED trial_id=Exp2_004 rel=1305.102661 unix=1781234841845 bjt=2026-06-12T11:27:21.845+08:00 condition=E3_SPATIAL_NONPROGRESSIVE object_index=1 previous_stage=0 new_stage=3 progress=1.000000 object_stages=1:3|2:0|3
2026-06-12T11:27:21.821+08:00 MARKER sdk=1 host=1 enabled=1 sent=1 result=0 message=EVENT EXP2_STAGE_3_START trial_id=Exp2_004 rel=1305.102661 unix=1781234841845 bjt=2026-06-12T11:27:21.845+08:00 condition=E3_SPATIAL_NONPROGRESSIVE stage=3 first_object_index=1 progress=1.000000 object_stages=1:3|2:0|3:0|4:0
2026-06-12T11:27:21.821+08:00 MARKER sdk=1 host=1 enabled=1 sent=1 result=0 message=EVENT EXP2_OBJECT_STAGE_CHANGED trial_id=Exp2_004 rel=1305.102661 unix=1781234841845 bjt=2026-06-12T11:27:21.845+08:00 condition=E3_SPATIAL_NONPROGRESSIVE object_index=2 previous_stage=0 new_stage=3 progress=1.000000 object_stages=1:3|2:3|3
2026-06-12T11:27:21.822+08:00 MARKER sdk=1 host=1 enabled=1 sent=1 result=0 message=EVENT EXP2_OBJECT_STAGE_CHANGED trial_id=Exp2_004 rel=1305.102661 unix=1781234841845 bjt=2026-06-12T11:27:21.845+08:00 condition=E3_SPATIAL_NONPROGRESSIVE object_index=3 previous_stage=0 new_stage=3 progress=1.000000 object_stages=1:3|2:3|3
2026-06-12T11:27:21.822+08:00 MARKER sdk=1 host=1 enabled=1 sent=1 result=0 message=EVENT EXP2_OBJECT_STAGE_CHANGED trial_id=Exp2_004 rel=1305.102661 unix=1781234841845 bjt=2026-06-12T11:27:21.845+08:00 condition=E3_SPATIAL_NONPROGRESSIVE object_index=4 previous_stage=0 new_stage=3 progress=1.000000 object_stages=1:3|2:3|3
2026-06-12T11:27:21.823+08:00 MARKER sdk=1 host=1 enabled=1 sent=1 result=0 message=EVENT EXP2_LOADING_COMPLETE trial_id=Exp2_004 rel=1305.102661 unix=1781234841845 bjt=2026-06-12T11:27:21.845+08:00 condition=E3_SPATIAL_NONPROGRESSIVE
2026-06-12T11:27:32.240+08:00 MARKER sdk=1 host=1 enabled=1 sent=1 result=0 message=EVENT EXP2_PENDING_SELECTION trial_id=Exp2_004 rel=1315.523071 unix=1781234852266 bjt=2026-06-12T11:27:32.265+08:00 condition=E3_SPATIAL_NONPROGRESSIVE selected=4 selected_content=4 changes=1
2026-06-12T11:27:40.951+08:00 MARKER sdk=1 host=1 enabled=1 sent=1 result=0 message=EVENT EXP2_SUBMIT_SELECTION trial_id=Exp2_004 rel=1324.233643 unix=1781234860976 bjt=2026-06-12T11:27:40.976+08:00 condition=E3_SPATIAL_NONPROGRESSIVE selected=4 selected_content=4 correct=1
2026-06-12T11:27:40.952+08:00 MARKER sdk=1 host=1 enabled=1 sent=1 result=0 message=TRIAL_RESULT Exp2_004 selected=4 correct=1
2026-06-12T11:28:44.031+08:00 MARKER sdk=1 host=1 enabled=1 sent=1 result=0 message=EVENT EXPERIMENT_END_SCREEN_SHOWN participant=A005 unix=1781234924030 bjt=2026-06-12_11:28:44.030
2026-06-12T11:28:44.031+08:00 FORMAL_RECORDING step=FINISH_REQUESTED success=1 reason=experiment_end_door edf=FM110640.EDF recording=1 opened=1
2026-06-12T11:28:44.031+08:00 MARKER sdk=1 host=1 enabled=1 sent=1 result=0 message=FORMAL_RECORDING_END participant=A005 rel=1387.312 unix=1781234924031 bjt=2026-06-12T11:28:44.031+08:00 edf=FM110640.EDF source=ue_formal reason=experiment_end_door
2026-06-12T11:28:44.137+08:00 FORMAL_RECORDING step=RECORDING_STOPPED success=1 result=0
2026-06-12T11:28:44.137+08:00 FORMAL_RECORDING step=EDF_CLOSED success=1 edf=FM110640.EDF result=0
2026-06-12T11:28:46.678+08:00 EDF_RECEIVE_ATTEMPT source_tag=formal attempt=full_path source=FM110640.EDF dest=../../../../../../Project/UE5/Gallery/Saved/ExperimentData/EDF/FM110640.EDF dest_is_path=0 result=70495316 exists=1 size=70495316
2026-06-12T11:28:46.678+08:00 FORMAL_RECORDING step=EDF_RECEIVED_TO_DPC success=1 edf=FM110640.EDF local=../../../../../../Project/UE5/Gallery/Saved/ExperimentData/EDF/FM110640.EDF result=70495316 size=70495316
2026-06-12T11:28:46.678+08:00 FORMAL_RECORDING step=FINISHED success=1 reason=experiment_end_door edf=FM110640.EDF local=../../../../../../Project/UE5/Gallery/Saved/ExperimentData/EDF/FM110640.EDF
