2026-06-13T12:49:34.352+08:00 STATUS start_ui_status sdk=connected host=not_connected log=
2026-06-13T12:53:09.540+08:00 FORMAL_RECORDING step=EDF_OPEN_REQUESTED success=1 participant=A025 edf=FM125309.EDF source=calibration_button
2026-06-13T12:53:09.540+08:00 CONNECT method=open_eyelink_connection ip=100.1.1.1
2026-06-13T12:53:09.575+08:00 CONNECT_RESULT method=open_eyelink_connection result=0 connected=1
2026-06-13T12:53:09.575+08:00 STATUS host_connected=1 sdk_available=1 note=connection_opened_high_level
2026-06-13T12:53:09.575+08:00 FORMAL_RECORDING step=HOST_CONNECTED success=1 sdk=1 host=1 source=calibration_button
2026-06-13T12:53:09.671+08:00 FORMAL_RECORDING step=EDF_OPENED success=1 edf=FM125309.EDF result=0 source=calibration_button
2026-06-13T12:53:09.715+08:00 FORMAL_EDF_MARKER sdk=1 host=1 opened=1 sent=1 message=FORMAL_EDF_OPENED participant=A025 rel=215.323 unix=1781326389715 bjt=2026-06-13T12:53:09.715+08:00 edf=FM125309.EDF source=ue_formal open_result=0 source_tag=calibration_button
2026-06-13T12:53:09.716+08:00 FORMAL_EDF_MARKER sdk=1 host=1 opened=1 sent=1 message=FORMAL_SESSION_PREPARED participant=A025 rel=215.323 unix=1781326389716 bjt=2026-06-13T12:53:09.716+08:00 edf=FM125309.EDF source=ue_formal calibration_complete=0
2026-06-13T12:53:09.716+08:00 FORMAL_EDF_MARKER sdk=1 host=1 opened=1 sent=1 message=CALIBRATION_REQUESTED participant=A025 rel=215.323 unix=1781326389716 bjt=2026-06-13T12:53:09.716+08:00 edf=FM125309.EDF source=ue_formal open_result=0
2026-06-13T12:53:09.716+08:00 CALIBRATION step=REQUESTED success=1 note=run_eyelink_tracker_setup
2026-06-13T12:53:09.716+08:00 CALIBRATION step=HOST_CONNECTED success=1 sdk=1 host=1 graphics=1
2026-06-13T12:53:09.721+08:00 CALIBRATION_DISPLAY_INIT success=1 result=0 error=
2026-06-13T12:53:09.721+08:00 CALIBRATION_DISPLAY_LIST count=2 requested_index=1 explicit=1
2026-06-13T12:53:09.722+08:00 CALIBRATION_DISPLAY index=0 name=Dell XPS 15 SDC414D Display bounds_result=0 x=0 y=0 w=1920 h=1080 mode_result=0 mode_w=1920 mode_h=1080 refresh=60
2026-06-13T12:53:09.722+08:00 CALIBRATION_DISPLAY index=1 name=Acer GR235H bounds_result=0 x=0 y=-1080 w=1920 h=1080 mode_result=0 mode_w=1920 mode_h=1080 refresh=60
2026-06-13T12:53:09.838+08:00 CALIBRATION step=GRAPHICS_INITIALIZED success=1 result=0 explicit_request=1 display_index=1 window_ptr=000001D094022798 width=1920 height=1080 bits=32 refresh=60.00
2026-06-13T12:53:09.851+08:00 CALIBRATION step=REGISTERED_WINDOW_MOVED success=1 requested_display=1 actual_display=1 requested_x=0 requested_y=-1080 requested_w=1920 requested_h=1080 actual_x=0 actual_y=-1080 actual_w=1920 actual_h=1080
2026-06-13T12:53:09.863+08:00 FORMAL_EDF_MARKER sdk=1 host=1 opened=1 sent=1 message=CALIBRATION_SETUP_START participant=A025 rel=215.323 unix=1781326389863 bjt=2026-06-13T12:53:09.863+08:00 edf=FM125309.EDF source=ue_formal calibration_type=HV9 width=1920 height=1080
2026-06-13T12:53:09.864+08:00 CALIBRATION step=TRACKER_SETUP_BEGIN success=1 detail=call_do_tracker_setup
2026-06-13T12:53:41.163+08:00 CALIBRATION step=TRACKER_SETUP_RETURNED success=1 result=0
2026-06-13T12:53:41.163+08:00 FORMAL_EDF_MARKER sdk=1 host=1 opened=1 sent=1 message=CALIBRATION_SETUP_END participant=A025 rel=215.323 unix=1781326421163 bjt=2026-06-13T12:53:41.163+08:00 edf=FM125309.EDF source=ue_formal setup_result=0
2026-06-13T12:53:43.204+08:00 CALIBRATION step=GRAPHICS_CLOSED success=1
2026-06-13T12:53:43.204+08:00 CALIBRATION step=CALIBRATION_WINDOW_DESTROYED success=1
2026-06-13T12:53:43.205+08:00 CALIBRATION step=FINISHED success=1 result=0
2026-06-13T12:53:43.205+08:00 FORMAL_EDF_MARKER sdk=1 host=1 opened=1 sent=1 message=CALIBRATION_STATUS participant=A025 rel=215.323 unix=1781326423205 bjt=2026-06-13T12:53:43.205+08:00 edf=FM125309.EDF source=ue_formal calibration_complete=1
2026-06-13T12:53:43.205+08:00 FORMAL_CALIBRATION step=FINISHED success=1 participant=A025 edf=FM125309.EDF open_result=0
2026-06-13T12:53:43.205+08:00 STATUS start_ui_status sdk=connected host=connected log=../../../../../../Project/UE5/Gallery/Saved/ExperimentLogs/EyeLinkMarkers_20260613_124934_352.log
2026-06-13T12:54:03.948+08:00 FORMAL_RECORDING step=EDF_ALREADY_OPEN success=1 participant=A025 edf=FM125309.EDF source=start_button_preopened calibration_complete=1
2026-06-13T12:54:03.956+08:00 FORMAL_RECORDING step=RECORDING_STARTED success=1 result=0 edf=FM125309.EDF preopened=1 calibration_complete=1
2026-06-13T12:54:03.956+08:00 MARKER sdk=1 host=1 enabled=1 sent=1 result=0 message=FORMAL_RECORDING_START participant=A025 rel=235.650 unix=1781326443956 bjt=2026-06-13T12:54:03.956+08:00 edf=FM125309.EDF source=ue_formal open_result=0 record_result=0 edf_preopened=1 calibration_complete=1
2026-06-13T12:54:03.956+08:00 STATUS formal_recording_start_requested participant=A025 success=1 edf=FM125309.EDF calibration_complete=1
2026-06-13T12:54:03.956+08:00 STATUS start_ui_status sdk=connected host=connected log=../../../../../../Project/UE5/Gallery/Saved/ExperimentLogs/EyeLinkMarkers_20260613_124934_352.log
2026-06-13T12:54:03.956+08:00 MARKER sdk=1 host=1 enabled=1 sent=1 result=0 message=RECORDING_TIME_REFERENCE participant=A025 rel=235.650 unix=1781326443956 bjt=2026-06-13T12:54:03.956+08:00 source=ue_session_start
2026-06-13T12:54:03.956+08:00 MARKER sdk=1 host=1 enabled=1 sent=1 result=0 message=SESSION_START participant=A025 rel=235.650 unix=1781326443956 bjt=2026-06-13T12:54:03.956+08:00
2026-06-13T12:54:03.957+08:00 MARKER sdk=1 host=1 enabled=1 sent=1 result=0 message=EXPERIMENT_RUN_MODE EXP1_THEN_EXP2
2026-06-13T12:54:03.969+08:00 MARKER sdk=1 host=1 enabled=1 sent=1 result=0 message=SCREEN_RECORDING_REQUEST enabled=1 started=1 participant=A025
2026-06-13T12:54:56.326+08:00 MARKER sdk=1 host=1 enabled=1 sent=1 result=0 message=TRIALID T001
2026-06-13T12:54:56.326+08:00 MARKER sdk=1 host=1 enabled=1 sent=1 result=0 message=EVENT LOADING_INTERACT trial=T001 rel=288.044 unix=1781326496350 bjt=2026-06-13T12:54:56.349+08:00
2026-06-13T12:54:56.326+08:00 MARKER sdk=1 host=1 enabled=1 sent=1 result=0 message=EVENT LOADING_START trial=T001 rel=288.044 unix=1781326496350 bjt=2026-06-13T12:54:56.349+08:00
2026-06-13T12:54:56.327+08:00 MARKER sdk=1 host=1 enabled=1 sent=1 result=0 message=!V TRIAL_VAR participant A025
2026-06-13T12:54:56.327+08:00 MARKER sdk=1 host=1 enabled=1 sent=1 result=0 message=!V TRIAL_VAR experiment EXP1
2026-06-13T12:54:56.327+08:00 MARKER sdk=1 host=1 enabled=1 sent=1 result=0 message=!V TRIAL_VAR exhibit_id Ex1_TEST
2026-06-13T12:54:56.327+08:00 MARKER sdk=1 host=1 enabled=1 sent=1 result=0 message=!V TRIAL_VAR exhibit_name 测试展品
2026-06-13T12:54:56.327+08:00 MARKER sdk=1 host=1 enabled=1 sent=1 result=0 message=!V TRIAL_VAR condition A
2026-06-13T12:54:56.327+08:00 MARKER sdk=1 host=1 enabled=1 sent=1 result=0 message=!V TRIAL_VAR latin_group NA
2026-06-13T12:54:56.328+08:00 MARKER sdk=1 host=1 enabled=1 sent=1 result=0 message=!V TRIAL_VAR sequence_index -1
2026-06-13T12:54:56.328+08:00 MARKER sdk=1 host=1 enabled=1 sent=1 result=0 message=!V TRIAL_VAR sequence_label NA
2026-06-13T12:54:58.309+08:00 MARKER sdk=1 host=1 enabled=1 sent=1 result=0 message=EVENT LOADING_COMPLETE trial=T001 rel=290.027 unix=1781326498333 bjt=2026-06-13T12:54:58.333+08:00
2026-06-13T12:55:07.112+08:00 MARKER sdk=1 host=1 enabled=1 sent=1 result=0 message=EVENT VIEWER_ENTER trial=T001 rel=298.828 unix=1781326507134 bjt=2026-06-13T12:55:07.134+08:00
2026-06-13T12:55:07.113+08:00 MARKER sdk=1 host=1 enabled=1 sent=1 result=0 message=EVENT QUESTION_START trial=T001 rel=298.828 unix=1781326507134 bjt=2026-06-13T12:55:07.134+08:00 q=1 total=2 correct_index=-1 correct_label=NotAnswered
2026-06-13T12:55:14.496+08:00 MARKER sdk=1 host=1 enabled=1 sent=1 result=0 message=EVENT QUESTION_SUBMIT trial=T001 rel=306.198 unix=1781326514504 bjt=2026-06-13T12:55:14.503+08:00 q=1 option=A correct_index=-1 correct_label=NotAnswered is_correct=-1
2026-06-13T12:55:14.496+08:00 MARKER sdk=1 host=1 enabled=1 sent=1 result=0 message=EVENT QUESTION_START trial=T001 rel=306.198 unix=1781326514504 bjt=2026-06-13T12:55:14.503+08:00 q=2 total=2 correct_index=-1 correct_label=NotAnswered
2026-06-13T12:55:25.725+08:00 MARKER sdk=1 host=1 enabled=1 sent=1 result=0 message=EVENT QUESTION_SUBMIT trial=T001 rel=317.427 unix=1781326525733 bjt=2026-06-13T12:55:25.733+08:00 q=2 option=B correct_index=-1 correct_label=NotAnswered is_correct=-1
2026-06-13T12:55:27.243+08:00 MARKER sdk=1 host=1 enabled=1 sent=1 result=0 message=EVENT VIEWER_EXIT trial=T001 rel=318.961 unix=1781326527267 bjt=2026-06-13T12:55:27.266+08:00
2026-06-13T12:55:27.244+08:00 MARKER sdk=1 host=1 enabled=1 sent=1 result=0 message=EVENT TRIAL_RESULT trial=T001 rel=318.961 unix=1781326527267 bjt=2026-06-13T12:55:27.266+08:00 rows=2
2026-06-13T12:56:04.364+08:00 MARKER sdk=1 host=1 enabled=1 sent=1 result=0 message=TRIALID T002
2026-06-13T12:56:04.365+08:00 MARKER sdk=1 host=1 enabled=1 sent=1 result=0 message=EVENT LOADING_INTERACT trial=T002 rel=356.082 unix=1781326564389 bjt=2026-06-13T12:56:04.388+08:00
2026-06-13T12:56:04.365+08:00 MARKER sdk=1 host=1 enabled=1 sent=1 result=0 message=EVENT LOADING_START trial=T002 rel=356.082 unix=1781326564389 bjt=2026-06-13T12:56:04.388+08:00
2026-06-13T12:56:04.365+08:00 MARKER sdk=1 host=1 enabled=1 sent=1 result=0 message=!V TRIAL_VAR participant A025
2026-06-13T12:56:04.365+08:00 MARKER sdk=1 host=1 enabled=1 sent=1 result=0 message=!V TRIAL_VAR experiment EXP1
2026-06-13T12:56:04.366+08:00 MARKER sdk=1 host=1 enabled=1 sent=1 result=0 message=!V TRIAL_VAR exhibit_id 01
2026-06-13T12:56:04.366+08:00 MARKER sdk=1 host=1 enabled=1 sent=1 result=0 message=!V TRIAL_VAR exhibit_name 半岛香炉
2026-06-13T12:56:04.366+08:00 MARKER sdk=1 host=1 enabled=1 sent=1 result=0 message=!V TRIAL_VAR condition A_PLUS
2026-06-13T12:56:04.366+08:00 MARKER sdk=1 host=1 enabled=1 sent=1 result=0 message=!V TRIAL_VAR latin_group G2
2026-06-13T12:56:04.366+08:00 MARKER sdk=1 host=1 enabled=1 sent=1 result=0 message=!V TRIAL_VAR sequence_index 1
2026-06-13T12:56:04.367+08:00 MARKER sdk=1 host=1 enabled=1 sent=1 result=0 message=!V TRIAL_VAR sequence_label G2_T01
2026-06-13T12:56:14.348+08:00 MARKER sdk=1 host=1 enabled=1 sent=1 result=0 message=EVENT LOADING_COMPLETE trial=T002 rel=366.067 unix=1781326574373 bjt=2026-06-13T12:56:14.372+08:00
2026-06-13T12:56:16.984+08:00 MARKER sdk=1 host=1 enabled=1 sent=1 result=0 message=EVENT VIEWER_ENTER trial=T002 rel=368.700 unix=1781326577006 bjt=2026-06-13T12:56:17.006+08:00
2026-06-13T12:56:16.984+08:00 MARKER sdk=1 host=1 enabled=1 sent=1 result=0 message=EVENT QUESTION_START trial=T002 rel=368.700 unix=1781326577006 bjt=2026-06-13T12:56:17.006+08:00 q=1 total=2 correct_index=1 correct_label=B
2026-06-13T12:56:30.514+08:00 MARKER sdk=1 host=1 enabled=1 sent=1 result=0 message=EVENT QUESTION_SUBMIT trial=T002 rel=382.216 unix=1781326590523 bjt=2026-06-13T12:56:30.522+08:00 q=1 option=B correct_index=1 correct_label=B is_correct=1
2026-06-13T12:56:30.515+08:00 MARKER sdk=1 host=1 enabled=1 sent=1 result=0 message=EVENT QUESTION_START trial=T002 rel=382.216 unix=1781326590523 bjt=2026-06-13T12:56:30.522+08:00 q=2 total=2 correct_index=1 correct_label=B
2026-06-13T12:56:38.052+08:00 MARKER sdk=1 host=1 enabled=1 sent=1 result=0 message=EVENT QUESTION_SUBMIT trial=T002 rel=389.754 unix=1781326598060 bjt=2026-06-13T12:56:38.060+08:00 q=2 option=A correct_index=1 correct_label=B is_correct=0
2026-06-13T12:56:39.939+08:00 MARKER sdk=1 host=1 enabled=1 sent=1 result=0 message=EVENT VIEWER_EXIT trial=T002 rel=391.657 unix=1781326599963 bjt=2026-06-13T12:56:39.962+08:00
2026-06-13T12:56:39.939+08:00 MARKER sdk=1 host=1 enabled=1 sent=1 result=0 message=EVENT TRIAL_RESULT trial=T002 rel=391.657 unix=1781326599963 bjt=2026-06-13T12:56:39.962+08:00 rows=2
2026-06-13T12:57:37.501+08:00 MARKER sdk=1 host=1 enabled=1 sent=1 result=0 message=TRIALID T003
2026-06-13T12:57:37.502+08:00 MARKER sdk=1 host=1 enabled=1 sent=1 result=0 message=EVENT LOADING_INTERACT trial=T003 rel=449.219 unix=1781326657525 bjt=2026-06-13T12:57:37.525+08:00
2026-06-13T12:57:37.502+08:00 MARKER sdk=1 host=1 enabled=1 sent=1 result=0 message=EVENT LOADING_START trial=T003 rel=449.219 unix=1781326657525 bjt=2026-06-13T12:57:37.525+08:00
2026-06-13T12:57:37.502+08:00 MARKER sdk=1 host=1 enabled=1 sent=1 result=0 message=!V TRIAL_VAR participant A025
2026-06-13T12:57:37.502+08:00 MARKER sdk=1 host=1 enabled=1 sent=1 result=0 message=!V TRIAL_VAR experiment EXP1
2026-06-13T12:57:37.502+08:00 MARKER sdk=1 host=1 enabled=1 sent=1 result=0 message=!V TRIAL_VAR exhibit_id 02
2026-06-13T12:57:37.503+08:00 MARKER sdk=1 host=1 enabled=1 sent=1 result=0 message=!V TRIAL_VAR exhibit_name 中国青铜器
2026-06-13T12:57:37.503+08:00 MARKER sdk=1 host=1 enabled=1 sent=1 result=0 message=!V TRIAL_VAR condition B
2026-06-13T12:57:37.503+08:00 MARKER sdk=1 host=1 enabled=1 sent=1 result=0 message=!V TRIAL_VAR latin_group G2
2026-06-13T12:57:37.503+08:00 MARKER sdk=1 host=1 enabled=1 sent=1 result=0 message=!V TRIAL_VAR sequence_index 2
2026-06-13T12:57:37.503+08:00 MARKER sdk=1 host=1 enabled=1 sent=1 result=0 message=!V TRIAL_VAR sequence_label G2_T02
2026-06-13T12:57:47.493+08:00 MARKER sdk=1 host=1 enabled=1 sent=1 result=0 message=EVENT LOADING_COMPLETE trial=T003 rel=459.211 unix=1781326667517 bjt=2026-06-13T12:57:47.517+08:00
2026-06-13T12:57:50.623+08:00 MARKER sdk=1 host=1 enabled=1 sent=1 result=0 message=EVENT VIEWER_ENTER trial=T003 rel=462.341 unix=1781326670647 bjt=2026-06-13T12:57:50.646+08:00
2026-06-13T12:57:50.624+08:00 MARKER sdk=1 host=1 enabled=1 sent=1 result=0 message=EVENT QUESTION_START trial=T003 rel=462.341 unix=1781326670647 bjt=2026-06-13T12:57:50.646+08:00 q=1 total=2 correct_index=1 correct_label=B
2026-06-13T12:58:03.622+08:00 MARKER sdk=1 host=1 enabled=1 sent=1 result=0 message=EVENT QUESTION_SUBMIT trial=T003 rel=475.323 unix=1781326683629 bjt=2026-06-13T12:58:03.629+08:00 q=1 option=B correct_index=1 correct_label=B is_correct=1
2026-06-13T12:58:03.623+08:00 MARKER sdk=1 host=1 enabled=1 sent=1 result=0 message=EVENT QUESTION_START trial=T003 rel=475.323 unix=1781326683629 bjt=2026-06-13T12:58:03.629+08:00 q=2 total=2 correct_index=1 correct_label=B
2026-06-13T12:58:16.090+08:00 MARKER sdk=1 host=1 enabled=1 sent=1 result=0 message=EVENT QUESTION_SUBMIT trial=T003 rel=487.792 unix=1781326696098 bjt=2026-06-13T12:58:16.098+08:00 q=2 option=B correct_index=1 correct_label=B is_correct=1
2026-06-13T12:58:17.872+08:00 MARKER sdk=1 host=1 enabled=1 sent=1 result=0 message=EVENT VIEWER_EXIT trial=T003 rel=489.590 unix=1781326697896 bjt=2026-06-13T12:58:17.895+08:00
2026-06-13T12:58:17.872+08:00 MARKER sdk=1 host=1 enabled=1 sent=1 result=0 message=EVENT TRIAL_RESULT trial=T003 rel=489.590 unix=1781326697896 bjt=2026-06-13T12:58:17.895+08:00 rows=2
2026-06-13T12:59:15.936+08:00 MARKER sdk=1 host=1 enabled=1 sent=1 result=0 message=TRIALID T004
2026-06-13T12:59:15.936+08:00 MARKER sdk=1 host=1 enabled=1 sent=1 result=0 message=EVENT LOADING_INTERACT trial=T004 rel=547.653 unix=1781326755959 bjt=2026-06-13T12:59:15.959+08:00
2026-06-13T12:59:15.936+08:00 MARKER sdk=1 host=1 enabled=1 sent=1 result=0 message=EVENT LOADING_START trial=T004 rel=547.653 unix=1781326755959 bjt=2026-06-13T12:59:15.959+08:00
2026-06-13T12:59:15.937+08:00 MARKER sdk=1 host=1 enabled=1 sent=1 result=0 message=!V TRIAL_VAR participant A025
2026-06-13T12:59:15.937+08:00 MARKER sdk=1 host=1 enabled=1 sent=1 result=0 message=!V TRIAL_VAR experiment EXP1
2026-06-13T12:59:15.937+08:00 MARKER sdk=1 host=1 enabled=1 sent=1 result=0 message=!V TRIAL_VAR exhibit_id 03
2026-06-13T12:59:15.937+08:00 MARKER sdk=1 host=1 enabled=1 sent=1 result=0 message=!V TRIAL_VAR exhibit_name 希腊陶具
2026-06-13T12:59:15.937+08:00 MARKER sdk=1 host=1 enabled=1 sent=1 result=0 message=!V TRIAL_VAR condition C_MINUS
2026-06-13T12:59:15.937+08:00 MARKER sdk=1 host=1 enabled=1 sent=1 result=0 message=!V TRIAL_VAR latin_group G2
2026-06-13T12:59:15.937+08:00 MARKER sdk=1 host=1 enabled=1 sent=1 result=0 message=!V TRIAL_VAR sequence_index 3
2026-06-13T12:59:15.937+08:00 MARKER sdk=1 host=1 enabled=1 sent=1 result=0 message=!V TRIAL_VAR sequence_label G2_T03
2026-06-13T12:59:15.937+08:00 MARKER sdk=1 host=1 enabled=1 sent=1 result=0 message=EVENT VIEWER_ENTER trial=T004 rel=547.653 unix=1781326755959 bjt=2026-06-13T12:59:15.959+08:00 mode=progressive_no_progress_bar
2026-06-13T12:59:21.933+08:00 MARKER sdk=1 host=1 enabled=1 sent=1 result=0 message=EVENT PROGRESSIVE_USABLE trial=T004 rel=553.651 unix=1781326761957 bjt=2026-06-13T12:59:21.956+08:00
2026-06-13T12:59:21.934+08:00 MARKER sdk=1 host=1 enabled=1 sent=1 result=0 message=EVENT QUESTION_START trial=T004 rel=553.651 unix=1781326761957 bjt=2026-06-13T12:59:21.956+08:00 q=1 total=2 correct_index=0 correct_label=A
2026-06-13T12:59:25.939+08:00 MARKER sdk=1 host=1 enabled=1 sent=1 result=0 message=EVENT LOADING_COMPLETE trial=T004 rel=557.655 unix=1781326765962 bjt=2026-06-13T12:59:25.961+08:00
2026-06-13T12:59:40.614+08:00 MARKER sdk=1 host=1 enabled=1 sent=1 result=0 message=EVENT QUESTION_SUBMIT trial=T004 rel=572.316 unix=1781326780622 bjt=2026-06-13T12:59:40.622+08:00 q=1 option=A correct_index=0 correct_label=A is_correct=1
2026-06-13T12:59:40.615+08:00 MARKER sdk=1 host=1 enabled=1 sent=1 result=0 message=EVENT QUESTION_START trial=T004 rel=572.316 unix=1781326780622 bjt=2026-06-13T12:59:40.622+08:00 q=2 total=2 correct_index=2 correct_label=C
2026-06-13T12:59:42.524+08:00 MARKER sdk=1 host=1 enabled=1 sent=1 result=0 message=EVENT QUESTION_SUBMIT trial=T004 rel=574.225 unix=1781326782531 bjt=2026-06-13T12:59:42.531+08:00 q=2 option=C correct_index=2 correct_label=C is_correct=1
2026-06-13T12:59:43.563+08:00 MARKER sdk=1 host=1 enabled=1 sent=1 result=0 message=EVENT VIEWER_EXIT trial=T004 rel=575.282 unix=1781326783588 bjt=2026-06-13T12:59:43.587+08:00
2026-06-13T12:59:43.564+08:00 MARKER sdk=1 host=1 enabled=1 sent=1 result=0 message=EVENT TRIAL_RESULT trial=T004 rel=575.282 unix=1781326783588 bjt=2026-06-13T12:59:43.587+08:00 rows=2
2026-06-13T13:00:59.454+08:00 MARKER sdk=1 host=1 enabled=1 sent=1 result=0 message=TRIALID T005
2026-06-13T13:00:59.455+08:00 MARKER sdk=1 host=1 enabled=1 sent=1 result=0 message=EVENT LOADING_INTERACT trial=T005 rel=651.170 unix=1781326859476 bjt=2026-06-13T13:00:59.476+08:00
2026-06-13T13:00:59.455+08:00 MARKER sdk=1 host=1 enabled=1 sent=1 result=0 message=EVENT LOADING_START trial=T005 rel=651.170 unix=1781326859476 bjt=2026-06-13T13:00:59.476+08:00
2026-06-13T13:00:59.455+08:00 MARKER sdk=1 host=1 enabled=1 sent=1 result=0 message=!V TRIAL_VAR participant A025
2026-06-13T13:00:59.455+08:00 MARKER sdk=1 host=1 enabled=1 sent=1 result=0 message=!V TRIAL_VAR experiment EXP1
2026-06-13T13:00:59.455+08:00 MARKER sdk=1 host=1 enabled=1 sent=1 result=0 message=!V TRIAL_VAR exhibit_id 04
2026-06-13T13:00:59.455+08:00 MARKER sdk=1 host=1 enabled=1 sent=1 result=0 message=!V TRIAL_VAR exhibit_name 中国花瓶
2026-06-13T13:00:59.455+08:00 MARKER sdk=1 host=1 enabled=1 sent=1 result=0 message=!V TRIAL_VAR condition C
2026-06-13T13:00:59.455+08:00 MARKER sdk=1 host=1 enabled=1 sent=1 result=0 message=!V TRIAL_VAR latin_group G2
2026-06-13T13:00:59.455+08:00 MARKER sdk=1 host=1 enabled=1 sent=1 result=0 message=!V TRIAL_VAR sequence_index 4
2026-06-13T13:00:59.455+08:00 MARKER sdk=1 host=1 enabled=1 sent=1 result=0 message=!V TRIAL_VAR sequence_label G2_T04
2026-06-13T13:00:59.456+08:00 MARKER sdk=1 host=1 enabled=1 sent=1 result=0 message=EVENT VIEWER_ENTER trial=T005 rel=651.170 unix=1781326859476 bjt=2026-06-13T13:00:59.476+08:00 mode=progressive
2026-06-13T13:01:05.444+08:00 MARKER sdk=1 host=1 enabled=1 sent=1 result=0 message=EVENT PROGRESSIVE_USABLE trial=T005 rel=657.160 unix=1781326865466 bjt=2026-06-13T13:01:05.466+08:00
2026-06-13T13:01:05.445+08:00 MARKER sdk=1 host=1 enabled=1 sent=1 result=0 message=EVENT QUESTION_START trial=T005 rel=657.160 unix=1781326865466 bjt=2026-06-13T13:01:05.466+08:00 q=1 total=2 correct_index=2 correct_label=C
2026-06-13T13:01:09.451+08:00 MARKER sdk=1 host=1 enabled=1 sent=1 result=0 message=EVENT LOADING_COMPLETE trial=T005 rel=661.169 unix=1781326869475 bjt=2026-06-13T13:01:09.474+08:00
2026-06-13T13:01:26.416+08:00 MARKER sdk=1 host=1 enabled=1 sent=1 result=0 message=EVENT QUESTION_SUBMIT trial=T005 rel=678.118 unix=1781326886424 bjt=2026-06-13T13:01:26.424+08:00 q=1 option=C correct_index=2 correct_label=C is_correct=1
2026-06-13T13:01:26.416+08:00 MARKER sdk=1 host=1 enabled=1 sent=1 result=0 message=EVENT QUESTION_START trial=T005 rel=678.118 unix=1781326886424 bjt=2026-06-13T13:01:26.424+08:00 q=2 total=2 correct_index=3 correct_label=D
2026-06-13T13:01:30.676+08:00 MARKER sdk=1 host=1 enabled=1 sent=1 result=0 message=EVENT QUESTION_SUBMIT trial=T005 rel=682.378 unix=1781326890684 bjt=2026-06-13T13:01:30.684+08:00 q=2 option=D correct_index=3 correct_label=D is_correct=1
2026-06-13T13:01:32.743+08:00 MARKER sdk=1 host=1 enabled=1 sent=1 result=0 message=EVENT VIEWER_EXIT trial=T005 rel=684.460 unix=1781326892766 bjt=2026-06-13T13:01:32.766+08:00
2026-06-13T13:01:32.743+08:00 MARKER sdk=1 host=1 enabled=1 sent=1 result=0 message=EVENT TRIAL_RESULT trial=T005 rel=684.460 unix=1781326892766 bjt=2026-06-13T13:01:32.766+08:00 rows=2
2026-06-13T13:02:40.649+08:00 MARKER sdk=1 host=1 enabled=1 sent=1 result=0 message=TRIALID T006
2026-06-13T13:02:40.649+08:00 MARKER sdk=1 host=1 enabled=1 sent=1 result=0 message=EVENT LOADING_INTERACT trial=T006 rel=752.366 unix=1781326960672 bjt=2026-06-13T13:02:40.672+08:00
2026-06-13T13:02:40.650+08:00 MARKER sdk=1 host=1 enabled=1 sent=1 result=0 message=EVENT LOADING_START trial=T006 rel=752.366 unix=1781326960672 bjt=2026-06-13T13:02:40.672+08:00
2026-06-13T13:02:40.650+08:00 MARKER sdk=1 host=1 enabled=1 sent=1 result=0 message=!V TRIAL_VAR participant A025
2026-06-13T13:02:40.650+08:00 MARKER sdk=1 host=1 enabled=1 sent=1 result=0 message=!V TRIAL_VAR experiment EXP1
2026-06-13T13:02:40.650+08:00 MARKER sdk=1 host=1 enabled=1 sent=1 result=0 message=!V TRIAL_VAR exhibit_id 05
2026-06-13T13:02:40.650+08:00 MARKER sdk=1 host=1 enabled=1 sent=1 result=0 message=!V TRIAL_VAR exhibit_name 雅典双耳罐
2026-06-13T13:02:40.650+08:00 MARKER sdk=1 host=1 enabled=1 sent=1 result=0 message=!V TRIAL_VAR condition A
2026-06-13T13:02:40.650+08:00 MARKER sdk=1 host=1 enabled=1 sent=1 result=0 message=!V TRIAL_VAR latin_group G2
2026-06-13T13:02:40.650+08:00 MARKER sdk=1 host=1 enabled=1 sent=1 result=0 message=!V TRIAL_VAR sequence_index 5
2026-06-13T13:02:40.650+08:00 MARKER sdk=1 host=1 enabled=1 sent=1 result=0 message=!V TRIAL_VAR sequence_label G2_T05
2026-06-13T13:02:50.639+08:00 MARKER sdk=1 host=1 enabled=1 sent=1 result=0 message=EVENT LOADING_COMPLETE trial=T006 rel=762.356 unix=1781326970662 bjt=2026-06-13T13:02:50.662+08:00
2026-06-13T13:02:55.335+08:00 MARKER sdk=1 host=1 enabled=1 sent=1 result=0 message=EVENT VIEWER_ENTER trial=T006 rel=767.052 unix=1781326975358 bjt=2026-06-13T13:02:55.358+08:00
2026-06-13T13:02:55.335+08:00 MARKER sdk=1 host=1 enabled=1 sent=1 result=0 message=EVENT QUESTION_START trial=T006 rel=767.052 unix=1781326975358 bjt=2026-06-13T13:02:55.358+08:00 q=1 total=2 correct_index=0 correct_label=A
2026-06-13T13:03:04.643+08:00 MARKER sdk=1 host=1 enabled=1 sent=1 result=0 message=EVENT QUESTION_SUBMIT trial=T006 rel=776.345 unix=1781326984651 bjt=2026-06-13T13:03:04.651+08:00 q=1 option=A correct_index=0 correct_label=A is_correct=1
2026-06-13T13:03:04.643+08:00 MARKER sdk=1 host=1 enabled=1 sent=1 result=0 message=EVENT QUESTION_START trial=T006 rel=776.345 unix=1781326984651 bjt=2026-06-13T13:03:04.651+08:00 q=2 total=2 correct_index=2 correct_label=C
2026-06-13T13:03:07.890+08:00 MARKER sdk=1 host=1 enabled=1 sent=1 result=0 message=EVENT QUESTION_SUBMIT trial=T006 rel=779.592 unix=1781326987898 bjt=2026-06-13T13:03:07.897+08:00 q=2 option=C correct_index=2 correct_label=C is_correct=1
2026-06-13T13:03:09.114+08:00 MARKER sdk=1 host=1 enabled=1 sent=1 result=0 message=EVENT VIEWER_EXIT trial=T006 rel=780.832 unix=1781326989138 bjt=2026-06-13T13:03:09.138+08:00
2026-06-13T13:03:09.115+08:00 MARKER sdk=1 host=1 enabled=1 sent=1 result=0 message=EVENT TRIAL_RESULT trial=T006 rel=780.832 unix=1781326989138 bjt=2026-06-13T13:03:09.138+08:00 rows=2
2026-06-13T13:09:51.719+08:00 MARKER sdk=1 host=1 enabled=1 sent=1 result=0 message=TRIALID Exp2_001
2026-06-13T13:09:51.720+08:00 MARKER sdk=1 host=1 enabled=1 sent=1 result=0 message=!V TRIAL_VAR participant A025
2026-06-13T13:09:51.720+08:00 MARKER sdk=1 host=1 enabled=1 sent=1 result=0 message=!V TRIAL_VAR experiment EXP2
2026-06-13T13:09:51.720+08:00 MARKER sdk=1 host=1 enabled=1 sent=1 result=0 message=!V TRIAL_VAR condition E2_FIXED_PROGRESSIVE
2026-06-13T13:09:51.720+08:00 MARKER sdk=1 host=1 enabled=1 sent=1 result=0 message=!V TRIAL_VAR spatial_continuity 0
2026-06-13T13:09:51.720+08:00 MARKER sdk=1 host=1 enabled=1 sent=1 result=0 message=!V TRIAL_VAR progressive_availability 1
2026-06-13T13:09:51.720+08:00 MARKER sdk=1 host=1 enabled=1 sent=1 result=0 message=!V TRIAL_VAR target_index 3
2026-06-13T13:09:51.721+08:00 MARKER sdk=1 host=1 enabled=1 sent=1 result=0 message=!V TRIAL_VAR target_display_index 3
2026-06-13T13:09:51.721+08:00 MARKER sdk=1 host=1 enabled=1 sent=1 result=0 message=!V TRIAL_VAR target_content_index 1
2026-06-13T13:09:51.721+08:00 MARKER sdk=1 host=1 enabled=1 sent=1 result=0 message=!V TRIAL_VAR target_label 左脸
2026-06-13T13:09:51.721+08:00 MARKER sdk=1 host=1 enabled=1 sent=1 result=0 message=!V TRIAL_VAR slot_permutation 1:3|2:4|3:1|4:2
2026-06-13T13:09:51.721+08:00 MARKER sdk=1 host=1 enabled=1 sent=1 result=0 message=!V TRIAL_VAR sequence_group 2
2026-06-13T13:09:51.721+08:00 MARKER sdk=1 host=1 enabled=1 sent=1 result=0 message=!V TRIAL_VAR sequence_index 1
2026-06-13T13:09:51.721+08:00 MARKER sdk=1 host=1 enabled=1 sent=1 result=0 message=EVENT EXP2_LOADING_START trial_id=Exp2_001 rel=1183.435913 unix=1781327391742 bjt=2026-06-13T13:09:51.742+08:00 condition=E2_FIXED_PROGRESSIVE
2026-06-13T13:09:55.707+08:00 MARKER sdk=1 host=1 enabled=1 sent=1 result=0 message=EVENT EXP2_OBJECT_STAGE_CHANGED trial_id=Exp2_001 rel=1187.424927 unix=1781327395731 bjt=2026-06-13T13:09:55.731+08:00 condition=E2_FIXED_PROGRESSIVE object_index=1 previous_stage=0 new_stage=1 progress=0.333808 object_stages=1:1|2:0|3:0|4:
2026-06-13T13:09:55.708+08:00 MARKER sdk=1 host=1 enabled=1 sent=1 result=0 message=EVENT EXP2_STAGE_1_START trial_id=Exp2_001 rel=1187.424927 unix=1781327395731 bjt=2026-06-13T13:09:55.731+08:00 condition=E2_FIXED_PROGRESSIVE stage=1 first_object_index=1 progress=0.333808 object_stages=1:1|2:0|3:0|4:0
2026-06-13T13:09:55.708+08:00 MARKER sdk=1 host=1 enabled=1 sent=1 result=0 message=EVENT EXP2_OBJECT_STAGE_CHANGED trial_id=Exp2_001 rel=1187.424927 unix=1781327395731 bjt=2026-06-13T13:09:55.731+08:00 condition=E2_FIXED_PROGRESSIVE object_index=2 previous_stage=0 new_stage=1 progress=0.333808 object_stages=1:1|2:1|3:0|4:
2026-06-13T13:09:55.709+08:00 MARKER sdk=1 host=1 enabled=1 sent=1 result=0 message=EVENT EXP2_OBJECT_STAGE_CHANGED trial_id=Exp2_001 rel=1187.424927 unix=1781327395731 bjt=2026-06-13T13:09:55.731+08:00 condition=E2_FIXED_PROGRESSIVE object_index=3 previous_stage=0 new_stage=1 progress=0.333808 object_stages=1:1|2:1|3:1|4:
2026-06-13T13:09:55.709+08:00 MARKER sdk=1 host=1 enabled=1 sent=1 result=0 message=EVENT EXP2_OBJECT_STAGE_CHANGED trial_id=Exp2_001 rel=1187.424927 unix=1781327395731 bjt=2026-06-13T13:09:55.731+08:00 condition=E2_FIXED_PROGRESSIVE object_index=4 previous_stage=0 new_stage=1 progress=0.333808 object_stages=1:1|2:1|3:1|4:
2026-06-13T13:09:57.717+08:00 MARKER sdk=1 host=1 enabled=1 sent=1 result=0 message=EVENT EXP2_OBJECT_STAGE_CHANGED trial_id=Exp2_001 rel=1189.435181 unix=1781327397741 bjt=2026-06-13T13:09:57.741+08:00 condition=E2_FIXED_PROGRESSIVE object_index=1 previous_stage=1 new_stage=2 progress=0.501327 object_stages=1:2|2:1|3:1|4:
2026-06-13T13:09:57.718+08:00 MARKER sdk=1 host=1 enabled=1 sent=1 result=0 message=EVENT EXP2_STAGE_2_START trial_id=Exp2_001 rel=1189.435181 unix=1781327397741 bjt=2026-06-13T13:09:57.741+08:00 condition=E2_FIXED_PROGRESSIVE stage=2 first_object_index=1 progress=0.501327 object_stages=1:2|2:1|3:1|4:1
2026-06-13T13:09:57.718+08:00 MARKER sdk=1 host=1 enabled=1 sent=1 result=0 message=EVENT EXP2_OBJECT_STAGE_CHANGED trial_id=Exp2_001 rel=1189.435181 unix=1781327397741 bjt=2026-06-13T13:09:57.741+08:00 condition=E2_FIXED_PROGRESSIVE object_index=2 previous_stage=1 new_stage=2 progress=0.501327 object_stages=1:2|2:2|3:1|4:
2026-06-13T13:09:57.719+08:00 MARKER sdk=1 host=1 enabled=1 sent=1 result=0 message=EVENT EXP2_OBJECT_STAGE_CHANGED trial_id=Exp2_001 rel=1189.435181 unix=1781327397741 bjt=2026-06-13T13:09:57.741+08:00 condition=E2_FIXED_PROGRESSIVE object_index=3 previous_stage=1 new_stage=2 progress=0.501327 object_stages=1:2|2:2|3:2|4:
2026-06-13T13:09:57.719+08:00 MARKER sdk=1 host=1 enabled=1 sent=1 result=0 message=EVENT EXP2_PROGRESSIVE_USABLE trial_id=Exp2_001 rel=1189.435181 unix=1781327397741 bjt=2026-06-13T13:09:57.741+08:00 condition=E2_FIXED_PROGRESSIVE target_display_index=3 target_content_index=1 target_label=左脸 stage=2 progress=0.501327
2026-06-13T13:09:57.720+08:00 MARKER sdk=1 host=1 enabled=1 sent=1 result=0 message=EVENT EXP2_OBJECT_STAGE_CHANGED trial_id=Exp2_001 rel=1189.435181 unix=1781327397741 bjt=2026-06-13T13:09:57.741+08:00 condition=E2_FIXED_PROGRESSIVE object_index=4 previous_stage=1 new_stage=2 progress=0.501327 object_stages=1:2|2:2|3:2|4:
2026-06-13T13:10:03.708+08:00 MARKER sdk=1 host=1 enabled=1 sent=1 result=0 message=EVENT EXP2_OBJECT_STAGE_CHANGED trial_id=Exp2_001 rel=1195.425415 unix=1781327403732 bjt=2026-06-13T13:10:03.731+08:00 condition=E2_FIXED_PROGRESSIVE object_index=1 previous_stage=2 new_stage=3 progress=1.000000 object_stages=1:3|2:2|3:2|4:
2026-06-13T13:10:03.708+08:00 MARKER sdk=1 host=1 enabled=1 sent=1 result=0 message=EVENT EXP2_STAGE_3_START trial_id=Exp2_001 rel=1195.425415 unix=1781327403732 bjt=2026-06-13T13:10:03.731+08:00 condition=E2_FIXED_PROGRESSIVE stage=3 first_object_index=1 progress=1.000000 object_stages=1:3|2:2|3:2|4:2
2026-06-13T13:10:03.709+08:00 MARKER sdk=1 host=1 enabled=1 sent=1 result=0 message=EVENT EXP2_OBJECT_STAGE_CHANGED trial_id=Exp2_001 rel=1195.425415 unix=1781327403732 bjt=2026-06-13T13:10:03.731+08:00 condition=E2_FIXED_PROGRESSIVE object_index=2 previous_stage=2 new_stage=3 progress=1.000000 object_stages=1:3|2:3|3:2|4:
2026-06-13T13:10:03.709+08:00 MARKER sdk=1 host=1 enabled=1 sent=1 result=0 message=EVENT EXP2_OBJECT_STAGE_CHANGED trial_id=Exp2_001 rel=1195.425415 unix=1781327403732 bjt=2026-06-13T13:10:03.731+08:00 condition=E2_FIXED_PROGRESSIVE object_index=3 previous_stage=2 new_stage=3 progress=1.000000 object_stages=1:3|2:3|3:3|4:
2026-06-13T13:10:03.710+08:00 MARKER sdk=1 host=1 enabled=1 sent=1 result=0 message=EVENT EXP2_OBJECT_STAGE_CHANGED trial_id=Exp2_001 rel=1195.425415 unix=1781327403732 bjt=2026-06-13T13:10:03.731+08:00 condition=E2_FIXED_PROGRESSIVE object_index=4 previous_stage=2 new_stage=3 progress=1.000000 object_stages=1:3|2:3|3:3|4:
2026-06-13T13:10:03.711+08:00 MARKER sdk=1 host=1 enabled=1 sent=1 result=0 message=EVENT EXP2_LOADING_COMPLETE trial_id=Exp2_001 rel=1195.425415 unix=1781327403732 bjt=2026-06-13T13:10:03.731+08:00 condition=E2_FIXED_PROGRESSIVE
2026-06-13T13:10:08.403+08:00 MARKER sdk=1 host=1 enabled=1 sent=1 result=0 message=EVENT EXP2_PENDING_SELECTION trial_id=Exp2_001 rel=1200.120361 unix=1781327408426 bjt=2026-06-13T13:10:08.426+08:00 condition=E2_FIXED_PROGRESSIVE selected=4 selected_content=2 changes=1
2026-06-13T13:10:28.559+08:00 MARKER sdk=1 host=1 enabled=1 sent=1 result=0 message=EVENT EXP2_PENDING_SELECTION trial_id=Exp2_001 rel=1220.276855 unix=1781327428583 bjt=2026-06-13T13:10:28.582+08:00 condition=E2_FIXED_PROGRESSIVE selected=3 selected_content=1 changes=2
2026-06-13T13:10:32.934+08:00 MARKER sdk=1 host=1 enabled=1 sent=1 result=0 message=EVENT EXP2_SUBMIT_SELECTION trial_id=Exp2_001 rel=1224.651611 unix=1781327432958 bjt=2026-06-13T13:10:32.957+08:00 condition=E2_FIXED_PROGRESSIVE selected=3 selected_content=1 correct=1
2026-06-13T13:10:32.935+08:00 MARKER sdk=1 host=1 enabled=1 sent=1 result=0 message=TRIAL_RESULT Exp2_001 selected=3 correct=1
2026-06-13T13:12:09.890+08:00 MARKER sdk=1 host=1 enabled=1 sent=1 result=0 message=TRIALID Exp2_002
2026-06-13T13:12:09.890+08:00 MARKER sdk=1 host=1 enabled=1 sent=1 result=0 message=!V TRIAL_VAR participant A025
2026-06-13T13:12:09.891+08:00 MARKER sdk=1 host=1 enabled=1 sent=1 result=0 message=!V TRIAL_VAR experiment EXP2
2026-06-13T13:12:09.891+08:00 MARKER sdk=1 host=1 enabled=1 sent=1 result=0 message=!V TRIAL_VAR condition E3_SPATIAL_NONPROGRESSIVE
2026-06-13T13:12:09.891+08:00 MARKER sdk=1 host=1 enabled=1 sent=1 result=0 message=!V TRIAL_VAR spatial_continuity 1
2026-06-13T13:12:09.891+08:00 MARKER sdk=1 host=1 enabled=1 sent=1 result=0 message=!V TRIAL_VAR progressive_availability 0
2026-06-13T13:12:09.891+08:00 MARKER sdk=1 host=1 enabled=1 sent=1 result=0 message=!V TRIAL_VAR target_index 1
2026-06-13T13:12:09.891+08:00 MARKER sdk=1 host=1 enabled=1 sent=1 result=0 message=!V TRIAL_VAR target_display_index 1
2026-06-13T13:12:09.891+08:00 MARKER sdk=1 host=1 enabled=1 sent=1 result=0 message=!V TRIAL_VAR target_content_index 3
2026-06-13T13:12:09.891+08:00 MARKER sdk=1 host=1 enabled=1 sent=1 result=0 message=!V TRIAL_VAR target_label 脖子
2026-06-13T13:12:09.892+08:00 MARKER sdk=1 host=1 enabled=1 sent=1 result=0 message=!V TRIAL_VAR slot_permutation 1:3|2:1|3:2|4:4
2026-06-13T13:12:09.892+08:00 MARKER sdk=1 host=1 enabled=1 sent=1 result=0 message=!V TRIAL_VAR sequence_group 2
2026-06-13T13:12:09.892+08:00 MARKER sdk=1 host=1 enabled=1 sent=1 result=0 message=!V TRIAL_VAR sequence_index 2
2026-06-13T13:12:09.892+08:00 MARKER sdk=1 host=1 enabled=1 sent=1 result=0 message=EVENT EXP2_LOADING_START trial_id=Exp2_002 rel=1321.607422 unix=1781327529914 bjt=2026-06-13T13:12:09.913+08:00 condition=E3_SPATIAL_NONPROGRESSIVE
2026-06-13T13:12:21.884+08:00 MARKER sdk=1 host=1 enabled=1 sent=1 result=0 message=EVENT EXP2_OBJECT_STAGE_CHANGED trial_id=Exp2_002 rel=1333.603027 unix=1781327541909 bjt=2026-06-13T13:12:21.909+08:00 condition=E3_SPATIAL_NONPROGRESSIVE object_index=1 previous_stage=0 new_stage=3 progress=1.000000 object_stages=1:3|2:0|3
2026-06-13T13:12:21.885+08:00 MARKER sdk=1 host=1 enabled=1 sent=1 result=0 message=EVENT EXP2_STAGE_3_START trial_id=Exp2_002 rel=1333.603027 unix=1781327541909 bjt=2026-06-13T13:12:21.909+08:00 condition=E3_SPATIAL_NONPROGRESSIVE stage=3 first_object_index=1 progress=1.000000 object_stages=1:3|2:0|3:0|4:0
2026-06-13T13:12:21.885+08:00 MARKER sdk=1 host=1 enabled=1 sent=1 result=0 message=EVENT EXP2_OBJECT_STAGE_CHANGED trial_id=Exp2_002 rel=1333.603027 unix=1781327541909 bjt=2026-06-13T13:12:21.909+08:00 condition=E3_SPATIAL_NONPROGRESSIVE object_index=2 previous_stage=0 new_stage=3 progress=1.000000 object_stages=1:3|2:3|3
2026-06-13T13:12:21.886+08:00 MARKER sdk=1 host=1 enabled=1 sent=1 result=0 message=EVENT EXP2_OBJECT_STAGE_CHANGED trial_id=Exp2_002 rel=1333.603027 unix=1781327541909 bjt=2026-06-13T13:12:21.909+08:00 condition=E3_SPATIAL_NONPROGRESSIVE object_index=3 previous_stage=0 new_stage=3 progress=1.000000 object_stages=1:3|2:3|3
2026-06-13T13:12:21.886+08:00 MARKER sdk=1 host=1 enabled=1 sent=1 result=0 message=EVENT EXP2_OBJECT_STAGE_CHANGED trial_id=Exp2_002 rel=1333.603027 unix=1781327541909 bjt=2026-06-13T13:12:21.909+08:00 condition=E3_SPATIAL_NONPROGRESSIVE object_index=4 previous_stage=0 new_stage=3 progress=1.000000 object_stages=1:3|2:3|3
2026-06-13T13:12:21.887+08:00 MARKER sdk=1 host=1 enabled=1 sent=1 result=0 message=EVENT EXP2_LOADING_COMPLETE trial_id=Exp2_002 rel=1333.603027 unix=1781327541909 bjt=2026-06-13T13:12:21.909+08:00 condition=E3_SPATIAL_NONPROGRESSIVE
2026-06-13T13:12:31.518+08:00 MARKER sdk=1 host=1 enabled=1 sent=1 result=0 message=EVENT EXP2_PENDING_SELECTION trial_id=Exp2_002 rel=1343.236816 unix=1781327551543 bjt=2026-06-13T13:12:31.542+08:00 condition=E3_SPATIAL_NONPROGRESSIVE selected=1 selected_content=3 changes=1
2026-06-13T13:12:38.759+08:00 MARKER sdk=1 host=1 enabled=1 sent=1 result=0 message=EVENT EXP2_SUBMIT_SELECTION trial_id=Exp2_002 rel=1350.477051 unix=1781327558783 bjt=2026-06-13T13:12:38.783+08:00 condition=E3_SPATIAL_NONPROGRESSIVE selected=1 selected_content=3 correct=1
2026-06-13T13:12:38.759+08:00 MARKER sdk=1 host=1 enabled=1 sent=1 result=0 message=TRIAL_RESULT Exp2_002 selected=1 correct=1
2026-06-13T13:13:37.431+08:00 MARKER sdk=1 host=1 enabled=1 sent=1 result=0 message=TRIALID Exp2_003
2026-06-13T13:13:37.431+08:00 MARKER sdk=1 host=1 enabled=1 sent=1 result=0 message=!V TRIAL_VAR participant A025
2026-06-13T13:13:37.431+08:00 MARKER sdk=1 host=1 enabled=1 sent=1 result=0 message=!V TRIAL_VAR experiment EXP2
2026-06-13T13:13:37.431+08:00 MARKER sdk=1 host=1 enabled=1 sent=1 result=0 message=!V TRIAL_VAR condition E1_SPATIAL_PROGRESSIVE
2026-06-13T13:13:37.432+08:00 MARKER sdk=1 host=1 enabled=1 sent=1 result=0 message=!V TRIAL_VAR spatial_continuity 1
2026-06-13T13:13:37.432+08:00 MARKER sdk=1 host=1 enabled=1 sent=1 result=0 message=!V TRIAL_VAR progressive_availability 1
2026-06-13T13:13:37.432+08:00 MARKER sdk=1 host=1 enabled=1 sent=1 result=0 message=!V TRIAL_VAR target_index 4
2026-06-13T13:13:37.432+08:00 MARKER sdk=1 host=1 enabled=1 sent=1 result=0 message=!V TRIAL_VAR target_display_index 4
2026-06-13T13:13:37.432+08:00 MARKER sdk=1 host=1 enabled=1 sent=1 result=0 message=!V TRIAL_VAR target_content_index 2
2026-06-13T13:13:37.432+08:00 MARKER sdk=1 host=1 enabled=1 sent=1 result=0 message=!V TRIAL_VAR target_label 右脸
2026-06-13T13:13:37.432+08:00 MARKER sdk=1 host=1 enabled=1 sent=1 result=0 message=!V TRIAL_VAR slot_permutation 1:4|2:1|3:3|4:2
2026-06-13T13:13:37.432+08:00 MARKER sdk=1 host=1 enabled=1 sent=1 result=0 message=!V TRIAL_VAR sequence_group 2
2026-06-13T13:13:37.433+08:00 MARKER sdk=1 host=1 enabled=1 sent=1 result=0 message=!V TRIAL_VAR sequence_index 3
2026-06-13T13:13:37.433+08:00 MARKER sdk=1 host=1 enabled=1 sent=1 result=0 message=EVENT EXP2_LOADING_START trial_id=Exp2_003 rel=1409.147827 unix=1781327617454 bjt=2026-06-13T13:13:37.454+08:00 condition=E1_SPATIAL_PROGRESSIVE
2026-06-13T13:13:41.417+08:00 MARKER sdk=1 host=1 enabled=1 sent=1 result=0 message=EVENT EXP2_OBJECT_STAGE_CHANGED trial_id=Exp2_003 rel=1413.135376 unix=1781327621442 bjt=2026-06-13T13:13:41.441+08:00 condition=E1_SPATIAL_PROGRESSIVE object_index=1 previous_stage=0 new_stage=1 progress=0.333681 object_stages=1:1|2:0|3:0|
2026-06-13T13:13:41.418+08:00 MARKER sdk=1 host=1 enabled=1 sent=1 result=0 message=EVENT EXP2_STAGE_1_START trial_id=Exp2_003 rel=1413.135376 unix=1781327621442 bjt=2026-06-13T13:13:41.441+08:00 condition=E1_SPATIAL_PROGRESSIVE stage=1 first_object_index=1 progress=0.333681 object_stages=1:1|2:0|3:0|4:0
2026-06-13T13:13:41.418+08:00 MARKER sdk=1 host=1 enabled=1 sent=1 result=0 message=EVENT EXP2_OBJECT_STAGE_CHANGED trial_id=Exp2_003 rel=1413.135376 unix=1781327621442 bjt=2026-06-13T13:13:41.441+08:00 condition=E1_SPATIAL_PROGRESSIVE object_index=2 previous_stage=0 new_stage=1 progress=0.333681 object_stages=1:1|2:1|3:0|
2026-06-13T13:13:41.418+08:00 MARKER sdk=1 host=1 enabled=1 sent=1 result=0 message=EVENT EXP2_OBJECT_STAGE_CHANGED trial_id=Exp2_003 rel=1413.135376 unix=1781327621442 bjt=2026-06-13T13:13:41.441+08:00 condition=E1_SPATIAL_PROGRESSIVE object_index=3 previous_stage=0 new_stage=1 progress=0.333681 object_stages=1:1|2:1|3:1|
2026-06-13T13:13:41.419+08:00 MARKER sdk=1 host=1 enabled=1 sent=1 result=0 message=EVENT EXP2_OBJECT_STAGE_CHANGED trial_id=Exp2_003 rel=1413.135376 unix=1781327621442 bjt=2026-06-13T13:13:41.441+08:00 condition=E1_SPATIAL_PROGRESSIVE object_index=4 previous_stage=0 new_stage=1 progress=0.333681 object_stages=1:1|2:1|3:1|
2026-06-13T13:13:43.413+08:00 MARKER sdk=1 host=1 enabled=1 sent=1 result=0 message=EVENT EXP2_OBJECT_STAGE_CHANGED trial_id=Exp2_003 rel=1415.131592 unix=1781327623438 bjt=2026-06-13T13:13:43.437+08:00 condition=E1_SPATIAL_PROGRESSIVE object_index=1 previous_stage=1 new_stage=2 progress=0.500038 object_stages=1:2|2:1|3:1|
2026-06-13T13:13:43.414+08:00 MARKER sdk=1 host=1 enabled=1 sent=1 result=0 message=EVENT EXP2_STAGE_2_START trial_id=Exp2_003 rel=1415.131592 unix=1781327623438 bjt=2026-06-13T13:13:43.437+08:00 condition=E1_SPATIAL_PROGRESSIVE stage=2 first_object_index=1 progress=0.500038 object_stages=1:2|2:1|3:1|4:1
2026-06-13T13:13:43.414+08:00 MARKER sdk=1 host=1 enabled=1 sent=1 result=0 message=EVENT EXP2_OBJECT_STAGE_CHANGED trial_id=Exp2_003 rel=1415.131592 unix=1781327623438 bjt=2026-06-13T13:13:43.437+08:00 condition=E1_SPATIAL_PROGRESSIVE object_index=2 previous_stage=1 new_stage=2 progress=0.500038 object_stages=1:2|2:2|3:1|
2026-06-13T13:13:43.415+08:00 MARKER sdk=1 host=1 enabled=1 sent=1 result=0 message=EVENT EXP2_OBJECT_STAGE_CHANGED trial_id=Exp2_003 rel=1415.131592 unix=1781327623438 bjt=2026-06-13T13:13:43.437+08:00 condition=E1_SPATIAL_PROGRESSIVE object_index=3 previous_stage=1 new_stage=2 progress=0.500038 object_stages=1:2|2:2|3:2|
2026-06-13T13:13:43.415+08:00 MARKER sdk=1 host=1 enabled=1 sent=1 result=0 message=EVENT EXP2_OBJECT_STAGE_CHANGED trial_id=Exp2_003 rel=1415.131592 unix=1781327623438 bjt=2026-06-13T13:13:43.437+08:00 condition=E1_SPATIAL_PROGRESSIVE object_index=4 previous_stage=1 new_stage=2 progress=0.500038 object_stages=1:2|2:2|3:2|
2026-06-13T13:13:43.416+08:00 MARKER sdk=1 host=1 enabled=1 sent=1 result=0 message=EVENT EXP2_PROGRESSIVE_USABLE trial_id=Exp2_003 rel=1415.131592 unix=1781327623438 bjt=2026-06-13T13:13:43.437+08:00 condition=E1_SPATIAL_PROGRESSIVE target_display_index=4 target_content_index=2 target_label=右脸 stage=2 progress=0.500038
2026-06-13T13:13:48.327+08:00 MARKER sdk=1 host=1 enabled=1 sent=1 result=0 message=EVENT EXP2_PREJUDGE trial_id=Exp2_003 rel=1420.045410 unix=1781327628351 bjt=2026-06-13T13:13:48.351+08:00 condition=E1_SPATIAL_PROGRESSIVE selected=4 correct=1 confidence=-1 selected_content=2
2026-06-13T13:13:49.422+08:00 MARKER sdk=1 host=1 enabled=1 sent=1 result=0 message=EVENT EXP2_OBJECT_STAGE_CHANGED trial_id=Exp2_003 rel=1421.140015 unix=1781327629446 bjt=2026-06-13T13:13:49.446+08:00 condition=E1_SPATIAL_PROGRESSIVE object_index=1 previous_stage=2 new_stage=3 progress=1.000000 object_stages=1:3|2:2|3:2|
2026-06-13T13:13:49.422+08:00 MARKER sdk=1 host=1 enabled=1 sent=1 result=0 message=EVENT EXP2_STAGE_3_START trial_id=Exp2_003 rel=1421.140015 unix=1781327629446 bjt=2026-06-13T13:13:49.446+08:00 condition=E1_SPATIAL_PROGRESSIVE stage=3 first_object_index=1 progress=1.000000 object_stages=1:3|2:2|3:2|4:2
2026-06-13T13:13:49.423+08:00 MARKER sdk=1 host=1 enabled=1 sent=1 result=0 message=EVENT EXP2_OBJECT_STAGE_CHANGED trial_id=Exp2_003 rel=1421.140015 unix=1781327629446 bjt=2026-06-13T13:13:49.446+08:00 condition=E1_SPATIAL_PROGRESSIVE object_index=2 previous_stage=2 new_stage=3 progress=1.000000 object_stages=1:3|2:3|3:2|
2026-06-13T13:13:49.423+08:00 MARKER sdk=1 host=1 enabled=1 sent=1 result=0 message=EVENT EXP2_OBJECT_STAGE_CHANGED trial_id=Exp2_003 rel=1421.140015 unix=1781327629446 bjt=2026-06-13T13:13:49.446+08:00 condition=E1_SPATIAL_PROGRESSIVE object_index=3 previous_stage=2 new_stage=3 progress=1.000000 object_stages=1:3|2:3|3:3|
2026-06-13T13:13:49.424+08:00 MARKER sdk=1 host=1 enabled=1 sent=1 result=0 message=EVENT EXP2_OBJECT_STAGE_CHANGED trial_id=Exp2_003 rel=1421.140015 unix=1781327629446 bjt=2026-06-13T13:13:49.446+08:00 condition=E1_SPATIAL_PROGRESSIVE object_index=4 previous_stage=2 new_stage=3 progress=1.000000 object_stages=1:3|2:3|3:3|
2026-06-13T13:13:49.425+08:00 MARKER sdk=1 host=1 enabled=1 sent=1 result=0 message=EVENT EXP2_LOADING_COMPLETE trial_id=Exp2_003 rel=1421.140015 unix=1781327629446 bjt=2026-06-13T13:13:49.446+08:00 condition=E1_SPATIAL_PROGRESSIVE
2026-06-13T13:13:53.502+08:00 MARKER sdk=1 host=1 enabled=1 sent=1 result=0 message=EVENT EXP2_PENDING_SELECTION trial_id=Exp2_003 rel=1425.220703 unix=1781327633527 bjt=2026-06-13T13:13:53.526+08:00 condition=E1_SPATIAL_PROGRESSIVE selected=4 selected_content=2 changes=1
2026-06-13T13:13:59.201+08:00 MARKER sdk=1 host=1 enabled=1 sent=1 result=0 message=EVENT EXP2_SUBMIT_SELECTION trial_id=Exp2_003 rel=1430.918457 unix=1781327639225 bjt=2026-06-13T13:13:59.224+08:00 condition=E1_SPATIAL_PROGRESSIVE selected=4 selected_content=2 correct=1
2026-06-13T13:13:59.202+08:00 MARKER sdk=1 host=1 enabled=1 sent=1 result=0 message=TRIAL_RESULT Exp2_003 selected=4 correct=1
2026-06-13T13:14:56.767+08:00 MARKER sdk=1 host=1 enabled=1 sent=1 result=0 message=TRIALID Exp2_004
2026-06-13T13:14:56.768+08:00 MARKER sdk=1 host=1 enabled=1 sent=1 result=0 message=!V TRIAL_VAR participant A025
2026-06-13T13:14:56.768+08:00 MARKER sdk=1 host=1 enabled=1 sent=1 result=0 message=!V TRIAL_VAR experiment EXP2
2026-06-13T13:14:56.768+08:00 MARKER sdk=1 host=1 enabled=1 sent=1 result=0 message=!V TRIAL_VAR condition E4_FIXED_NONPROGRESSIVE
2026-06-13T13:14:56.768+08:00 MARKER sdk=1 host=1 enabled=1 sent=1 result=0 message=!V TRIAL_VAR spatial_continuity 0
2026-06-13T13:14:56.768+08:00 MARKER sdk=1 host=1 enabled=1 sent=1 result=0 message=!V TRIAL_VAR progressive_availability 0
2026-06-13T13:14:56.768+08:00 MARKER sdk=1 host=1 enabled=1 sent=1 result=0 message=!V TRIAL_VAR target_index 2
2026-06-13T13:14:56.768+08:00 MARKER sdk=1 host=1 enabled=1 sent=1 result=0 message=!V TRIAL_VAR target_display_index 2
2026-06-13T13:14:56.769+08:00 MARKER sdk=1 host=1 enabled=1 sent=1 result=0 message=!V TRIAL_VAR target_content_index 4
2026-06-13T13:14:56.769+08:00 MARKER sdk=1 host=1 enabled=1 sent=1 result=0 message=!V TRIAL_VAR target_label 头顶
2026-06-13T13:14:56.769+08:00 MARKER sdk=1 host=1 enabled=1 sent=1 result=0 message=!V TRIAL_VAR slot_permutation 1:2|2:4|3:3|4:1
2026-06-13T13:14:56.769+08:00 MARKER sdk=1 host=1 enabled=1 sent=1 result=0 message=!V TRIAL_VAR sequence_group 2
2026-06-13T13:14:56.769+08:00 MARKER sdk=1 host=1 enabled=1 sent=1 result=0 message=!V TRIAL_VAR sequence_index 4
2026-06-13T13:14:56.769+08:00 MARKER sdk=1 host=1 enabled=1 sent=1 result=0 message=EVENT EXP2_LOADING_START trial_id=Exp2_004 rel=1488.483276 unix=1781327696789 bjt=2026-06-13T13:14:56.789+08:00 condition=E4_FIXED_NONPROGRESSIVE
2026-06-13T13:15:08.764+08:00 MARKER sdk=1 host=1 enabled=1 sent=1 result=0 message=EVENT EXP2_OBJECT_STAGE_CHANGED trial_id=Exp2_004 rel=1500.482788 unix=1781327708789 bjt=2026-06-13T13:15:08.789+08:00 condition=E4_FIXED_NONPROGRESSIVE object_index=1 previous_stage=0 new_stage=3 progress=1.000000 object_stages=1:3|2:0|3:0
2026-06-13T13:15:08.765+08:00 MARKER sdk=1 host=1 enabled=1 sent=1 result=0 message=EVENT EXP2_STAGE_3_START trial_id=Exp2_004 rel=1500.482788 unix=1781327708789 bjt=2026-06-13T13:15:08.789+08:00 condition=E4_FIXED_NONPROGRESSIVE stage=3 first_object_index=1 progress=1.000000 object_stages=1:3|2:0|3:0|4:0
2026-06-13T13:15:08.765+08:00 MARKER sdk=1 host=1 enabled=1 sent=1 result=0 message=EVENT EXP2_OBJECT_STAGE_CHANGED trial_id=Exp2_004 rel=1500.482788 unix=1781327708789 bjt=2026-06-13T13:15:08.789+08:00 condition=E4_FIXED_NONPROGRESSIVE object_index=2 previous_stage=0 new_stage=3 progress=1.000000 object_stages=1:3|2:3|3:0
2026-06-13T13:15:08.765+08:00 MARKER sdk=1 host=1 enabled=1 sent=1 result=0 message=EVENT EXP2_OBJECT_STAGE_CHANGED trial_id=Exp2_004 rel=1500.482788 unix=1781327708789 bjt=2026-06-13T13:15:08.789+08:00 condition=E4_FIXED_NONPROGRESSIVE object_index=3 previous_stage=0 new_stage=3 progress=1.000000 object_stages=1:3|2:3|3:3
2026-06-13T13:15:08.766+08:00 MARKER sdk=1 host=1 enabled=1 sent=1 result=0 message=EVENT EXP2_OBJECT_STAGE_CHANGED trial_id=Exp2_004 rel=1500.482788 unix=1781327708789 bjt=2026-06-13T13:15:08.789+08:00 condition=E4_FIXED_NONPROGRESSIVE object_index=4 previous_stage=0 new_stage=3 progress=1.000000 object_stages=1:3|2:3|3:3
2026-06-13T13:15:08.767+08:00 MARKER sdk=1 host=1 enabled=1 sent=1 result=0 message=EVENT EXP2_LOADING_COMPLETE trial_id=Exp2_004 rel=1500.482788 unix=1781327708789 bjt=2026-06-13T13:15:08.789+08:00 condition=E4_FIXED_NONPROGRESSIVE
2026-06-13T13:15:12.317+08:00 MARKER sdk=1 host=1 enabled=1 sent=1 result=0 message=EVENT EXP2_PENDING_SELECTION trial_id=Exp2_004 rel=1504.035400 unix=1781327712341 bjt=2026-06-13T13:15:12.341+08:00 condition=E4_FIXED_NONPROGRESSIVE selected=2 selected_content=4 changes=1
2026-06-13T13:15:15.696+08:00 MARKER sdk=1 host=1 enabled=1 sent=1 result=0 message=EVENT EXP2_SUBMIT_SELECTION trial_id=Exp2_004 rel=1507.414307 unix=1781327715720 bjt=2026-06-13T13:15:15.720+08:00 condition=E4_FIXED_NONPROGRESSIVE selected=2 selected_content=4 correct=1
2026-06-13T13:15:15.697+08:00 MARKER sdk=1 host=1 enabled=1 sent=1 result=0 message=TRIAL_RESULT Exp2_004 selected=2 correct=1
2026-06-13T13:16:01.757+08:00 MARKER sdk=1 host=1 enabled=1 sent=1 result=0 message=EVENT EXPERIMENT_END_SCREEN_SHOWN participant=A025 unix=1781327761757 bjt=2026-06-13_13:16:01.757
2026-06-13T13:16:01.757+08:00 FORMAL_RECORDING step=FINISH_REQUESTED success=1 reason=experiment_end_door edf=FM125309.EDF recording=1 opened=1
2026-06-13T13:16:01.758+08:00 MARKER sdk=1 host=1 enabled=1 sent=1 result=0 message=FORMAL_RECORDING_END participant=A025 rel=1553.474 unix=1781327761758 bjt=2026-06-13T13:16:01.758+08:00 edf=FM125309.EDF source=ue_formal reason=experiment_end_door
2026-06-13T13:16:01.864+08:00 FORMAL_RECORDING step=RECORDING_STOPPED success=1 result=0
2026-06-13T13:16:01.865+08:00 FORMAL_RECORDING step=EDF_CLOSED success=1 edf=FM125309.EDF result=0
2026-06-13T13:16:04.451+08:00 EDF_RECEIVE_ATTEMPT source_tag=formal attempt=full_path source=FM125309.EDF dest=../../../../../../Project/UE5/Gallery/Saved/ExperimentData/EDF/FM125309.EDF dest_is_path=0 result=72753056 exists=1 size=72753056
2026-06-13T13:16:04.451+08:00 FORMAL_RECORDING step=EDF_RECEIVED_TO_DPC success=1 edf=FM125309.EDF local=../../../../../../Project/UE5/Gallery/Saved/ExperimentData/EDF/FM125309.EDF result=72753056 size=72753056
2026-06-13T13:16:04.451+08:00 FORMAL_RECORDING step=FINISHED success=1 reason=experiment_end_door edf=FM125309.EDF local=../../../../../../Project/UE5/Gallery/Saved/ExperimentData/EDF/FM125309.EDF
